  Determining projects to restore...
  All projects are up-to-date for restore.
  UpdaterAgent -> C:\Users\kevin\Downloads\C# ai bot\trading-bot-c--1\src\UpdaterAgent\bin\Release\net8.0\UpdaterAgent.dll
  TopstepAuthAgent -> C:\Users\kevin\Downloads\C# ai bot\trading-bot-c--1\src\TopstepAuthAgent\bin\Debug\net8.0\TopstepAuthAgent.dll
  Abstractions -> C:\Users\kevin\Downloads\C# ai bot\trading-bot-c--1\src\Abstractions\bin\Debug\net8.0\Abstractions.dll
  Infrastructure.TopstepX -> C:\Users\kevin\Downloads\C# ai bot\trading-bot-c--1\src\Infrastructure.TopstepX\bin\Debug\net8.0\Infrastructure.TopstepX.dll
  RLAgent -> C:\Users\kevin\Downloads\C# ai bot\trading-bot-c--1\src\RLAgent\bin\Debug\net8.0\RLAgent.dll
  IntelligenceStack -> C:\Users\kevin\Downloads\C# ai bot\trading-bot-c--1\src\IntelligenceStack\bin\Debug\net8.0\IntelligenceStack.dll
  BotCore -> C:\Users\kevin\Downloads\C# ai bot\trading-bot-c--1\src\BotCore\bin\Release\net8.0\BotCore.dll
  StrategyAgent -> C:\Users\kevin\Downloads\C# ai bot\trading-bot-c--1\src\StrategyAgent\bin\Release\net8.0\StrategyAgent.dll
  Safety -> C:\Users\kevin\Downloads\C# ai bot\trading-bot-c--1\src\Safety\bin\Debug\net8.0\Safety.dll
  IntelligenceAgent -> C:\Users\kevin\Downloads\C# ai bot\trading-bot-c--1\src\IntelligenceAgent\bin\Debug\net8.0\IntelligenceAgent.dll
  OrchestratorAgent -> C:\Users\kevin\Downloads\C# ai bot\trading-bot-c--1\src\OrchestratorAgent\bin\Release\net8.0\OrchestratorAgent.dll
C:\Users\kevin\Downloads\C# ai bot\trading-bot-c--1\src\UnifiedOrchestrator\Services\SignalRConnectionManager.cs(679,60): error CS0117: 'HttpTransportType' does not contain a definition for 'All' [C:\Users\kevin\Downloads\C# ai bot\trading-bot-c--1\src\UnifiedOrchestrator\UnifiedOrchestrator.csproj]
C:\Users\kevin\Downloads\C# ai bot\trading-bot-c--1\src\UnifiedOrchestrator\Services\SignalRConnectionManager.cs(868,60): error CS0117: 'HttpTransportType' does not contain a definition for 'All' [C:\Users\kevin\Downloads\C# ai bot\trading-bot-c--1\src\UnifiedOrchestrator\UnifiedOrchestrator.csproj]

Build FAILED.

C:\Users\kevin\Downloads\C# ai bot\trading-bot-c--1\src\UnifiedOrchestrator\Services\SignalRConnectionManager.cs(679,60): error CS0117: 'HttpTransportType' does not contain a definition for 'All' [C:\Users\kevin\Downloads\C# ai bot\trading-bot-c--1\src\UnifiedOrchestrator\UnifiedOrchestrator.csproj]
C:\Users\kevin\Downloads\C# ai bot\trading-bot-c--1\src\UnifiedOrchestrator\Services\SignalRConnectionManager.cs(868,60): error CS0117: 'HttpTransportType' does not contain a definition for 'All' [C:\Users\kevin\Downloads\C# ai bot\trading-bot-c--1\src\UnifiedOrchestrator\UnifiedOrchestrator.csproj]
    0 Warning(s)
    2 Error(s)

Time Elapsed 00:00:05.64
