MSBuild version 17.8.32+74df0b3f5 for .NET
Build started 09/22/2025 05:04:20.
     1>Project "/home/runner/work/trading-bot-c-/trading-bot-c-/src/IntelligenceStack/IntelligenceStack.csproj" on node 1 (Restore target(s)).
     1>_GetAllRestoreProjectPathItems:
         Determining projects to restore...
       Restore:
         X.509 certificate chain validation will use the fallback certificate bundle at '/usr/lib/dotnet/sdk/8.0.119/trustedroots/codesignctl.pem'.
         X.509 certificate chain validation will use the fallback certificate bundle at '/usr/lib/dotnet/sdk/8.0.119/trustedroots/timestampctl.pem'.
         Assets file has not changed. Skipping assets file writing. Path: /home/runner/work/trading-bot-c-/trading-bot-c-/src/Abstractions/obj/project.assets.json
         Assets file has not changed. Skipping assets file writing. Path: /home/runner/work/trading-bot-c-/trading-bot-c-/src/IntelligenceStack/obj/project.assets.json
         Assets file has not changed. Skipping assets file writing. Path: /home/runner/work/trading-bot-c-/trading-bot-c-/src/RLAgent/obj/project.assets.json
         Restored /home/runner/work/trading-bot-c-/trading-bot-c-/src/Abstractions/Abstractions.csproj (in 40 ms).
         Restored /home/runner/work/trading-bot-c-/trading-bot-c-/src/IntelligenceStack/IntelligenceStack.csproj (in 40 ms).
         Restored /home/runner/work/trading-bot-c-/trading-bot-c-/src/RLAgent/RLAgent.csproj (in 40 ms).
         
         NuGet Config files used:
             /home/runner/.nuget/NuGet/NuGet.Config
         
         Feeds used:
             https://api.nuget.org/v3/index.json
         All projects are up-to-date for restore.
     1>Done Building Project "/home/runner/work/trading-bot-c-/trading-bot-c-/src/IntelligenceStack/IntelligenceStack.csproj" (Restore target(s)).
   1:7>Project "/home/runner/work/trading-bot-c-/trading-bot-c-/src/IntelligenceStack/IntelligenceStack.csproj" on node 2 (default targets).
   1:7>Project "/home/runner/work/trading-bot-c-/trading-bot-c-/src/IntelligenceStack/IntelligenceStack.csproj" (1:7) is building "/home/runner/work/trading-bot-c-/trading-bot-c-/src/Abstractions/Abstractions.csproj" (2:7) on node 2 (default targets).
     2>GenerateTargetFrameworkMonikerAttribute:
       Skipping target "GenerateTargetFrameworkMonikerAttribute" because all output files are up-to-date with respect to the input files.
       CoreGenerateAssemblyInfo:
       Skipping target "CoreGenerateAssemblyInfo" because all output files are up-to-date with respect to the input files.
       _GenerateSourceLinkFile:
         Source Link file 'obj/Release/net8.0/Abstractions.sourcelink.json' is up-to-date.
       CoreCompile:
       Skipping target "CoreCompile" because all output files are up-to-date with respect to the input files.
       GenerateBuildDependencyFile:
       Skipping target "GenerateBuildDependencyFile" because all output files are up-to-date with respect to the input files.
       CopyFilesToOutputDirectory:
         Abstractions -> /home/runner/work/trading-bot-c-/trading-bot-c-/src/Abstractions/bin/Release/net8.0/Abstractions.dll
       TradingBotBusinessLogicValidation:
         if find . -name '*.cs' -not -path './bin/*' -not -path './obj/*' -not -path './packages/*' -not -path './test*/*' -not -path './Test*/*' -not -path './mock*/*' -not -path './Mock*/*' -not -path './simulation*/*' -not -path './Simulation*/*' -exec grep -l -E '(PositionSize|positionSize|Position|position).*[=:]\s*(2\.5)[^0-9f]' {} \; | grep -q .; then echo 'CRITICAL: Hardcoded position sizing value 2.5 detected. Use MLConfigurationService.GetPositionSizeMultiplier() instead.'; exit 1; fi
         if find . -name '*.cs' -not -path './bin/*' -not -path './obj/*' -not -path './packages/*' -not -path './test*/*' -not -path './Test*/*' -not -path './mock*/*' -not -path './Mock*/*' -not -path './simulation*/*' -not -path './Simulation*/*' -exec grep -l -E '(Confidence|confidence).*[=:]\s*(0\.7)[^0-9f]' {} \; | grep -q .; then echo 'CRITICAL: Hardcoded AI confidence value 0.7 detected. Use MLConfigurationService.GetAIConfidenceThreshold() instead.'; exit 1; fi
         if find . -name '*.cs' -not -path './bin/*' -not -path './obj/*' -not -path './packages/*' -not -path './test*/*' -not -path './Test*/*' -not -path './mock*/*' -not -path './Mock*/*' -not -path './simulation*/*' -not -path './Simulation*/*' -exec grep -l -E '(Regime|regime).*[=:]\s*(1\.0)[^0-9f]' {} \; | grep -q .; then echo 'CRITICAL: Hardcoded regime detection value 1.0 detected. Use MLConfigurationService.GetRegimeDetectionThreshold() instead.'; exit 1; fi
         if find . -name '*.cs' -not -path './bin/*' -not -path './obj/*' -not -path './packages/*' -not -path './test*/*' -not -path './Test*/*' -not -path './src/IntelligenceStack/*' -not -path './src/OrchestratorAgent/*' -not -path './src/UnifiedOrchestrator/*' -not -path './src/BotCore/*' -not -path './src/RLAgent/*' -exec grep -l -E '(Confidence|confidence)\s*[=:]\s*[0-9]+(\.[0-9]+)?[^0-9f]' {} \; | grep -q .; then echo 'CRITICAL: ANY hardcoded AI confidence detected in production-critical code. Live trading forbidden.'; exit 1; fi
         if find . -name '*.cs' -not -path './bin/*' -not -path './obj/*' -not -path './packages/*' -not -path './test*/*' -not -path './Test*/*' -not -path './src/IntelligenceStack/*' -not -path './src/OrchestratorAgent/*' -not -path './src/UnifiedOrchestrator/*' -not -path './src/BotCore/*' -not -path './src/RLAgent/*' -not -path './src/ML/*' -not -path './src/Safety/Tests/*' -exec grep -l -E '(PositionSize|positionSize|Position|position)\s*[=:]\s*[0-9]+(\.[0-9]+)?[^0-9f]' {} \; | grep -q .; then echo 'CRITICAL: ANY hardcoded position sizing detected. Live trading forbidden.'; exit 1; fi
         if find . -name '*.cs' -not -path './bin/*' -not -path './obj/*' -not -path './packages/*' -not -path './test*/*' -not -path './Test*/*' -not -path './src/IntelligenceStack/*' -not -path './src/OrchestratorAgent/*' -not -path './src/UnifiedOrchestrator/*' -not -path './src/BotCore/*' -not -path './src/RLAgent/*' -not -path './src/ML/*' -not -path './src/Safety/Tests/*' -not -path './src/Strategies/*' -exec grep -l -E '(Threshold|threshold|Limit|limit)\s*[=:]\s*[0-9]+(\.[0-9]+)?[^0-9f]' {} \; | grep -q .; then echo 'CRITICAL: ANY hardcoded thresholds or limits detected. Live trading forbidden.'; exit 1; fi
       ProductionReadinessCheck:
         if find . -name '*.cs' -not -path './bin/*' -not -path './obj/*' -not -path './packages/*' -not -path './test*/*' -not -path './Test*/*' -exec grep -l -E 'PLACEHOLDER|TEMP|DUMMY|MOCK|FAKE|STUB|HARDCODED|SAMPLE|placeholder|stub|fake|temporary|demo|example' {} \; | grep -q .; then echo 'PRODUCTION VIOLATION: Mock/placeholder/stub patterns detected. All code must be production-ready.'; exit 1; fi
         if find . -name '*.cs' -not -path './bin/*' -not -path './obj/*' -not -path './packages/*' -not -path './test*/*' -not -path './Test*/*' -exec grep -l -E 'Task\.Yield\(\)|Task\.Delay\([0-9]+\)|throw\s+new\s+NotImplementedException|return\s+Task\.CompletedTask\s*;' {} \; | grep -q .; then echo 'PRODUCTION VIOLATION: Empty/placeholder async implementations detected.'; exit 1; fi
         if find . -name '*.cs' -not -path './bin/*' -not -path './obj/*' -not -path './packages/*' -not -path './test*/*' -not -path './Test*/*' -exec grep -l -E '//\s*(TODO|FIXME|HACK|XXX|STUB|PLACEHOLDER|BUG|NOTE|REVIEW|REFACTOR|OPTIMIZE|for\s+testing|debug\s+only|temporary|remove\s+this|implementation\s+needed|production\s+replacement|real\s+data\s+needed|configuration\s+required)' {} \; | grep -q .; then echo 'PRODUCTION VIOLATION: Development/testing comments detected.'; exit 1; fi
         if find . -name '*.cs' -not -path './bin/*' -not -path './obj/*' -not -path './packages/*' -not -path './test*/*' -not -path './Test*/*' -exec grep -l -E 'new\s+Random\(\)|Random\.Shared|_random\.Next|\.NextDouble\(\)' {} \; | grep -q .; then echo 'CRITICAL: Weak random number generation detected. Security violation.'; exit 1; fi
     2>Done Building Project "/home/runner/work/trading-bot-c-/trading-bot-c-/src/Abstractions/Abstractions.csproj" (default targets).
   1:7>Project "/home/runner/work/trading-bot-c-/trading-bot-c-/src/IntelligenceStack/IntelligenceStack.csproj" (1:7) is building "/home/runner/work/trading-bot-c-/trading-bot-c-/src/RLAgent/RLAgent.csproj" (3:6) on node 1 (default targets).
     3>GenerateTargetFrameworkMonikerAttribute:
       Skipping target "GenerateTargetFrameworkMonikerAttribute" because all output files are up-to-date with respect to the input files.
       _GenerateSourceLinkFile:
         Source Link file 'obj/Release/net8.0/RLAgent.sourcelink.json' is up-to-date.
       CoreCompile:
       Skipping target "CoreCompile" because all output files are up-to-date with respect to the input files.
       GenerateBuildDependencyFile:
       Skipping target "GenerateBuildDependencyFile" because all output files are up-to-date with respect to the input files.
       CopyFilesToOutputDirectory:
         RLAgent -> /home/runner/work/trading-bot-c-/trading-bot-c-/src/RLAgent/bin/Release/net8.0/RLAgent.dll
       TradingBotBusinessLogicValidation:
         if find . -name '*.cs' -not -path './bin/*' -not -path './obj/*' -not -path './packages/*' -not -path './test*/*' -not -path './Test*/*' -not -path './mock*/*' -not -path './Mock*/*' -not -path './simulation*/*' -not -path './Simulation*/*' -exec grep -l -E '(PositionSize|positionSize|Position|position).*[=:]\s*(2\.5)[^0-9f]' {} \; | grep -q .; then echo 'CRITICAL: Hardcoded position sizing value 2.5 detected. Use MLConfigurationService.GetPositionSizeMultiplier() instead.'; exit 1; fi
         if find . -name '*.cs' -not -path './bin/*' -not -path './obj/*' -not -path './packages/*' -not -path './test*/*' -not -path './Test*/*' -not -path './mock*/*' -not -path './Mock*/*' -not -path './simulation*/*' -not -path './Simulation*/*' -exec grep -l -E '(Confidence|confidence).*[=:]\s*(0\.7)[^0-9f]' {} \; | grep -q .; then echo 'CRITICAL: Hardcoded AI confidence value 0.7 detected. Use MLConfigurationService.GetAIConfidenceThreshold() instead.'; exit 1; fi
         if find . -name '*.cs' -not -path './bin/*' -not -path './obj/*' -not -path './packages/*' -not -path './test*/*' -not -path './Test*/*' -not -path './mock*/*' -not -path './Mock*/*' -not -path './simulation*/*' -not -path './Simulation*/*' -exec grep -l -E '(Regime|regime).*[=:]\s*(1\.0)[^0-9f]' {} \; | grep -q .; then echo 'CRITICAL: Hardcoded regime detection value 1.0 detected. Use MLConfigurationService.GetRegimeDetectionThreshold() instead.'; exit 1; fi
         if find . -name '*.cs' -not -path './bin/*' -not -path './obj/*' -not -path './packages/*' -not -path './test*/*' -not -path './Test*/*' -not -path './src/IntelligenceStack/*' -not -path './src/OrchestratorAgent/*' -not -path './src/UnifiedOrchestrator/*' -not -path './src/BotCore/*' -not -path './src/RLAgent/*' -exec grep -l -E '(Confidence|confidence)\s*[=:]\s*[0-9]+(\.[0-9]+)?[^0-9f]' {} \; | grep -q .; then echo 'CRITICAL: ANY hardcoded AI confidence detected in production-critical code. Live trading forbidden.'; exit 1; fi
         if find . -name '*.cs' -not -path './bin/*' -not -path './obj/*' -not -path './packages/*' -not -path './test*/*' -not -path './Test*/*' -not -path './src/IntelligenceStack/*' -not -path './src/OrchestratorAgent/*' -not -path './src/UnifiedOrchestrator/*' -not -path './src/BotCore/*' -not -path './src/RLAgent/*' -not -path './src/ML/*' -not -path './src/Safety/Tests/*' -exec grep -l -E '(PositionSize|positionSize|Position|position)\s*[=:]\s*[0-9]+(\.[0-9]+)?[^0-9f]' {} \; | grep -q .; then echo 'CRITICAL: ANY hardcoded position sizing detected. Live trading forbidden.'; exit 1; fi
         if find . -name '*.cs' -not -path './bin/*' -not -path './obj/*' -not -path './packages/*' -not -path './test*/*' -not -path './Test*/*' -not -path './src/IntelligenceStack/*' -not -path './src/OrchestratorAgent/*' -not -path './src/UnifiedOrchestrator/*' -not -path './src/BotCore/*' -not -path './src/RLAgent/*' -not -path './src/ML/*' -not -path './src/Safety/Tests/*' -not -path './src/Strategies/*' -exec grep -l -E '(Threshold|threshold|Limit|limit)\s*[=:]\s*[0-9]+(\.[0-9]+)?[^0-9f]' {} \; | grep -q .; then echo 'CRITICAL: ANY hardcoded thresholds or limits detected. Live trading forbidden.'; exit 1; fi
       ProductionReadinessCheck:
         if find . -name '*.cs' -not -path './bin/*' -not -path './obj/*' -not -path './packages/*' -not -path './test*/*' -not -path './Test*/*' -exec grep -l -E 'PLACEHOLDER|TEMP|DUMMY|MOCK|FAKE|STUB|HARDCODED|SAMPLE|placeholder|stub|fake|temporary|demo|example' {} \; | grep -q .; then echo 'PRODUCTION VIOLATION: Mock/placeholder/stub patterns detected. All code must be production-ready.'; exit 1; fi
         if find . -name '*.cs' -not -path './bin/*' -not -path './obj/*' -not -path './packages/*' -not -path './test*/*' -not -path './Test*/*' -exec grep -l -E 'Task\.Yield\(\)|Task\.Delay\([0-9]+\)|throw\s+new\s+NotImplementedException|return\s+Task\.CompletedTask\s*;' {} \; | grep -q .; then echo 'PRODUCTION VIOLATION: Empty/placeholder async implementations detected.'; exit 1; fi
         if find . -name '*.cs' -not -path './bin/*' -not -path './obj/*' -not -path './packages/*' -not -path './test*/*' -not -path './Test*/*' -exec grep -l -E '//\s*(TODO|FIXME|HACK|XXX|STUB|PLACEHOLDER|BUG|NOTE|REVIEW|REFACTOR|OPTIMIZE|for\s+testing|debug\s+only|temporary|remove\s+this|implementation\s+needed|production\s+replacement|real\s+data\s+needed|configuration\s+required)' {} \; | grep -q .; then echo 'PRODUCTION VIOLATION: Development/testing comments detected.'; exit 1; fi
         if find . -name '*.cs' -not -path './bin/*' -not -path './obj/*' -not -path './packages/*' -not -path './test*/*' -not -path './Test*/*' -exec grep -l -E 'new\s+Random\(\)|Random\.Shared|_random\.Next|\.NextDouble\(\)' {} \; | grep -q .; then echo 'CRITICAL: Weak random number generation detected. Security violation.'; exit 1; fi
     3>Done Building Project "/home/runner/work/trading-bot-c-/trading-bot-c-/src/RLAgent/RLAgent.csproj" (default targets).
     1>GenerateTargetFrameworkMonikerAttribute:
       Skipping target "GenerateTargetFrameworkMonikerAttribute" because all output files are up-to-date with respect to the input files.
       _GenerateSourceLinkFile:
         Source Link file 'obj/Release/net8.0/IntelligenceStack.sourcelink.json' is up-to-date.
       CoreCompile:
         /usr/lib/dotnet/dotnet exec "/usr/lib/dotnet/sdk/8.0.119/Roslyn/bincore/csc.dll" /noconfig /unsafe- /checked- /nowarn:1701,1702,1701,1702 /fullpaths /nostdlib+ /errorreport:prompt /warn:8 /define:TRACE;RELEASE;NET;NET8_0;NETCOREAPP;NET5_0_OR_GREATER;NET6_0_OR_GREATER;NET7_0_OR_GREATER;NET8_0_OR_GREATER;NETCOREAPP1_0_OR_GREATER;NETCOREAPP1_1_OR_GREATER;NETCOREAPP2_0_OR_GREATER;NETCOREAPP2_1_OR_GREATER;NETCOREAPP2_2_OR_GREATER;NETCOREAPP3_0_OR_GREATER;NETCOREAPP3_1_OR_GREATER /highentropyva+ /nullable:enable /reference:/home/runner/work/trading-bot-c-/trading-bot-c-/src/Abstractions/obj/Release/net8.0/ref/Abstractions.dll /reference:/usr/lib/dotnet/packs/Microsoft.NETCore.App.Ref/8.0.19/ref/net8.0/Microsoft.CSharp.dll /reference:/home/runner/.nuget/packages/microsoft.extensions.configuration.abstractions/9.0.0/lib/net8.0/Microsoft.Extensions.Configuration.Abstractions.dll /reference:/home/runner/.nuget/packages/microsoft.extensions.configuration.binder/9.0.0/lib/net8.0/Microsoft.Extensions.Configuration.Binder.dll /reference:/home/runner/.nuget/packages/microsoft.extensions.configuration.commandline/9.0.0/lib/net8.0/Microsoft.Extensions.Configuration.CommandLine.dll /reference:/home/runner/.nuget/packages/microsoft.extensions.configuration/9.0.0/lib/net8.0/Microsoft.Extensions.Configuration.dll /reference:/home/runner/.nuget/packages/microsoft.extensions.configuration.environmentvariables/9.0.0/lib/net8.0/Microsoft.Extensions.Configuration.EnvironmentVariables.dll /reference:/home/runner/.nuget/packages/microsoft.extensions.configuration.fileextensions/9.0.0/lib/net8.0/Microsoft.Extensions.Configuration.FileExtensions.dll /reference:/home/runner/.nuget/packages/microsoft.extensions.configuration.json/9.0.0/lib/net8.0/Microsoft.Extensions.Configuration.Json.dll /reference:/home/runner/.nuget/packages/microsoft.extensions.configuration.usersecrets/9.0.0/lib/net8.0/Microsoft.Extensions.Configuration.UserSecrets.dll /reference:/home/runner/.nuget/packages/microsoft.extensions.dependencyinjection.abstractions/9.0.0/lib/net8.0/Microsoft.Extensions.DependencyInjection.Abstractions.dll /reference:/home/runner/.nuget/packages/microsoft.extensions.dependencyinjection/9.0.0/lib/net8.0/Microsoft.Extensions.DependencyInjection.dll /reference:/home/runner/.nuget/packages/microsoft.extensions.diagnostics.abstractions/9.0.0/lib/net8.0/Microsoft.Extensions.Diagnostics.Abstractions.dll /reference:/home/runner/.nuget/packages/microsoft.extensions.diagnostics/9.0.0/lib/net8.0/Microsoft.Extensions.Diagnostics.dll /reference:/home/runner/.nuget/packages/microsoft.extensions.fileproviders.abstractions/9.0.0/lib/net8.0/Microsoft.Extensions.FileProviders.Abstractions.dll /reference:/home/runner/.nuget/packages/microsoft.extensions.fileproviders.physical/9.0.0/lib/net8.0/Microsoft.Extensions.FileProviders.Physical.dll /reference:/home/runner/.nuget/packages/microsoft.extensions.filesystemglobbing/9.0.0/lib/net8.0/Microsoft.Extensions.FileSystemGlobbing.dll /reference:/home/runner/.nuget/packages/microsoft.extensions.hosting.abstractions/9.0.0/lib/net8.0/Microsoft.Extensions.Hosting.Abstractions.dll /reference:/home/runner/.nuget/packages/microsoft.extensions.hosting/9.0.0/lib/net8.0/Microsoft.Extensions.Hosting.dll /reference:/home/runner/.nuget/packages/microsoft.extensions.http/9.0.0/lib/net8.0/Microsoft.Extensions.Http.dll /reference:/home/runner/.nuget/packages/microsoft.extensions.logging.abstractions/9.0.0/lib/net8.0/Microsoft.Extensions.Logging.Abstractions.dll /reference:/home/runner/.nuget/packages/microsoft.extensions.logging.configuration/9.0.0/lib/net8.0/Microsoft.Extensions.Logging.Configuration.dll /reference:/home/runner/.nuget/packages/microsoft.extensions.logging.console/9.0.0/lib/net8.0/Microsoft.Extensions.Logging.Console.dll /reference:/home/runner/.nuget/packages/microsoft.extensions.logging.debug/9.0.0/lib/net8.0/Microsoft.Extensions.Logging.Debug.dll /reference:/home/runner/.nuget/packages/microsoft.extensions.logging/9.0.0/lib/net8.0/Microsoft.Extensions.Logging.dll /reference:/home/runner/.nuget/packages/microsoft.extensions.logging.eventlog/9.0.0/lib/net8.0/Microsoft.Extensions.Logging.EventLog.dll /reference:/home/runner/.nuget/packages/microsoft.extensions.logging.eventsource/9.0.0/lib/net8.0/Microsoft.Extensions.Logging.EventSource.dll /reference:/home/runner/.nuget/packages/microsoft.extensions.options.configurationextensions/9.0.0/lib/net8.0/Microsoft.Extensions.Options.ConfigurationExtensions.dll /reference:/home/runner/.nuget/packages/microsoft.extensions.options/9.0.0/lib/net8.0/Microsoft.Extensions.Options.dll /reference:/home/runner/.nuget/packages/microsoft.extensions.primitives/9.0.0/lib/net8.0/Microsoft.Extensions.Primitives.dll /reference:/home/runner/.nuget/packages/microsoft.ml.onnxruntime.managed/1.16.0/lib/net6.0/Microsoft.ML.OnnxRuntime.dll /reference:/usr/lib/dotnet/packs/Microsoft.NETCore.App.Ref/8.0.19/ref/net8.0/Microsoft.VisualBasic.Core.dll /reference:/usr/lib/dotnet/packs/Microsoft.NETCore.App.Ref/8.0.19/ref/net8.0/Microsoft.VisualBasic.dll /reference:/usr/lib/dotnet/packs/Microsoft.NETCore.App.Ref/8.0.19/ref/net8.0/Microsoft.Win32.Primitives.dll /reference:/usr/lib/dotnet/packs/Microsoft.NETCore.App.Ref/8.0.19/ref/net8.0/Microsoft.Win32.Registry.dll /reference:/usr/lib/dotnet/packs/Microsoft.NETCore.App.Ref/8.0.19/ref/net8.0/mscorlib.dll /reference:/usr/lib/dotnet/packs/Microsoft.NETCore.App.Ref/8.0.19/ref/net8.0/netstandard.dll /reference:/home/runner/work/trading-bot-c-/trading-bot-c-/src/RLAgent/obj/Release/net8.0/ref/RLAgent.dll /reference:/usr/lib/dotnet/packs/Microsoft.NETCore.App.Ref/8.0.19/ref/net8.0/System.AppContext.dll /reference:/usr/lib/dotnet/packs/Microsoft.NETCore.App.Ref/8.0.19/ref/net8.0/System.Buffers.dll /reference:/usr/lib/dotnet/packs/Microsoft.NETCore.App.Ref/8.0.19/ref/net8.0/System.Collections.Concurrent.dll /reference:/usr/lib/dotnet/packs/Microsoft.NETCore.App.Ref/8.0.19/ref/net8.0/System.Collections.dll /reference:/usr/lib/dotnet/packs/Microsoft.NETCore.App.Ref/8.0.19/ref/net8.0/System.Collections.Immutable.dll /reference:/usr/lib/dotnet/packs/Microsoft.NETCore.App.Ref/8.0.19/ref/net8.0/System.Collections.NonGeneric.dll /reference:/usr/lib/dotnet/packs/Microsoft.NETCore.App.Ref/8.0.19/ref/net8.0/System.Collections.Specialized.dll /reference:/usr/lib/dotnet/packs/Microsoft.NETCore.App.Ref/8.0.19/ref/net8.0/System.ComponentModel.Annotations.dll /reference:/usr/lib/dotnet/packs/Microsoft.NETCore.App.Ref/8.0.19/ref/net8.0/System.ComponentModel.DataAnnotations.dll /reference:/usr/lib/dotnet/packs/Microsoft.NETCore.App.Ref/8.0.19/ref/net8.0/System.ComponentModel.dll /reference:/usr/lib/dotnet/packs/Microsoft.NETCore.App.Ref/8.0.19/ref/net8.0/System.ComponentModel.EventBasedAsync.dll /reference:/usr/lib/dotnet/packs/Microsoft.NETCore.App.Ref/8.0.19/ref/net8.0/System.ComponentModel.Primitives.dll /reference:/usr/lib/dotnet/packs/Microsoft.NETCore.App.Ref/8.0.19/ref/net8.0/System.ComponentModel.TypeConverter.dll /reference:/usr/lib/dotnet/packs/Microsoft.NETCore.App.Ref/8.0.19/ref/net8.0/System.Configuration.dll /reference:/usr/lib/dotnet/packs/Microsoft.NETCore.App.Ref/8.0.19/ref/net8.0/System.Console.dll /reference:/usr/lib/dotnet/packs/Microsoft.NETCore.App.Ref/8.0.19/ref/net8.0/System.Core.dll /reference:/usr/lib/dotnet/packs/Microsoft.NETCore.App.Ref/8.0.19/ref/net8.0/System.Data.Common.dll /reference:/usr/lib/dotnet/packs/Microsoft.NETCore.App.Ref/8.0.19/ref/net8.0/System.Data.DataSetExtensions.dll /reference:/usr/lib/dotnet/packs/Microsoft.NETCore.App.Ref/8.0.19/ref/net8.0/System.Data.dll /reference:/usr/lib/dotnet/packs/Microsoft.NETCore.App.Ref/8.0.19/ref/net8.0/System.Diagnostics.Contracts.dll /reference:/usr/lib/dotnet/packs/Microsoft.NETCore.App.Ref/8.0.19/ref/net8.0/System.Diagnostics.Debug.dll /reference:/home/runner/.nuget/packages/system.diagnostics.diagnosticsource/9.0.0/lib/net8.0/System.Diagnostics.DiagnosticSource.dll /reference:/home/runner/.nuget/packages/system.diagnostics.eventlog/9.0.0/lib/net8.0/System.Diagnostics.EventLog.dll /reference:/usr/lib/dotnet/packs/Microsoft.NETCore.App.Ref/8.0.19/ref/net8.0/System.Diagnostics.FileVersionInfo.dll /reference:/usr/lib/dotnet/packs/Microsoft.NETCore.App.Ref/8.0.19/ref/net8.0/System.Diagnostics.Process.dll /reference:/usr/lib/dotnet/packs/Microsoft.NETCore.App.Ref/8.0.19/ref/net8.0/System.Diagnostics.StackTrace.dll /reference:/usr/lib/dotnet/packs/Microsoft.NETCore.App.Ref/8.0.19/ref/net8.0/System.Diagnostics.TextWriterTraceListener.dll /reference:/usr/lib/dotnet/packs/Microsoft.NETCore.App.Ref/8.0.19/ref/net8.0/System.Diagnostics.Tools.dll /reference:/usr/lib/dotnet/packs/Microsoft.NETCore.App.Ref/8.0.19/ref/net8.0/System.Diagnostics.TraceSource.dll /reference:/usr/lib/dotnet/packs/Microsoft.NETCore.App.Ref/8.0.19/ref/net8.0/System.Diagnostics.Tracing.dll /reference:/usr/lib/dotnet/packs/Microsoft.NETCore.App.Ref/8.0.19/ref/net8.0/System.dll /reference:/usr/lib/dotnet/packs/Microsoft.NETCore.App.Ref/8.0.19/ref/net8.0/System.Drawing.dll /reference:/usr/lib/dotnet/packs/Microsoft.NETCore.App.Ref/8.0.19/ref/net8.0/System.Drawing.Primitives.dll /reference:/usr/lib/dotnet/packs/Microsoft.NETCore.App.Ref/8.0.19/ref/net8.0/System.Dynamic.Runtime.dll /reference:/usr/lib/dotnet/packs/Microsoft.NETCore.App.Ref/8.0.19/ref/net8.0/System.Formats.Asn1.dll /reference:/usr/lib/dotnet/packs/Microsoft.NETCore.App.Ref/8.0.19/ref/net8.0/System.Formats.Tar.dll /reference:/usr/lib/dotnet/packs/Microsoft.NETCore.App.Ref/8.0.19/ref/net8.0/System.Globalization.Calendars.dll /reference:/usr/lib/dotnet/packs/Microsoft.NETCore.App.Ref/8.0.19/ref/net8.0/System.Globalization.dll /reference:/usr/lib/dotnet/packs/Microsoft.NETCore.App.Ref/8.0.19/ref/net8.0/System.Globalization.Extensions.dll /reference:/usr/lib/dotnet/packs/Microsoft.NETCore.App.Ref/8.0.19/ref/net8.0/System.IO.Compression.Brotli.dll /reference:/usr/lib/dotnet/packs/Microsoft.NETCore.App.Ref/8.0.19/ref/net8.0/System.IO.Compression.dll /reference:/usr/lib/dotnet/packs/Microsoft.NETCore.App.Ref/8.0.19/ref/net8.0/System.IO.Compression.FileSystem.dll /reference:/usr/lib/dotnet/packs/Microsoft.NETCore.App.Ref/8.0.19/ref/net8.0/System.IO.Compression.ZipFile.dll /reference:/usr/lib/dotnet/packs/Microsoft.NETCore.App.Ref/8.0.19/ref/net8.0/System.IO.dll /reference:/usr/lib/dotnet/packs/Microsoft.NETCore.App.Ref/8.0.19/ref/net8.0/System.IO.FileSystem.AccessControl.dll /reference:/usr/lib/dotnet/packs/Microsoft.NETCore.App.Ref/8.0.19/ref/net8.0/System.IO.FileSystem.dll /reference:/usr/lib/dotnet/packs/Microsoft.NETCore.App.Ref/8.0.19/ref/net8.0/System.IO.FileSystem.DriveInfo.dll /reference:/usr/lib/dotnet/packs/Microsoft.NETCore.App.Ref/8.0.19/ref/net8.0/System.IO.FileSystem.Primitives.dll /reference:/usr/lib/dotnet/packs/Microsoft.NETCore.App.Ref/8.0.19/ref/net8.0/System.IO.FileSystem.Watcher.dll /reference:/usr/lib/dotnet/packs/Microsoft.NETCore.App.Ref/8.0.19/ref/net8.0/System.IO.IsolatedStorage.dll /reference:/usr/lib/dotnet/packs/Microsoft.NETCore.App.Ref/8.0.19/ref/net8.0/System.IO.MemoryMappedFiles.dll /reference:/home/runner/.nuget/packages/system.io.pipelines/9.0.0/lib/net8.0/System.IO.Pipelines.dll /reference:/usr/lib/dotnet/packs/Microsoft.NETCore.App.Ref/8.0.19/ref/net8.0/System.IO.Pipes.AccessControl.dll /reference:/usr/lib/dotnet/packs/Microsoft.NETCore.App.Ref/8.0.19/ref/net8.0/System.IO.Pipes.dll /reference:/usr/lib/dotnet/packs/Microsoft.NETCore.App.Ref/8.0.19/ref/net8.0/System.IO.UnmanagedMemoryStream.dll /reference:/usr/lib/dotnet/packs/Microsoft.NETCore.App.Ref/8.0.19/ref/net8.0/System.Linq.dll /reference:/usr/lib/dotnet/packs/Microsoft.NETCore.App.Ref/8.0.19/ref/net8.0/System.Linq.Expressions.dll /reference:/usr/lib/dotnet/packs/Microsoft.NETCore.App.Ref/8.0.19/ref/net8.0/System.Linq.Parallel.dll /reference:/usr/lib/dotnet/packs/Microsoft.NETCore.App.Ref/8.0.19/ref/net8.0/System.Linq.Queryable.dll /reference:/usr/lib/dotnet/packs/Microsoft.NETCore.App.Ref/8.0.19/ref/net8.0/System.Memory.dll /reference:/usr/lib/dotnet/packs/Microsoft.NETCore.App.Ref/8.0.19/ref/net8.0/System.Net.dll /reference:/usr/lib/dotnet/packs/Microsoft.NETCore.App.Ref/8.0.19/ref/net8.0/System.Net.Http.dll /reference:/usr/lib/dotnet/packs/Microsoft.NETCore.App.Ref/8.0.19/ref/net8.0/System.Net.Http.Json.dll /reference:/usr/lib/dotnet/packs/Microsoft.NETCore.App.Ref/8.0.19/ref/net8.0/System.Net.HttpListener.dll /reference:/usr/lib/dotnet/packs/Microsoft.NETCore.App.Ref/8.0.19/ref/net8.0/System.Net.Mail.dll /reference:/usr/lib/dotnet/packs/Microsoft.NETCore.App.Ref/8.0.19/ref/net8.0/System.Net.NameResolution.dll /reference:/usr/lib/dotnet/packs/Microsoft.NETCore.App.Ref/8.0.19/ref/net8.0/System.Net.NetworkInformation.dll /reference:/usr/lib/dotnet/packs/Microsoft.NETCore.App.Ref/8.0.19/ref/net8.0/System.Net.Ping.dll /reference:/usr/lib/dotnet/packs/Microsoft.NETCore.App.Ref/8.0.19/ref/net8.0/System.Net.Primitives.dll /reference:/usr/lib/dotnet/packs/Microsoft.NETCore.App.Ref/8.0.19/ref/net8.0/System.Net.Quic.dll /reference:/usr/lib/dotnet/packs/Microsoft.NETCore.App.Ref/8.0.19/ref/net8.0/System.Net.Requests.dll /reference:/usr/lib/dotnet/packs/Microsoft.NETCore.App.Ref/8.0.19/ref/net8.0/System.Net.Security.dll /reference:/usr/lib/dotnet/packs/Microsoft.NETCore.App.Ref/8.0.19/ref/net8.0/System.Net.ServicePoint.dll /reference:/usr/lib/dotnet/packs/Microsoft.NETCore.App.Ref/8.0.19/ref/net8.0/System.Net.Sockets.dll /reference:/usr/lib/dotnet/packs/Microsoft.NETCore.App.Ref/8.0.19/ref/net8.0/System.Net.WebClient.dll /reference:/usr/lib/dotnet/packs/Microsoft.NETCore.App.Ref/8.0.19/ref/net8.0/System.Net.WebHeaderCollection.dll /reference:/usr/lib/dotnet/packs/Microsoft.NETCore.App.Ref/8.0.19/ref/net8.0/System.Net.WebProxy.dll /reference:/usr/lib/dotnet/packs/Microsoft.NETCore.App.Ref/8.0.19/ref/net8.0/System.Net.WebSockets.Client.dll /reference:/usr/lib/dotnet/packs/Microsoft.NETCore.App.Ref/8.0.19/ref/net8.0/System.Net.WebSockets.dll /reference:/usr/lib/dotnet/packs/Microsoft.NETCore.App.Ref/8.0.19/ref/net8.0/System.Numerics.dll /reference:/usr/lib/dotnet/packs/Microsoft.NETCore.App.Ref/8.0.19/ref/net8.0/System.Numerics.Vectors.dll /reference:/usr/lib/dotnet/packs/Microsoft.NETCore.App.Ref/8.0.19/ref/net8.0/System.ObjectModel.dll /reference:/usr/lib/dotnet/packs/Microsoft.NETCore.App.Ref/8.0.19/ref/net8.0/System.Reflection.DispatchProxy.dll /reference:/usr/lib/dotnet/packs/Microsoft.NETCore.App.Ref/8.0.19/ref/net8.0/System.Reflection.dll /reference:/usr/lib/dotnet/packs/Microsoft.NETCore.App.Ref/8.0.19/ref/net8.0/System.Reflection.Emit.dll /reference:/usr/lib/dotnet/packs/Microsoft.NETCore.App.Ref/8.0.19/ref/net8.0/System.Reflection.Emit.ILGeneration.dll /reference:/usr/lib/dotnet/packs/Microsoft.NETCore.App.Ref/8.0.19/ref/net8.0/System.Reflection.Emit.Lightweight.dll /reference:/usr/lib/dotnet/packs/Microsoft.NETCore.App.Ref/8.0.19/ref/net8.0/System.Reflection.Extensions.dll /reference:/usr/lib/dotnet/packs/Microsoft.NETCore.App.Ref/8.0.19/ref/net8.0/System.Reflection.Metadata.dll /reference:/usr/lib/dotnet/packs/Microsoft.NETCore.App.Ref/8.0.19/ref/net8.0/System.Reflection.Primitives.dll /reference:/usr/lib/dotnet/packs/Microsoft.NETCore.App.Ref/8.0.19/ref/net8.0/System.Reflection.TypeExtensions.dll /reference:/usr/lib/dotnet/packs/Microsoft.NETCore.App.Ref/8.0.19/ref/net8.0/System.Resources.Reader.dll /reference:/usr/lib/dotnet/packs/Microsoft.NETCore.App.Ref/8.0.19/ref/net8.0/System.Resources.ResourceManager.dll /reference:/usr/lib/dotnet/packs/Microsoft.NETCore.App.Ref/8.0.19/ref/net8.0/System.Resources.Writer.dll /reference:/usr/lib/dotnet/packs/Microsoft.NETCore.App.Ref/8.0.19/ref/net8.0/System.Runtime.CompilerServices.Unsafe.dll /reference:/usr/lib/dotnet/packs/Microsoft.NETCore.App.Ref/8.0.19/ref/net8.0/System.Runtime.CompilerServices.VisualC.dll /reference:/usr/lib/dotnet/packs/Microsoft.NETCore.App.Ref/8.0.19/ref/net8.0/System.Runtime.dll /reference:/usr/lib/dotnet/packs/Microsoft.NETCore.App.Ref/8.0.19/ref/net8.0/System.Runtime.Extensions.dll /reference:/usr/lib/dotnet/packs/Microsoft.NETCore.App.Ref/8.0.19/ref/net8.0/System.Runtime.Handles.dll /reference:/usr/lib/dotnet/packs/Microsoft.NETCore.App.Ref/8.0.19/ref/net8.0/System.Runtime.InteropServices.dll /reference:/usr/lib/dotnet/packs/Microsoft.NETCore.App.Ref/8.0.19/ref/net8.0/System.Runtime.InteropServices.JavaScript.dll /reference:/usr/lib/dotnet/packs/Microsoft.NETCore.App.Ref/8.0.19/ref/net8.0/System.Runtime.InteropServices.RuntimeInformation.dll /reference:/usr/lib/dotnet/packs/Microsoft.NETCore.App.Ref/8.0.19/ref/net8.0/System.Runtime.Intrinsics.dll /reference:/usr/lib/dotnet/packs/Microsoft.NETCore.App.Ref/8.0.19/ref/net8.0/System.Runtime.Loader.dll /reference:/usr/lib/dotnet/packs/Microsoft.NETCore.App.Ref/8.0.19/ref/net8.0/System.Runtime.Numerics.dll /reference:/usr/lib/dotnet/packs/Microsoft.NETCore.App.Ref/8.0.19/ref/net8.0/System.Runtime.Serialization.dll /reference:/usr/lib/dotnet/packs/Microsoft.NETCore.App.Ref/8.0.19/ref/net8.0/System.Runtime.Serialization.Formatters.dll /reference:/usr/lib/dotnet/packs/Microsoft.NETCore.App.Ref/8.0.19/ref/net8.0/System.Runtime.Serialization.Json.dll /reference:/usr/lib/dotnet/packs/Microsoft.NETCore.App.Ref/8.0.19/ref/net8.0/System.Runtime.Serialization.Primitives.dll /reference:/usr/lib/dotnet/packs/Microsoft.NETCore.App.Ref/8.0.19/ref/net8.0/System.Runtime.Serialization.Xml.dll /reference:/usr/lib/dotnet/packs/Microsoft.NETCore.App.Ref/8.0.19/ref/net8.0/System.Security.AccessControl.dll /reference:/usr/lib/dotnet/packs/Microsoft.NETCore.App.Ref/8.0.19/ref/net8.0/System.Security.Claims.dll /reference:/usr/lib/dotnet/packs/Microsoft.NETCore.App.Ref/8.0.19/ref/net8.0/System.Security.Cryptography.Algorithms.dll /reference:/usr/lib/dotnet/packs/Microsoft.NETCore.App.Ref/8.0.19/ref/net8.0/System.Security.Cryptography.Cng.dll /reference:/usr/lib/dotnet/packs/Microsoft.NETCore.App.Ref/8.0.19/ref/net8.0/System.Security.Cryptography.Csp.dll /reference:/usr/lib/dotnet/packs/Microsoft.NETCore.App.Ref/8.0.19/ref/net8.0/System.Security.Cryptography.dll /reference:/usr/lib/dotnet/packs/Microsoft.NETCore.App.Ref/8.0.19/ref/net8.0/System.Security.Cryptography.Encoding.dll /reference:/usr/lib/dotnet/packs/Microsoft.NETCore.App.Ref/8.0.19/ref/net8.0/System.Security.Cryptography.OpenSsl.dll /reference:/usr/lib/dotnet/packs/Microsoft.NETCore.App.Ref/8.0.19/ref/net8.0/System.Security.Cryptography.Primitives.dll /reference:/usr/lib/dotnet/packs/Microsoft.NETCore.App.Ref/8.0.19/ref/net8.0/System.Security.Cryptography.X509Certificates.dll /reference:/usr/lib/dotnet/packs/Microsoft.NETCore.App.Ref/8.0.19/ref/net8.0/System.Security.dll /reference:/usr/lib/dotnet/packs/Microsoft.NETCore.App.Ref/8.0.19/ref/net8.0/System.Security.Principal.dll /reference:/usr/lib/dotnet/packs/Microsoft.NETCore.App.Ref/8.0.19/ref/net8.0/System.Security.Principal.Windows.dll /reference:/usr/lib/dotnet/packs/Microsoft.NETCore.App.Ref/8.0.19/ref/net8.0/System.Security.SecureString.dll /reference:/usr/lib/dotnet/packs/Microsoft.NETCore.App.Ref/8.0.19/ref/net8.0/System.ServiceModel.Web.dll /reference:/usr/lib/dotnet/packs/Microsoft.NETCore.App.Ref/8.0.19/ref/net8.0/System.ServiceProcess.dll /reference:/usr/lib/dotnet/packs/Microsoft.NETCore.App.Ref/8.0.19/ref/net8.0/System.Text.Encoding.CodePages.dll /reference:/usr/lib/dotnet/packs/Microsoft.NETCore.App.Ref/8.0.19/ref/net8.0/System.Text.Encoding.dll /reference:/usr/lib/dotnet/packs/Microsoft.NETCore.App.Ref/8.0.19/ref/net8.0/System.Text.Encoding.Extensions.dll /reference:/home/runner/.nuget/packages/system.text.encodings.web/9.0.0/lib/net8.0/System.Text.Encodings.Web.dll /reference:/home/runner/.nuget/packages/system.text.json/9.0.0/lib/net8.0/System.Text.Json.dll /reference:/usr/lib/dotnet/packs/Microsoft.NETCore.App.Ref/8.0.19/ref/net8.0/System.Text.RegularExpressions.dll /reference:/usr/lib/dotnet/packs/Microsoft.NETCore.App.Ref/8.0.19/ref/net8.0/System.Threading.Channels.dll /reference:/usr/lib/dotnet/packs/Microsoft.NETCore.App.Ref/8.0.19/ref/net8.0/System.Threading.dll /reference:/usr/lib/dotnet/packs/Microsoft.NETCore.App.Ref/8.0.19/ref/net8.0/System.Threading.Overlapped.dll /reference:/usr/lib/dotnet/packs/Microsoft.NETCore.App.Ref/8.0.19/ref/net8.0/System.Threading.Tasks.Dataflow.dll /reference:/usr/lib/dotnet/packs/Microsoft.NETCore.App.Ref/8.0.19/ref/net8.0/System.Threading.Tasks.dll /reference:/usr/lib/dotnet/packs/Microsoft.NETCore.App.Ref/8.0.19/ref/net8.0/System.Threading.Tasks.Extensions.dll /reference:/usr/lib/dotnet/packs/Microsoft.NETCore.App.Ref/8.0.19/ref/net8.0/System.Threading.Tasks.Parallel.dll /reference:/usr/lib/dotnet/packs/Microsoft.NETCore.App.Ref/8.0.19/ref/net8.0/System.Threading.Thread.dll /reference:/usr/lib/dotnet/packs/Microsoft.NETCore.App.Ref/8.0.19/ref/net8.0/System.Threading.ThreadPool.dll /reference:/usr/lib/dotnet/packs/Microsoft.NETCore.App.Ref/8.0.19/ref/net8.0/System.Threading.Timer.dll /reference:/usr/lib/dotnet/packs/Microsoft.NETCore.App.Ref/8.0.19/ref/net8.0/System.Transactions.dll /reference:/usr/lib/dotnet/packs/Microsoft.NETCore.App.Ref/8.0.19/ref/net8.0/System.Transactions.Local.dll /reference:/usr/lib/dotnet/packs/Microsoft.NETCore.App.Ref/8.0.19/ref/net8.0/System.ValueTuple.dll /reference:/usr/lib/dotnet/packs/Microsoft.NETCore.App.Ref/8.0.19/ref/net8.0/System.Web.dll /reference:/usr/lib/dotnet/packs/Microsoft.NETCore.App.Ref/8.0.19/ref/net8.0/System.Web.HttpUtility.dll /reference:/usr/lib/dotnet/packs/Microsoft.NETCore.App.Ref/8.0.19/ref/net8.0/System.Windows.dll /reference:/usr/lib/dotnet/packs/Microsoft.NETCore.App.Ref/8.0.19/ref/net8.0/System.Xml.dll /reference:/usr/lib/dotnet/packs/Microsoft.NETCore.App.Ref/8.0.19/ref/net8.0/System.Xml.Linq.dll /reference:/usr/lib/dotnet/packs/Microsoft.NETCore.App.Ref/8.0.19/ref/net8.0/System.Xml.ReaderWriter.dll /reference:/usr/lib/dotnet/packs/Microsoft.NETCore.App.Ref/8.0.19/ref/net8.0/System.Xml.Serialization.dll /reference:/usr/lib/dotnet/packs/Microsoft.NETCore.App.Ref/8.0.19/ref/net8.0/System.Xml.XDocument.dll /reference:/usr/lib/dotnet/packs/Microsoft.NETCore.App.Ref/8.0.19/ref/net8.0/System.Xml.XmlDocument.dll /reference:/usr/lib/dotnet/packs/Microsoft.NETCore.App.Ref/8.0.19/ref/net8.0/System.Xml.XmlSerializer.dll /reference:/usr/lib/dotnet/packs/Microsoft.NETCore.App.Ref/8.0.19/ref/net8.0/System.Xml.XPath.dll /reference:/usr/lib/dotnet/packs/Microsoft.NETCore.App.Ref/8.0.19/ref/net8.0/System.Xml.XPath.XDocument.dll /reference:/usr/lib/dotnet/packs/Microsoft.NETCore.App.Ref/8.0.19/ref/net8.0/WindowsBase.dll /debug- /debug:portable /filealign:512 /optimize+ /out:obj/Release/net8.0/IntelligenceStack.dll /refout:obj/Release/net8.0/refint/IntelligenceStack.dll /target:library /warnaserror+ /utf8output /deterministic+ /sourcelink:obj/Release/net8.0/IntelligenceStack.sourcelink.json /langversion:latest /embed:obj/Release/net8.0/IntelligenceStack.GlobalUsings.g.cs /embed:"obj/Release/net8.0/.NETCoreApp,Version=v8.0.AssemblyAttributes.cs" /analyzerconfig:/home/runner/work/trading-bot-c-/trading-bot-c-/.editorconfig /analyzerconfig:obj/Release/net8.0/IntelligenceStack.GeneratedMSBuildEditorConfig.editorconfig /analyzerconfig:/home/runner/.nuget/packages/microsoft.codeanalysis.netanalyzers/9.0.0/buildTransitive/config/analysislevel_8_all_warnaserror.globalconfig /analyzer:/home/runner/.nuget/packages/asyncfixer/1.6.0/analyzers/dotnet/cs/AsyncFixer.dll /analyzer:/home/runner/.nuget/packages/microsoft.codeanalysis.analyzers/3.3.4/analyzers/dotnet/cs/Microsoft.CodeAnalysis.Analyzers.dll /analyzer:/home/runner/.nuget/packages/microsoft.codeanalysis.analyzers/3.3.4/analyzers/dotnet/cs/Microsoft.CodeAnalysis.CSharp.Analyzers.dll /analyzer:/home/runner/.nuget/packages/microsoft.codeanalysis.bannedapianalyzers/3.3.4/analyzers/dotnet/cs/Microsoft.CodeAnalysis.BannedApiAnalyzers.dll /analyzer:/home/runner/.nuget/packages/microsoft.codeanalysis.bannedapianalyzers/3.3.4/analyzers/dotnet/cs/Microsoft.CodeAnalysis.CSharp.BannedApiAnalyzers.dll /analyzer:/home/runner/.nuget/packages/microsoft.codeanalysis.netanalyzers/9.0.0/analyzers/dotnet/cs/Microsoft.CodeAnalysis.CSharp.NetAnalyzers.dll /analyzer:/home/runner/.nuget/packages/microsoft.codeanalysis.netanalyzers/9.0.0/analyzers/dotnet/cs/Microsoft.CodeAnalysis.NetAnalyzers.dll /analyzer:/home/runner/.nuget/packages/microsoft.extensions.logging.abstractions/9.0.0/analyzers/dotnet/roslyn4.4/cs/Microsoft.Extensions.Logging.Generators.dll /analyzer:/home/runner/.nuget/packages/microsoft.extensions.options/9.0.0/analyzers/dotnet/roslyn4.4/cs/Microsoft.Extensions.Options.SourceGeneration.dll /analyzer:/home/runner/.nuget/packages/securitycodescan.vs2019/5.6.7/analyzers/dotnet/SecurityCodeScan.VS2019.dll /analyzer:/home/runner/.nuget/packages/securitycodescan.vs2019/5.6.7/analyzers/dotnet/YamlDotNet.dll /analyzer:/home/runner/.nuget/packages/sonaranalyzer.csharp/9.32.0.97167/analyzers/Google.Protobuf.dll /analyzer:/home/runner/.nuget/packages/sonaranalyzer.csharp/9.32.0.97167/analyzers/SonarAnalyzer.CFG.dll /analyzer:/home/runner/.nuget/packages/sonaranalyzer.csharp/9.32.0.97167/analyzers/SonarAnalyzer.CSharp.dll /analyzer:/home/runner/.nuget/packages/sonaranalyzer.csharp/9.32.0.97167/analyzers/SonarAnalyzer.ShimLayer.dll /analyzer:/home/runner/.nuget/packages/sonaranalyzer.csharp/9.32.0.97167/analyzers/SonarAnalyzer.dll /analyzer:/home/runner/.nuget/packages/system.text.json/9.0.0/analyzers/dotnet/roslyn4.4/cs/System.Text.Json.SourceGeneration.dll /analyzer:/usr/lib/dotnet/packs/Microsoft.NETCore.App.Ref/8.0.19/analyzers/dotnet/cs/Microsoft.Interop.ComInterfaceGenerator.dll /analyzer:/usr/lib/dotnet/packs/Microsoft.NETCore.App.Ref/8.0.19/analyzers/dotnet/cs/Microsoft.Interop.JavaScript.JSImportGenerator.dll /analyzer:/usr/lib/dotnet/packs/Microsoft.NETCore.App.Ref/8.0.19/analyzers/dotnet/cs/Microsoft.Interop.LibraryImportGenerator.dll /analyzer:/usr/lib/dotnet/packs/Microsoft.NETCore.App.Ref/8.0.19/analyzers/dotnet/cs/Microsoft.Interop.SourceGeneration.dll /analyzer:/usr/lib/dotnet/packs/Microsoft.NETCore.App.Ref/8.0.19/analyzers/dotnet/cs/System.Text.RegularExpressions.Generator.dll CalibrationManager.cs DecisionLogger.cs EnsembleMetaLearner.cs FeatureEngineer.cs FeatureStore.cs HistoricalTrainerWithCV.cs IdempotentOrderService.cs IntelligenceOrchestrator.cs IntelligenceStackServiceExtensions.cs LeaderElectionService.cs LineageTrackingSystem.cs MAMLLiveIntegration.cs MLRLObservabilityService.cs ModelQuarantineManager.cs ModelRegistry.cs Models/SLOConfig.cs NightlyParameterTuner.cs ObservabilityDashboard.cs OnlineLearningSystem.cs Properties/AssemblyInfo.cs RealTradingMetricsService.cs RegimeDetectorWithHysteresis.cs RLAdvisorSystem.cs StartupValidator.cs StreamingFeatureEngineering.cs UnifiedDecisionLogger.cs obj/Release/net8.0/IntelligenceStack.GlobalUsings.g.cs "obj/Release/net8.0/.NETCoreApp,Version=v8.0.AssemblyAttributes.cs" /warnaserror+:SYSLIB0011
     1>/home/runner/work/trading-bot-c-/trading-bot-c-/src/IntelligenceStack/IntelligenceOrchestrator.cs(1,1): error S104: This file has 1043 lines, which is greater than 1000 authorized. Split it into smaller files. (https://rules.sonarsource.com/csharp/RSPEC-104) [/home/runner/work/trading-bot-c-/trading-bot-c-/src/IntelligenceStack/IntelligenceStack.csproj]
     1>/home/runner/work/trading-bot-c-/trading-bot-c-/src/IntelligenceStack/ObservabilityDashboard.cs(45,5): error S1144: Remove the unused private field 'SpreadMultiplierThreshold'. (https://rules.sonarsource.com/csharp/RSPEC-1144) [/home/runner/work/trading-bot-c-/trading-bot-c-/src/IntelligenceStack/IntelligenceStack.csproj]
     1>/home/runner/work/trading-bot-c-/trading-bot-c-/src/IntelligenceStack/ObservabilityDashboard.cs(55,5): error S1144: Remove the unused private field 'DefaultModelCount'. (https://rules.sonarsource.com/csharp/RSPEC-1144) [/home/runner/work/trading-bot-c-/trading-bot-c-/src/IntelligenceStack/IntelligenceStack.csproj]
     1>/home/runner/work/trading-bot-c-/trading-bot-c-/src/IntelligenceStack/ObservabilityDashboard.cs(56,5): error S1144: Remove the unused private field 'DefaultLatencyValue'. (https://rules.sonarsource.com/csharp/RSPEC-1144) [/home/runner/work/trading-bot-c-/trading-bot-c-/src/IntelligenceStack/IntelligenceStack.csproj]
     1>/home/runner/work/trading-bot-c-/trading-bot-c-/src/IntelligenceStack/OnlineLearningSystem.cs(66,5): error S1144: Remove the unused private field 'PauseMinutesForBreach'. (https://rules.sonarsource.com/csharp/RSPEC-1144) [/home/runner/work/trading-bot-c-/trading-bot-c-/src/IntelligenceStack/IntelligenceStack.csproj]
     1>/home/runner/work/trading-bot-c-/trading-bot-c-/src/IntelligenceStack/MAMLLiveIntegration.cs(35,5): error S1144: Remove the unused private field 'MaxRecentExamples'. (https://rules.sonarsource.com/csharp/RSPEC-1144) [/home/runner/work/trading-bot-c-/trading-bot-c-/src/IntelligenceStack/IntelligenceStack.csproj]
     1>/home/runner/work/trading-bot-c-/trading-bot-c-/src/IntelligenceStack/MAMLLiveIntegration.cs(36,5): error S1144: Remove the unused private field 'DefaultLearningRate'. (https://rules.sonarsource.com/csharp/RSPEC-1144) [/home/runner/work/trading-bot-c-/trading-bot-c-/src/IntelligenceStack/IntelligenceStack.csproj]
     1>/home/runner/work/trading-bot-c-/trading-bot-c-/src/IntelligenceStack/MAMLLiveIntegration.cs(37,5): error S1144: Remove the unused private field 'HalfWeight'. (https://rules.sonarsource.com/csharp/RSPEC-1144) [/home/runner/work/trading-bot-c-/trading-bot-c-/src/IntelligenceStack/IntelligenceStack.csproj]
     1>/home/runner/work/trading-bot-c-/trading-bot-c-/src/IntelligenceStack/MAMLLiveIntegration.cs(38,5): error S1144: Remove the unused private field 'AdaptationMultiplier'. (https://rules.sonarsource.com/csharp/RSPEC-1144) [/home/runner/work/trading-bot-c-/trading-bot-c-/src/IntelligenceStack/IntelligenceStack.csproj]
     1>/home/runner/work/trading-bot-c-/trading-bot-c-/src/IntelligenceStack/MAMLLiveIntegration.cs(39,5): error S1144: Remove the unused private field 'PercentageBase'. (https://rules.sonarsource.com/csharp/RSPEC-1144) [/home/runner/work/trading-bot-c-/trading-bot-c-/src/IntelligenceStack/IntelligenceStack.csproj]
     1>/home/runner/work/trading-bot-c-/trading-bot-c-/src/IntelligenceStack/IdempotentOrderService.cs(41,5): error S1144: Remove the unused private field 'DuplicateOrderWarning'. (https://rules.sonarsource.com/csharp/RSPEC-1144) [/home/runner/work/trading-bot-c-/trading-bot-c-/src/IntelligenceStack/IntelligenceStack.csproj]
     1>/home/runner/work/trading-bot-c-/trading-bot-c-/src/IntelligenceStack/IdempotentOrderService.cs(53,5): error S1144: Remove the unused private field 'OrderLookupWarning'. (https://rules.sonarsource.com/csharp/RSPEC-1144) [/home/runner/work/trading-bot-c-/trading-bot-c-/src/IntelligenceStack/IntelligenceStack.csproj]
     1>/home/runner/work/trading-bot-c-/trading-bot-c-/src/IntelligenceStack/IdempotentOrderService.cs(57,5): error S1144: Remove the unused private field 'OrderCleanupInfo'. (https://rules.sonarsource.com/csharp/RSPEC-1144) [/home/runner/work/trading-bot-c-/trading-bot-c-/src/IntelligenceStack/IntelligenceStack.csproj]
     1>/home/runner/work/trading-bot-c-/trading-bot-c-/src/IntelligenceStack/IdempotentOrderService.cs(69,5): error S1144: Remove the unused private field 'OrderStatePersisted'. (https://rules.sonarsource.com/csharp/RSPEC-1144) [/home/runner/work/trading-bot-c-/trading-bot-c-/src/IntelligenceStack/IntelligenceStack.csproj]
     1>/home/runner/work/trading-bot-c-/trading-bot-c-/src/IntelligenceStack/IdempotentOrderService.cs(77,5): error S1144: Remove the unused private field 'OrdersCleanedFromMemory'. (https://rules.sonarsource.com/csharp/RSPEC-1144) [/home/runner/work/trading-bot-c-/trading-bot-c-/src/IntelligenceStack/IntelligenceStack.csproj]
     1>/home/runner/work/trading-bot-c-/trading-bot-c-/src/IntelligenceStack/IntelligenceOrchestrator.cs(36,5): error S1144: Remove the unused private field 'DefaultSpreadValue'. (https://rules.sonarsource.com/csharp/RSPEC-1144) [/home/runner/work/trading-bot-c-/trading-bot-c-/src/IntelligenceStack/IntelligenceStack.csproj]
     1>/home/runner/work/trading-bot-c-/trading-bot-c-/src/IntelligenceStack/IntelligenceOrchestrator.cs(37,5): error S1144: Remove the unused private field 'DefaultVolumeValue'. (https://rules.sonarsource.com/csharp/RSPEC-1144) [/home/runner/work/trading-bot-c-/trading-bot-c-/src/IntelligenceStack/IntelligenceStack.csproj]
     1>/home/runner/work/trading-bot-c-/trading-bot-c-/src/IntelligenceStack/IntelligenceOrchestrator.cs(38,5): error S1144: Remove the unused private field 'BaseConfidenceValue'. (https://rules.sonarsource.com/csharp/RSPEC-1144) [/home/runner/work/trading-bot-c-/trading-bot-c-/src/IntelligenceStack/IntelligenceStack.csproj]
     1>/home/runner/work/trading-bot-c-/trading-bot-c-/src/IntelligenceStack/IntelligenceOrchestrator.cs(39,5): error S1144: Remove the unused private field 'SpreadFactorMultiplier'. (https://rules.sonarsource.com/csharp/RSPEC-1144) [/home/runner/work/trading-bot-c-/trading-bot-c-/src/IntelligenceStack/IntelligenceStack.csproj]
     1>/home/runner/work/trading-bot-c-/trading-bot-c-/src/IntelligenceStack/IntelligenceOrchestrator.cs(40,5): error S1144: Remove the unused private field 'VolumeFactorDivisor'. (https://rules.sonarsource.com/csharp/RSPEC-1144) [/home/runner/work/trading-bot-c-/trading-bot-c-/src/IntelligenceStack/IntelligenceStack.csproj]
     1>/home/runner/work/trading-bot-c-/trading-bot-c-/src/IntelligenceStack/IntelligenceOrchestrator.cs(58,5): error S1144: Remove the unused private field 'DefaultFeatureWeight'. (https://rules.sonarsource.com/csharp/RSPEC-1144) [/home/runner/work/trading-bot-c-/trading-bot-c-/src/IntelligenceStack/IntelligenceStack.csproj]
     1>/home/runner/work/trading-bot-c-/trading-bot-c-/src/IntelligenceStack/IntelligenceOrchestrator.cs(59,5): error S1144: Remove the unused private field 'LowValueThreshold'. (https://rules.sonarsource.com/csharp/RSPEC-1144) [/home/runner/work/trading-bot-c-/trading-bot-c-/src/IntelligenceStack/IntelligenceStack.csproj]
     1>/home/runner/work/trading-bot-c-/trading-bot-c-/src/IntelligenceStack/IntelligenceOrchestrator.cs(60,5): error S1144: Remove the unused private field 'DefaultPrice'. (https://rules.sonarsource.com/csharp/RSPEC-1144) [/home/runner/work/trading-bot-c-/trading-bot-c-/src/IntelligenceStack/IntelligenceStack.csproj]
     1>/home/runner/work/trading-bot-c-/trading-bot-c-/src/IntelligenceStack/IntelligenceOrchestrator.cs(61,5): error S1144: Remove the unused private field 'DefaultVolume'. (https://rules.sonarsource.com/csharp/RSPEC-1144) [/home/runner/work/trading-bot-c-/trading-bot-c-/src/IntelligenceStack/IntelligenceStack.csproj]
     1>/home/runner/work/trading-bot-c-/trading-bot-c-/src/IntelligenceStack/IntelligenceOrchestrator.cs(62,5): error S1144: Remove the unused private field 'DefaultBid'. (https://rules.sonarsource.com/csharp/RSPEC-1144) [/home/runner/work/trading-bot-c-/trading-bot-c-/src/IntelligenceStack/IntelligenceStack.csproj]
     1>/home/runner/work/trading-bot-c-/trading-bot-c-/src/IntelligenceStack/IntelligenceOrchestrator.cs(63,5): error S1144: Remove the unused private field 'DefaultAsk'. (https://rules.sonarsource.com/csharp/RSPEC-1144) [/home/runner/work/trading-bot-c-/trading-bot-c-/src/IntelligenceStack/IntelligenceStack.csproj]
     1>/home/runner/work/trading-bot-c-/trading-bot-c-/src/IntelligenceStack/IntelligenceOrchestrator.cs(64,5): error S1144: Remove the unused private field 'DefaultOpen'. (https://rules.sonarsource.com/csharp/RSPEC-1144) [/home/runner/work/trading-bot-c-/trading-bot-c-/src/IntelligenceStack/IntelligenceStack.csproj]
     1>/home/runner/work/trading-bot-c-/trading-bot-c-/src/IntelligenceStack/IntelligenceOrchestrator.cs(65,5): error S1144: Remove the unused private field 'DefaultHigh'. (https://rules.sonarsource.com/csharp/RSPEC-1144) [/home/runner/work/trading-bot-c-/trading-bot-c-/src/IntelligenceStack/IntelligenceStack.csproj]
     1>/home/runner/work/trading-bot-c-/trading-bot-c-/src/IntelligenceStack/IntelligenceOrchestrator.cs(66,5): error S1144: Remove the unused private field 'DefaultLow'. (https://rules.sonarsource.com/csharp/RSPEC-1144) [/home/runner/work/trading-bot-c-/trading-bot-c-/src/IntelligenceStack/IntelligenceStack.csproj]
     1>/home/runner/work/trading-bot-c-/trading-bot-c-/src/IntelligenceStack/IntelligenceOrchestrator.cs(67,5): error S1144: Remove the unused private field 'DefaultClose'. (https://rules.sonarsource.com/csharp/RSPEC-1144) [/home/runner/work/trading-bot-c-/trading-bot-c-/src/IntelligenceStack/IntelligenceStack.csproj]
     1>/home/runner/work/trading-bot-c-/trading-bot-c-/src/IntelligenceStack/IntelligenceOrchestrator.cs(68,5): error S1144: Remove the unused private field 'DefaultBidExtended'. (https://rules.sonarsource.com/csharp/RSPEC-1144) [/home/runner/work/trading-bot-c-/trading-bot-c-/src/IntelligenceStack/IntelligenceStack.csproj]
     1>/home/runner/work/trading-bot-c-/trading-bot-c-/src/IntelligenceStack/IntelligenceOrchestrator.cs(69,5): error S1144: Remove the unused private field 'DefaultAskExtended'. (https://rules.sonarsource.com/csharp/RSPEC-1144) [/home/runner/work/trading-bot-c-/trading-bot-c-/src/IntelligenceStack/IntelligenceStack.csproj]
     1>/home/runner/work/trading-bot-c-/trading-bot-c-/src/IntelligenceStack/IntelligenceOrchestrator.cs(70,5): error S1144: Remove the unused private field 'HttpClientErrorMin'. (https://rules.sonarsource.com/csharp/RSPEC-1144) [/home/runner/work/trading-bot-c-/trading-bot-c-/src/IntelligenceStack/IntelligenceStack.csproj]
     1>/home/runner/work/trading-bot-c-/trading-bot-c-/src/IntelligenceStack/IntelligenceOrchestrator.cs(71,5): error S1144: Remove the unused private field 'HttpClientErrorMax'. (https://rules.sonarsource.com/csharp/RSPEC-1144) [/home/runner/work/trading-bot-c-/trading-bot-c-/src/IntelligenceStack/IntelligenceStack.csproj]
     1>/home/runner/work/trading-bot-c-/trading-bot-c-/src/IntelligenceStack/IntelligenceOrchestrator.cs(72,5): error S1144: Remove the unused private field 'RetryCountOffset'. (https://rules.sonarsource.com/csharp/RSPEC-1144) [/home/runner/work/trading-bot-c-/trading-bot-c-/src/IntelligenceStack/IntelligenceStack.csproj]
     1>/home/runner/work/trading-bot-c-/trading-bot-c-/src/IntelligenceStack/IntelligenceOrchestrator.cs(73,5): error S1144: Remove the unused private field 'MaxRetriesOffset'. (https://rules.sonarsource.com/csharp/RSPEC-1144) [/home/runner/work/trading-bot-c-/trading-bot-c-/src/IntelligenceStack/IntelligenceStack.csproj]
     1>/home/runner/work/trading-bot-c-/trading-bot-c-/src/IntelligenceStack/IntelligenceOrchestrator.cs(74,5): error S1144: Remove the unused private field 'DefaultTimeoutSeconds'. (https://rules.sonarsource.com/csharp/RSPEC-1144) [/home/runner/work/trading-bot-c-/trading-bot-c-/src/IntelligenceStack/IntelligenceStack.csproj]
     1>/home/runner/work/trading-bot-c-/trading-bot-c-/src/IntelligenceStack/RLAdvisorSystem.cs(63,5): error S1144: Remove the unused private field 'MaxStateDimensions'. (https://rules.sonarsource.com/csharp/RSPEC-1144) [/home/runner/work/trading-bot-c-/trading-bot-c-/src/IntelligenceStack/IntelligenceStack.csproj]
     1>/home/runner/work/trading-bot-c-/trading-bot-c-/src/IntelligenceStack/RLAdvisorSystem.cs(64,5): error S1144: Remove the unused private field 'DefaultTimestepsPerEpoch'. (https://rules.sonarsource.com/csharp/RSPEC-1144) [/home/runner/work/trading-bot-c-/trading-bot-c-/src/IntelligenceStack/IntelligenceStack.csproj]
     1>/home/runner/work/trading-bot-c-/trading-bot-c-/src/IntelligenceStack/RLAdvisorSystem.cs(65,5): error S1144: Remove the unused private field 'MinimumActionThreshold'. (https://rules.sonarsource.com/csharp/RSPEC-1144) [/home/runner/work/trading-bot-c-/trading-bot-c-/src/IntelligenceStack/IntelligenceStack.csproj]
     1>/home/runner/work/trading-bot-c-/trading-bot-c-/src/IntelligenceStack/RLAdvisorSystem.cs(66,5): error S1144: Remove the unused private field 'DefaultActionSpace'. (https://rules.sonarsource.com/csharp/RSPEC-1144) [/home/runner/work/trading-bot-c-/trading-bot-c-/src/IntelligenceStack/IntelligenceStack.csproj]
     1>/home/runner/work/trading-bot-c-/trading-bot-c-/src/IntelligenceStack/RLAdvisorSystem.cs(67,5): error S1144: Remove the unused private field 'ExplorationNoiseScale'. (https://rules.sonarsource.com/csharp/RSPEC-1144) [/home/runner/work/trading-bot-c-/trading-bot-c-/src/IntelligenceStack/IntelligenceStack.csproj]
     1>/home/runner/work/trading-bot-c-/trading-bot-c-/src/IntelligenceStack/RLAdvisorSystem.cs(68,5): error S1144: Remove the unused private field 'BaselineDiscount'. (https://rules.sonarsource.com/csharp/RSPEC-1144) [/home/runner/work/trading-bot-c-/trading-bot-c-/src/IntelligenceStack/IntelligenceStack.csproj]
     1>/home/runner/work/trading-bot-c-/trading-bot-c-/src/IntelligenceStack/RLAdvisorSystem.cs(69,5): error S1144: Remove the unused private field 'DivergenceThreshold'. (https://rules.sonarsource.com/csharp/RSPEC-1144) [/home/runner/work/trading-bot-c-/trading-bot-c-/src/IntelligenceStack/IntelligenceStack.csproj]
     1>/home/runner/work/trading-bot-c-/trading-bot-c-/src/IntelligenceStack/RLAdvisorSystem.cs(70,5): error S1144: Remove the unused private field 'LearningRateDecay'. (https://rules.sonarsource.com/csharp/RSPEC-1144) [/home/runner/work/trading-bot-c-/trading-bot-c-/src/IntelligenceStack/IntelligenceStack.csproj]
     1>/home/runner/work/trading-bot-c-/trading-bot-c-/src/IntelligenceStack/RLAdvisorSystem.cs(71,5): error S1144: Remove the unused private field 'DefaultStateBufferSize'. (https://rules.sonarsource.com/csharp/RSPEC-1144) [/home/runner/work/trading-bot-c-/trading-bot-c-/src/IntelligenceStack/IntelligenceStack.csproj]
     1>/home/runner/work/trading-bot-c-/trading-bot-c-/src/IntelligenceStack/RLAdvisorSystem.cs(72,5): error S1144: Remove the unused private field 'DefaultActionBufferSize'. (https://rules.sonarsource.com/csharp/RSPEC-1144) [/home/runner/work/trading-bot-c-/trading-bot-c-/src/IntelligenceStack/IntelligenceStack.csproj]
     1>/home/runner/work/trading-bot-c-/trading-bot-c-/src/IntelligenceStack/RLAdvisorSystem.cs(73,5): error S1144: Remove the unused private field 'DefaultRewardBufferSize'. (https://rules.sonarsource.com/csharp/RSPEC-1144) [/home/runner/work/trading-bot-c-/trading-bot-c-/src/IntelligenceStack/IntelligenceStack.csproj]
     1>/home/runner/work/trading-bot-c-/trading-bot-c-/src/IntelligenceStack/RLAdvisorSystem.cs(74,5): error S1144: Remove the unused private field 'MaxRewardBufferSize'. (https://rules.sonarsource.com/csharp/RSPEC-1144) [/home/runner/work/trading-bot-c-/trading-bot-c-/src/IntelligenceStack/IntelligenceStack.csproj]
     1>/home/runner/work/trading-bot-c-/trading-bot-c-/src/IntelligenceStack/RLAdvisorSystem.cs(75,5): error S1144: Remove the unused private field 'DefaultLearningRate'. (https://rules.sonarsource.com/csharp/RSPEC-1144) [/home/runner/work/trading-bot-c-/trading-bot-c-/src/IntelligenceStack/IntelligenceStack.csproj]
     1>/home/runner/work/trading-bot-c-/trading-bot-c-/src/IntelligenceStack/RLAdvisorSystem.cs(76,5): error S1144: Remove the unused private field 'DefaultEpisodeLength'. (https://rules.sonarsource.com/csharp/RSPEC-1144) [/home/runner/work/trading-bot-c-/trading-bot-c-/src/IntelligenceStack/IntelligenceStack.csproj]
     1>/home/runner/work/trading-bot-c-/trading-bot-c-/src/IntelligenceStack/RLAdvisorSystem.cs(77,5): error S1144: Remove the unused private field 'MaxEpisodeLength'. (https://rules.sonarsource.com/csharp/RSPEC-1144) [/home/runner/work/trading-bot-c-/trading-bot-c-/src/IntelligenceStack/IntelligenceStack.csproj]
     1>/home/runner/work/trading-bot-c-/trading-bot-c-/src/IntelligenceStack/RLAdvisorSystem.cs(78,5): error S1144: Remove the unused private field 'PolicyUpdateInterval'. (https://rules.sonarsource.com/csharp/RSPEC-1144) [/home/runner/work/trading-bot-c-/trading-bot-c-/src/IntelligenceStack/IntelligenceStack.csproj]
     1>/home/runner/work/trading-bot-c-/trading-bot-c-/src/IntelligenceStack/RLAdvisorSystem.cs(79,5): error S1144: Remove the unused private field 'ValueUpdateInterval'. (https://rules.sonarsource.com/csharp/RSPEC-1144) [/home/runner/work/trading-bot-c-/trading-bot-c-/src/IntelligenceStack/IntelligenceStack.csproj]
     1>/home/runner/work/trading-bot-c-/trading-bot-c-/src/IntelligenceStack/RLAdvisorSystem.cs(80,5): error S1144: Remove the unused private field 'MaxMemorySize'. (https://rules.sonarsource.com/csharp/RSPEC-1144) [/home/runner/work/trading-bot-c-/trading-bot-c-/src/IntelligenceStack/IntelligenceStack.csproj]
     1>/home/runner/work/trading-bot-c-/trading-bot-c-/src/IntelligenceStack/RLAdvisorSystem.cs(81,5): error S1144: Remove the unused private field 'DefaultBatchSize'. (https://rules.sonarsource.com/csharp/RSPEC-1144) [/home/runner/work/trading-bot-c-/trading-bot-c-/src/IntelligenceStack/IntelligenceStack.csproj]
     1>/home/runner/work/trading-bot-c-/trading-bot-c-/src/IntelligenceStack/RLAdvisorSystem.cs(82,5): error S1144: Remove the unused private field 'ObservationWindowHours'. (https://rules.sonarsource.com/csharp/RSPEC-1144) [/home/runner/work/trading-bot-c-/trading-bot-c-/src/IntelligenceStack/IntelligenceStack.csproj]
     1>/home/runner/work/trading-bot-c-/trading-bot-c-/src/IntelligenceStack/RLAdvisorSystem.cs(83,5): error S1144: Remove the unused private field 'RewardScalingFactor'. (https://rules.sonarsource.com/csharp/RSPEC-1144) [/home/runner/work/trading-bot-c-/trading-bot-c-/src/IntelligenceStack/IntelligenceStack.csproj]
     1>/home/runner/work/trading-bot-c-/trading-bot-c-/src/IntelligenceStack/CalibrationManager.cs(338,34): error CA1851: Possible multiple enumerations of 'IEnumerable' collection. Consider using an implementation that avoids multiple enumerations. (https://learn.microsoft.com/dotnet/fundamentals/code-analysis/quality-rules/ca1851) [/home/runner/work/trading-bot-c-/trading-bot-c-/src/IntelligenceStack/IntelligenceStack.csproj]
     1>/home/runner/work/trading-bot-c-/trading-bot-c-/src/IntelligenceStack/CalibrationManager.cs(339,37): error CA1851: Possible multiple enumerations of 'IEnumerable' collection. Consider using an implementation that avoids multiple enumerations. (https://learn.microsoft.com/dotnet/fundamentals/code-analysis/quality-rules/ca1851) [/home/runner/work/trading-bot-c-/trading-bot-c-/src/IntelligenceStack/IntelligenceStack.csproj]
     1>/home/runner/work/trading-bot-c-/trading-bot-c-/src/IntelligenceStack/CalibrationManager.cs(512,13): error S1854: Remove this useless assignment to local variable '_'. (https://rules.sonarsource.com/csharp/RSPEC-1854) [/home/runner/work/trading-bot-c-/trading-bot-c-/src/IntelligenceStack/IntelligenceStack.csproj]
     1>/home/runner/work/trading-bot-c-/trading-bot-c-/src/IntelligenceStack/CalibrationManager.cs(518,17): error CA1031: Modify 'ScheduleNightlyCalibration' to catch a more specific allowed exception type, or rethrow the exception (https://learn.microsoft.com/dotnet/fundamentals/code-analysis/quality-rules/ca1031) [/home/runner/work/trading-bot-c-/trading-bot-c-/src/IntelligenceStack/IntelligenceStack.csproj]
     1>/home/runner/work/trading-bot-c-/trading-bot-c-/src/IntelligenceStack/StartupValidator.cs(334,17): error CA1031: Modify 'ValidateDIGraphAsync' to catch a more specific allowed exception type, or rethrow the exception (https://learn.microsoft.com/dotnet/fundamentals/code-analysis/quality-rules/ca1031) [/home/runner/work/trading-bot-c-/trading-bot-c-/src/IntelligenceStack/IntelligenceStack.csproj]
     1>/home/runner/work/trading-bot-c-/trading-bot-c-/src/IntelligenceStack/StartupValidator.cs(350,9): error CA1031: Modify 'ValidateDIGraphAsync' to catch a more specific allowed exception type, or rethrow the exception (https://learn.microsoft.com/dotnet/fundamentals/code-analysis/quality-rules/ca1031) [/home/runner/work/trading-bot-c-/trading-bot-c-/src/IntelligenceStack/IntelligenceStack.csproj]
     1>/home/runner/work/trading-bot-c-/trading-bot-c-/src/IntelligenceStack/StartupValidator.cs(420,9): error CA1031: Modify 'ValidateModelRegistryAsync' to catch a more specific allowed exception type, or rethrow the exception (https://learn.microsoft.com/dotnet/fundamentals/code-analysis/quality-rules/ca1031) [/home/runner/work/trading-bot-c-/trading-bot-c-/src/IntelligenceStack/IntelligenceStack.csproj]
     1>/home/runner/work/trading-bot-c-/trading-bot-c-/src/IntelligenceStack/StartupValidator.cs(392,9): error CA1031: Modify 'ValidateFeatureStoreAsync' to catch a more specific allowed exception type, or rethrow the exception (https://learn.microsoft.com/dotnet/fundamentals/code-analysis/quality-rules/ca1031) [/home/runner/work/trading-bot-c-/trading-bot-c-/src/IntelligenceStack/IntelligenceStack.csproj]
     1>/home/runner/work/trading-bot-c-/trading-bot-c-/src/IntelligenceStack/StartupValidator.cs(450,9): error CA1031: Modify 'ValidateCalibrationAsync' to catch a more specific allowed exception type, or rethrow the exception (https://learn.microsoft.com/dotnet/fundamentals/code-analysis/quality-rules/ca1031) [/home/runner/work/trading-bot-c-/trading-bot-c-/src/IntelligenceStack/IntelligenceStack.csproj]
     1>/home/runner/work/trading-bot-c-/trading-bot-c-/src/IntelligenceStack/StartupValidator.cs(250,13): error CA1031: Modify 'ValidateSystemAsync' to catch a more specific allowed exception type, or rethrow the exception (https://learn.microsoft.com/dotnet/fundamentals/code-analysis/quality-rules/ca1031) [/home/runner/work/trading-bot-c-/trading-bot-c-/src/IntelligenceStack/IntelligenceStack.csproj]
     1>/home/runner/work/trading-bot-c-/trading-bot-c-/src/IntelligenceStack/StartupValidator.cs(496,9): error CA1031: Modify 'ValidateIdempotencyAsync' to catch a more specific allowed exception type, or rethrow the exception (https://learn.microsoft.com/dotnet/fundamentals/code-analysis/quality-rules/ca1031) [/home/runner/work/trading-bot-c-/trading-bot-c-/src/IntelligenceStack/IntelligenceStack.csproj]
     1>/home/runner/work/trading-bot-c-/trading-bot-c-/src/IntelligenceStack/StartupValidator.cs(542,9): error CA1031: Modify 'ValidateKillSwitchAsync' to catch a more specific allowed exception type, or rethrow the exception (https://learn.microsoft.com/dotnet/fundamentals/code-analysis/quality-rules/ca1031) [/home/runner/work/trading-bot-c-/trading-bot-c-/src/IntelligenceStack/IntelligenceStack.csproj]
     1>/home/runner/work/trading-bot-c-/trading-bot-c-/src/IntelligenceStack/StartupValidator.cs(580,9): error CA1031: Modify 'ValidateLeaderElectionAsync' to catch a more specific allowed exception type, or rethrow the exception (https://learn.microsoft.com/dotnet/fundamentals/code-analysis/quality-rules/ca1031) [/home/runner/work/trading-bot-c-/trading-bot-c-/src/IntelligenceStack/IntelligenceStack.csproj]
     1>/home/runner/work/trading-bot-c-/trading-bot-c-/src/IntelligenceStack/RegimeDetectorWithHysteresis.cs(98,50): error CA1062: In externally visible method 'Task<RegimeTransition> RegimeDetectorWithHysteresis.CheckTransitionAsync(RegimeState currentState, CancellationToken cancellationToken = default(CancellationToken))', validate parameter 'currentState' is non-null before using it. If appropriate, throw an 'ArgumentNullException' when the argument is 'null'. (https://learn.microsoft.com/dotnet/fundamentals/code-analysis/quality-rules/ca1062) [/home/runner/work/trading-bot-c-/trading-bot-c-/src/IntelligenceStack/IntelligenceStack.csproj]
     1>/home/runner/work/trading-bot-c-/trading-bot-c-/src/IntelligenceStack/RLAdvisorSystem.cs(169,9): error CA1031: Modify 'GetExitRecommendationAsync' to catch a more specific allowed exception type, or rethrow the exception (https://learn.microsoft.com/dotnet/fundamentals/code-analysis/quality-rules/ca1031) [/home/runner/work/trading-bot-c-/trading-bot-c-/src/IntelligenceStack/IntelligenceStack.csproj]
     1>/home/runner/work/trading-bot-c-/trading-bot-c-/src/IntelligenceStack/RealTradingMetricsService.cs(44,9): error CA1848: For improved performance, use the LoggerMessage delegates instead of calling 'LoggerExtensions.LogInformation(ILogger, string?, params object?[])' (https://learn.microsoft.com/dotnet/fundamentals/code-analysis/quality-rules/ca1848) [/home/runner/work/trading-bot-c-/trading-bot-c-/src/IntelligenceStack/IntelligenceStack.csproj]
     1>/home/runner/work/trading-bot-c-/trading-bot-c-/src/IntelligenceStack/RLAdvisorSystem.cs(221,9): error CA1031: Modify 'UpdateWithOutcomeAsync' to catch a more specific allowed exception type, or rethrow the exception (https://learn.microsoft.com/dotnet/fundamentals/code-analysis/quality-rules/ca1031) [/home/runner/work/trading-bot-c-/trading-bot-c-/src/IntelligenceStack/IntelligenceStack.csproj]
     1>/home/runner/work/trading-bot-c-/trading-bot-c-/src/IntelligenceStack/RLAdvisorSystem.cs(1021,39): error CA1062: In externally visible method 'Task RLAgent.UpdateAsync(double[] state, RLActionResult action, double reward, double[] nextState, CancellationToken cancellationToken)', validate parameter 'action' is non-null before using it. If appropriate, throw an 'ArgumentNullException' when the argument is 'null'. (https://learn.microsoft.com/dotnet/fundamentals/code-analysis/quality-rules/ca1062) [/home/runner/work/trading-bot-c-/trading-bot-c-/src/IntelligenceStack/IntelligenceStack.csproj]
     1>/home/runner/work/trading-bot-c-/trading-bot-c-/src/IntelligenceStack/RLAdvisorSystem.cs(137,40): error CA1062: In externally visible method 'Task<RLAdvisorRecommendation> RLAdvisorSystem.GetExitRecommendationAsync(ExitDecisionContext context, CancellationToken cancellationToken = default(CancellationToken))', validate parameter 'context' is non-null before using it. If appropriate, throw an 'ArgumentNullException' when the argument is 'null'. (https://learn.microsoft.com/dotnet/fundamentals/code-analysis/quality-rules/ca1062) [/home/runner/work/trading-bot-c-/trading-bot-c-/src/IntelligenceStack/IntelligenceStack.csproj]
     1>/home/runner/work/trading-bot-c-/trading-bot-c-/src/IntelligenceStack/OnlineLearningSystem.cs(796,5): error AsyncFixer01: The method 'RecordDecisionLatencyAsync' does not need to use async/await. (https://github.com/semihokur/AsyncFixer) [/home/runner/work/trading-bot-c-/trading-bot-c-/src/IntelligenceStack/IntelligenceStack.csproj]
     1>/home/runner/work/trading-bot-c-/trading-bot-c-/src/IntelligenceStack/OnlineLearningSystem.cs(801,5): error AsyncFixer01: The method 'RecordOrderLatencyAsync' does not need to use async/await. (https://github.com/semihokur/AsyncFixer) [/home/runner/work/trading-bot-c-/trading-bot-c-/src/IntelligenceStack/IntelligenceStack.csproj]
     1>/home/runner/work/trading-bot-c-/trading-bot-c-/src/IntelligenceStack/RLAdvisorSystem.cs(204,52): error CA1062: In externally visible method 'Task RLAdvisorSystem.UpdateWithOutcomeAsync(string decisionId, ExitOutcome outcome, CancellationToken cancellationToken = default(CancellationToken))', validate parameter 'outcome' is non-null before using it. If appropriate, throw an 'ArgumentNullException' when the argument is 'null'. (https://learn.microsoft.com/dotnet/fundamentals/code-analysis/quality-rules/ca1062) [/home/runner/work/trading-bot-c-/trading-bot-c-/src/IntelligenceStack/IntelligenceStack.csproj]
     1>/home/runner/work/trading-bot-c-/trading-bot-c-/src/IntelligenceStack/OnlineLearningSystem.cs(821,13): error CA1848: For improved performance, use the LoggerMessage delegates instead of calling 'LoggerExtensions.LogError(ILogger, Exception?, string?, params object?[])' (https://learn.microsoft.com/dotnet/fundamentals/code-analysis/quality-rules/ca1848) [/home/runner/work/trading-bot-c-/trading-bot-c-/src/IntelligenceStack/IntelligenceStack.csproj]
     1>/home/runner/work/trading-bot-c-/trading-bot-c-/src/IntelligenceStack/OnlineLearningSystem.cs(825,13): error CA1848: For improved performance, use the LoggerMessage delegates instead of calling 'LoggerExtensions.LogError(ILogger, Exception?, string?, params object?[])' (https://learn.microsoft.com/dotnet/fundamentals/code-analysis/quality-rules/ca1848) [/home/runner/work/trading-bot-c-/trading-bot-c-/src/IntelligenceStack/IntelligenceStack.csproj]
     1>/home/runner/work/trading-bot-c-/trading-bot-c-/src/IntelligenceStack/OnlineLearningSystem.cs(829,13): error CA1848: For improved performance, use the LoggerMessage delegates instead of calling 'LoggerExtensions.LogError(ILogger, Exception?, string?, params object?[])' (https://learn.microsoft.com/dotnet/fundamentals/code-analysis/quality-rules/ca1848) [/home/runner/work/trading-bot-c-/trading-bot-c-/src/IntelligenceStack/IntelligenceStack.csproj]
     1>/home/runner/work/trading-bot-c-/trading-bot-c-/src/IntelligenceStack/OnlineLearningSystem.cs(833,5): error AsyncFixer01: The method 'RecordLatencyAsync' does not need to use async/await. (https://github.com/semihokur/AsyncFixer) [/home/runner/work/trading-bot-c-/trading-bot-c-/src/IntelligenceStack/IntelligenceStack.csproj]
     1>/home/runner/work/trading-bot-c-/trading-bot-c-/src/IntelligenceStack/RealTradingMetricsService.cs(49,9): error CA1848: For improved performance, use the LoggerMessage delegates instead of calling 'LoggerExtensions.LogInformation(ILogger, string?, params object?[])' (https://learn.microsoft.com/dotnet/fundamentals/code-analysis/quality-rules/ca1848) [/home/runner/work/trading-bot-c-/trading-bot-c-/src/IntelligenceStack/IntelligenceStack.csproj]
     1>/home/runner/work/trading-bot-c-/trading-bot-c-/src/IntelligenceStack/RealTradingMetricsService.cs(61,13): error CA1848: For improved performance, use the LoggerMessage delegates instead of calling 'LoggerExtensions.LogInformation(ILogger, Exception?, string?, params object?[])' (https://learn.microsoft.com/dotnet/fundamentals/code-analysis/quality-rules/ca1848) [/home/runner/work/trading-bot-c-/trading-bot-c-/src/IntelligenceStack/IntelligenceStack.csproj]
     1>/home/runner/work/trading-bot-c-/trading-bot-c-/src/IntelligenceStack/RealTradingMetricsService.cs(65,13): error CA1848: For improved performance, use the LoggerMessage delegates instead of calling 'LoggerExtensions.LogError(ILogger, Exception?, string?, params object?[])' (https://learn.microsoft.com/dotnet/fundamentals/code-analysis/quality-rules/ca1848) [/home/runner/work/trading-bot-c-/trading-bot-c-/src/IntelligenceStack/IntelligenceStack.csproj]
     1>/home/runner/work/trading-bot-c-/trading-bot-c-/src/IntelligenceStack/RealTradingMetricsService.cs(63,9): error CA1031: Modify 'ExecuteAsync' to catch a more specific allowed exception type, or rethrow the exception (https://learn.microsoft.com/dotnet/fundamentals/code-analysis/quality-rules/ca1031) [/home/runner/work/trading-bot-c-/trading-bot-c-/src/IntelligenceStack/IntelligenceStack.csproj]
     1>/home/runner/work/trading-bot-c-/trading-bot-c-/src/IntelligenceStack/RLAdvisorSystem.cs(275,13): error CA1848: For improved performance, use the LoggerMessage delegates instead of calling 'LoggerExtensions.LogInformation(ILogger, string?, params object?[])' (https://learn.microsoft.com/dotnet/fundamentals/code-analysis/quality-rules/ca1848) [/home/runner/work/trading-bot-c-/trading-bot-c-/src/IntelligenceStack/IntelligenceStack.csproj]
     1>/home/runner/work/trading-bot-c-/trading-bot-c-/src/IntelligenceStack/RLAdvisorSystem.cs(290,13): error CA1848: For improved performance, use the LoggerMessage delegates instead of calling 'LoggerExtensions.LogInformation(ILogger, string?, params object?[])' (https://learn.microsoft.com/dotnet/fundamentals/code-analysis/quality-rules/ca1848) [/home/runner/work/trading-bot-c-/trading-bot-c-/src/IntelligenceStack/IntelligenceStack.csproj]
     1>/home/runner/work/trading-bot-c-/trading-bot-c-/src/IntelligenceStack/RLAdvisorSystem.cs(303,17): error CA1848: For improved performance, use the LoggerMessage delegates instead of calling 'LoggerExtensions.LogInformation(ILogger, string?, params object?[])' (https://learn.microsoft.com/dotnet/fundamentals/code-analysis/quality-rules/ca1848) [/home/runner/work/trading-bot-c-/trading-bot-c-/src/IntelligenceStack/IntelligenceStack.csproj]
     1>/home/runner/work/trading-bot-c-/trading-bot-c-/src/IntelligenceStack/RLAdvisorSystem.cs(316,13): error CA1848: For improved performance, use the LoggerMessage delegates instead of calling 'LoggerExtensions.LogError(ILogger, Exception?, string?, params object?[])' (https://learn.microsoft.com/dotnet/fundamentals/code-analysis/quality-rules/ca1848) [/home/runner/work/trading-bot-c-/trading-bot-c-/src/IntelligenceStack/IntelligenceStack.csproj]
     1>/home/runner/work/trading-bot-c-/trading-bot-c-/src/IntelligenceStack/RLAdvisorSystem.cs(314,9): error CA1031: Modify 'TrainOnHistoricalDataAsync' to catch a more specific allowed exception type, or rethrow the exception (https://learn.microsoft.com/dotnet/fundamentals/code-analysis/quality-rules/ca1031) [/home/runner/work/trading-bot-c-/trading-bot-c-/src/IntelligenceStack/IntelligenceStack.csproj]
     1>/home/runner/work/trading-bot-c-/trading-bot-c-/src/IntelligenceStack/OnlineLearningSystem.cs(870,17): error CA1848: For improved performance, use the LoggerMessage delegates instead of calling 'LoggerExtensions.LogError(ILogger, Exception?, string?, params object?[])' (https://learn.microsoft.com/dotnet/fundamentals/code-analysis/quality-rules/ca1848) [/home/runner/work/trading-bot-c-/trading-bot-c-/src/IntelligenceStack/IntelligenceStack.csproj]
     1>/home/runner/work/trading-bot-c-/trading-bot-c-/src/IntelligenceStack/OnlineLearningSystem.cs(874,17): error CA1848: For improved performance, use the LoggerMessage delegates instead of calling 'LoggerExtensions.LogError(ILogger, Exception?, string?, params object?[])' (https://learn.microsoft.com/dotnet/fundamentals/code-analysis/quality-rules/ca1848) [/home/runner/work/trading-bot-c-/trading-bot-c-/src/IntelligenceStack/IntelligenceStack.csproj]
     1>/home/runner/work/trading-bot-c-/trading-bot-c-/src/IntelligenceStack/OnlineLearningSystem.cs(878,17): error CA1848: For improved performance, use the LoggerMessage delegates instead of calling 'LoggerExtensions.LogError(ILogger, Exception?, string?, params object?[])' (https://learn.microsoft.com/dotnet/fundamentals/code-analysis/quality-rules/ca1848) [/home/runner/work/trading-bot-c-/trading-bot-c-/src/IntelligenceStack/IntelligenceStack.csproj]
     1>/home/runner/work/trading-bot-c-/trading-bot-c-/src/IntelligenceStack/OnlineLearningSystem.cs(883,5): error AsyncFixer01: The method 'CheckErrorBudgetAsync' does not need to use async/await. (https://github.com/semihokur/AsyncFixer) [/home/runner/work/trading-bot-c-/trading-bot-c-/src/IntelligenceStack/IntelligenceStack.csproj]
     1>/home/runner/work/trading-bot-c-/trading-bot-c-/src/IntelligenceStack/RLAdvisorSystem.cs(333,29): error CA1307: 'string.Contains(string)' has a method overload that takes a 'StringComparison' parameter. Replace this call in 'TradingBot.IntelligenceStack.RLAdvisorSystem.InitializeAgents()' with a call to 'string.Contains(string, System.StringComparison)' for clarity of intent. (https://learn.microsoft.com/dotnet/fundamentals/code-analysis/quality-rules/ca1307) [/home/runner/work/trading-bot-c-/trading-bot-c-/src/IntelligenceStack/IntelligenceStack.csproj]
     1>/home/runner/work/trading-bot-c-/trading-bot-c-/src/IntelligenceStack/OnlineLearningSystem.cs(909,17): error CA1848: For improved performance, use the LoggerMessage delegates instead of calling 'LoggerExtensions.LogError(ILogger, Exception?, string?, params object?[])' (https://learn.microsoft.com/dotnet/fundamentals/code-analysis/quality-rules/ca1848) [/home/runner/work/trading-bot-c-/trading-bot-c-/src/IntelligenceStack/IntelligenceStack.csproj]
     1>/home/runner/work/trading-bot-c-/trading-bot-c-/src/IntelligenceStack/OnlineLearningSystem.cs(913,17): error CA1848: For improved performance, use the LoggerMessage delegates instead of calling 'LoggerExtensions.LogError(ILogger, Exception?, string?, params object?[])' (https://learn.microsoft.com/dotnet/fundamentals/code-analysis/quality-rules/ca1848) [/home/runner/work/trading-bot-c-/trading-bot-c-/src/IntelligenceStack/IntelligenceStack.csproj]
     1>/home/runner/work/trading-bot-c-/trading-bot-c-/src/IntelligenceStack/OnlineLearningSystem.cs(917,17): error CA1848: For improved performance, use the LoggerMessage delegates instead of calling 'LoggerExtensions.LogError(ILogger, Exception?, string?, params object?[])' (https://learn.microsoft.com/dotnet/fundamentals/code-analysis/quality-rules/ca1848) [/home/runner/work/trading-bot-c-/trading-bot-c-/src/IntelligenceStack/IntelligenceStack.csproj]
     1>/home/runner/work/trading-bot-c-/trading-bot-c-/src/IntelligenceStack/OnlineLearningSystem.cs(941,9): error CA1848: For improved performance, use the LoggerMessage delegates instead of calling 'LoggerExtensions.LogWarning(ILogger, string?, params object?[])' (https://learn.microsoft.com/dotnet/fundamentals/code-analysis/quality-rules/ca1848) [/home/runner/work/trading-bot-c-/trading-bot-c-/src/IntelligenceStack/IntelligenceStack.csproj]
     1>/home/runner/work/trading-bot-c-/trading-bot-c-/src/IntelligenceStack/OnlineLearningSystem.cs(165,50): error CA1062: In externally visible method 'Task OnlineLearningSystem.UpdateWeightsAsync(string regimeType, Dictionary<string, double> weights, CancellationToken cancellationToken = default(CancellationToken))', validate parameter 'weights' is non-null before using it. If appropriate, throw an 'ArgumentNullException' when the argument is 'null'. (https://learn.microsoft.com/dotnet/fundamentals/code-analysis/quality-rules/ca1062) [/home/runner/work/trading-bot-c-/trading-bot-c-/src/IntelligenceStack/IntelligenceStack.csproj]
     1>/home/runner/work/trading-bot-c-/trading-bot-c-/src/IntelligenceStack/RLAdvisorSystem.cs(344,33): error CA1307: 'string.Contains(string)' has a method overload that takes a 'StringComparison' parameter. Replace this call in 'TradingBot.IntelligenceStack.RLAdvisorSystem.GetOrCreateAgent(string)' with a call to 'string.Contains(string, System.StringComparison)' for clarity of intent. (https://learn.microsoft.com/dotnet/fundamentals/code-analysis/quality-rules/ca1307) [/home/runner/work/trading-bot-c-/trading-bot-c-/src/IntelligenceStack/IntelligenceStack.csproj]
     1>/home/runner/work/trading-bot-c-/trading-bot-c-/src/IntelligenceStack/OnlineLearningSystem.cs(958,36): error S109: Assign this magic number '2' to a well-named variable or constant, and use that instead. (https://rules.sonarsource.com/csharp/RSPEC-109) [/home/runner/work/trading-bot-c-/trading-bot-c-/src/IntelligenceStack/IntelligenceStack.csproj]
     1>/home/runner/work/trading-bot-c-/trading-bot-c-/src/IntelligenceStack/OnlineLearningSystem.cs(955,13): error CA1848: For improved performance, use the LoggerMessage delegates instead of calling 'LoggerExtensions.LogCritical(ILogger, string?, params object?[])' (https://learn.microsoft.com/dotnet/fundamentals/code-analysis/quality-rules/ca1848) [/home/runner/work/trading-bot-c-/trading-bot-c-/src/IntelligenceStack/IntelligenceStack.csproj]
     1>/home/runner/work/trading-bot-c-/trading-bot-c-/src/IntelligenceStack/OnlineLearningSystem.cs(961,13): error CA1848: For improved performance, use the LoggerMessage delegates instead of calling 'LoggerExtensions.LogWarning(ILogger, string?, params object?[])' (https://learn.microsoft.com/dotnet/fundamentals/code-analysis/quality-rules/ca1848) [/home/runner/work/trading-bot-c-/trading-bot-c-/src/IntelligenceStack/IntelligenceStack.csproj]
     1>/home/runner/work/trading-bot-c-/trading-bot-c-/src/IntelligenceStack/OnlineLearningSystem.cs(967,13): error CA1848: For improved performance, use the LoggerMessage delegates instead of calling 'LoggerExtensions.LogInformation(ILogger, string?, params object?[])' (https://learn.microsoft.com/dotnet/fundamentals/code-analysis/quality-rules/ca1848) [/home/runner/work/trading-bot-c-/trading-bot-c-/src/IntelligenceStack/IntelligenceStack.csproj]
     1>/home/runner/work/trading-bot-c-/trading-bot-c-/src/IntelligenceStack/RealTradingMetricsService.cs(97,13): error CA1848: For improved performance, use the LoggerMessage delegates instead of calling 'LoggerExtensions.LogInformation(ILogger, string?, params object?[])' (https://learn.microsoft.com/dotnet/fundamentals/code-analysis/quality-rules/ca1848) [/home/runner/work/trading-bot-c-/trading-bot-c-/src/IntelligenceStack/IntelligenceStack.csproj]
     1>/home/runner/work/trading-bot-c-/trading-bot-c-/src/IntelligenceStack/RealTradingMetricsService.cs(80,32): error CA1862: Prefer using 'string.Equals(string, StringComparison)' to perform a case-insensitive comparison, but keep in mind that this might cause subtle changes in behavior, so make sure to conduct thorough testing after applying the suggestion, or if culturally sensitive comparison is not required, consider using 'StringComparison.OrdinalIgnoreCase' (https://learn.microsoft.com/dotnet/fundamentals/code-analysis/quality-rules/ca1862) [/home/runner/work/trading-bot-c-/trading-bot-c-/src/IntelligenceStack/IntelligenceStack.csproj]
     1>/home/runner/work/trading-bot-c-/trading-bot-c-/src/IntelligenceStack/RealTradingMetricsService.cs(83,13): error CA1848: For improved performance, use the LoggerMessage delegates instead of calling 'LoggerExtensions.LogInformation(ILogger, string?, params object?[])' (https://learn.microsoft.com/dotnet/fundamentals/code-analysis/quality-rules/ca1848) [/home/runner/work/trading-bot-c-/trading-bot-c-/src/IntelligenceStack/IntelligenceStack.csproj]
     1>/home/runner/work/trading-bot-c-/trading-bot-c-/src/IntelligenceStack/RealTradingMetricsService.cs(111,13): error CA1848: For improved performance, use the LoggerMessage delegates instead of calling 'LoggerExtensions.LogDebug(ILogger, string?, params object?[])' (https://learn.microsoft.com/dotnet/fundamentals/code-analysis/quality-rules/ca1848) [/home/runner/work/trading-bot-c-/trading-bot-c-/src/IntelligenceStack/IntelligenceStack.csproj]
     1>/home/runner/work/trading-bot-c-/trading-bot-c-/src/IntelligenceStack/RealTradingMetricsService.cs(80,32): error CA1062: In externally visible method 'void RealTradingMetricsService.RecordFill(string orderId, string symbol, decimal fillPrice, int quantity, string side)', validate parameter 'side' is non-null before using it. If appropriate, throw an 'ArgumentNullException' when the argument is 'null'. (https://learn.microsoft.com/dotnet/fundamentals/code-analysis/quality-rules/ca1062) [/home/runner/work/trading-bot-c-/trading-bot-c-/src/IntelligenceStack/IntelligenceStack.csproj]
     1>/home/runner/work/trading-bot-c-/trading-bot-c-/src/IntelligenceStack/OnlineLearningSystem.cs(992,86): error S109: Assign this magic number '0.99' to a well-named variable or constant, and use that instead. (https://rules.sonarsource.com/csharp/RSPEC-109) [/home/runner/work/trading-bot-c-/trading-bot-c-/src/IntelligenceStack/IntelligenceStack.csproj]
     1>/home/runner/work/trading-bot-c-/trading-bot-c-/src/IntelligenceStack/OnlineLearningSystem.cs(997,80): error S109: Assign this magic number '0.99' to a well-named variable or constant, and use that instead. (https://rules.sonarsource.com/csharp/RSPEC-109) [/home/runner/work/trading-bot-c-/trading-bot-c-/src/IntelligenceStack/IntelligenceStack.csproj]
     1>/home/runner/work/trading-bot-c-/trading-bot-c-/src/IntelligenceStack/ModelRegistry.cs(40,22): error CA1062: In externally visible method 'ModelRegistry.ModelRegistry(ILogger<ModelRegistry> logger, PromotionsConfig config, string basePath = "data/models")', validate parameter 'config' is non-null before using it. If appropriate, throw an 'ArgumentNullException' when the argument is 'null'. (https://learn.microsoft.com/dotnet/fundamentals/code-analysis/quality-rules/ca1062) [/home/runner/work/trading-bot-c-/trading-bot-c-/src/IntelligenceStack/IntelligenceStack.csproj]
     1>/home/runner/work/trading-bot-c-/trading-bot-c-/src/IntelligenceStack/MLRLObservabilityService.cs(66,9): error CA1848: For improved performance, use the LoggerMessage delegates instead of calling 'LoggerExtensions.LogInformation(ILogger, string?, params object?[])' (https://learn.microsoft.com/dotnet/fundamentals/code-analysis/quality-rules/ca1848) [/home/runner/work/trading-bot-c-/trading-bot-c-/src/IntelligenceStack/IntelligenceStack.csproj]
     1>/home/runner/work/trading-bot-c-/trading-bot-c-/src/IntelligenceStack/ModelQuarantineManager.cs(50,34): error S109: Assign this magic number '15' to a well-named variable or constant, and use that instead. (https://rules.sonarsource.com/csharp/RSPEC-109) [/home/runner/work/trading-bot-c-/trading-bot-c-/src/IntelligenceStack/IntelligenceStack.csproj]
     1>/home/runner/work/trading-bot-c-/trading-bot-c-/src/IntelligenceStack/ModelRegistry.cs(111,13): error CA1848: For improved performance, use the LoggerMessage delegates instead of calling 'LoggerExtensions.LogDebug(ILogger, string?, params object?[])' (https://learn.microsoft.com/dotnet/fundamentals/code-analysis/quality-rules/ca1848) [/home/runner/work/trading-bot-c-/trading-bot-c-/src/IntelligenceStack/IntelligenceStack.csproj]
     1>/home/runner/work/trading-bot-c-/trading-bot-c-/src/IntelligenceStack/ModelRegistry.cs(118,13): error CA1848: For improved performance, use the LoggerMessage delegates instead of calling 'LoggerExtensions.LogError(ILogger, Exception?, string?, params object?[])' (https://learn.microsoft.com/dotnet/fundamentals/code-analysis/quality-rules/ca1848) [/home/runner/work/trading-bot-c-/trading-bot-c-/src/IntelligenceStack/IntelligenceStack.csproj]
     1>/home/runner/work/trading-bot-c-/trading-bot-c-/src/IntelligenceStack/ModelQuarantineManager.cs(82,13): error CA1848: For improved performance, use the LoggerMessage delegates instead of calling 'LoggerExtensions.LogError(ILogger, Exception?, string?, params object?[])' (https://learn.microsoft.com/dotnet/fundamentals/code-analysis/quality-rules/ca1848) [/home/runner/work/trading-bot-c-/trading-bot-c-/src/IntelligenceStack/IntelligenceStack.csproj]
     1>/home/runner/work/trading-bot-c-/trading-bot-c-/src/IntelligenceStack/ObservabilityDashboard.cs(125,13): error CA1848: For improved performance, use the LoggerMessage delegates instead of calling 'LoggerExtensions.LogError(ILogger, Exception?, string?, params object?[])' (https://learn.microsoft.com/dotnet/fundamentals/code-analysis/quality-rules/ca1848) [/home/runner/work/trading-bot-c-/trading-bot-c-/src/IntelligenceStack/IntelligenceStack.csproj]
     1>/home/runner/work/trading-bot-c-/trading-bot-c-/src/IntelligenceStack/ModelQuarantineManager.cs(80,9): error CA1031: Modify 'CheckModelHealthAsync' to catch a more specific allowed exception type, or rethrow the exception (https://learn.microsoft.com/dotnet/fundamentals/code-analysis/quality-rules/ca1031) [/home/runner/work/trading-bot-c-/trading-bot-c-/src/IntelligenceStack/IntelligenceStack.csproj]
     1>/home/runner/work/trading-bot-c-/trading-bot-c-/src/IntelligenceStack/ObservabilityDashboard.cs(123,9): error CA1031: Modify 'GetDashboardDataAsync' to catch a more specific allowed exception type, or rethrow the exception (https://learn.microsoft.com/dotnet/fundamentals/code-analysis/quality-rules/ca1031) [/home/runner/work/trading-bot-c-/trading-bot-c-/src/IntelligenceStack/IntelligenceStack.csproj]
     1>/home/runner/work/trading-bot-c-/trading-bot-c-/src/IntelligenceStack/OnlineLearningSystem.cs(249,53): error CA1062: In externally visible method 'Task OnlineLearningSystem.AdaptToPerformanceAsync(string modelId, ModelPerformance performance, CancellationToken cancellationToken = default(CancellationToken))', validate parameter 'performance' is non-null before using it. If appropriate, throw an 'ArgumentNullException' when the argument is 'null'. (https://learn.microsoft.com/dotnet/fundamentals/code-analysis/quality-rules/ca1062) [/home/runner/work/trading-bot-c-/trading-bot-c-/src/IntelligenceStack/IntelligenceStack.csproj]
     1>/home/runner/work/trading-bot-c-/trading-bot-c-/src/IntelligenceStack/RLAdvisorSystem.cs(413,5): error AsyncFixer01: The method 'LogRLDecisionAsync' does not need to use async/await. (https://github.com/semihokur/AsyncFixer) [/home/runner/work/trading-bot-c-/trading-bot-c-/src/IntelligenceStack/IntelligenceStack.csproj]
     1>/home/runner/work/trading-bot-c-/trading-bot-c-/src/IntelligenceStack/RLAdvisorSystem.cs(441,52): error S109: Assign this magic number '1000' to a well-named variable or constant, and use that instead. (https://rules.sonarsource.com/csharp/RSPEC-109) [/home/runner/work/trading-bot-c-/trading-bot-c-/src/IntelligenceStack/IntelligenceStack.csproj]
     1>/home/runner/work/trading-bot-c-/trading-bot-c-/src/IntelligenceStack/ModelQuarantineManager.cs(113,17): error CA1848: For improved performance, use the LoggerMessage delegates instead of calling 'LoggerExtensions.LogWarning(ILogger, string?, params object?[])' (https://learn.microsoft.com/dotnet/fundamentals/code-analysis/quality-rules/ca1848) [/home/runner/work/trading-bot-c-/trading-bot-c-/src/IntelligenceStack/IntelligenceStack.csproj]
     1>/home/runner/work/trading-bot-c-/trading-bot-c-/src/IntelligenceStack/ModelQuarantineManager.cs(121,13): error CA1848: For improved performance, use the LoggerMessage delegates instead of calling 'LoggerExtensions.LogError(ILogger, Exception?, string?, params object?[])' (https://learn.microsoft.com/dotnet/fundamentals/code-analysis/quality-rules/ca1848) [/home/runner/work/trading-bot-c-/trading-bot-c-/src/IntelligenceStack/IntelligenceStack.csproj]
     1>/home/runner/work/trading-bot-c-/trading-bot-c-/src/IntelligenceStack/RLAdvisorSystem.cs(475,13): error CA1848: For improved performance, use the LoggerMessage delegates instead of calling 'LoggerExtensions.LogInformation(ILogger, string?, params object?[])' (https://learn.microsoft.com/dotnet/fundamentals/code-analysis/quality-rules/ca1848) [/home/runner/work/trading-bot-c-/trading-bot-c-/src/IntelligenceStack/IntelligenceStack.csproj]
     1>/home/runner/work/trading-bot-c-/trading-bot-c-/src/IntelligenceStack/RLAdvisorSystem.cs(487,47): error S109: Assign this magic number '30' to a well-named variable or constant, and use that instead. (https://rules.sonarsource.com/csharp/RSPEC-109) [/home/runner/work/trading-bot-c-/trading-bot-c-/src/IntelligenceStack/IntelligenceStack.csproj]
     1>/home/runner/work/trading-bot-c-/trading-bot-c-/src/IntelligenceStack/RLAdvisorSystem.cs(489,27): error S109: Assign this magic number '0.1' to a well-named variable or constant, and use that instead. (https://rules.sonarsource.com/csharp/RSPEC-109) [/home/runner/work/trading-bot-c-/trading-bot-c-/src/IntelligenceStack/IntelligenceStack.csproj]
     1>/home/runner/work/trading-bot-c-/trading-bot-c-/src/IntelligenceStack/RLAdvisorSystem.cs(491,50): error S109: Assign this magic number '8' to a well-named variable or constant, and use that instead. (https://rules.sonarsource.com/csharp/RSPEC-109) [/home/runner/work/trading-bot-c-/trading-bot-c-/src/IntelligenceStack/IntelligenceStack.csproj]
     1>/home/runner/work/trading-bot-c-/trading-bot-c-/src/IntelligenceStack/RLAdvisorSystem.cs(493,28): error S109: Assign this magic number '0.1' to a well-named variable or constant, and use that instead. (https://rules.sonarsource.com/csharp/RSPEC-109) [/home/runner/work/trading-bot-c-/trading-bot-c-/src/IntelligenceStack/IntelligenceStack.csproj]
     1>/home/runner/work/trading-bot-c-/trading-bot-c-/src/IntelligenceStack/RLAdvisorSystem.cs(501,74): error S109: Assign this magic number '0.02' to a well-named variable or constant, and use that instead. (https://rules.sonarsource.com/csharp/RSPEC-109) [/home/runner/work/trading-bot-c-/trading-bot-c-/src/IntelligenceStack/IntelligenceStack.csproj]
     1>/home/runner/work/trading-bot-c-/trading-bot-c-/src/IntelligenceStack/RLAdvisorSystem.cs(503,28): error S109: Assign this magic number '0.2' to a well-named variable or constant, and use that instead. (https://rules.sonarsource.com/csharp/RSPEC-109) [/home/runner/work/trading-bot-c-/trading-bot-c-/src/IntelligenceStack/IntelligenceStack.csproj]
     1>/home/runner/work/trading-bot-c-/trading-bot-c-/src/IntelligenceStack/ModelQuarantineManager.cs(119,9): error CA1031: Modify 'QuarantineModelAsync' to catch a more specific allowed exception type, or rethrow the exception (https://learn.microsoft.com/dotnet/fundamentals/code-analysis/quality-rules/ca1031) [/home/runner/work/trading-bot-c-/trading-bot-c-/src/IntelligenceStack/IntelligenceStack.csproj]
     1>/home/runner/work/trading-bot-c-/trading-bot-c-/src/IntelligenceStack/RLAdvisorSystem.cs(516,13): error S109: Assign this magic number '2' to a well-named variable or constant, and use that instead. (https://rules.sonarsource.com/csharp/RSPEC-109) [/home/runner/work/trading-bot-c-/trading-bot-c-/src/IntelligenceStack/IntelligenceStack.csproj]
     1>/home/runner/work/trading-bot-c-/trading-bot-c-/src/IntelligenceStack/RLAdvisorSystem.cs(517,43): error S109: Assign this magic number '0.1' to a well-named variable or constant, and use that instead. (https://rules.sonarsource.com/csharp/RSPEC-109) [/home/runner/work/trading-bot-c-/trading-bot-c-/src/IntelligenceStack/IntelligenceStack.csproj]
     1>/home/runner/work/trading-bot-c-/trading-bot-c-/src/IntelligenceStack/OnlineLearningSystem.cs(338,21): error CA1848: For improved performance, use the LoggerMessage delegates instead of calling 'LoggerExtensions.LogWarning(ILogger, string?, params object?[])' (https://learn.microsoft.com/dotnet/fundamentals/code-analysis/quality-rules/ca1848) [/home/runner/work/trading-bot-c-/trading-bot-c-/src/IntelligenceStack/IntelligenceStack.csproj]
     1>/home/runner/work/trading-bot-c-/trading-bot-c-/src/IntelligenceStack/OnlineLearningSystem.cs(358,13): error CA1848: For improved performance, use the LoggerMessage delegates instead of calling 'LoggerExtensions.LogError(ILogger, Exception?, string?, params object?[])' (https://learn.microsoft.com/dotnet/fundamentals/code-analysis/quality-rules/ca1848) [/home/runner/work/trading-bot-c-/trading-bot-c-/src/IntelligenceStack/IntelligenceStack.csproj]
     1>/home/runner/work/trading-bot-c-/trading-bot-c-/src/IntelligenceStack/OnlineLearningSystem.cs(356,9): error CA1031: Modify 'DetectDriftAsync' to catch a more specific allowed exception type, or rethrow the exception (https://learn.microsoft.com/dotnet/fundamentals/code-analysis/quality-rules/ca1031) [/home/runner/work/trading-bot-c-/trading-bot-c-/src/IntelligenceStack/IntelligenceStack.csproj]
     1>/home/runner/work/trading-bot-c-/trading-bot-c-/src/IntelligenceStack/OnlineLearningSystem.cs(326,37): error CA1062: In externally visible method 'Task OnlineLearningSystem.DetectDriftAsync(string modelId, FeatureSet features, CancellationToken cancellationToken = default(CancellationToken))', validate parameter 'features' is non-null before using it. If appropriate, throw an 'ArgumentNullException' when the argument is 'null'. (https://learn.microsoft.com/dotnet/fundamentals/code-analysis/quality-rules/ca1062) [/home/runner/work/trading-bot-c-/trading-bot-c-/src/IntelligenceStack/IntelligenceStack.csproj]
     1>/home/runner/work/trading-bot-c-/trading-bot-c-/src/IntelligenceStack/ModelRegistry.cs(163,13): error CA1848: For improved performance, use the LoggerMessage delegates instead of calling 'LoggerExtensions.LogInformation(ILogger, string?, params object?[])' (https://learn.microsoft.com/dotnet/fundamentals/code-analysis/quality-rules/ca1848) [/home/runner/work/trading-bot-c-/trading-bot-c-/src/IntelligenceStack/IntelligenceStack.csproj]
     1>/home/runner/work/trading-bot-c-/trading-bot-c-/src/IntelligenceStack/ModelRegistry.cs(176,13): error CA1848: For improved performance, use the LoggerMessage delegates instead of calling 'LoggerExtensions.LogError(ILogger, Exception?, string?, params object?[])' (https://learn.microsoft.com/dotnet/fundamentals/code-analysis/quality-rules/ca1848) [/home/runner/work/trading-bot-c-/trading-bot-c-/src/IntelligenceStack/IntelligenceStack.csproj]
     1>/home/runner/work/trading-bot-c-/trading-bot-c-/src/IntelligenceStack/ModelQuarantineManager.cs(133,21): error CA1848: For improved performance, use the LoggerMessage delegates instead of calling 'LoggerExtensions.LogWarning(ILogger, string?, params object?[])' (https://learn.microsoft.com/dotnet/fundamentals/code-analysis/quality-rules/ca1848) [/home/runner/work/trading-bot-c-/trading-bot-c-/src/IntelligenceStack/IntelligenceStack.csproj]
     1>/home/runner/work/trading-bot-c-/trading-bot-c-/src/IntelligenceStack/ModelQuarantineManager.cs(139,21): error CA1848: For improved performance, use the LoggerMessage delegates instead of calling 'LoggerExtensions.LogDebug(ILogger, string?, params object?[])' (https://learn.microsoft.com/dotnet/fundamentals/code-analysis/quality-rules/ca1848) [/home/runner/work/trading-bot-c-/trading-bot-c-/src/IntelligenceStack/IntelligenceStack.csproj]
     1>/home/runner/work/trading-bot-c-/trading-bot-c-/src/IntelligenceStack/ModelQuarantineManager.cs(148,21): error CA1848: For improved performance, use the LoggerMessage delegates instead of calling 'LoggerExtensions.LogDebug(ILogger, string?, params object?[])' (https://learn.microsoft.com/dotnet/fundamentals/code-analysis/quality-rules/ca1848) [/home/runner/work/trading-bot-c-/trading-bot-c-/src/IntelligenceStack/IntelligenceStack.csproj]
     1>/home/runner/work/trading-bot-c-/trading-bot-c-/src/IntelligenceStack/ModelQuarantineManager.cs(156,21): error CA1848: For improved performance, use the LoggerMessage delegates instead of calling 'LoggerExtensions.LogDebug(ILogger, string?, params object?[])' (https://learn.microsoft.com/dotnet/fundamentals/code-analysis/quality-rules/ca1848) [/home/runner/work/trading-bot-c-/trading-bot-c-/src/IntelligenceStack/IntelligenceStack.csproj]
     1>/home/runner/work/trading-bot-c-/trading-bot-c-/src/IntelligenceStack/ModelQuarantineManager.cs(166,17): error CA1848: For improved performance, use the LoggerMessage delegates instead of calling 'LoggerExtensions.LogInformation(ILogger, string?, params object?[])' (https://learn.microsoft.com/dotnet/fundamentals/code-analysis/quality-rules/ca1848) [/home/runner/work/trading-bot-c-/trading-bot-c-/src/IntelligenceStack/IntelligenceStack.csproj]
     1>/home/runner/work/trading-bot-c-/trading-bot-c-/src/IntelligenceStack/ModelQuarantineManager.cs(174,13): error CA1848: For improved performance, use the LoggerMessage delegates instead of calling 'LoggerExtensions.LogError(ILogger, Exception?, string?, params object?[])' (https://learn.microsoft.com/dotnet/fundamentals/code-analysis/quality-rules/ca1848) [/home/runner/work/trading-bot-c-/trading-bot-c-/src/IntelligenceStack/IntelligenceStack.csproj]
     1>/home/runner/work/trading-bot-c-/trading-bot-c-/src/IntelligenceStack/ModelQuarantineManager.cs(172,9): error CA1031: Modify 'TryRestoreModelAsync' to catch a more specific allowed exception type, or rethrow the exception (https://learn.microsoft.com/dotnet/fundamentals/code-analysis/quality-rules/ca1031) [/home/runner/work/trading-bot-c-/trading-bot-c-/src/IntelligenceStack/IntelligenceStack.csproj]
     1>/home/runner/work/trading-bot-c-/trading-bot-c-/src/IntelligenceStack/ModelRegistry.cs(127,43): error CA1062: In externally visible method 'Task<ModelArtifact> ModelRegistry.RegisterModelAsync(ModelRegistration registration, CancellationToken cancellationToken = default(CancellationToken))', validate parameter 'registration' is non-null before using it. If appropriate, throw an 'ArgumentNullException' when the argument is 'null'. (https://learn.microsoft.com/dotnet/fundamentals/code-analysis/quality-rules/ca1062) [/home/runner/work/trading-bot-c-/trading-bot-c-/src/IntelligenceStack/IntelligenceStack.csproj]
     1>/home/runner/work/trading-bot-c-/trading-bot-c-/src/IntelligenceStack/ModelRegistry.cs(188,17): error CA1848: For improved performance, use the LoggerMessage delegates instead of calling 'LoggerExtensions.LogWarning(ILogger, string?, params object?[])' (https://learn.microsoft.com/dotnet/fundamentals/code-analysis/quality-rules/ca1848) [/home/runner/work/trading-bot-c-/trading-bot-c-/src/IntelligenceStack/IntelligenceStack.csproj]
     1>/home/runner/work/trading-bot-c-/trading-bot-c-/src/IntelligenceStack/ModelRegistry.cs(195,17): error CA1848: For improved performance, use the LoggerMessage delegates instead of calling 'LoggerExtensions.LogWarning(ILogger, string?, params object?[])' (https://learn.microsoft.com/dotnet/fundamentals/code-analysis/quality-rules/ca1848) [/home/runner/work/trading-bot-c-/trading-bot-c-/src/IntelligenceStack/IntelligenceStack.csproj]
     1>/home/runner/work/trading-bot-c-/trading-bot-c-/src/IntelligenceStack/ModelRegistry.cs(202,17): error CA1848: For improved performance, use the LoggerMessage delegates instead of calling 'LoggerExtensions.LogWarning(ILogger, string?, params object?[])' (https://learn.microsoft.com/dotnet/fundamentals/code-analysis/quality-rules/ca1848) [/home/runner/work/trading-bot-c-/trading-bot-c-/src/IntelligenceStack/IntelligenceStack.csproj]
     1>/home/runner/work/trading-bot-c-/trading-bot-c-/src/IntelligenceStack/ModelRegistry.cs(229,13): error CA1848: For improved performance, use the LoggerMessage delegates instead of calling 'LoggerExtensions.LogInformation(ILogger, string?, params object?[])' (https://learn.microsoft.com/dotnet/fundamentals/code-analysis/quality-rules/ca1848) [/home/runner/work/trading-bot-c-/trading-bot-c-/src/IntelligenceStack/IntelligenceStack.csproj]
     1>/home/runner/work/trading-bot-c-/trading-bot-c-/src/IntelligenceStack/ModelRegistry.cs(234,13): error CA1848: For improved performance, use the LoggerMessage delegates instead of calling 'LoggerExtensions.LogError(ILogger, Exception?, string?, params object?[])' (https://learn.microsoft.com/dotnet/fundamentals/code-analysis/quality-rules/ca1848) [/home/runner/work/trading-bot-c-/trading-bot-c-/src/IntelligenceStack/IntelligenceStack.csproj]
     1>/home/runner/work/trading-bot-c-/trading-bot-c-/src/IntelligenceStack/ModelRegistry.cs(232,9): error CA1031: Modify 'PromoteModelAsync' to catch a more specific allowed exception type, or rethrow the exception (https://learn.microsoft.com/dotnet/fundamentals/code-analysis/quality-rules/ca1031) [/home/runner/work/trading-bot-c-/trading-bot-c-/src/IntelligenceStack/IntelligenceStack.csproj]
     1>/home/runner/work/trading-bot-c-/trading-bot-c-/src/IntelligenceStack/ModelRegistry.cs(200,48): error CA1062: In externally visible method 'Task<bool> ModelRegistry.PromoteModelAsync(string modelId, PromotionCriteria criteria, CancellationToken cancellationToken = default(CancellationToken))', validate parameter 'criteria' is non-null before using it. If appropriate, throw an 'ArgumentNullException' when the argument is 'null'. (https://learn.microsoft.com/dotnet/fundamentals/code-analysis/quality-rules/ca1062) [/home/runner/work/trading-bot-c-/trading-bot-c-/src/IntelligenceStack/IntelligenceStack.csproj]
     1>/home/runner/work/trading-bot-c-/trading-bot-c-/src/IntelligenceStack/ModelRegistry.cs(207,50): error CA1062: In externally visible method 'Task<bool> ModelRegistry.PromoteModelAsync(string modelId, PromotionCriteria criteria, CancellationToken cancellationToken = default(CancellationToken))', validate parameter 'modelId' is non-null before using it. If appropriate, throw an 'ArgumentNullException' when the argument is 'null'. (https://learn.microsoft.com/dotnet/fundamentals/code-analysis/quality-rules/ca1062) [/home/runner/work/trading-bot-c-/trading-bot-c-/src/IntelligenceStack/IntelligenceStack.csproj]
     1>/home/runner/work/trading-bot-c-/trading-bot-c-/src/IntelligenceStack/RealTradingMetricsService.cs(120,19): error AsyncFixer03: Avoid unsupported fire-and-forget async-void methods or delegates. Unhandled exceptions will crash the process. (https://github.com/semihokur/AsyncFixer) [/home/runner/work/trading-bot-c-/trading-bot-c-/src/IntelligenceStack/IntelligenceStack.csproj]
     1>/home/runner/work/trading-bot-c-/trading-bot-c-/src/IntelligenceStack/RealTradingMetricsService.cs(140,65): error S109: Assign this magic number '1024' to a well-named variable or constant, and use that instead. (https://rules.sonarsource.com/csharp/RSPEC-109) [/home/runner/work/trading-bot-c-/trading-bot-c-/src/IntelligenceStack/IntelligenceStack.csproj]
     1>/home/runner/work/trading-bot-c-/trading-bot-c-/src/IntelligenceStack/RealTradingMetricsService.cs(140,72): error S109: Assign this magic number '1024' to a well-named variable or constant, and use that instead. (https://rules.sonarsource.com/csharp/RSPEC-109) [/home/runner/work/trading-bot-c-/trading-bot-c-/src/IntelligenceStack/IntelligenceStack.csproj]
     1>/home/runner/work/trading-bot-c-/trading-bot-c-/src/IntelligenceStack/ModelRegistry.cs(248,13): error CA1848: For improved performance, use the LoggerMessage delegates instead of calling 'LoggerExtensions.LogError(ILogger, Exception?, string?, params object?[])' (https://learn.microsoft.com/dotnet/fundamentals/code-analysis/quality-rules/ca1848) [/home/runner/work/trading-bot-c-/trading-bot-c-/src/IntelligenceStack/IntelligenceStack.csproj]
     1>/home/runner/work/trading-bot-c-/trading-bot-c-/src/IntelligenceStack/ModelRegistry.cs(246,9): error CA1031: Modify 'GetModelMetricsAsync' to catch a more specific allowed exception type, or rethrow the exception (https://learn.microsoft.com/dotnet/fundamentals/code-analysis/quality-rules/ca1031) [/home/runner/work/trading-bot-c-/trading-bot-c-/src/IntelligenceStack/IntelligenceStack.csproj]
     1>/home/runner/work/trading-bot-c-/trading-bot-c-/src/IntelligenceStack/RLAdvisorSystem.cs(547,42): error S6602: "Find" method should be used instead of the "FirstOrDefault" extension method. (https://rules.sonarsource.com/csharp/RSPEC-6602) [/home/runner/work/trading-bot-c-/trading-bot-c-/src/IntelligenceStack/IntelligenceStack.csproj]
     1>/home/runner/work/trading-bot-c-/trading-bot-c-/src/IntelligenceStack/RealTradingMetricsService.cs(159,13): error CA1848: For improved performance, use the LoggerMessage delegates instead of calling 'LoggerExtensions.LogInformation(ILogger, string?, params object?[])' (https://learn.microsoft.com/dotnet/fundamentals/code-analysis/quality-rules/ca1848) [/home/runner/work/trading-bot-c-/trading-bot-c-/src/IntelligenceStack/IntelligenceStack.csproj]
     1>/home/runner/work/trading-bot-c-/trading-bot-c-/src/IntelligenceStack/RealTradingMetricsService.cs(164,13): error CA1848: For improved performance, use the LoggerMessage delegates instead of calling 'LoggerExtensions.LogError(ILogger, Exception?, string?, params object?[])' (https://learn.microsoft.com/dotnet/fundamentals/code-analysis/quality-rules/ca1848) [/home/runner/work/trading-bot-c-/trading-bot-c-/src/IntelligenceStack/IntelligenceStack.csproj]
     1>/home/runner/work/trading-bot-c-/trading-bot-c-/src/IntelligenceStack/RealTradingMetricsService.cs(162,9): error CA1031: Modify 'CollectAndPushMetrics' to catch a more specific allowed exception type, or rethrow the exception (https://learn.microsoft.com/dotnet/fundamentals/code-analysis/quality-rules/ca1031) [/home/runner/work/trading-bot-c-/trading-bot-c-/src/IntelligenceStack/IntelligenceStack.csproj]
     1>/home/runner/work/trading-bot-c-/trading-bot-c-/src/IntelligenceStack/MLRLObservabilityService.cs(82,9): error CA1848: For improved performance, use the LoggerMessage delegates instead of calling 'LoggerExtensions.LogDebug(ILogger, string?, params object?[])' (https://learn.microsoft.com/dotnet/fundamentals/code-analysis/quality-rules/ca1848) [/home/runner/work/trading-bot-c-/trading-bot-c-/src/IntelligenceStack/IntelligenceStack.csproj]
     1>/home/runner/work/trading-bot-c-/trading-bot-c-/src/IntelligenceStack/MLRLObservabilityService.cs(94,9): error CA1848: For improved performance, use the LoggerMessage delegates instead of calling 'LoggerExtensions.LogDebug(ILogger, string?, params object?[])' (https://learn.microsoft.com/dotnet/fundamentals/code-analysis/quality-rules/ca1848) [/home/runner/work/trading-bot-c-/trading-bot-c-/src/IntelligenceStack/IntelligenceStack.csproj]
     1>/home/runner/work/trading-bot-c-/trading-bot-c-/src/IntelligenceStack/ModelRegistry.cs(294,17): error CA1848: For improved performance, use the LoggerMessage delegates instead of calling 'LoggerExtensions.LogWarning(ILogger, Exception?, string?, params object?[])' (https://learn.microsoft.com/dotnet/fundamentals/code-analysis/quality-rules/ca1848) [/home/runner/work/trading-bot-c-/trading-bot-c-/src/IntelligenceStack/IntelligenceStack.csproj]
     1>/home/runner/work/trading-bot-c-/trading-bot-c-/src/IntelligenceStack/MLRLObservabilityService.cs(102,26): error S109: Assign this magic number '0.7' to a well-named variable or constant, and use that instead. (https://rules.sonarsource.com/csharp/RSPEC-109) [/home/runner/work/trading-bot-c-/trading-bot-c-/src/IntelligenceStack/IntelligenceStack.csproj]
     1>/home/runner/work/trading-bot-c-/trading-bot-c-/src/IntelligenceStack/ModelRegistry.cs(292,13): error CA1031: Modify 'FindLatestModelAsync' to catch a more specific allowed exception type, or rethrow the exception (https://learn.microsoft.com/dotnet/fundamentals/code-analysis/quality-rules/ca1031) [/home/runner/work/trading-bot-c-/trading-bot-c-/src/IntelligenceStack/IntelligenceStack.csproj]
     1>/home/runner/work/trading-bot-c-/trading-bot-c-/src/IntelligenceStack/MLRLObservabilityService.cs(104,13): error CA1848: For improved performance, use the LoggerMessage delegates instead of calling 'LoggerExtensions.LogWarning(ILogger, string?, params object?[])' (https://learn.microsoft.com/dotnet/fundamentals/code-analysis/quality-rules/ca1848) [/home/runner/work/trading-bot-c-/trading-bot-c-/src/IntelligenceStack/IntelligenceStack.csproj]
     1>/home/runner/work/trading-bot-c-/trading-bot-c-/src/IntelligenceStack/ModelRegistry.cs(338,44): error S109: Assign this magic number '16' to a well-named variable or constant, and use that instead. (https://rules.sonarsource.com/csharp/RSPEC-109) [/home/runner/work/trading-bot-c-/trading-bot-c-/src/IntelligenceStack/IntelligenceStack.csproj]
     1>/home/runner/work/trading-bot-c-/trading-bot-c-/src/IntelligenceStack/ModelRegistry.cs(345,44): error S109: Assign this magic number '16' to a well-named variable or constant, and use that instead. (https://rules.sonarsource.com/csharp/RSPEC-109) [/home/runner/work/trading-bot-c-/trading-bot-c-/src/IntelligenceStack/IntelligenceStack.csproj]
     1>/home/runner/work/trading-bot-c-/trading-bot-c-/src/IntelligenceStack/ModelRegistry.cs(352,47): error S109: Assign this magic number '16' to a well-named variable or constant, and use that instead. (https://rules.sonarsource.com/csharp/RSPEC-109) [/home/runner/work/trading-bot-c-/trading-bot-c-/src/IntelligenceStack/IntelligenceStack.csproj]
     1>/home/runner/work/trading-bot-c-/trading-bot-c-/src/IntelligenceStack/ModelRegistry.cs(337,20): error CA1850: Prefer static 'System.Security.Cryptography.SHA256.HashData' method over 'ComputeHash' (https://learn.microsoft.com/dotnet/fundamentals/code-analysis/quality-rules/ca1850) [/home/runner/work/trading-bot-c-/trading-bot-c-/src/IntelligenceStack/IntelligenceStack.csproj]
     1>/home/runner/work/trading-bot-c-/trading-bot-c-/src/IntelligenceStack/ModelRegistry.cs(344,20): error CA1850: Prefer static 'System.Security.Cryptography.SHA256.HashData' method over 'ComputeHash' (https://learn.microsoft.com/dotnet/fundamentals/code-analysis/quality-rules/ca1850) [/home/runner/work/trading-bot-c-/trading-bot-c-/src/IntelligenceStack/IntelligenceStack.csproj]
     1>/home/runner/work/trading-bot-c-/trading-bot-c-/src/IntelligenceStack/ModelRegistry.cs(351,20): error CA1850: Prefer static 'System.Security.Cryptography.SHA256.HashData' method over 'ComputeHash' (https://learn.microsoft.com/dotnet/fundamentals/code-analysis/quality-rules/ca1850) [/home/runner/work/trading-bot-c-/trading-bot-c-/src/IntelligenceStack/IntelligenceStack.csproj]
     1>/home/runner/work/trading-bot-c-/trading-bot-c-/src/IntelligenceStack/NightlyParameterTuner.cs(126,13): error CA1848: For improved performance, use the LoggerMessage delegates instead of calling 'LoggerExtensions.LogInformation(ILogger, string?, params object?[])' (https://learn.microsoft.com/dotnet/fundamentals/code-analysis/quality-rules/ca1848) [/home/runner/work/trading-bot-c-/trading-bot-c-/src/IntelligenceStack/IntelligenceStack.csproj]
     1>/home/runner/work/trading-bot-c-/trading-bot-c-/src/IntelligenceStack/NightlyParameterTuner.cs(151,17): error CA1848: For improved performance, use the LoggerMessage delegates instead of calling 'LoggerExtensions.LogInformation(ILogger, string?, params object?[])' (https://learn.microsoft.com/dotnet/fundamentals/code-analysis/quality-rules/ca1848) [/home/runner/work/trading-bot-c-/trading-bot-c-/src/IntelligenceStack/IntelligenceStack.csproj]
     1>/home/runner/work/trading-bot-c-/trading-bot-c-/src/IntelligenceStack/NightlyParameterTuner.cs(194,13): error CA1848: For improved performance, use the LoggerMessage delegates instead of calling 'LoggerExtensions.LogInformation(ILogger, string?, params object?[])' (https://learn.microsoft.com/dotnet/fundamentals/code-analysis/quality-rules/ca1848) [/home/runner/work/trading-bot-c-/trading-bot-c-/src/IntelligenceStack/IntelligenceStack.csproj]
     1>/home/runner/work/trading-bot-c-/trading-bot-c-/src/IntelligenceStack/NightlyParameterTuner.cs(203,13): error CA1848: For improved performance, use the LoggerMessage delegates instead of calling 'LoggerExtensions.LogError(ILogger, Exception?, string?, params object?[])' (https://learn.microsoft.com/dotnet/fundamentals/code-analysis/quality-rules/ca1848) [/home/runner/work/trading-bot-c-/trading-bot-c-/src/IntelligenceStack/IntelligenceStack.csproj]
     1>/home/runner/work/trading-bot-c-/trading-bot-c-/src/IntelligenceStack/NightlyParameterTuner.cs(201,9): error CA1031: Modify 'RunNightlyTuningAsync' to catch a more specific allowed exception type, or rethrow the exception (https://learn.microsoft.com/dotnet/fundamentals/code-analysis/quality-rules/ca1031) [/home/runner/work/trading-bot-c-/trading-bot-c-/src/IntelligenceStack/IntelligenceStack.csproj]
     1>/home/runner/work/trading-bot-c-/trading-bot-c-/src/IntelligenceStack/RealTradingMetricsService.cs(179,16): error CA1851: Possible multiple enumerations of 'IEnumerable' collection. Consider using an implementation that avoids multiple enumerations. (https://learn.microsoft.com/dotnet/fundamentals/code-analysis/quality-rules/ca1851) [/home/runner/work/trading-bot-c-/trading-bot-c-/src/IntelligenceStack/IntelligenceStack.csproj]
     1>/home/runner/work/trading-bot-c-/trading-bot-c-/src/IntelligenceStack/RealTradingMetricsService.cs(174,14): error CA1851: Possible multiple enumerations of 'IEnumerable' collection. Consider using an implementation that avoids multiple enumerations. (https://learn.microsoft.com/dotnet/fundamentals/code-analysis/quality-rules/ca1851) [/home/runner/work/trading-bot-c-/trading-bot-c-/src/IntelligenceStack/IntelligenceStack.csproj]
     1>/home/runner/work/trading-bot-c-/trading-bot-c-/src/IntelligenceStack/RealTradingMetricsService.cs(191,34): error CA1851: Possible multiple enumerations of 'IEnumerable' collection. Consider using an implementation that avoids multiple enumerations. (https://learn.microsoft.com/dotnet/fundamentals/code-analysis/quality-rules/ca1851) [/home/runner/work/trading-bot-c-/trading-bot-c-/src/IntelligenceStack/IntelligenceStack.csproj]
     1>/home/runner/work/trading-bot-c-/trading-bot-c-/src/IntelligenceStack/RealTradingMetricsService.cs(186,14): error CA1851: Possible multiple enumerations of 'IEnumerable' collection. Consider using an implementation that avoids multiple enumerations. (https://learn.microsoft.com/dotnet/fundamentals/code-analysis/quality-rules/ca1851) [/home/runner/work/trading-bot-c-/trading-bot-c-/src/IntelligenceStack/IntelligenceStack.csproj]
     1>/home/runner/work/trading-bot-c-/trading-bot-c-/src/IntelligenceStack/RealTradingMetricsService.cs(192,45): error CA1851: Possible multiple enumerations of 'IEnumerable' collection. Consider using an implementation that avoids multiple enumerations. (https://learn.microsoft.com/dotnet/fundamentals/code-analysis/quality-rules/ca1851) [/home/runner/work/trading-bot-c-/trading-bot-c-/src/IntelligenceStack/IntelligenceStack.csproj]
     1>/home/runner/work/trading-bot-c-/trading-bot-c-/src/IntelligenceStack/RLAdvisorSystem.cs(557,5): error AsyncFixer01: The method 'CheckForProvenUpliftAsync' does not need to use async/await. (https://github.com/semihokur/AsyncFixer) [/home/runner/work/trading-bot-c-/trading-bot-c-/src/IntelligenceStack/IntelligenceStack.csproj]
     1>/home/runner/work/trading-bot-c-/trading-bot-c-/src/IntelligenceStack/RLAdvisorSystem.cs(564,17): error CA1848: For improved performance, use the LoggerMessage delegates instead of calling 'LoggerExtensions.LogInformation(ILogger, string?, params object?[])' (https://learn.microsoft.com/dotnet/fundamentals/code-analysis/quality-rules/ca1848) [/home/runner/work/trading-bot-c-/trading-bot-c-/src/IntelligenceStack/IntelligenceStack.csproj]
     1>/home/runner/work/trading-bot-c-/trading-bot-c-/src/IntelligenceStack/RLAdvisorSystem.cs(587,25): error CA1848: For improved performance, use the LoggerMessage delegates instead of calling 'LoggerExtensions.LogInformation(ILogger, string?, params object?[])' (https://learn.microsoft.com/dotnet/fundamentals/code-analysis/quality-rules/ca1848) [/home/runner/work/trading-bot-c-/trading-bot-c-/src/IntelligenceStack/IntelligenceStack.csproj]
     1>/home/runner/work/trading-bot-c-/trading-bot-c-/src/IntelligenceStack/RLAdvisorSystem.cs(593,25): error CA1848: For improved performance, use the LoggerMessage delegates instead of calling 'LoggerExtensions.LogWarning(ILogger, string?, params object?[])' (https://learn.microsoft.com/dotnet/fundamentals/code-analysis/quality-rules/ca1848) [/home/runner/work/trading-bot-c-/trading-bot-c-/src/IntelligenceStack/IntelligenceStack.csproj]
     1>/home/runner/work/trading-bot-c-/trading-bot-c-/src/IntelligenceStack/RLAdvisorSystem.cs(600,17): error CA1848: For improved performance, use the LoggerMessage delegates instead of calling 'LoggerExtensions.LogError(ILogger, Exception?, string?, params object?[])' (https://learn.microsoft.com/dotnet/fundamentals/code-analysis/quality-rules/ca1848) [/home/runner/work/trading-bot-c-/trading-bot-c-/src/IntelligenceStack/IntelligenceStack.csproj]
     1>/home/runner/work/trading-bot-c-/trading-bot-c-/src/IntelligenceStack/MAMLLiveIntegration.cs(67,9): error CA1848: For improved performance, use the LoggerMessage delegates instead of calling 'LoggerExtensions.LogInformation(ILogger, string?, params object?[])' (https://learn.microsoft.com/dotnet/fundamentals/code-analysis/quality-rules/ca1848) [/home/runner/work/trading-bot-c-/trading-bot-c-/src/IntelligenceStack/IntelligenceStack.csproj]
     1>/home/runner/work/trading-bot-c-/trading-bot-c-/src/IntelligenceStack/RLAdvisorSystem.cs(598,13): error CA1031: Modify 'CheckForProvenUpliftAsync' to catch a more specific allowed exception type, or rethrow the exception (https://learn.microsoft.com/dotnet/fundamentals/code-analysis/quality-rules/ca1031) [/home/runner/work/trading-bot-c-/trading-bot-c-/src/IntelligenceStack/IntelligenceStack.csproj]
     1>/home/runner/work/trading-bot-c-/trading-bot-c-/src/IntelligenceStack/MAMLLiveIntegration.cs(77,9): error CA1848: For improved performance, use the LoggerMessage delegates instead of calling 'LoggerExtensions.LogInformation(ILogger, string?, params object?[])' (https://learn.microsoft.com/dotnet/fundamentals/code-analysis/quality-rules/ca1848) [/home/runner/work/trading-bot-c-/trading-bot-c-/src/IntelligenceStack/IntelligenceStack.csproj]
     1>/home/runner/work/trading-bot-c-/trading-bot-c-/src/IntelligenceStack/ModelQuarantineManager.cs(183,5): error AsyncFixer01: The method 'GetQuarantinedModelsAsync' does not need to use async/await. (https://github.com/semihokur/AsyncFixer) [/home/runner/work/trading-bot-c-/trading-bot-c-/src/IntelligenceStack/IntelligenceStack.csproj]
     1>/home/runner/work/trading-bot-c-/trading-bot-c-/src/IntelligenceStack/OnlineLearningSystem.cs(371,13): error CA1848: For improved performance, use the LoggerMessage delegates instead of calling 'LoggerExtensions.LogDebug(ILogger, string?, params object?[])' (https://learn.microsoft.com/dotnet/fundamentals/code-analysis/quality-rules/ca1848) [/home/runner/work/trading-bot-c-/trading-bot-c-/src/IntelligenceStack/IntelligenceStack.csproj]
     1>/home/runner/work/trading-bot-c-/trading-bot-c-/src/IntelligenceStack/OnlineLearningSystem.cs(408,13): error CA1848: For improved performance, use the LoggerMessage delegates instead of calling 'LoggerExtensions.LogInformation(ILogger, string?, params object?[])' (https://learn.microsoft.com/dotnet/fundamentals/code-analysis/quality-rules/ca1848) [/home/runner/work/trading-bot-c-/trading-bot-c-/src/IntelligenceStack/IntelligenceStack.csproj]
     1>/home/runner/work/trading-bot-c-/trading-bot-c-/src/IntelligenceStack/OnlineLearningSystem.cs(413,13): error CA1848: For improved performance, use the LoggerMessage delegates instead of calling 'LoggerExtensions.LogError(ILogger, Exception?, string?, params object?[])' (https://learn.microsoft.com/dotnet/fundamentals/code-analysis/quality-rules/ca1848) [/home/runner/work/trading-bot-c-/trading-bot-c-/src/IntelligenceStack/IntelligenceStack.csproj]
     1>/home/runner/work/trading-bot-c-/trading-bot-c-/src/IntelligenceStack/OnlineLearningSystem.cs(387,27): error CA1305: The behavior of 'Convert.ToDouble(object)' could vary based on the current user's locale settings. Replace this call in 'OnlineLearningSystem.UpdateModelAsync(TradeRecord, [CancellationToken])' with a call to 'Convert.ToDouble(object, IFormatProvider)'. (https://learn.microsoft.com/dotnet/fundamentals/code-analysis/quality-rules/ca1305) [/home/runner/work/trading-bot-c-/trading-bot-c-/src/IntelligenceStack/IntelligenceStack.csproj]
     1>/home/runner/work/trading-bot-c-/trading-bot-c-/src/IntelligenceStack/ModelQuarantineManager.cs(200,17): error CA1848: For improved performance, use the LoggerMessage delegates instead of calling 'LoggerExtensions.LogError(ILogger, Exception?, string?, params object?[])' (https://learn.microsoft.com/dotnet/fundamentals/code-analysis/quality-rules/ca1848) [/home/runner/work/trading-bot-c-/trading-bot-c-/src/IntelligenceStack/IntelligenceStack.csproj]
     1>/home/runner/work/trading-bot-c-/trading-bot-c-/src/IntelligenceStack/RegimeDetectorWithHysteresis.cs(264,16): error S3923: This conditional operation returns the same value whether the condition is "true" or "false". (https://rules.sonarsource.com/csharp/RSPEC-3923) [/home/runner/work/trading-bot-c-/trading-bot-c-/src/IntelligenceStack/IntelligenceStack.csproj]
     1>/home/runner/work/trading-bot-c-/trading-bot-c-/src/IntelligenceStack/ModelQuarantineManager.cs(198,13): error CA1031: Modify 'GetQuarantinedModelsAsync' to catch a more specific allowed exception type, or rethrow the exception (https://learn.microsoft.com/dotnet/fundamentals/code-analysis/quality-rules/ca1031) [/home/runner/work/trading-bot-c-/trading-bot-c-/src/IntelligenceStack/IntelligenceStack.csproj]
     1>/home/runner/work/trading-bot-c-/trading-bot-c-/src/IntelligenceStack/OnlineLearningSystem.cs(411,9): error CA1031: Modify 'UpdateModelAsync' to catch a more specific allowed exception type, or rethrow the exception (https://learn.microsoft.com/dotnet/fundamentals/code-analysis/quality-rules/ca1031) [/home/runner/work/trading-bot-c-/trading-bot-c-/src/IntelligenceStack/IntelligenceStack.csproj]
     1>/home/runner/work/trading-bot-c-/trading-bot-c-/src/IntelligenceStack/ModelQuarantineManager.cs(224,37): error S109: Assign this magic number '100' to a well-named variable or constant, and use that instead. (https://rules.sonarsource.com/csharp/RSPEC-109) [/home/runner/work/trading-bot-c-/trading-bot-c-/src/IntelligenceStack/IntelligenceStack.csproj]
     1>/home/runner/work/trading-bot-c-/trading-bot-c-/src/IntelligenceStack/RegimeDetectorWithHysteresis.cs(272,38): error S109: Assign this magic number '14' to a well-named variable or constant, and use that instead. (https://rules.sonarsource.com/csharp/RSPEC-109) [/home/runner/work/trading-bot-c-/trading-bot-c-/src/IntelligenceStack/IntelligenceStack.csproj]
     1>/home/runner/work/trading-bot-c-/trading-bot-c-/src/IntelligenceStack/RegimeDetectorWithHysteresis.cs(286,50): error S109: Assign this magic number '2' to a well-named variable or constant, and use that instead. (https://rules.sonarsource.com/csharp/RSPEC-109) [/home/runner/work/trading-bot-c-/trading-bot-c-/src/IntelligenceStack/IntelligenceStack.csproj]
     1>/home/runner/work/trading-bot-c-/trading-bot-c-/src/IntelligenceStack/RegimeDetectorWithHysteresis.cs(287,55): error S109: Assign this magic number '2' to a well-named variable or constant, and use that instead. (https://rules.sonarsource.com/csharp/RSPEC-109) [/home/runner/work/trading-bot-c-/trading-bot-c-/src/IntelligenceStack/IntelligenceStack.csproj]
     1>/home/runner/work/trading-bot-c-/trading-bot-c-/src/IntelligenceStack/RegimeDetectorWithHysteresis.cs(287,95): error S109: Assign this magic number '2' to a well-named variable or constant, and use that instead. (https://rules.sonarsource.com/csharp/RSPEC-109) [/home/runner/work/trading-bot-c-/trading-bot-c-/src/IntelligenceStack/IntelligenceStack.csproj]
     1>/home/runner/work/trading-bot-c-/trading-bot-c-/src/IntelligenceStack/RegimeDetectorWithHysteresis.cs(288,54): error S109: Assign this magic number '2' to a well-named variable or constant, and use that instead. (https://rules.sonarsource.com/csharp/RSPEC-109) [/home/runner/work/trading-bot-c-/trading-bot-c-/src/IntelligenceStack/IntelligenceStack.csproj]
     1>/home/runner/work/trading-bot-c-/trading-bot-c-/src/IntelligenceStack/ModelQuarantineManager.cs(238,13): error CA1848: For improved performance, use the LoggerMessage delegates instead of calling 'LoggerExtensions.LogError(ILogger, Exception?, string?, params object?[])' (https://learn.microsoft.com/dotnet/fundamentals/code-analysis/quality-rules/ca1848) [/home/runner/work/trading-bot-c-/trading-bot-c-/src/IntelligenceStack/IntelligenceStack.csproj]
     1>/home/runner/work/trading-bot-c-/trading-bot-c-/src/IntelligenceStack/ModelQuarantineManager.cs(236,9): error CA1031: Modify 'RecordPerformanceAsync' to catch a more specific allowed exception type, or rethrow the exception (https://learn.microsoft.com/dotnet/fundamentals/code-analysis/quality-rules/ca1031) [/home/runner/work/trading-bot-c-/trading-bot-c-/src/IntelligenceStack/IntelligenceStack.csproj]
     1>/home/runner/work/trading-bot-c-/trading-bot-c-/src/IntelligenceStack/RegimeDetectorWithHysteresis.cs(276,26): error CA1062: In externally visible method 'void RegimeDetectorWithHysteresis.UpdateMarketData(MarketData data)', validate parameter 'data' is non-null before using it. If appropriate, throw an 'ArgumentNullException' when the argument is 'null'. (https://learn.microsoft.com/dotnet/fundamentals/code-analysis/quality-rules/ca1062) [/home/runner/work/trading-bot-c-/trading-bot-c-/src/IntelligenceStack/IntelligenceStack.csproj]
     1>/home/runner/work/trading-bot-c-/trading-bot-c-/src/IntelligenceStack/ModelQuarantineManager.cs(230,49): error CA1062: In externally visible method 'Task ModelQuarantineManager.RecordPerformanceAsync(string modelId, ModelPerformance performance, CancellationToken cancellationToken = default(CancellationToken))', validate parameter 'performance' is non-null before using it. If appropriate, throw an 'ArgumentNullException' when the argument is 'null'. (https://learn.microsoft.com/dotnet/fundamentals/code-analysis/quality-rules/ca1062) [/home/runner/work/trading-bot-c-/trading-bot-c-/src/IntelligenceStack/IntelligenceStack.csproj]
     1>/home/runner/work/trading-bot-c-/trading-bot-c-/src/IntelligenceStack/ModelQuarantineManager.cs(266,21): error CA1848: For improved performance, use the LoggerMessage delegates instead of calling 'LoggerExtensions.LogWarning(ILogger, string?, params object?[])' (https://learn.microsoft.com/dotnet/fundamentals/code-analysis/quality-rules/ca1848) [/home/runner/work/trading-bot-c-/trading-bot-c-/src/IntelligenceStack/IntelligenceStack.csproj]
     1>/home/runner/work/trading-bot-c-/trading-bot-c-/src/IntelligenceStack/ModelQuarantineManager.cs(281,13): error CA1848: For improved performance, use the LoggerMessage delegates instead of calling 'LoggerExtensions.LogError(ILogger, Exception?, string?, params object?[])' (https://learn.microsoft.com/dotnet/fundamentals/code-analysis/quality-rules/ca1848) [/home/runner/work/trading-bot-c-/trading-bot-c-/src/IntelligenceStack/IntelligenceStack.csproj]
     1>/home/runner/work/trading-bot-c-/trading-bot-c-/src/IntelligenceStack/ModelQuarantineManager.cs(279,9): error CA1031: Modify 'RecordExceptionAsync' to catch a more specific allowed exception type, or rethrow the exception (https://learn.microsoft.com/dotnet/fundamentals/code-analysis/quality-rules/ca1031) [/home/runner/work/trading-bot-c-/trading-bot-c-/src/IntelligenceStack/IntelligenceStack.csproj]
     1>/home/runner/work/trading-bot-c-/trading-bot-c-/src/IntelligenceStack/MLRLObservabilityService.cs(117,9): error CA1848: For improved performance, use the LoggerMessage delegates instead of calling 'LoggerExtensions.LogDebug(ILogger, string?, params object?[])' (https://learn.microsoft.com/dotnet/fundamentals/code-analysis/quality-rules/ca1848) [/home/runner/work/trading-bot-c-/trading-bot-c-/src/IntelligenceStack/IntelligenceStack.csproj]
     1>/home/runner/work/trading-bot-c-/trading-bot-c-/src/IntelligenceStack/OnlineLearningSystem.cs(372,17): error CA1062: In externally visible method 'Task OnlineLearningSystem.UpdateModelAsync(TradeRecord tradeRecord, CancellationToken cancellationToken = default(CancellationToken))', validate parameter 'tradeRecord' is non-null before using it. If appropriate, throw an 'ArgumentNullException' when the argument is 'null'. (https://learn.microsoft.com/dotnet/fundamentals/code-analysis/quality-rules/ca1062) [/home/runner/work/trading-bot-c-/trading-bot-c-/src/IntelligenceStack/IntelligenceStack.csproj]
     1>/home/runner/work/trading-bot-c-/trading-bot-c-/src/IntelligenceStack/ModelQuarantineManager.cs(259,45): error CA1062: In externally visible method 'Task ModelQuarantineManager.RecordExceptionAsync(string modelId, Exception exception, CancellationToken cancellationToken = default(CancellationToken))', validate parameter 'exception' is non-null before using it. If appropriate, throw an 'ArgumentNullException' when the argument is 'null'. (https://learn.microsoft.com/dotnet/fundamentals/code-analysis/quality-rules/ca1062) [/home/runner/work/trading-bot-c-/trading-bot-c-/src/IntelligenceStack/IntelligenceStack.csproj]
     1>/home/runner/work/trading-bot-c-/trading-bot-c-/src/IntelligenceStack/RLAdvisorSystem.cs(611,5): error AsyncFixer01: The method 'GenerateTrainingEpisodesAsync' does not need to use async/await. (https://github.com/semihokur/AsyncFixer) [/home/runner/work/trading-bot-c-/trading-bot-c-/src/IntelligenceStack/IntelligenceStack.csproj]
     1>/home/runner/work/trading-bot-c-/trading-bot-c-/src/IntelligenceStack/MLRLObservabilityService.cs(132,26): error S109: Assign this magic number '10' to a well-named variable or constant, and use that instead. (https://rules.sonarsource.com/csharp/RSPEC-109) [/home/runner/work/trading-bot-c-/trading-bot-c-/src/IntelligenceStack/IntelligenceStack.csproj]
     1>/home/runner/work/trading-bot-c-/trading-bot-c-/src/IntelligenceStack/RLAdvisorSystem.cs(634,13): error CA1848: For improved performance, use the LoggerMessage delegates instead of calling 'LoggerExtensions.LogInformation(ILogger, string?, params object?[])' (https://learn.microsoft.com/dotnet/fundamentals/code-analysis/quality-rules/ca1848) [/home/runner/work/trading-bot-c-/trading-bot-c-/src/IntelligenceStack/IntelligenceStack.csproj]
     1>/home/runner/work/trading-bot-c-/trading-bot-c-/src/IntelligenceStack/MLRLObservabilityService.cs(134,13): error CA1848: For improved performance, use the LoggerMessage delegates instead of calling 'LoggerExtensions.LogWarning(ILogger, string?, params object?[])' (https://learn.microsoft.com/dotnet/fundamentals/code-analysis/quality-rules/ca1848) [/home/runner/work/trading-bot-c-/trading-bot-c-/src/IntelligenceStack/IntelligenceStack.csproj]
     1>/home/runner/work/trading-bot-c-/trading-bot-c-/src/IntelligenceStack/MLRLObservabilityService.cs(147,24): error S109: Assign this magic number '0.1' to a well-named variable or constant, and use that instead. (https://rules.sonarsource.com/csharp/RSPEC-109) [/home/runner/work/trading-bot-c-/trading-bot-c-/src/IntelligenceStack/IntelligenceStack.csproj]
     1>/home/runner/work/trading-bot-c-/trading-bot-c-/src/IntelligenceStack/MLRLObservabilityService.cs(149,13): error CA1848: For improved performance, use the LoggerMessage delegates instead of calling 'LoggerExtensions.LogWarning(ILogger, string?, params object?[])' (https://learn.microsoft.com/dotnet/fundamentals/code-analysis/quality-rules/ca1848) [/home/runner/work/trading-bot-c-/trading-bot-c-/src/IntelligenceStack/IntelligenceStack.csproj]
     1>/home/runner/work/trading-bot-c-/trading-bot-c-/src/IntelligenceStack/MLRLObservabilityService.cs(144,75): error CA1305: The behavior of 'int.ToString()' could vary based on the current user's locale settings. Replace this call in 'MlrlObservabilityService.RecordEnsembleVariance(double, int)' with a call to 'int.ToString(IFormatProvider)'. (https://learn.microsoft.com/dotnet/fundamentals/code-analysis/quality-rules/ca1305) [/home/runner/work/trading-bot-c-/trading-bot-c-/src/IntelligenceStack/IntelligenceStack.csproj]
     1>/home/runner/work/trading-bot-c-/trading-bot-c-/src/IntelligenceStack/ObservabilityDashboard.cs(192,49): error CA1854: Prefer a 'TryGetValue' call over a Dictionary indexer access guarded by a 'ContainsKey' check to avoid double lookup (https://learn.microsoft.com/dotnet/fundamentals/code-analysis/quality-rules/ca1854) [/home/runner/work/trading-bot-c-/trading-bot-c-/src/IntelligenceStack/IntelligenceStack.csproj]
     1>/home/runner/work/trading-bot-c-/trading-bot-c-/src/IntelligenceStack/ObservabilityDashboard.cs(193,21): error CA1305: The behavior of 'double.Parse(string)' could vary based on the current user's locale settings. Replace this call in 'ObservabilityDashboard.GetRegimeTimelineAsync(CancellationToken)' with a call to 'double.Parse(string, IFormatProvider)'. (https://learn.microsoft.com/dotnet/fundamentals/code-analysis/quality-rules/ca1305) [/home/runner/work/trading-bot-c-/trading-bot-c-/src/IntelligenceStack/IntelligenceStack.csproj]
     1>/home/runner/work/trading-bot-c-/trading-bot-c-/src/IntelligenceStack/RealTradingMetricsService.cs(208,26): error CA1851: Possible multiple enumerations of 'IEnumerable' collection. Consider using an implementation that avoids multiple enumerations. (https://learn.microsoft.com/dotnet/fundamentals/code-analysis/quality-rules/ca1851) [/home/runner/work/trading-bot-c-/trading-bot-c-/src/IntelligenceStack/IntelligenceStack.csproj]
     1>/home/runner/work/trading-bot-c-/trading-bot-c-/src/IntelligenceStack/RealTradingMetricsService.cs(201,14): error CA1851: Possible multiple enumerations of 'IEnumerable' collection. Consider using an implementation that avoids multiple enumerations. (https://learn.microsoft.com/dotnet/fundamentals/code-analysis/quality-rules/ca1851) [/home/runner/work/trading-bot-c-/trading-bot-c-/src/IntelligenceStack/IntelligenceStack.csproj]
     1>/home/runner/work/trading-bot-c-/trading-bot-c-/src/IntelligenceStack/RealTradingMetricsService.cs(209,28): error CA1851: Possible multiple enumerations of 'IEnumerable' collection. Consider using an implementation that avoids multiple enumerations. (https://learn.microsoft.com/dotnet/fundamentals/code-analysis/quality-rules/ca1851) [/home/runner/work/trading-bot-c-/trading-bot-c-/src/IntelligenceStack/IntelligenceStack.csproj]
     1>/home/runner/work/trading-bot-c-/trading-bot-c-/src/IntelligenceStack/RealTradingMetricsService.cs(201,39): error CA1851: Possible multiple enumerations of 'IEnumerable' collection. Consider using an implementation that avoids multiple enumerations. (https://learn.microsoft.com/dotnet/fundamentals/code-analysis/quality-rules/ca1851) [/home/runner/work/trading-bot-c-/trading-bot-c-/src/IntelligenceStack/IntelligenceStack.csproj]
     1>/home/runner/work/trading-bot-c-/trading-bot-c-/src/IntelligenceStack/RealTradingMetricsService.cs(210,37): error CA1851: Possible multiple enumerations of 'IEnumerable' collection. Consider using an implementation that avoids multiple enumerations. (https://learn.microsoft.com/dotnet/fundamentals/code-analysis/quality-rules/ca1851) [/home/runner/work/trading-bot-c-/trading-bot-c-/src/IntelligenceStack/IntelligenceStack.csproj]
     1>/home/runner/work/trading-bot-c-/trading-bot-c-/src/IntelligenceStack/RLAdvisorSystem.cs(724,21): error S6667: Logging in a catch clause should pass the caught exception as a parameter. (https://rules.sonarsource.com/csharp/RSPEC-6667) [/home/runner/work/trading-bot-c-/trading-bot-c-/src/IntelligenceStack/IntelligenceStack.csproj]
     1>/home/runner/work/trading-bot-c-/trading-bot-c-/src/IntelligenceStack/RLAdvisorSystem.cs(702,37): error S6580: Use a format provider when parsing date and time. (https://rules.sonarsource.com/csharp/RSPEC-6580) [/home/runner/work/trading-bot-c-/trading-bot-c-/src/IntelligenceStack/IntelligenceStack.csproj]
     1>/home/runner/work/trading-bot-c-/trading-bot-c-/src/IntelligenceStack/RLAdvisorSystem.cs(645,13): error CA1848: For improved performance, use the LoggerMessage delegates instead of calling 'LoggerExtensions.LogDebug(ILogger, string?, params object?[])' (https://learn.microsoft.com/dotnet/fundamentals/code-analysis/quality-rules/ca1848) [/home/runner/work/trading-bot-c-/trading-bot-c-/src/IntelligenceStack/IntelligenceStack.csproj]
     1>/home/runner/work/trading-bot-c-/trading-bot-c-/src/IntelligenceStack/RLAdvisorSystem.cs(651,17): error CA1848: For improved performance, use the LoggerMessage delegates instead of calling 'LoggerExtensions.LogWarning(ILogger, string?, params object?[])' (https://learn.microsoft.com/dotnet/fundamentals/code-analysis/quality-rules/ca1848) [/home/runner/work/trading-bot-c-/trading-bot-c-/src/IntelligenceStack/IntelligenceStack.csproj]
     1>/home/runner/work/trading-bot-c-/trading-bot-c-/src/IntelligenceStack/RLAdvisorSystem.cs(672,17): error CA1848: For improved performance, use the LoggerMessage delegates instead of calling 'LoggerExtensions.LogWarning(ILogger, string?, params object?[])' (https://learn.microsoft.com/dotnet/fundamentals/code-analysis/quality-rules/ca1848) [/home/runner/work/trading-bot-c-/trading-bot-c-/src/IntelligenceStack/IntelligenceStack.csproj]
     1>/home/runner/work/trading-bot-c-/trading-bot-c-/src/IntelligenceStack/RLAdvisorSystem.cs(682,17): error CA1848: For improved performance, use the LoggerMessage delegates instead of calling 'LoggerExtensions.LogDebug(ILogger, string?, params object?[])' (https://learn.microsoft.com/dotnet/fundamentals/code-analysis/quality-rules/ca1848) [/home/runner/work/trading-bot-c-/trading-bot-c-/src/IntelligenceStack/IntelligenceStack.csproj]
     1>/home/runner/work/trading-bot-c-/trading-bot-c-/src/IntelligenceStack/RLAdvisorSystem.cs(688,17): error CA1848: For improved performance, use the LoggerMessage delegates instead of calling 'LoggerExtensions.LogDebug(ILogger, string?, params object?[])' (https://learn.microsoft.com/dotnet/fundamentals/code-analysis/quality-rules/ca1848) [/home/runner/work/trading-bot-c-/trading-bot-c-/src/IntelligenceStack/IntelligenceStack.csproj]
     1>/home/runner/work/trading-bot-c-/trading-bot-c-/src/IntelligenceStack/RLAdvisorSystem.cs(724,21): error CA1848: For improved performance, use the LoggerMessage delegates instead of calling 'LoggerExtensions.LogWarning(ILogger, string?, params object?[])' (https://learn.microsoft.com/dotnet/fundamentals/code-analysis/quality-rules/ca1848) [/home/runner/work/trading-bot-c-/trading-bot-c-/src/IntelligenceStack/IntelligenceStack.csproj]
     1>/home/runner/work/trading-bot-c-/trading-bot-c-/src/IntelligenceStack/RLAdvisorSystem.cs(729,13): error CA1848: For improved performance, use the LoggerMessage delegates instead of calling 'LoggerExtensions.LogInformation(ILogger, string?, params object?[])' (https://learn.microsoft.com/dotnet/fundamentals/code-analysis/quality-rules/ca1848) [/home/runner/work/trading-bot-c-/trading-bot-c-/src/IntelligenceStack/IntelligenceStack.csproj]
     1>/home/runner/work/trading-bot-c-/trading-bot-c-/src/IntelligenceStack/RLAdvisorSystem.cs(734,13): error CA1848: For improved performance, use the LoggerMessage delegates instead of calling 'LoggerExtensions.LogError(ILogger, Exception?, string?, params object?[])' (https://learn.microsoft.com/dotnet/fundamentals/code-analysis/quality-rules/ca1848) [/home/runner/work/trading-bot-c-/trading-bot-c-/src/IntelligenceStack/IntelligenceStack.csproj]
     1>/home/runner/work/trading-bot-c-/trading-bot-c-/src/IntelligenceStack/RealTradingMetricsService.cs(225,39): error S109: Assign this magic number '3' to a well-named variable or constant, and use that instead. (https://rules.sonarsource.com/csharp/RSPEC-109) [/home/runner/work/trading-bot-c-/trading-bot-c-/src/IntelligenceStack/IntelligenceStack.csproj]
     1>/home/runner/work/trading-bot-c-/trading-bot-c-/src/IntelligenceStack/NightlyParameterTuner.cs(220,9): error CA1848: For improved performance, use the LoggerMessage delegates instead of calling 'LoggerExtensions.LogInformation(ILogger, string?, params object?[])' (https://learn.microsoft.com/dotnet/fundamentals/code-analysis/quality-rules/ca1848) [/home/runner/work/trading-bot-c-/trading-bot-c-/src/IntelligenceStack/IntelligenceStack.csproj]
     1>/home/runner/work/trading-bot-c-/trading-bot-c-/src/IntelligenceStack/NightlyParameterTuner.cs(271,17): error CA1848: For improved performance, use the LoggerMessage delegates instead of calling 'LoggerExtensions.LogInformation(ILogger, string?, params object?[])' (https://learn.microsoft.com/dotnet/fundamentals/code-analysis/quality-rules/ca1848) [/home/runner/work/trading-bot-c-/trading-bot-c-/src/IntelligenceStack/IntelligenceStack.csproj]
     1>/home/runner/work/trading-bot-c-/trading-bot-c-/src/IntelligenceStack/NightlyParameterTuner.cs(292,9): error CA1848: For improved performance, use the LoggerMessage delegates instead of calling 'LoggerExtensions.LogInformation(ILogger, string?, params object?[])' (https://learn.microsoft.com/dotnet/fundamentals/code-analysis/quality-rules/ca1848) [/home/runner/work/trading-bot-c-/trading-bot-c-/src/IntelligenceStack/IntelligenceStack.csproj]
     1>/home/runner/work/trading-bot-c-/trading-bot-c-/src/IntelligenceStack/RealTradingMetricsService.cs(244,16): error S109: Assign this magic number '2.5' to a well-named variable or constant, and use that instead. (https://rules.sonarsource.com/csharp/RSPEC-109) [/home/runner/work/trading-bot-c-/trading-bot-c-/src/IntelligenceStack/IntelligenceStack.csproj]
     1>/home/runner/work/trading-bot-c-/trading-bot-c-/src/IntelligenceStack/RLAdvisorSystem.cs(722,17): error CA1031: Modify 'LoadHistoricalMarketDataViaSdkAsync' to catch a more specific allowed exception type, or rethrow the exception (https://learn.microsoft.com/dotnet/fundamentals/code-analysis/quality-rules/ca1031) [/home/runner/work/trading-bot-c-/trading-bot-c-/src/IntelligenceStack/IntelligenceStack.csproj]
     1>/home/runner/work/trading-bot-c-/trading-bot-c-/src/IntelligenceStack/RLAdvisorSystem.cs(732,9): error CA1031: Modify 'LoadHistoricalMarketDataViaSdkAsync' to catch a more specific allowed exception type, or rethrow the exception (https://learn.microsoft.com/dotnet/fundamentals/code-analysis/quality-rules/ca1031) [/home/runner/work/trading-bot-c-/trading-bot-c-/src/IntelligenceStack/IntelligenceStack.csproj]
     1>/home/runner/work/trading-bot-c-/trading-bot-c-/src/IntelligenceStack/RLAdvisorSystem.cs(752,25): error S109: Assign this magic number '4000' to a well-named variable or constant, and use that instead. (https://rules.sonarsource.com/csharp/RSPEC-109) [/home/runner/work/trading-bot-c-/trading-bot-c-/src/IntelligenceStack/IntelligenceStack.csproj]
     1>/home/runner/work/trading-bot-c-/trading-bot-c-/src/IntelligenceStack/RLAdvisorSystem.cs(752,95): error S109: Assign this magic number '200' to a well-named variable or constant, and use that instead. (https://rules.sonarsource.com/csharp/RSPEC-109) [/home/runner/work/trading-bot-c-/trading-bot-c-/src/IntelligenceStack/IntelligenceStack.csproj]
     1>/home/runner/work/trading-bot-c-/trading-bot-c-/src/IntelligenceStack/RLAdvisorSystem.cs(753,86): error S109: Assign this magic number '100' to a well-named variable or constant, and use that instead. (https://rules.sonarsource.com/csharp/RSPEC-109) [/home/runner/work/trading-bot-c-/trading-bot-c-/src/IntelligenceStack/IntelligenceStack.csproj]
     1>/home/runner/work/trading-bot-c-/trading-bot-c-/src/IntelligenceStack/RLAdvisorSystem.cs(753,91): error S109: Assign this magic number '1000' to a well-named variable or constant, and use that instead. (https://rules.sonarsource.com/csharp/RSPEC-109) [/home/runner/work/trading-bot-c-/trading-bot-c-/src/IntelligenceStack/IntelligenceStack.csproj]
     1>/home/runner/work/trading-bot-c-/trading-bot-c-/src/IntelligenceStack/RLAdvisorSystem.cs(754,30): error S109: Assign this magic number '0.01' to a well-named variable or constant, and use that instead. (https://rules.sonarsource.com/csharp/RSPEC-109) [/home/runner/work/trading-bot-c-/trading-bot-c-/src/IntelligenceStack/IntelligenceStack.csproj]
     1>/home/runner/work/trading-bot-c-/trading-bot-c-/src/IntelligenceStack/RLAdvisorSystem.cs(754,101): error S109: Assign this magic number '20' to a well-named variable or constant, and use that instead. (https://rules.sonarsource.com/csharp/RSPEC-109) [/home/runner/work/trading-bot-c-/trading-bot-c-/src/IntelligenceStack/IntelligenceStack.csproj]
     1>/home/runner/work/trading-bot-c-/trading-bot-c-/src/IntelligenceStack/RLAdvisorSystem.cs(754,107): error S109: Assign this magic number '1000' to a well-named variable or constant, and use that instead. (https://rules.sonarsource.com/csharp/RSPEC-109) [/home/runner/work/trading-bot-c-/trading-bot-c-/src/IntelligenceStack/IntelligenceStack.csproj]
     1>/home/runner/work/trading-bot-c-/trading-bot-c-/src/IntelligenceStack/MAMLLiveIntegration.cs(91,13): error CA1848: For improved performance, use the LoggerMessage delegates instead of calling 'LoggerExtensions.LogInformation(ILogger, string?, params object?[])' (https://learn.microsoft.com/dotnet/fundamentals/code-analysis/quality-rules/ca1848) [/home/runner/work/trading-bot-c-/trading-bot-c-/src/IntelligenceStack/IntelligenceStack.csproj]
     1>/home/runner/work/trading-bot-c-/trading-bot-c-/src/IntelligenceStack/MAMLLiveIntegration.cs(132,17): error CA1848: For improved performance, use the LoggerMessage delegates instead of calling 'LoggerExtensions.LogWarning(ILogger, string?, params object?[])' (https://learn.microsoft.com/dotnet/fundamentals/code-analysis/quality-rules/ca1848) [/home/runner/work/trading-bot-c-/trading-bot-c-/src/IntelligenceStack/IntelligenceStack.csproj]
     1>/home/runner/work/trading-bot-c-/trading-bot-c-/src/IntelligenceStack/MAMLLiveIntegration.cs(166,13): error CA1848: For improved performance, use the LoggerMessage delegates instead of calling 'LoggerExtensions.LogInformation(ILogger, string?, params object?[])' (https://learn.microsoft.com/dotnet/fundamentals/code-analysis/quality-rules/ca1848) [/home/runner/work/trading-bot-c-/trading-bot-c-/src/IntelligenceStack/IntelligenceStack.csproj]
     1>/home/runner/work/trading-bot-c-/trading-bot-c-/src/IntelligenceStack/MAMLLiveIntegration.cs(173,13): error CA1848: For improved performance, use the LoggerMessage delegates instead of calling 'LoggerExtensions.LogError(ILogger, Exception?, string?, params object?[])' (https://learn.microsoft.com/dotnet/fundamentals/code-analysis/quality-rules/ca1848) [/home/runner/work/trading-bot-c-/trading-bot-c-/src/IntelligenceStack/IntelligenceStack.csproj]
     1>/home/runner/work/trading-bot-c-/trading-bot-c-/src/IntelligenceStack/ModelQuarantineManager.cs(365,17): error CA1848: For improved performance, use the LoggerMessage delegates instead of calling 'LoggerExtensions.LogWarning(ILogger, string?, params object?[])' (https://learn.microsoft.com/dotnet/fundamentals/code-analysis/quality-rules/ca1848) [/home/runner/work/trading-bot-c-/trading-bot-c-/src/IntelligenceStack/IntelligenceStack.csproj]
     1>/home/runner/work/trading-bot-c-/trading-bot-c-/src/IntelligenceStack/ModelQuarantineManager.cs(370,17): error CA1848: For improved performance, use the LoggerMessage delegates instead of calling 'LoggerExtensions.LogInformation(ILogger, string?, params object?[])' (https://learn.microsoft.com/dotnet/fundamentals/code-analysis/quality-rules/ca1848) [/home/runner/work/trading-bot-c-/trading-bot-c-/src/IntelligenceStack/IntelligenceStack.csproj]
     1>/home/runner/work/trading-bot-c-/trading-bot-c-/src/IntelligenceStack/ModelQuarantineManager.cs(379,26): error S109: Assign this magic number '0.1' to a well-named variable or constant, and use that instead. (https://rules.sonarsource.com/csharp/RSPEC-109) [/home/runner/work/trading-bot-c-/trading-bot-c-/src/IntelligenceStack/IntelligenceStack.csproj]
     1>/home/runner/work/trading-bot-c-/trading-bot-c-/src/IntelligenceStack/ModelQuarantineManager.cs(379,48): error S109: Assign this magic number '0.1' to a well-named variable or constant, and use that instead. (https://rules.sonarsource.com/csharp/RSPEC-109) [/home/runner/work/trading-bot-c-/trading-bot-c-/src/IntelligenceStack/IntelligenceStack.csproj]
     1>/home/runner/work/trading-bot-c-/trading-bot-c-/src/IntelligenceStack/ModelQuarantineManager.cs(385,26): error S109: Assign this magic number '0.05' to a well-named variable or constant, and use that instead. (https://rules.sonarsource.com/csharp/RSPEC-109) [/home/runner/work/trading-bot-c-/trading-bot-c-/src/IntelligenceStack/IntelligenceStack.csproj]
     1>/home/runner/work/trading-bot-c-/trading-bot-c-/src/IntelligenceStack/ModelQuarantineManager.cs(385,49): error S109: Assign this magic number '0.05' to a well-named variable or constant, and use that instead. (https://rules.sonarsource.com/csharp/RSPEC-109) [/home/runner/work/trading-bot-c-/trading-bot-c-/src/IntelligenceStack/IntelligenceStack.csproj]
     1>/home/runner/work/trading-bot-c-/trading-bot-c-/src/IntelligenceStack/ModelQuarantineManager.cs(391,26): error S109: Assign this magic number '0.02' to a well-named variable or constant, and use that instead. (https://rules.sonarsource.com/csharp/RSPEC-109) [/home/runner/work/trading-bot-c-/trading-bot-c-/src/IntelligenceStack/IntelligenceStack.csproj]
     1>/home/runner/work/trading-bot-c-/trading-bot-c-/src/IntelligenceStack/ModelQuarantineManager.cs(391,49): error S109: Assign this magic number '0.02' to a well-named variable or constant, and use that instead. (https://rules.sonarsource.com/csharp/RSPEC-109) [/home/runner/work/trading-bot-c-/trading-bot-c-/src/IntelligenceStack/IntelligenceStack.csproj]
     1>/home/runner/work/trading-bot-c-/trading-bot-c-/src/IntelligenceStack/MAMLLiveIntegration.cs(171,9): error CA1031: Modify 'AdaptToRegimeAsync' to catch a more specific allowed exception type, or rethrow the exception (https://learn.microsoft.com/dotnet/fundamentals/code-analysis/quality-rules/ca1031) [/home/runner/work/trading-bot-c-/trading-bot-c-/src/IntelligenceStack/IntelligenceStack.csproj]
     1>/home/runner/work/trading-bot-c-/trading-bot-c-/src/IntelligenceStack/OnlineLearningSystem.cs(475,45): error S3267: Loops should be simplified using the "Where" LINQ method (https://rules.sonarsource.com/csharp/RSPEC-3267) [/home/runner/work/trading-bot-c-/trading-bot-c-/src/IntelligenceStack/IntelligenceStack.csproj]
     1>/home/runner/work/trading-bot-c-/trading-bot-c-/src/IntelligenceStack/OnlineLearningSystem.cs(467,34): error S109: Assign this magic number '10' to a well-named variable or constant, and use that instead. (https://rules.sonarsource.com/csharp/RSPEC-109) [/home/runner/work/trading-bot-c-/trading-bot-c-/src/IntelligenceStack/IntelligenceStack.csproj]
     1>/home/runner/work/trading-bot-c-/trading-bot-c-/src/IntelligenceStack/OnlineLearningSystem.cs(486,34): error S109: Assign this magic number '5' to a well-named variable or constant, and use that instead. (https://rules.sonarsource.com/csharp/RSPEC-109) [/home/runner/work/trading-bot-c-/trading-bot-c-/src/IntelligenceStack/IntelligenceStack.csproj]
     1>/home/runner/work/trading-bot-c-/trading-bot-c-/src/IntelligenceStack/ModelQuarantineManager.cs(405,28): error S109: Assign this magic number '0.1' to a well-named variable or constant, and use that instead. (https://rules.sonarsource.com/csharp/RSPEC-109) [/home/runner/work/trading-bot-c-/trading-bot-c-/src/IntelligenceStack/IntelligenceStack.csproj]
     1>/home/runner/work/trading-bot-c-/trading-bot-c-/src/IntelligenceStack/NightlyParameterTuner.cs(220,99): error CA1062: In externally visible method 'Task<OptimizationResult> NightlyParameterTuner.RunBayesianOptimizationAsync(TuningSession session, CancellationToken cancellationToken = default(CancellationToken))', validate parameter 'session' is non-null before using it. If appropriate, throw an 'ArgumentNullException' when the argument is 'null'. (https://learn.microsoft.com/dotnet/fundamentals/code-analysis/quality-rules/ca1062) [/home/runner/work/trading-bot-c-/trading-bot-c-/src/IntelligenceStack/IntelligenceStack.csproj]
     1>/home/runner/work/trading-bot-c-/trading-bot-c-/src/IntelligenceStack/OnlineLearningSystem.cs(490,13): error CA1848: For improved performance, use the LoggerMessage delegates instead of calling 'LoggerExtensions.LogInformation(ILogger, string?, params object?[])' (https://learn.microsoft.com/dotnet/fundamentals/code-analysis/quality-rules/ca1848) [/home/runner/work/trading-bot-c-/trading-bot-c-/src/IntelligenceStack/IntelligenceStack.csproj]
     1>/home/runner/work/trading-bot-c-/trading-bot-c-/src/IntelligenceStack/OnlineLearningSystem.cs(494,13): error CA1848: For improved performance, use the LoggerMessage delegates instead of calling 'LoggerExtensions.LogError(ILogger, Exception?, string?, params object?[])' (https://learn.microsoft.com/dotnet/fundamentals/code-analysis/quality-rules/ca1848) [/home/runner/work/trading-bot-c-/trading-bot-c-/src/IntelligenceStack/IntelligenceStack.csproj]
     1>/home/runner/work/trading-bot-c-/trading-bot-c-/src/IntelligenceStack/RLAdvisorSystem.cs(762,5): error AsyncFixer01: The method 'GenerateEpisodeWindowsAsync' does not need to use async/await. (https://github.com/semihokur/AsyncFixer) [/home/runner/work/trading-bot-c-/trading-bot-c-/src/IntelligenceStack/IntelligenceStack.csproj]
     1>/home/runner/work/trading-bot-c-/trading-bot-c-/src/IntelligenceStack/RLAdvisorSystem.cs(768,52): error S109: Assign this magic number '240' to a well-named variable or constant, and use that instead. (https://rules.sonarsource.com/csharp/RSPEC-109) [/home/runner/work/trading-bot-c-/trading-bot-c-/src/IntelligenceStack/IntelligenceStack.csproj]
     1>/home/runner/work/trading-bot-c-/trading-bot-c-/src/IntelligenceStack/RLAdvisorSystem.cs(768,62): error S109: Assign this magic number '120' to a well-named variable or constant, and use that instead. (https://rules.sonarsource.com/csharp/RSPEC-109) [/home/runner/work/trading-bot-c-/trading-bot-c-/src/IntelligenceStack/IntelligenceStack.csproj]
     1>/home/runner/work/trading-bot-c-/trading-bot-c-/src/IntelligenceStack/OnlineLearningSystem.cs(492,9): error CA1031: Modify 'RollbackWeightsAsync' to catch a more specific allowed exception type, or rethrow the exception (https://learn.microsoft.com/dotnet/fundamentals/code-analysis/quality-rules/ca1031) [/home/runner/work/trading-bot-c-/trading-bot-c-/src/IntelligenceStack/IntelligenceStack.csproj]
     1>/home/runner/work/trading-bot-c-/trading-bot-c-/src/IntelligenceStack/RealTradingMetricsService.cs(259,14): error CA1851: Possible multiple enumerations of 'IEnumerable' collection. Consider using an implementation that avoids multiple enumerations. (https://learn.microsoft.com/dotnet/fundamentals/code-analysis/quality-rules/ca1851) [/home/runner/work/trading-bot-c-/trading-bot-c-/src/IntelligenceStack/IntelligenceStack.csproj]
     1>/home/runner/work/trading-bot-c-/trading-bot-c-/src/IntelligenceStack/RealTradingMetricsService.cs(264,29): error CA1851: Possible multiple enumerations of 'IEnumerable' collection. Consider using an implementation that avoids multiple enumerations. (https://learn.microsoft.com/dotnet/fundamentals/code-analysis/quality-rules/ca1851) [/home/runner/work/trading-bot-c-/trading-bot-c-/src/IntelligenceStack/IntelligenceStack.csproj]
     1>/home/runner/work/trading-bot-c-/trading-bot-c-/src/IntelligenceStack/RealTradingMetricsService.cs(265,40): error CA1851: Possible multiple enumerations of 'IEnumerable' collection. Consider using an implementation that avoids multiple enumerations. (https://learn.microsoft.com/dotnet/fundamentals/code-analysis/quality-rules/ca1851) [/home/runner/work/trading-bot-c-/trading-bot-c-/src/IntelligenceStack/IntelligenceStack.csproj]
     1>/home/runner/work/trading-bot-c-/trading-bot-c-/src/IntelligenceStack/RLAdvisorSystem.cs(786,5): error AsyncFixer01: The method 'CreateEpisodeFromMarketDataAsync' does not need to use async/await. (https://github.com/semihokur/AsyncFixer) [/home/runner/work/trading-bot-c-/trading-bot-c-/src/IntelligenceStack/IntelligenceStack.csproj]
     1>/home/runner/work/trading-bot-c-/trading-bot-c-/src/IntelligenceStack/MLRLObservabilityService.cs(176,54): error S109: Assign this magic number '1000' to a well-named variable or constant, and use that instead. (https://rules.sonarsource.com/csharp/RSPEC-109) [/home/runner/work/trading-bot-c-/trading-bot-c-/src/IntelligenceStack/IntelligenceStack.csproj]
     1>/home/runner/work/trading-bot-c-/trading-bot-c-/src/IntelligenceStack/MLRLObservabilityService.cs(178,61): error S109: Assign this magic number '500' to a well-named variable or constant, and use that instead. (https://rules.sonarsource.com/csharp/RSPEC-109) [/home/runner/work/trading-bot-c-/trading-bot-c-/src/IntelligenceStack/IntelligenceStack.csproj]
     1>/home/runner/work/trading-bot-c-/trading-bot-c-/src/IntelligenceStack/OnlineLearningSystem.cs(528,17): error CA1848: For improved performance, use the LoggerMessage delegates instead of calling 'LoggerExtensions.LogInformation(ILogger, string?, params object?[])' (https://learn.microsoft.com/dotnet/fundamentals/code-analysis/quality-rules/ca1848) [/home/runner/work/trading-bot-c-/trading-bot-c-/src/IntelligenceStack/IntelligenceStack.csproj]
     1>/home/runner/work/trading-bot-c-/trading-bot-c-/src/IntelligenceStack/OnlineLearningSystem.cs(534,13): error CA1848: For improved performance, use the LoggerMessage delegates instead of calling 'LoggerExtensions.LogWarning(ILogger, Exception?, string?, params object?[])' (https://learn.microsoft.com/dotnet/fundamentals/code-analysis/quality-rules/ca1848) [/home/runner/work/trading-bot-c-/trading-bot-c-/src/IntelligenceStack/IntelligenceStack.csproj]
     1>/home/runner/work/trading-bot-c-/trading-bot-c-/src/IntelligenceStack/OnlineLearningSystem.cs(532,9): error CA1031: Modify 'LoadStateAsync' to catch a more specific allowed exception type, or rethrow the exception (https://learn.microsoft.com/dotnet/fundamentals/code-analysis/quality-rules/ca1031) [/home/runner/work/trading-bot-c-/trading-bot-c-/src/IntelligenceStack/IntelligenceStack.csproj]
     1>/home/runner/work/trading-bot-c-/trading-bot-c-/src/IntelligenceStack/ModelQuarantineManager.cs(417,30): error S109: Assign this magic number '0.25' to a well-named variable or constant, and use that instead. (https://rules.sonarsource.com/csharp/RSPEC-109) [/home/runner/work/trading-bot-c-/trading-bot-c-/src/IntelligenceStack/IntelligenceStack.csproj]
     1>/home/runner/work/trading-bot-c-/trading-bot-c-/src/IntelligenceStack/ModelQuarantineManager.cs(418,27): error S109: Assign this magic number '0.5' to a well-named variable or constant, and use that instead. (https://rules.sonarsource.com/csharp/RSPEC-109) [/home/runner/work/trading-bot-c-/trading-bot-c-/src/IntelligenceStack/IntelligenceStack.csproj]
     1>/home/runner/work/trading-bot-c-/trading-bot-c-/src/IntelligenceStack/ModelQuarantineManager.cs(419,27): error S109: Assign this magic number '50' to a well-named variable or constant, and use that instead. (https://rules.sonarsource.com/csharp/RSPEC-109) [/home/runner/work/trading-bot-c-/trading-bot-c-/src/IntelligenceStack/IntelligenceStack.csproj]
     1>/home/runner/work/trading-bot-c-/trading-bot-c-/src/IntelligenceStack/RLAdvisorSystem.cs(823,31): error S109: Assign this magic number '4000' to a well-named variable or constant, and use that instead. (https://rules.sonarsource.com/csharp/RSPEC-109) [/home/runner/work/trading-bot-c-/trading-bot-c-/src/IntelligenceStack/IntelligenceStack.csproj]
     1>/home/runner/work/trading-bot-c-/trading-bot-c-/src/IntelligenceStack/RLAdvisorSystem.cs(824,32): error S109: Assign this magic number '500' to a well-named variable or constant, and use that instead. (https://rules.sonarsource.com/csharp/RSPEC-109) [/home/runner/work/trading-bot-c-/trading-bot-c-/src/IntelligenceStack/IntelligenceStack.csproj]
     1>/home/runner/work/trading-bot-c-/trading-bot-c-/src/IntelligenceStack/RLAdvisorSystem.cs(825,36): error S109: Assign this magic number '100' to a well-named variable or constant, and use that instead. (https://rules.sonarsource.com/csharp/RSPEC-109) [/home/runner/work/trading-bot-c-/trading-bot-c-/src/IntelligenceStack/IntelligenceStack.csproj]
     1>/home/runner/work/trading-bot-c-/trading-bot-c-/src/IntelligenceStack/RLAdvisorSystem.cs(826,59): error S109: Assign this magic number '12' to a well-named variable or constant, and use that instead. (https://rules.sonarsource.com/csharp/RSPEC-109) [/home/runner/work/trading-bot-c-/trading-bot-c-/src/IntelligenceStack/IntelligenceStack.csproj]
     1>/home/runner/work/trading-bot-c-/trading-bot-c-/src/IntelligenceStack/RLAdvisorSystem.cs(827,59): error S109: Assign this magic number '12' to a well-named variable or constant, and use that instead. (https://rules.sonarsource.com/csharp/RSPEC-109) [/home/runner/work/trading-bot-c-/trading-bot-c-/src/IntelligenceStack/IntelligenceStack.csproj]
     1>/home/runner/work/trading-bot-c-/trading-bot-c-/src/IntelligenceStack/ModelQuarantineManager.cs(439,34): error S109: Assign this magic number '0.8' to a well-named variable or constant, and use that instead. (https://rules.sonarsource.com/csharp/RSPEC-109) [/home/runner/work/trading-bot-c-/trading-bot-c-/src/IntelligenceStack/IntelligenceStack.csproj]
     1>/home/runner/work/trading-bot-c-/trading-bot-c-/src/IntelligenceStack/ModelQuarantineManager.cs(440,36): error S109: Assign this magic number '0.5' to a well-named variable or constant, and use that instead. (https://rules.sonarsource.com/csharp/RSPEC-109) [/home/runner/work/trading-bot-c-/trading-bot-c-/src/IntelligenceStack/IntelligenceStack.csproj]
     1>/home/runner/work/trading-bot-c-/trading-bot-c-/src/IntelligenceStack/MLRLObservabilityService.cs(204,19): error AsyncFixer03: Avoid unsupported fire-and-forget async-void methods or delegates. Unhandled exceptions will crash the process. (https://github.com/semihokur/AsyncFixer) [/home/runner/work/trading-bot-c-/trading-bot-c-/src/IntelligenceStack/IntelligenceStack.csproj]
     1>/home/runner/work/trading-bot-c-/trading-bot-c-/src/IntelligenceStack/RLAdvisorSystem.cs(842,26): error S109: Assign this magic number '2' to a well-named variable or constant, and use that instead. (https://rules.sonarsource.com/csharp/RSPEC-109) [/home/runner/work/trading-bot-c-/trading-bot-c-/src/IntelligenceStack/IntelligenceStack.csproj]
     1>/home/runner/work/trading-bot-c-/trading-bot-c-/src/IntelligenceStack/MLRLObservabilityService.cs(228,13): error CA1848: For improved performance, use the LoggerMessage delegates instead of calling 'LoggerExtensions.LogError(ILogger, Exception?, string?, params object?[])' (https://learn.microsoft.com/dotnet/fundamentals/code-analysis/quality-rules/ca1848) [/home/runner/work/trading-bot-c-/trading-bot-c-/src/IntelligenceStack/IntelligenceStack.csproj]
     1>/home/runner/work/trading-bot-c-/trading-bot-c-/src/IntelligenceStack/RealTradingMetricsService.cs(298,9): error CA1848: For improved performance, use the LoggerMessage delegates instead of calling 'LoggerExtensions.LogInformation(ILogger, string?, params object?[])' (https://learn.microsoft.com/dotnet/fundamentals/code-analysis/quality-rules/ca1848) [/home/runner/work/trading-bot-c-/trading-bot-c-/src/IntelligenceStack/IntelligenceStack.csproj]
     1>/home/runner/work/trading-bot-c-/trading-bot-c-/src/IntelligenceStack/RealTradingMetricsService.cs(294,26): error CA1816: Change RealTradingMetricsService.Dispose() to call GC.SuppressFinalize(object). This will prevent derived types that introduce a finalizer from needing to re-implement 'IDisposable' to call it. (https://learn.microsoft.com/dotnet/fundamentals/code-analysis/quality-rules/ca1816) [/home/runner/work/trading-bot-c-/trading-bot-c-/src/IntelligenceStack/IntelligenceStack.csproj]
     1>/home/runner/work/trading-bot-c-/trading-bot-c-/src/IntelligenceStack/RealTradingMetricsService.cs(286,38): error S109: Assign this magic number '1E-10' to a well-named variable or constant, and use that instead. (https://rules.sonarsource.com/csharp/RSPEC-109) [/home/runner/work/trading-bot-c-/trading-bot-c-/src/IntelligenceStack/IntelligenceStack.csproj]
     1>/home/runner/work/trading-bot-c-/trading-bot-c-/src/IntelligenceStack/MLRLObservabilityService.cs(226,9): error CA1031: Modify 'ExportMetricsAsync' to catch a more specific allowed exception type, or rethrow the exception (https://learn.microsoft.com/dotnet/fundamentals/code-analysis/quality-rules/ca1031) [/home/runner/work/trading-bot-c-/trading-bot-c-/src/IntelligenceStack/IntelligenceStack.csproj]
     1>/home/runner/work/trading-bot-c-/trading-bot-c-/src/IntelligenceStack/MLRLObservabilityService.cs(239,34): error CA2234: Modify 'MlrlObservabilityService.ExportToPrometheusAsync(string)' to call 'HttpClient.PostAsync(Uri, HttpContent)' instead of 'HttpClient.PostAsync(string, HttpContent)' (https://learn.microsoft.com/dotnet/fundamentals/code-analysis/quality-rules/ca2234) [/home/runner/work/trading-bot-c-/trading-bot-c-/src/IntelligenceStack/IntelligenceStack.csproj]
     1>/home/runner/work/trading-bot-c-/trading-bot-c-/src/IntelligenceStack/MLRLObservabilityService.cs(243,17): error CA1848: For improved performance, use the LoggerMessage delegates instead of calling 'LoggerExtensions.LogDebug(ILogger, string?, params object?[])' (https://learn.microsoft.com/dotnet/fundamentals/code-analysis/quality-rules/ca1848) [/home/runner/work/trading-bot-c-/trading-bot-c-/src/IntelligenceStack/IntelligenceStack.csproj]
     1>/home/runner/work/trading-bot-c-/trading-bot-c-/src/IntelligenceStack/MLRLObservabilityService.cs(247,17): error CA1848: For improved performance, use the LoggerMessage delegates instead of calling 'LoggerExtensions.LogWarning(ILogger, string?, params object?[])' (https://learn.microsoft.com/dotnet/fundamentals/code-analysis/quality-rules/ca1848) [/home/runner/work/trading-bot-c-/trading-bot-c-/src/IntelligenceStack/IntelligenceStack.csproj]
     1>/home/runner/work/trading-bot-c-/trading-bot-c-/src/IntelligenceStack/MLRLObservabilityService.cs(252,13): error CA1848: For improved performance, use the LoggerMessage delegates instead of calling 'LoggerExtensions.LogError(ILogger, Exception?, string?, params object?[])' (https://learn.microsoft.com/dotnet/fundamentals/code-analysis/quality-rules/ca1848) [/home/runner/work/trading-bot-c-/trading-bot-c-/src/IntelligenceStack/IntelligenceStack.csproj]
     1>/home/runner/work/trading-bot-c-/trading-bot-c-/src/IntelligenceStack/MLRLObservabilityService.cs(250,9): error CA1031: Modify 'ExportToPrometheusAsync' to catch a more specific allowed exception type, or rethrow the exception (https://learn.microsoft.com/dotnet/fundamentals/code-analysis/quality-rules/ca1031) [/home/runner/work/trading-bot-c-/trading-bot-c-/src/IntelligenceStack/IntelligenceStack.csproj]
     1>/home/runner/work/trading-bot-c-/trading-bot-c-/src/IntelligenceStack/MLRLObservabilityService.cs(237,27): error CA2000: Call System.IDisposable.Dispose on object created by 'new StringContent(prometheusFormat, Encoding.UTF8, "text/plain")' before all references to it are out of scope (https://learn.microsoft.com/dotnet/fundamentals/code-analysis/quality-rules/ca2000) [/home/runner/work/trading-bot-c-/trading-bot-c-/src/IntelligenceStack/IntelligenceStack.csproj]
     1>/home/runner/work/trading-bot-c-/trading-bot-c-/src/IntelligenceStack/RealTradingMetricsService.cs(277,23): error CA1851: Possible multiple enumerations of 'IEnumerable' collection. Consider using an implementation that avoids multiple enumerations. (https://learn.microsoft.com/dotnet/fundamentals/code-analysis/quality-rules/ca1851) [/home/runner/work/trading-bot-c-/trading-bot-c-/src/IntelligenceStack/IntelligenceStack.csproj]
     1>/home/runner/work/trading-bot-c-/trading-bot-c-/src/IntelligenceStack/RealTradingMetricsService.cs(272,14): error CA1851: Possible multiple enumerations of 'IEnumerable' collection. Consider using an implementation that avoids multiple enumerations. (https://learn.microsoft.com/dotnet/fundamentals/code-analysis/quality-rules/ca1851) [/home/runner/work/trading-bot-c-/trading-bot-c-/src/IntelligenceStack/IntelligenceStack.csproj]
     1>/home/runner/work/trading-bot-c-/trading-bot-c-/src/IntelligenceStack/OnlineLearningSystem.cs(568,13): error CA1848: For improved performance, use the LoggerMessage delegates instead of calling 'LoggerExtensions.LogWarning(ILogger, Exception?, string?, params object?[])' (https://learn.microsoft.com/dotnet/fundamentals/code-analysis/quality-rules/ca1848) [/home/runner/work/trading-bot-c-/trading-bot-c-/src/IntelligenceStack/IntelligenceStack.csproj]
     1>/home/runner/work/trading-bot-c-/trading-bot-c-/src/IntelligenceStack/OnlineLearningSystem.cs(566,9): error CA1031: Modify 'SaveStateAsync' to catch a more specific allowed exception type, or rethrow the exception (https://learn.microsoft.com/dotnet/fundamentals/code-analysis/quality-rules/ca1031) [/home/runner/work/trading-bot-c-/trading-bot-c-/src/IntelligenceStack/IntelligenceStack.csproj]
     1>/home/runner/work/trading-bot-c-/trading-bot-c-/src/IntelligenceStack/RLAdvisorSystem.cs(896,57): error CA1869: Avoid creating a new 'JsonSerializerOptions' instance for every serialization operation. Cache and reuse instances instead. (https://learn.microsoft.com/dotnet/fundamentals/code-analysis/quality-rules/ca1869) [/home/runner/work/trading-bot-c-/trading-bot-c-/src/IntelligenceStack/IntelligenceStack.csproj]
     1>/home/runner/work/trading-bot-c-/trading-bot-c-/src/IntelligenceStack/RLAdvisorSystem.cs(901,13): error CA1848: For improved performance, use the LoggerMessage delegates instead of calling 'LoggerExtensions.LogWarning(ILogger, Exception?, string?, params object?[])' (https://learn.microsoft.com/dotnet/fundamentals/code-analysis/quality-rules/ca1848) [/home/runner/work/trading-bot-c-/trading-bot-c-/src/IntelligenceStack/IntelligenceStack.csproj]
     1>/home/runner/work/trading-bot-c-/trading-bot-c-/src/IntelligenceStack/RLAdvisorSystem.cs(899,9): error CA1031: Modify 'SaveTrainingResultAsync' to catch a more specific allowed exception type, or rethrow the exception (https://learn.microsoft.com/dotnet/fundamentals/code-analysis/quality-rules/ca1031) [/home/runner/work/trading-bot-c-/trading-bot-c-/src/IntelligenceStack/IntelligenceStack.csproj]
     1>/home/runner/work/trading-bot-c-/trading-bot-c-/src/IntelligenceStack/RLAdvisorSystem.cs(921,21): error CA1848: For improved performance, use the LoggerMessage delegates instead of calling 'LoggerExtensions.LogInformation(ILogger, string?, params object?[])' (https://learn.microsoft.com/dotnet/fundamentals/code-analysis/quality-rules/ca1848) [/home/runner/work/trading-bot-c-/trading-bot-c-/src/IntelligenceStack/IntelligenceStack.csproj]
     1>/home/runner/work/trading-bot-c-/trading-bot-c-/src/IntelligenceStack/RLAdvisorSystem.cs(927,13): error CA1848: For improved performance, use the LoggerMessage delegates instead of calling 'LoggerExtensions.LogWarning(ILogger, Exception?, string?, params object?[])' (https://learn.microsoft.com/dotnet/fundamentals/code-analysis/quality-rules/ca1848) [/home/runner/work/trading-bot-c-/trading-bot-c-/src/IntelligenceStack/IntelligenceStack.csproj]
     1>/home/runner/work/trading-bot-c-/trading-bot-c-/src/IntelligenceStack/RLAdvisorSystem.cs(925,9): error CA1031: Modify 'LoadStateAsync' to catch a more specific allowed exception type, or rethrow the exception (https://learn.microsoft.com/dotnet/fundamentals/code-analysis/quality-rules/ca1031) [/home/runner/work/trading-bot-c-/trading-bot-c-/src/IntelligenceStack/IntelligenceStack.csproj]
     1>/home/runner/work/trading-bot-c-/trading-bot-c-/src/IntelligenceStack/OnlineLearningSystem.cs(609,9): error CA1031: Modify 'CalculateBrierScore' to catch a more specific allowed exception type, or rethrow the exception (https://learn.microsoft.com/dotnet/fundamentals/code-analysis/quality-rules/ca1031) [/home/runner/work/trading-bot-c-/trading-bot-c-/src/IntelligenceStack/IntelligenceStack.csproj]
     1>/home/runner/work/trading-bot-c-/trading-bot-c-/src/IntelligenceStack/OnlineLearningSystem.cs(579,34): error CA1305: The behavior of 'Convert.ToDouble(object)' could vary based on the current user's locale settings. Replace this call in 'OnlineLearningSystem.CalculateTradeHitRate(TradeRecord)' with a call to 'Convert.ToDouble(object, IFormatProvider)'. (https://learn.microsoft.com/dotnet/fundamentals/code-analysis/quality-rules/ca1305) [/home/runner/work/trading-bot-c-/trading-bot-c-/src/IntelligenceStack/IntelligenceStack.csproj]
     1>/home/runner/work/trading-bot-c-/trading-bot-c-/src/IntelligenceStack/OnlineLearningSystem.cs(591,9): error CA1031: Modify 'CalculateTradeHitRate' to catch a more specific allowed exception type, or rethrow the exception (https://learn.microsoft.com/dotnet/fundamentals/code-analysis/quality-rules/ca1031) [/home/runner/work/trading-bot-c-/trading-bot-c-/src/IntelligenceStack/IntelligenceStack.csproj]
     1>/home/runner/work/trading-bot-c-/trading-bot-c-/src/IntelligenceStack/RLAdvisorSystem.cs(63,23): error CA1823: Unused field 'MaxStateDimensions' (https://learn.microsoft.com/dotnet/fundamentals/code-analysis/quality-rules/ca1823) [/home/runner/work/trading-bot-c-/trading-bot-c-/src/IntelligenceStack/IntelligenceStack.csproj]
     1>/home/runner/work/trading-bot-c-/trading-bot-c-/src/IntelligenceStack/RLAdvisorSystem.cs(64,23): error CA1823: Unused field 'DefaultTimestepsPerEpoch' (https://learn.microsoft.com/dotnet/fundamentals/code-analysis/quality-rules/ca1823) [/home/runner/work/trading-bot-c-/trading-bot-c-/src/IntelligenceStack/IntelligenceStack.csproj]
     1>/home/runner/work/trading-bot-c-/trading-bot-c-/src/IntelligenceStack/RLAdvisorSystem.cs(65,26): error CA1823: Unused field 'MinimumActionThreshold' (https://learn.microsoft.com/dotnet/fundamentals/code-analysis/quality-rules/ca1823) [/home/runner/work/trading-bot-c-/trading-bot-c-/src/IntelligenceStack/IntelligenceStack.csproj]
     1>/home/runner/work/trading-bot-c-/trading-bot-c-/src/IntelligenceStack/RLAdvisorSystem.cs(66,23): error CA1823: Unused field 'DefaultActionSpace' (https://learn.microsoft.com/dotnet/fundamentals/code-analysis/quality-rules/ca1823) [/home/runner/work/trading-bot-c-/trading-bot-c-/src/IntelligenceStack/IntelligenceStack.csproj]
     1>/home/runner/work/trading-bot-c-/trading-bot-c-/src/IntelligenceStack/RLAdvisorSystem.cs(67,26): error CA1823: Unused field 'ExplorationNoiseScale' (https://learn.microsoft.com/dotnet/fundamentals/code-analysis/quality-rules/ca1823) [/home/runner/work/trading-bot-c-/trading-bot-c-/src/IntelligenceStack/IntelligenceStack.csproj]
     1>/home/runner/work/trading-bot-c-/trading-bot-c-/src/IntelligenceStack/RLAdvisorSystem.cs(68,26): error CA1823: Unused field 'BaselineDiscount' (https://learn.microsoft.com/dotnet/fundamentals/code-analysis/quality-rules/ca1823) [/home/runner/work/trading-bot-c-/trading-bot-c-/src/IntelligenceStack/IntelligenceStack.csproj]
     1>/home/runner/work/trading-bot-c-/trading-bot-c-/src/IntelligenceStack/RLAdvisorSystem.cs(69,26): error CA1823: Unused field 'DivergenceThreshold' (https://learn.microsoft.com/dotnet/fundamentals/code-analysis/quality-rules/ca1823) [/home/runner/work/trading-bot-c-/trading-bot-c-/src/IntelligenceStack/IntelligenceStack.csproj]
     1>/home/runner/work/trading-bot-c-/trading-bot-c-/src/IntelligenceStack/RLAdvisorSystem.cs(70,26): error CA1823: Unused field 'LearningRateDecay' (https://learn.microsoft.com/dotnet/fundamentals/code-analysis/quality-rules/ca1823) [/home/runner/work/trading-bot-c-/trading-bot-c-/src/IntelligenceStack/IntelligenceStack.csproj]
     1>/home/runner/work/trading-bot-c-/trading-bot-c-/src/IntelligenceStack/RLAdvisorSystem.cs(71,23): error CA1823: Unused field 'DefaultStateBufferSize' (https://learn.microsoft.com/dotnet/fundamentals/code-analysis/quality-rules/ca1823) [/home/runner/work/trading-bot-c-/trading-bot-c-/src/IntelligenceStack/IntelligenceStack.csproj]
     1>/home/runner/work/trading-bot-c-/trading-bot-c-/src/IntelligenceStack/RLAdvisorSystem.cs(72,23): error CA1823: Unused field 'DefaultActionBufferSize' (https://learn.microsoft.com/dotnet/fundamentals/code-analysis/quality-rules/ca1823) [/home/runner/work/trading-bot-c-/trading-bot-c-/src/IntelligenceStack/IntelligenceStack.csproj]
     1>/home/runner/work/trading-bot-c-/trading-bot-c-/src/IntelligenceStack/RLAdvisorSystem.cs(73,23): error CA1823: Unused field 'DefaultRewardBufferSize' (https://learn.microsoft.com/dotnet/fundamentals/code-analysis/quality-rules/ca1823) [/home/runner/work/trading-bot-c-/trading-bot-c-/src/IntelligenceStack/IntelligenceStack.csproj]
     1>/home/runner/work/trading-bot-c-/trading-bot-c-/src/IntelligenceStack/RLAdvisorSystem.cs(74,23): error CA1823: Unused field 'MaxRewardBufferSize' (https://learn.microsoft.com/dotnet/fundamentals/code-analysis/quality-rules/ca1823) [/home/runner/work/trading-bot-c-/trading-bot-c-/src/IntelligenceStack/IntelligenceStack.csproj]
     1>/home/runner/work/trading-bot-c-/trading-bot-c-/src/IntelligenceStack/RLAdvisorSystem.cs(75,26): error CA1823: Unused field 'DefaultLearningRate' (https://learn.microsoft.com/dotnet/fundamentals/code-analysis/quality-rules/ca1823) [/home/runner/work/trading-bot-c-/trading-bot-c-/src/IntelligenceStack/IntelligenceStack.csproj]
     1>/home/runner/work/trading-bot-c-/trading-bot-c-/src/IntelligenceStack/RLAdvisorSystem.cs(76,23): error CA1823: Unused field 'DefaultEpisodeLength' (https://learn.microsoft.com/dotnet/fundamentals/code-analysis/quality-rules/ca1823) [/home/runner/work/trading-bot-c-/trading-bot-c-/src/IntelligenceStack/IntelligenceStack.csproj]
     1>/home/runner/work/trading-bot-c-/trading-bot-c-/src/IntelligenceStack/RLAdvisorSystem.cs(77,23): error CA1823: Unused field 'MaxEpisodeLength' (https://learn.microsoft.com/dotnet/fundamentals/code-analysis/quality-rules/ca1823) [/home/runner/work/trading-bot-c-/trading-bot-c-/src/IntelligenceStack/IntelligenceStack.csproj]
     1>/home/runner/work/trading-bot-c-/trading-bot-c-/src/IntelligenceStack/RLAdvisorSystem.cs(78,26): error CA1823: Unused field 'PolicyUpdateInterval' (https://learn.microsoft.com/dotnet/fundamentals/code-analysis/quality-rules/ca1823) [/home/runner/work/trading-bot-c-/trading-bot-c-/src/IntelligenceStack/IntelligenceStack.csproj]
     1>/home/runner/work/trading-bot-c-/trading-bot-c-/src/IntelligenceStack/RLAdvisorSystem.cs(79,26): error CA1823: Unused field 'ValueUpdateInterval' (https://learn.microsoft.com/dotnet/fundamentals/code-analysis/quality-rules/ca1823) [/home/runner/work/trading-bot-c-/trading-bot-c-/src/IntelligenceStack/IntelligenceStack.csproj]
     1>/home/runner/work/trading-bot-c-/trading-bot-c-/src/IntelligenceStack/RLAdvisorSystem.cs(80,23): error CA1823: Unused field 'MaxMemorySize' (https://learn.microsoft.com/dotnet/fundamentals/code-analysis/quality-rules/ca1823) [/home/runner/work/trading-bot-c-/trading-bot-c-/src/IntelligenceStack/IntelligenceStack.csproj]
     1>/home/runner/work/trading-bot-c-/trading-bot-c-/src/IntelligenceStack/RLAdvisorSystem.cs(81,23): error CA1823: Unused field 'DefaultBatchSize' (https://learn.microsoft.com/dotnet/fundamentals/code-analysis/quality-rules/ca1823) [/home/runner/work/trading-bot-c-/trading-bot-c-/src/IntelligenceStack/IntelligenceStack.csproj]
     1>/home/runner/work/trading-bot-c-/trading-bot-c-/src/IntelligenceStack/RLAdvisorSystem.cs(82,23): error CA1823: Unused field 'ObservationWindowHours' (https://learn.microsoft.com/dotnet/fundamentals/code-analysis/quality-rules/ca1823) [/home/runner/work/trading-bot-c-/trading-bot-c-/src/IntelligenceStack/IntelligenceStack.csproj]
     1>/home/runner/work/trading-bot-c-/trading-bot-c-/src/IntelligenceStack/RLAdvisorSystem.cs(83,26): error CA1823: Unused field 'RewardScalingFactor' (https://learn.microsoft.com/dotnet/fundamentals/code-analysis/quality-rules/ca1823) [/home/runner/work/trading-bot-c-/trading-bot-c-/src/IntelligenceStack/IntelligenceStack.csproj]
     1>/home/runner/work/trading-bot-c-/trading-bot-c-/src/IntelligenceStack/OnlineLearningSystem.cs(634,13): error CA1848: For improved performance, use the LoggerMessage delegates instead of calling 'LoggerExtensions.LogWarning(ILogger, Exception?, string?, params object?[])' (https://learn.microsoft.com/dotnet/fundamentals/code-analysis/quality-rules/ca1848) [/home/runner/work/trading-bot-c-/trading-bot-c-/src/IntelligenceStack/IntelligenceStack.csproj]
     1>/home/runner/work/trading-bot-c-/trading-bot-c-/src/IntelligenceStack/OnlineLearningSystem.cs(622,34): error CA1305: The behavior of 'Convert.ToDouble(object)' could vary based on the current user's locale settings. Replace this call in 'OnlineLearningSystem.ExtractOrCalculateConfidence(TradeRecord)' with a call to 'Convert.ToDouble(object, IFormatProvider)'. (https://learn.microsoft.com/dotnet/fundamentals/code-analysis/quality-rules/ca1305) [/home/runner/work/trading-bot-c-/trading-bot-c-/src/IntelligenceStack/IntelligenceStack.csproj]
     1>/home/runner/work/trading-bot-c-/trading-bot-c-/src/IntelligenceStack/ModelQuarantineManager.cs(455,34): error S109: Assign this magic number '10' to a well-named variable or constant, and use that instead. (https://rules.sonarsource.com/csharp/RSPEC-109) [/home/runner/work/trading-bot-c-/trading-bot-c-/src/IntelligenceStack/IntelligenceStack.csproj]
     1>/home/runner/work/trading-bot-c-/trading-bot-c-/src/IntelligenceStack/ModelQuarantineManager.cs(464,32): error S109: Assign this magic number '0.3' to a well-named variable or constant, and use that instead. (https://rules.sonarsource.com/csharp/RSPEC-109) [/home/runner/work/trading-bot-c-/trading-bot-c-/src/IntelligenceStack/IntelligenceStack.csproj]
     1>/home/runner/work/trading-bot-c-/trading-bot-c-/src/IntelligenceStack/ModelQuarantineManager.cs(464,52): error S109: Assign this magic number '0.45' to a well-named variable or constant, and use that instead. (https://rules.sonarsource.com/csharp/RSPEC-109) [/home/runner/work/trading-bot-c-/trading-bot-c-/src/IntelligenceStack/IntelligenceStack.csproj]
     1>/home/runner/work/trading-bot-c-/trading-bot-c-/src/IntelligenceStack/OnlineLearningSystem.cs(632,9): error CA1031: Modify 'ExtractOrCalculateConfidence' to catch a more specific allowed exception type, or rethrow the exception (https://learn.microsoft.com/dotnet/fundamentals/code-analysis/quality-rules/ca1031) [/home/runner/work/trading-bot-c-/trading-bot-c-/src/IntelligenceStack/IntelligenceStack.csproj]
     1>/home/runner/work/trading-bot-c-/trading-bot-c-/src/IntelligenceStack/MLRLObservabilityService.cs(266,34): error CA2234: Modify 'MlrlObservabilityService.ExportToGrafanaAsync(string, string)' to call 'HttpClient.PostAsync(Uri, HttpContent)' instead of 'HttpClient.PostAsync(string, HttpContent)' (https://learn.microsoft.com/dotnet/fundamentals/code-analysis/quality-rules/ca2234) [/home/runner/work/trading-bot-c-/trading-bot-c-/src/IntelligenceStack/IntelligenceStack.csproj]
     1>/home/runner/work/trading-bot-c-/trading-bot-c-/src/IntelligenceStack/MLRLObservabilityService.cs(270,17): error CA1848: For improved performance, use the LoggerMessage delegates instead of calling 'LoggerExtensions.LogDebug(ILogger, string?, params object?[])' (https://learn.microsoft.com/dotnet/fundamentals/code-analysis/quality-rules/ca1848) [/home/runner/work/trading-bot-c-/trading-bot-c-/src/IntelligenceStack/IntelligenceStack.csproj]
     1>/home/runner/work/trading-bot-c-/trading-bot-c-/src/IntelligenceStack/MLRLObservabilityService.cs(274,17): error CA1848: For improved performance, use the LoggerMessage delegates instead of calling 'LoggerExtensions.LogWarning(ILogger, string?, params object?[])' (https://learn.microsoft.com/dotnet/fundamentals/code-analysis/quality-rules/ca1848) [/home/runner/work/trading-bot-c-/trading-bot-c-/src/IntelligenceStack/IntelligenceStack.csproj]
     1>/home/runner/work/trading-bot-c-/trading-bot-c-/src/IntelligenceStack/MLRLObservabilityService.cs(279,13): error CA1848: For improved performance, use the LoggerMessage delegates instead of calling 'LoggerExtensions.LogError(ILogger, Exception?, string?, params object?[])' (https://learn.microsoft.com/dotnet/fundamentals/code-analysis/quality-rules/ca1848) [/home/runner/work/trading-bot-c-/trading-bot-c-/src/IntelligenceStack/IntelligenceStack.csproj]
     1>/home/runner/work/trading-bot-c-/trading-bot-c-/src/IntelligenceStack/MLRLObservabilityService.cs(277,9): error CA1031: Modify 'ExportToGrafanaAsync' to catch a more specific allowed exception type, or rethrow the exception (https://learn.microsoft.com/dotnet/fundamentals/code-analysis/quality-rules/ca1031) [/home/runner/work/trading-bot-c-/trading-bot-c-/src/IntelligenceStack/IntelligenceStack.csproj]
     1>/home/runner/work/trading-bot-c-/trading-bot-c-/src/IntelligenceStack/OnlineLearningSystem.cs(656,48): error S109: Assign this magic number '3' to a well-named variable or constant, and use that instead. (https://rules.sonarsource.com/csharp/RSPEC-109) [/home/runner/work/trading-bot-c-/trading-bot-c-/src/IntelligenceStack/IntelligenceStack.csproj]
     1>/home/runner/work/trading-bot-c-/trading-bot-c-/src/IntelligenceStack/OnlineLearningSystem.cs(669,33): error S109: Assign this magic number '0.1' to a well-named variable or constant, and use that instead. (https://rules.sonarsource.com/csharp/RSPEC-109) [/home/runner/work/trading-bot-c-/trading-bot-c-/src/IntelligenceStack/IntelligenceStack.csproj]
     1>/home/runner/work/trading-bot-c-/trading-bot-c-/src/IntelligenceStack/OnlineLearningSystem.cs(669,47): error S109: Assign this magic number '0.95' to a well-named variable or constant, and use that instead. (https://rules.sonarsource.com/csharp/RSPEC-109) [/home/runner/work/trading-bot-c-/trading-bot-c-/src/IntelligenceStack/IntelligenceStack.csproj]
     1>/home/runner/work/trading-bot-c-/trading-bot-c-/src/IntelligenceStack/MLRLObservabilityService.cs(262,27): error CA2000: Call System.IDisposable.Dispose on object created by 'new StringContent(json, Encoding.UTF8, "application/json")' before all references to it are out of scope (https://learn.microsoft.com/dotnet/fundamentals/code-analysis/quality-rules/ca2000) [/home/runner/work/trading-bot-c-/trading-bot-c-/src/IntelligenceStack/IntelligenceStack.csproj]
     1>/home/runner/work/trading-bot-c-/trading-bot-c-/src/IntelligenceStack/OnlineLearningSystem.cs(730,29): error S109: Assign this magic number '0.5' to a well-named variable or constant, and use that instead. (https://rules.sonarsource.com/csharp/RSPEC-109) [/home/runner/work/trading-bot-c-/trading-bot-c-/src/IntelligenceStack/IntelligenceStack.csproj]
     1>/home/runner/work/trading-bot-c-/trading-bot-c-/src/IntelligenceStack/OnlineLearningSystem.cs(730,43): error S109: Assign this magic number '0.9' to a well-named variable or constant, and use that instead. (https://rules.sonarsource.com/csharp/RSPEC-109) [/home/runner/work/trading-bot-c-/trading-bot-c-/src/IntelligenceStack/IntelligenceStack.csproj]
     1>/home/runner/work/trading-bot-c-/trading-bot-c-/src/IntelligenceStack/OnlineLearningSystem.cs(730,58): error S109: Assign this magic number '0.15' to a well-named variable or constant, and use that instead. (https://rules.sonarsource.com/csharp/RSPEC-109) [/home/runner/work/trading-bot-c-/trading-bot-c-/src/IntelligenceStack/IntelligenceStack.csproj]
     1>/home/runner/work/trading-bot-c-/trading-bot-c-/src/IntelligenceStack/OnlineLearningSystem.cs(734,20): error S109: Assign this magic number '0.65' to a well-named variable or constant, and use that instead. (https://rules.sonarsource.com/csharp/RSPEC-109) [/home/runner/work/trading-bot-c-/trading-bot-c-/src/IntelligenceStack/IntelligenceStack.csproj]
     1>/home/runner/work/trading-bot-c-/trading-bot-c-/src/IntelligenceStack/OnlineLearningSystem.cs(715,29): error S109: Assign this magic number '0.4' to a well-named variable or constant, and use that instead. (https://rules.sonarsource.com/csharp/RSPEC-109) [/home/runner/work/trading-bot-c-/trading-bot-c-/src/IntelligenceStack/IntelligenceStack.csproj]
     1>/home/runner/work/trading-bot-c-/trading-bot-c-/src/IntelligenceStack/OnlineLearningSystem.cs(715,43): error S109: Assign this magic number '0.8' to a well-named variable or constant, and use that instead. (https://rules.sonarsource.com/csharp/RSPEC-109) [/home/runner/work/trading-bot-c-/trading-bot-c-/src/IntelligenceStack/IntelligenceStack.csproj]
     1>/home/runner/work/trading-bot-c-/trading-bot-c-/src/IntelligenceStack/OnlineLearningSystem.cs(715,58): error S109: Assign this magic number '0.1' to a well-named variable or constant, and use that instead. (https://rules.sonarsource.com/csharp/RSPEC-109) [/home/runner/work/trading-bot-c-/trading-bot-c-/src/IntelligenceStack/IntelligenceStack.csproj]
     1>/home/runner/work/trading-bot-c-/trading-bot-c-/src/IntelligenceStack/OnlineLearningSystem.cs(719,20): error S109: Assign this magic number '0.6' to a well-named variable or constant, and use that instead. (https://rules.sonarsource.com/csharp/RSPEC-109) [/home/runner/work/trading-bot-c-/trading-bot-c-/src/IntelligenceStack/IntelligenceStack.csproj]
     1>/home/runner/work/trading-bot-c-/trading-bot-c-/src/IntelligenceStack/OnlineLearningSystem.cs(685,13): error CA1848: For improved performance, use the LoggerMessage delegates instead of calling 'LoggerExtensions.LogWarning(ILogger, Exception?, string?, params object?[])' (https://learn.microsoft.com/dotnet/fundamentals/code-analysis/quality-rules/ca1848) [/home/runner/work/trading-bot-c-/trading-bot-c-/src/IntelligenceStack/IntelligenceStack.csproj]
     1>/home/runner/work/trading-bot-c-/trading-bot-c-/src/IntelligenceStack/OnlineLearningSystem.cs(649,29): error CA1305: The behavior of 'Convert.ToDouble(object)' could vary based on the current user's locale settings. Replace this call in 'OnlineLearningSystem.CalculateConfidenceFromTradeData(TradeRecord)' with a call to 'Convert.ToDouble(object, IFormatProvider)'. (https://learn.microsoft.com/dotnet/fundamentals/code-analysis/quality-rules/ca1305) [/home/runner/work/trading-bot-c-/trading-bot-c-/src/IntelligenceStack/IntelligenceStack.csproj]
     1>/home/runner/work/trading-bot-c-/trading-bot-c-/src/IntelligenceStack/OnlineLearningSystem.cs(655,26): error CA1305: The behavior of 'Convert.ToDouble(object)' could vary based on the current user's locale settings. Replace this call in 'OnlineLearningSystem.CalculateConfidenceFromTradeData(TradeRecord)' with a call to 'Convert.ToDouble(object, IFormatProvider)'. (https://learn.microsoft.com/dotnet/fundamentals/code-analysis/quality-rules/ca1305) [/home/runner/work/trading-bot-c-/trading-bot-c-/src/IntelligenceStack/IntelligenceStack.csproj]
     1>/home/runner/work/trading-bot-c-/trading-bot-c-/src/IntelligenceStack/OnlineLearningSystem.cs(662,29): error CA1305: The behavior of 'Convert.ToDouble(object)' could vary based on the current user's locale settings. Replace this call in 'OnlineLearningSystem.CalculateConfidenceFromTradeData(TradeRecord)' with a call to 'Convert.ToDouble(object, IFormatProvider)'. (https://learn.microsoft.com/dotnet/fundamentals/code-analysis/quality-rules/ca1305) [/home/runner/work/trading-bot-c-/trading-bot-c-/src/IntelligenceStack/IntelligenceStack.csproj]
     1>/home/runner/work/trading-bot-c-/trading-bot-c-/src/IntelligenceStack/OnlineLearningSystem.cs(697,41): error CA1311: Specify a culture or use an invariant version to avoid implicit dependency on current culture (https://learn.microsoft.com/dotnet/fundamentals/code-analysis/quality-rules/ca1311) [/home/runner/work/trading-bot-c-/trading-bot-c-/src/IntelligenceStack/IntelligenceStack.csproj]
     1>/home/runner/work/trading-bot-c-/trading-bot-c-/src/IntelligenceStack/OnlineLearningSystem.cs(697,24): error CA1304: The behavior of 'string.ToUpper()' could vary based on the current user's locale settings. Replace this call in 'OnlineLearningSystem.CalculateAccuracy(TradeRecord)' with a call to 'string.ToUpper(CultureInfo)'. (https://learn.microsoft.com/dotnet/fundamentals/code-analysis/quality-rules/ca1304) [/home/runner/work/trading-bot-c-/trading-bot-c-/src/IntelligenceStack/IntelligenceStack.csproj]
     1>/home/runner/work/trading-bot-c-/trading-bot-c-/src/IntelligenceStack/OnlineLearningSystem.cs(695,30): error CA1305: The behavior of 'Convert.ToDouble(object)' could vary based on the current user's locale settings. Replace this call in 'OnlineLearningSystem.CalculateAccuracy(TradeRecord)' with a call to 'Convert.ToDouble(object, IFormatProvider)'. (https://learn.microsoft.com/dotnet/fundamentals/code-analysis/quality-rules/ca1305) [/home/runner/work/trading-bot-c-/trading-bot-c-/src/IntelligenceStack/IntelligenceStack.csproj]
     1>/home/runner/work/trading-bot-c-/trading-bot-c-/src/IntelligenceStack/OnlineLearningSystem.cs(732,9): error CA1031: Modify 'CalculateRecall' to catch a more specific allowed exception type, or rethrow the exception (https://learn.microsoft.com/dotnet/fundamentals/code-analysis/quality-rules/ca1031) [/home/runner/work/trading-bot-c-/trading-bot-c-/src/IntelligenceStack/IntelligenceStack.csproj]
     1>/home/runner/work/trading-bot-c-/trading-bot-c-/src/IntelligenceStack/OnlineLearningSystem.cs(717,9): error CA1031: Modify 'CalculatePrecision' to catch a more specific allowed exception type, or rethrow the exception (https://learn.microsoft.com/dotnet/fundamentals/code-analysis/quality-rules/ca1031) [/home/runner/work/trading-bot-c-/trading-bot-c-/src/IntelligenceStack/IntelligenceStack.csproj]
     1>/home/runner/work/trading-bot-c-/trading-bot-c-/src/IntelligenceStack/OnlineLearningSystem.cs(702,9): error CA1031: Modify 'CalculateAccuracy' to catch a more specific allowed exception type, or rethrow the exception (https://learn.microsoft.com/dotnet/fundamentals/code-analysis/quality-rules/ca1031) [/home/runner/work/trading-bot-c-/trading-bot-c-/src/IntelligenceStack/IntelligenceStack.csproj]
     1>/home/runner/work/trading-bot-c-/trading-bot-c-/src/IntelligenceStack/OnlineLearningSystem.cs(683,9): error CA1031: Modify 'CalculateConfidenceFromTradeData' to catch a more specific allowed exception type, or rethrow the exception (https://learn.microsoft.com/dotnet/fundamentals/code-analysis/quality-rules/ca1031) [/home/runner/work/trading-bot-c-/trading-bot-c-/src/IntelligenceStack/IntelligenceStack.csproj]
     1>/home/runner/work/trading-bot-c-/trading-bot-c-/src/IntelligenceStack/ModelQuarantineManager.cs(481,5): error AsyncFixer01: The method 'IncrementShadowDecisionCountAsync' does not need to use async/await. (https://github.com/semihokur/AsyncFixer) [/home/runner/work/trading-bot-c-/trading-bot-c-/src/IntelligenceStack/IntelligenceStack.csproj]
     1>/home/runner/work/trading-bot-c-/trading-bot-c-/src/IntelligenceStack/OnlineLearningSystem.cs(749,9): error CA1031: Modify 'CalculateF1Score' to catch a more specific allowed exception type, or rethrow the exception (https://learn.microsoft.com/dotnet/fundamentals/code-analysis/quality-rules/ca1031) [/home/runner/work/trading-bot-c-/trading-bot-c-/src/IntelligenceStack/IntelligenceStack.csproj]
     1>/home/runner/work/trading-bot-c-/trading-bot-c-/src/IntelligenceStack/ModelQuarantineManager.cs(519,56): error CA1869: Avoid creating a new 'JsonSerializerOptions' instance for every serialization operation. Cache and reuse instances instead. (https://learn.microsoft.com/dotnet/fundamentals/code-analysis/quality-rules/ca1869) [/home/runner/work/trading-bot-c-/trading-bot-c-/src/IntelligenceStack/IntelligenceStack.csproj]
     1>/home/runner/work/trading-bot-c-/trading-bot-c-/src/IntelligenceStack/ModelQuarantineManager.cs(524,13): error CA1848: For improved performance, use the LoggerMessage delegates instead of calling 'LoggerExtensions.LogWarning(ILogger, Exception?, string?, params object?[])' (https://learn.microsoft.com/dotnet/fundamentals/code-analysis/quality-rules/ca1848) [/home/runner/work/trading-bot-c-/trading-bot-c-/src/IntelligenceStack/IntelligenceStack.csproj]
     1>/home/runner/work/trading-bot-c-/trading-bot-c-/src/IntelligenceStack/ModelQuarantineManager.cs(522,9): error CA1031: Modify 'SaveStateAsync' to catch a more specific allowed exception type, or rethrow the exception (https://learn.microsoft.com/dotnet/fundamentals/code-analysis/quality-rules/ca1031) [/home/runner/work/trading-bot-c-/trading-bot-c-/src/IntelligenceStack/IntelligenceStack.csproj]
     1>/home/runner/work/trading-bot-c-/trading-bot-c-/src/IntelligenceStack/MLRLObservabilityService.cs(304,97): error S109: Assign this magic number '10' to a well-named variable or constant, and use that instead. (https://rules.sonarsource.com/csharp/RSPEC-109) [/home/runner/work/trading-bot-c-/trading-bot-c-/src/IntelligenceStack/IntelligenceStack.csproj]
     1>/home/runner/work/trading-bot-c-/trading-bot-c-/src/IntelligenceStack/MLRLObservabilityService.cs(309,61): error CA1869: Avoid creating a new 'JsonSerializerOptions' instance for every serialization operation. Cache and reuse instances instead. (https://learn.microsoft.com/dotnet/fundamentals/code-analysis/quality-rules/ca1869) [/home/runner/work/trading-bot-c-/trading-bot-c-/src/IntelligenceStack/IntelligenceStack.csproj]
     1>/home/runner/work/trading-bot-c-/trading-bot-c-/src/IntelligenceStack/MLRLObservabilityService.cs(312,13): error CA1848: For improved performance, use the LoggerMessage delegates instead of calling 'LoggerExtensions.LogDebug(ILogger, string?, params object?[])' (https://learn.microsoft.com/dotnet/fundamentals/code-analysis/quality-rules/ca1848) [/home/runner/work/trading-bot-c-/trading-bot-c-/src/IntelligenceStack/IntelligenceStack.csproj]
     1>/home/runner/work/trading-bot-c-/trading-bot-c-/src/IntelligenceStack/MLRLObservabilityService.cs(316,13): error CA1848: For improved performance, use the LoggerMessage delegates instead of calling 'LoggerExtensions.LogError(ILogger, Exception?, string?, params object?[])' (https://learn.microsoft.com/dotnet/fundamentals/code-analysis/quality-rules/ca1848) [/home/runner/work/trading-bot-c-/trading-bot-c-/src/IntelligenceStack/IntelligenceStack.csproj]
     1>/home/runner/work/trading-bot-c-/trading-bot-c-/src/IntelligenceStack/ModelQuarantineManager.cs(558,17): error CA1848: For improved performance, use the LoggerMessage delegates instead of calling 'LoggerExtensions.LogInformation(ILogger, string?, params object?[])' (https://learn.microsoft.com/dotnet/fundamentals/code-analysis/quality-rules/ca1848) [/home/runner/work/trading-bot-c-/trading-bot-c-/src/IntelligenceStack/IntelligenceStack.csproj]
     1>/home/runner/work/trading-bot-c-/trading-bot-c-/src/IntelligenceStack/ModelQuarantineManager.cs(564,13): error CA1848: For improved performance, use the LoggerMessage delegates instead of calling 'LoggerExtensions.LogWarning(ILogger, Exception?, string?, params object?[])' (https://learn.microsoft.com/dotnet/fundamentals/code-analysis/quality-rules/ca1848) [/home/runner/work/trading-bot-c-/trading-bot-c-/src/IntelligenceStack/IntelligenceStack.csproj]
     1>/home/runner/work/trading-bot-c-/trading-bot-c-/src/IntelligenceStack/MLRLObservabilityService.cs(314,9): error CA1031: Modify 'ExportToFileAsync' to catch a more specific allowed exception type, or rethrow the exception (https://learn.microsoft.com/dotnet/fundamentals/code-analysis/quality-rules/ca1031) [/home/runner/work/trading-bot-c-/trading-bot-c-/src/IntelligenceStack/IntelligenceStack.csproj]
     1>/home/runner/work/trading-bot-c-/trading-bot-c-/src/IntelligenceStack/ModelQuarantineManager.cs(562,9): error CA1031: Modify 'LoadStateAsync' to catch a more specific allowed exception type, or rethrow the exception (https://learn.microsoft.com/dotnet/fundamentals/code-analysis/quality-rules/ca1031) [/home/runner/work/trading-bot-c-/trading-bot-c-/src/IntelligenceStack/IntelligenceStack.csproj]
     1>/home/runner/work/trading-bot-c-/trading-bot-c-/src/IntelligenceStack/MAMLLiveIntegration.cs(241,36): error S3267: Loops should be simplified using the "Where" LINQ method (https://rules.sonarsource.com/csharp/RSPEC-3267) [/home/runner/work/trading-bot-c-/trading-bot-c-/src/IntelligenceStack/IntelligenceStack.csproj]
     1>/home/runner/work/trading-bot-c-/trading-bot-c-/src/IntelligenceStack/NightlyParameterTuner.cs(305,9): error CA1848: For improved performance, use the LoggerMessage delegates instead of calling 'LoggerExtensions.LogInformation(ILogger, string?, params object?[])' (https://learn.microsoft.com/dotnet/fundamentals/code-analysis/quality-rules/ca1848) [/home/runner/work/trading-bot-c-/trading-bot-c-/src/IntelligenceStack/IntelligenceStack.csproj]
     1>/home/runner/work/trading-bot-c-/trading-bot-c-/src/IntelligenceStack/NightlyParameterTuner.cs(351,17): error CA1848: For improved performance, use the LoggerMessage delegates instead of calling 'LoggerExtensions.LogInformation(ILogger, string?, params object?[])' (https://learn.microsoft.com/dotnet/fundamentals/code-analysis/quality-rules/ca1848) [/home/runner/work/trading-bot-c-/trading-bot-c-/src/IntelligenceStack/IntelligenceStack.csproj]
     1>/home/runner/work/trading-bot-c-/trading-bot-c-/src/IntelligenceStack/NightlyParameterTuner.cs(366,9): error CA1848: For improved performance, use the LoggerMessage delegates instead of calling 'LoggerExtensions.LogInformation(ILogger, string?, params object?[])' (https://learn.microsoft.com/dotnet/fundamentals/code-analysis/quality-rules/ca1848) [/home/runner/work/trading-bot-c-/trading-bot-c-/src/IntelligenceStack/IntelligenceStack.csproj]
     1>/home/runner/work/trading-bot-c-/trading-bot-c-/src/IntelligenceStack/MAMLLiveIntegration.cs(232,17): error CA1848: For improved performance, use the LoggerMessage delegates instead of calling 'LoggerExtensions.LogDebug(ILogger, string?, params object?[])' (https://learn.microsoft.com/dotnet/fundamentals/code-analysis/quality-rules/ca1848) [/home/runner/work/trading-bot-c-/trading-bot-c-/src/IntelligenceStack/IntelligenceStack.csproj]
     1>/home/runner/work/trading-bot-c-/trading-bot-c-/src/IntelligenceStack/MAMLLiveIntegration.cs(254,25): error CA1848: For improved performance, use the LoggerMessage delegates instead of calling 'LoggerExtensions.LogWarning(ILogger, string?, params object?[])' (https://learn.microsoft.com/dotnet/fundamentals/code-analysis/quality-rules/ca1848) [/home/runner/work/trading-bot-c-/trading-bot-c-/src/IntelligenceStack/IntelligenceStack.csproj]
     1>/home/runner/work/trading-bot-c-/trading-bot-c-/src/IntelligenceStack/MAMLLiveIntegration.cs(263,17): error CA1848: For improved performance, use the LoggerMessage delegates instead of calling 'LoggerExtensions.LogError(ILogger, Exception?, string?, params object?[])' (https://learn.microsoft.com/dotnet/fundamentals/code-analysis/quality-rules/ca1848) [/home/runner/work/trading-bot-c-/trading-bot-c-/src/IntelligenceStack/IntelligenceStack.csproj]
     1>/home/runner/work/trading-bot-c-/trading-bot-c-/src/IntelligenceStack/NightlyParameterTuner.cs(321,27): error CA1508: 'bestIndividual.Metrics' is never 'null'. Remove or refactor the condition(s) to avoid dead code. (https://learn.microsoft.com/dotnet/fundamentals/code-analysis/quality-rules/ca1508) [/home/runner/work/trading-bot-c-/trading-bot-c-/src/IntelligenceStack/IntelligenceStack.csproj]
     1>/home/runner/work/trading-bot-c-/trading-bot-c-/src/IntelligenceStack/MLRLObservabilityService.cs(328,92): error CA1311: Specify a culture or use an invariant version to avoid implicit dependency on current culture (https://learn.microsoft.com/dotnet/fundamentals/code-analysis/quality-rules/ca1311) [/home/runner/work/trading-bot-c-/trading-bot-c-/src/IntelligenceStack/IntelligenceStack.csproj]
     1>/home/runner/work/trading-bot-c-/trading-bot-c-/src/IntelligenceStack/MLRLObservabilityService.cs(328,69): error CA1304: The behavior of 'string.ToLower()' could vary based on the current user's locale settings. Replace this call in 'MlrlObservabilityService.GeneratePrometheusFormat()' with a call to 'string.ToLower(CultureInfo)'. (https://learn.microsoft.com/dotnet/fundamentals/code-analysis/quality-rules/ca1304) [/home/runner/work/trading-bot-c-/trading-bot-c-/src/IntelligenceStack/IntelligenceStack.csproj]
     1>/home/runner/work/trading-bot-c-/trading-bot-c-/src/IntelligenceStack/MLRLObservabilityService.cs(328,17): error CA1305: The behavior of 'StringBuilder.AppendLine(ref StringBuilder.AppendInterpolatedStringHandler)' could vary based on the current user's locale settings. Replace this call in 'MlrlObservabilityService.GeneratePrometheusFormat()' with a call to 'StringBuilder.AppendLine(IFormatProvider, ref StringBuilder.AppendInterpolatedStringHandler)'. (https://learn.microsoft.com/dotnet/fundamentals/code-analysis/quality-rules/ca1305) [/home/runner/work/trading-bot-c-/trading-bot-c-/src/IntelligenceStack/IntelligenceStack.csproj]
     1>/home/runner/work/trading-bot-c-/trading-bot-c-/src/IntelligenceStack/MLRLObservabilityService.cs(329,17): error CA1305: The behavior of 'StringBuilder.AppendLine(ref StringBuilder.AppendInterpolatedStringHandler)' could vary based on the current user's locale settings. Replace this call in 'MlrlObservabilityService.GeneratePrometheusFormat()' with a call to 'StringBuilder.AppendLine(IFormatProvider, ref StringBuilder.AppendInterpolatedStringHandler)'. (https://learn.microsoft.com/dotnet/fundamentals/code-analysis/quality-rules/ca1305) [/home/runner/work/trading-bot-c-/trading-bot-c-/src/IntelligenceStack/IntelligenceStack.csproj]
     1>/home/runner/work/trading-bot-c-/trading-bot-c-/src/IntelligenceStack/MAMLLiveIntegration.cs(261,13): error CA1031: Modify 'PerformPeriodicUpdate' to catch a more specific allowed exception type, or rethrow the exception (https://learn.microsoft.com/dotnet/fundamentals/code-analysis/quality-rules/ca1031) [/home/runner/work/trading-bot-c-/trading-bot-c-/src/IntelligenceStack/IntelligenceStack.csproj]
     1>/home/runner/work/trading-bot-c-/trading-bot-c-/src/IntelligenceStack/NightlyParameterTuner.cs(305,97): error CA1062: In externally visible method 'Task<OptimizationResult> NightlyParameterTuner.RunEvolutionarySearchAsync(TuningSession session, CancellationToken cancellationToken = default(CancellationToken))', validate parameter 'session' is non-null before using it. If appropriate, throw an 'ArgumentNullException' when the argument is 'null'. (https://learn.microsoft.com/dotnet/fundamentals/code-analysis/quality-rules/ca1062) [/home/runner/work/trading-bot-c-/trading-bot-c-/src/IntelligenceStack/IntelligenceStack.csproj]
     1>/home/runner/work/trading-bot-c-/trading-bot-c-/src/IntelligenceStack/NightlyParameterTuner.cs(415,74): error CA1869: Avoid creating a new 'JsonSerializerOptions' instance for every serialization operation. Cache and reuse instances instead. (https://learn.microsoft.com/dotnet/fundamentals/code-analysis/quality-rules/ca1869) [/home/runner/work/trading-bot-c-/trading-bot-c-/src/IntelligenceStack/IntelligenceStack.csproj]
     1>/home/runner/work/trading-bot-c-/trading-bot-c-/src/IntelligenceStack/NightlyParameterTuner.cs(418,13): error CA1848: For improved performance, use the LoggerMessage delegates instead of calling 'LoggerExtensions.LogInformation(ILogger, string?, params object?[])' (https://learn.microsoft.com/dotnet/fundamentals/code-analysis/quality-rules/ca1848) [/home/runner/work/trading-bot-c-/trading-bot-c-/src/IntelligenceStack/IntelligenceStack.csproj]
     1>/home/runner/work/trading-bot-c-/trading-bot-c-/src/IntelligenceStack/NightlyParameterTuner.cs(466,20): error AsyncFixer02: await should be used instead of GetIntelligentDefaultsAsync(modelFamily, cancellationToken). (https://github.com/semihokur/AsyncFixer) [/home/runner/work/trading-bot-c-/trading-bot-c-/src/IntelligenceStack/IntelligenceStack.csproj]
     1>/home/runner/work/trading-bot-c-/trading-bot-c-/src/IntelligenceStack/NightlyParameterTuner.cs(446,5): error AsyncFixer01: The method 'GetBaselineParametersAsync' does not need to use async/await. (https://github.com/semihokur/AsyncFixer) [/home/runner/work/trading-bot-c-/trading-bot-c-/src/IntelligenceStack/IntelligenceStack.csproj]
     1>/home/runner/work/trading-bot-c-/trading-bot-c-/src/IntelligenceStack/NightlyParameterTuner.cs(466,20): error CA1849: 'Task<TResult>.Result' synchronously blocks. Use await instead. (https://learn.microsoft.com/dotnet/fundamentals/code-analysis/quality-rules/ca1849) [/home/runner/work/trading-bot-c-/trading-bot-c-/src/IntelligenceStack/IntelligenceStack.csproj]
     1>/home/runner/work/trading-bot-c-/trading-bot-c-/src/IntelligenceStack/MAMLLiveIntegration.cs(303,5): error AsyncFixer01: The method 'PerformInnerLoopAdaptationAsync' does not need to use async/await. (https://github.com/semihokur/AsyncFixer) [/home/runner/work/trading-bot-c-/trading-bot-c-/src/IntelligenceStack/IntelligenceStack.csproj]
     1>/home/runner/work/trading-bot-c-/trading-bot-c-/src/IntelligenceStack/MAMLLiveIntegration.cs(312,30): error S109: Assign this magic number '20' to a well-named variable or constant, and use that instead. (https://rules.sonarsource.com/csharp/RSPEC-109) [/home/runner/work/trading-bot-c-/trading-bot-c-/src/IntelligenceStack/IntelligenceStack.csproj]
     1>/home/runner/work/trading-bot-c-/trading-bot-c-/src/IntelligenceStack/NightlyParameterTuner.cs(472,5): error AsyncFixer01: The method 'LoadHistoricalBestParametersAsync' does not need to use async/await. (https://github.com/semihokur/AsyncFixer) [/home/runner/work/trading-bot-c-/trading-bot-c-/src/IntelligenceStack/IntelligenceStack.csproj]
     1>/home/runner/work/trading-bot-c-/trading-bot-c-/src/IntelligenceStack/LineageTrackingSystem.cs(58,13): error CA1848: For improved performance, use the LoggerMessage delegates instead of calling 'LoggerExtensions.LogInformation(ILogger, string?, params object?[])' (https://learn.microsoft.com/dotnet/fundamentals/code-analysis/quality-rules/ca1848) [/home/runner/work/trading-bot-c-/trading-bot-c-/src/IntelligenceStack/IntelligenceStack.csproj]
     1>/home/runner/work/trading-bot-c-/trading-bot-c-/src/IntelligenceStack/LineageTrackingSystem.cs(96,13): error CA1848: For improved performance, use the LoggerMessage delegates instead of calling 'LoggerExtensions.LogInformation(ILogger, string?, params object?[])' (https://learn.microsoft.com/dotnet/fundamentals/code-analysis/quality-rules/ca1848) [/home/runner/work/trading-bot-c-/trading-bot-c-/src/IntelligenceStack/IntelligenceStack.csproj]
     1>/home/runner/work/trading-bot-c-/trading-bot-c-/src/IntelligenceStack/LineageTrackingSystem.cs(103,13): error CA1848: For improved performance, use the LoggerMessage delegates instead of calling 'LoggerExtensions.LogError(ILogger, Exception?, string?, params object?[])' (https://learn.microsoft.com/dotnet/fundamentals/code-analysis/quality-rules/ca1848) [/home/runner/work/trading-bot-c-/trading-bot-c-/src/IntelligenceStack/IntelligenceStack.csproj]
     1>/home/runner/work/trading-bot-c-/trading-bot-c-/src/IntelligenceStack/ObservabilityDashboard.cs(594,19): error AsyncFixer03: Avoid unsupported fire-and-forget async-void methods or delegates. Unhandled exceptions will crash the process. (https://github.com/semihokur/AsyncFixer) [/home/runner/work/trading-bot-c-/trading-bot-c-/src/IntelligenceStack/IntelligenceStack.csproj]
     1>/home/runner/work/trading-bot-c-/trading-bot-c-/src/IntelligenceStack/ObservabilityDashboard.cs(591,9): error CA1848: For improved performance, use the LoggerMessage delegates instead of calling 'LoggerExtensions.LogInformation(ILogger, string?, params object?[])' (https://learn.microsoft.com/dotnet/fundamentals/code-analysis/quality-rules/ca1848) [/home/runner/work/trading-bot-c-/trading-bot-c-/src/IntelligenceStack/IntelligenceStack.csproj]
     1>/home/runner/work/trading-bot-c-/trading-bot-c-/src/IntelligenceStack/ObservabilityDashboard.cs(603,13): error CA1848: For improved performance, use the LoggerMessage delegates instead of calling 'LoggerExtensions.LogError(ILogger, Exception?, string?, params object?[])' (https://learn.microsoft.com/dotnet/fundamentals/code-analysis/quality-rules/ca1848) [/home/runner/work/trading-bot-c-/trading-bot-c-/src/IntelligenceStack/IntelligenceStack.csproj]
     1>/home/runner/work/trading-bot-c-/trading-bot-c-/src/IntelligenceStack/ObservabilityDashboard.cs(601,9): error CA1031: Modify 'UpdateDashboardData' to catch a more specific allowed exception type, or rethrow the exception (https://learn.microsoft.com/dotnet/fundamentals/code-analysis/quality-rules/ca1031) [/home/runner/work/trading-bot-c-/trading-bot-c-/src/IntelligenceStack/IntelligenceStack.csproj]
     1>/home/runner/work/trading-bot-c-/trading-bot-c-/src/IntelligenceStack/MAMLLiveIntegration.cs(347,5): error AsyncFixer01: The method 'ValidateAdaptationAsync' does not need to use async/await. (https://github.com/semihokur/AsyncFixer) [/home/runner/work/trading-bot-c-/trading-bot-c-/src/IntelligenceStack/IntelligenceStack.csproj]
     1>/home/runner/work/trading-bot-c-/trading-bot-c-/src/IntelligenceStack/MAMLLiveIntegration.cs(355,41): error S109: Assign this magic number '0.1' to a well-named variable or constant, and use that instead. (https://rules.sonarsource.com/csharp/RSPEC-109) [/home/runner/work/trading-bot-c-/trading-bot-c-/src/IntelligenceStack/IntelligenceStack.csproj]
     1>/home/runner/work/trading-bot-c-/trading-bot-c-/src/IntelligenceStack/MAMLLiveIntegration.cs(362,29): error S109: Assign this magic number '0.5' to a well-named variable or constant, and use that instead. (https://rules.sonarsource.com/csharp/RSPEC-109) [/home/runner/work/trading-bot-c-/trading-bot-c-/src/IntelligenceStack/IntelligenceStack.csproj]
     1>/home/runner/work/trading-bot-c-/trading-bot-c-/src/IntelligenceStack/LineageTrackingSystem.cs(168,13): error CA1848: For improved performance, use the LoggerMessage delegates instead of calling 'LoggerExtensions.LogDebug(ILogger, string?, params object?[])' (https://learn.microsoft.com/dotnet/fundamentals/code-analysis/quality-rules/ca1848) [/home/runner/work/trading-bot-c-/trading-bot-c-/src/IntelligenceStack/IntelligenceStack.csproj]
     1>/home/runner/work/trading-bot-c-/trading-bot-c-/src/IntelligenceStack/LineageTrackingSystem.cs(175,13): error CA1848: For improved performance, use the LoggerMessage delegates instead of calling 'LoggerExtensions.LogError(ILogger, Exception?, string?, params object?[])' (https://learn.microsoft.com/dotnet/fundamentals/code-analysis/quality-rules/ca1848) [/home/runner/work/trading-bot-c-/trading-bot-c-/src/IntelligenceStack/IntelligenceStack.csproj]
     1>/home/runner/work/trading-bot-c-/trading-bot-c-/src/IntelligenceStack/LineageTrackingSystem.cs(207,9): error CA1848: For improved performance, use the LoggerMessage delegates instead of calling 'LoggerExtensions.LogInformation(ILogger, string?, params object?[])' (https://learn.microsoft.com/dotnet/fundamentals/code-analysis/quality-rules/ca1848) [/home/runner/work/trading-bot-c-/trading-bot-c-/src/IntelligenceStack/IntelligenceStack.csproj]
     1>/home/runner/work/trading-bot-c-/trading-bot-c-/src/IntelligenceStack/LineageTrackingSystem.cs(217,22): error CA1002: Change 'List<string>' in 'LineageTrackingSystem.TrackFeatureStoreUpdateAsync(string, string, List<string>, [CancellationToken])' to use 'Collection<T>', 'ReadOnlyCollection<T>' or 'KeyedCollection<K,V>' (https://learn.microsoft.com/dotnet/fundamentals/code-analysis/quality-rules/ca1002) [/home/runner/work/trading-bot-c-/trading-bot-c-/src/IntelligenceStack/IntelligenceStack.csproj]
     1>/home/runner/work/trading-bot-c-/trading-bot-c-/src/IntelligenceStack/LineageTrackingSystem.cs(237,9): error CA1848: For improved performance, use the LoggerMessage delegates instead of calling 'LoggerExtensions.LogInformation(ILogger, string?, params object?[])' (https://learn.microsoft.com/dotnet/fundamentals/code-analysis/quality-rules/ca1848) [/home/runner/work/trading-bot-c-/trading-bot-c-/src/IntelligenceStack/IntelligenceStack.csproj]
     1>/home/runner/work/trading-bot-c-/trading-bot-c-/src/IntelligenceStack/LineageTrackingSystem.cs(233,57): error CA1062: In externally visible method 'Task LineageTrackingSystem.TrackFeatureStoreUpdateAsync(string fromVersion, string toVersion, List<string> changedFeatures, CancellationToken cancellationToken = default(CancellationToken))', validate parameter 'changedFeatures' is non-null before using it. If appropriate, throw an 'ArgumentNullException' when the argument is 'null'. (https://learn.microsoft.com/dotnet/fundamentals/code-analysis/quality-rules/ca1062) [/home/runner/work/trading-bot-c-/trading-bot-c-/src/IntelligenceStack/IntelligenceStack.csproj]
     1>/home/runner/work/trading-bot-c-/trading-bot-c-/src/IntelligenceStack/LineageTrackingSystem.cs(122,78): error CA1062: In externally visible method 'Task<LineageStamp> LineageTrackingSystem.StampDecisionAsync(string decisionId, IntelligenceDecision decision, CancellationToken cancellationToken = default(CancellationToken))', validate parameter 'decision' is non-null before using it. If appropriate, throw an 'ArgumentNullException' when the argument is 'null'. (https://learn.microsoft.com/dotnet/fundamentals/code-analysis/quality-rules/ca1062) [/home/runner/work/trading-bot-c-/trading-bot-c-/src/IntelligenceStack/IntelligenceStack.csproj]
     1>/home/runner/work/trading-bot-c-/trading-bot-c-/src/IntelligenceStack/LineageTrackingSystem.cs(267,9): error CA1848: For improved performance, use the LoggerMessage delegates instead of calling 'LoggerExtensions.LogInformation(ILogger, string?, params object?[])' (https://learn.microsoft.com/dotnet/fundamentals/code-analysis/quality-rules/ca1848) [/home/runner/work/trading-bot-c-/trading-bot-c-/src/IntelligenceStack/IntelligenceStack.csproj]
     1>/home/runner/work/trading-bot-c-/trading-bot-c-/src/IntelligenceStack/NightlyParameterTuner.cs(489,5): error AsyncFixer01: The method 'LoadParametersFromRegistryAsync' does not need to use async/await. (https://github.com/semihokur/AsyncFixer) [/home/runner/work/trading-bot-c-/trading-bot-c-/src/IntelligenceStack/IntelligenceStack.csproj]
     1>/home/runner/work/trading-bot-c-/trading-bot-c-/src/IntelligenceStack/NightlyParameterTuner.cs(503,25): error S1066: Merge this if statement with the enclosing one. (https://rules.sonarsource.com/csharp/RSPEC-1066) [/home/runner/work/trading-bot-c-/trading-bot-c-/src/IntelligenceStack/IntelligenceStack.csproj]
     1>/home/runner/work/trading-bot-c-/trading-bot-c-/src/IntelligenceStack/ObservabilityDashboard.cs(640,24): error S1541: The Cyclomatic Complexity of this method is 13 which is greater than 10 authorized. (https://rules.sonarsource.com/csharp/RSPEC-1541) [/home/runner/work/trading-bot-c-/trading-bot-c-/src/IntelligenceStack/IntelligenceStack.csproj]
     1>/home/runner/work/trading-bot-c-/trading-bot-c-/src/IntelligenceStack/NightlyParameterTuner.cs(512,17): error CA1848: For improved performance, use the LoggerMessage delegates instead of calling 'LoggerExtensions.LogWarning(ILogger, Exception?, string?, params object?[])' (https://learn.microsoft.com/dotnet/fundamentals/code-analysis/quality-rules/ca1848) [/home/runner/work/trading-bot-c-/trading-bot-c-/src/IntelligenceStack/IntelligenceStack.csproj]
     1>/home/runner/work/trading-bot-c-/trading-bot-c-/src/IntelligenceStack/NightlyParameterTuner.cs(510,13): error CA1031: Modify 'LoadParametersFromRegistryAsync' to catch a more specific allowed exception type, or rethrow the exception (https://learn.microsoft.com/dotnet/fundamentals/code-analysis/quality-rules/ca1031) [/home/runner/work/trading-bot-c-/trading-bot-c-/src/IntelligenceStack/IntelligenceStack.csproj]
     1>/home/runner/work/trading-bot-c-/trading-bot-c-/src/IntelligenceStack/ObservabilityDashboard.cs(646,60): error CA1869: Avoid creating a new 'JsonSerializerOptions' instance for every serialization operation. Cache and reuse instances instead. (https://learn.microsoft.com/dotnet/fundamentals/code-analysis/quality-rules/ca1869) [/home/runner/work/trading-bot-c-/trading-bot-c-/src/IntelligenceStack/IntelligenceStack.csproj]
     1>/home/runner/work/trading-bot-c-/trading-bot-c-/src/IntelligenceStack/ObservabilityDashboard.cs(662,61): error CA1869: Avoid creating a new 'JsonSerializerOptions' instance for every serialization operation. Cache and reuse instances instead. (https://learn.microsoft.com/dotnet/fundamentals/code-analysis/quality-rules/ca1869) [/home/runner/work/trading-bot-c-/trading-bot-c-/src/IntelligenceStack/IntelligenceStack.csproj]
     1>/home/runner/work/trading-bot-c-/trading-bot-c-/src/IntelligenceStack/ObservabilityDashboard.cs(670,18): error CA1854: Prefer a 'TryGetValue' call over a Dictionary indexer access guarded by a 'ContainsKey' check to avoid double lookup (https://learn.microsoft.com/dotnet/fundamentals/code-analysis/quality-rules/ca1854) [/home/runner/work/trading-bot-c-/trading-bot-c-/src/IntelligenceStack/IntelligenceStack.csproj]
     1>/home/runner/work/trading-bot-c-/trading-bot-c-/src/IntelligenceStack/LineageTrackingSystem.cs(315,13): error CA1848: For improved performance, use the LoggerMessage delegates instead of calling 'LoggerExtensions.LogError(ILogger, Exception?, string?, params object?[])' (https://learn.microsoft.com/dotnet/fundamentals/code-analysis/quality-rules/ca1848) [/home/runner/work/trading-bot-c-/trading-bot-c-/src/IntelligenceStack/IntelligenceStack.csproj]
     1>/home/runner/work/trading-bot-c-/trading-bot-c-/src/IntelligenceStack/NightlyParameterTuner.cs(518,5): error AsyncFixer01: The method 'GetIntelligentDefaultsAsync' does not need to use async/await. (https://github.com/semihokur/AsyncFixer) [/home/runner/work/trading-bot-c-/trading-bot-c-/src/IntelligenceStack/IntelligenceStack.csproj]
     1>/home/runner/work/trading-bot-c-/trading-bot-c-/src/IntelligenceStack/NightlyParameterTuner.cs(563,93): error S3358: Extract this nested ternary operation into an independent statement. (https://rules.sonarsource.com/csharp/RSPEC-3358) [/home/runner/work/trading-bot-c-/trading-bot-c-/src/IntelligenceStack/IntelligenceStack.csproj]
     1>/home/runner/work/trading-bot-c-/trading-bot-c-/src/IntelligenceStack/NightlyParameterTuner.cs(566,88): error S3358: Extract this nested ternary operation into an independent statement. (https://rules.sonarsource.com/csharp/RSPEC-3358) [/home/runner/work/trading-bot-c-/trading-bot-c-/src/IntelligenceStack/IntelligenceStack.csproj]
     1>/home/runner/work/trading-bot-c-/trading-bot-c-/src/IntelligenceStack/NightlyParameterTuner.cs(569,84): error S3358: Extract this nested ternary operation into an independent statement. (https://rules.sonarsource.com/csharp/RSPEC-3358) [/home/runner/work/trading-bot-c-/trading-bot-c-/src/IntelligenceStack/IntelligenceStack.csproj]
     1>/home/runner/work/trading-bot-c-/trading-bot-c-/src/IntelligenceStack/NightlyParameterTuner.cs(574,26): error S109: Assign this magic number '100' to a well-named variable or constant, and use that instead. (https://rules.sonarsource.com/csharp/RSPEC-109) [/home/runner/work/trading-bot-c-/trading-bot-c-/src/IntelligenceStack/IntelligenceStack.csproj]
     1>/home/runner/work/trading-bot-c-/trading-bot-c-/src/IntelligenceStack/NightlyParameterTuner.cs(580,19): error S109: Assign this magic number '0.05' to a well-named variable or constant, and use that instead. (https://rules.sonarsource.com/csharp/RSPEC-109) [/home/runner/work/trading-bot-c-/trading-bot-c-/src/IntelligenceStack/IntelligenceStack.csproj]
     1>/home/runner/work/trading-bot-c-/trading-bot-c-/src/IntelligenceStack/NightlyParameterTuner.cs(580,45): error S109: Assign this magic number '0.1' to a well-named variable or constant, and use that instead. (https://rules.sonarsource.com/csharp/RSPEC-109) [/home/runner/work/trading-bot-c-/trading-bot-c-/src/IntelligenceStack/IntelligenceStack.csproj]
     1>/home/runner/work/trading-bot-c-/trading-bot-c-/src/IntelligenceStack/NightlyParameterTuner.cs(581,36): error S109: Assign this magic number '8' to a well-named variable or constant, and use that instead. (https://rules.sonarsource.com/csharp/RSPEC-109) [/home/runner/work/trading-bot-c-/trading-bot-c-/src/IntelligenceStack/IntelligenceStack.csproj]
     1>/home/runner/work/trading-bot-c-/trading-bot-c-/src/IntelligenceStack/NightlyParameterTuner.cs(582,26): error S109: Assign this magic number '10000' to a well-named variable or constant, and use that instead. (https://rules.sonarsource.com/csharp/RSPEC-109) [/home/runner/work/trading-bot-c-/trading-bot-c-/src/IntelligenceStack/IntelligenceStack.csproj]
     1>/home/runner/work/trading-bot-c-/trading-bot-c-/src/IntelligenceStack/NightlyParameterTuner.cs(550,9): error S1172: Remove this unused method parameter 'modelFamily'. (https://rules.sonarsource.com/csharp/RSPEC-1172) [/home/runner/work/trading-bot-c-/trading-bot-c-/src/IntelligenceStack/IntelligenceStack.csproj]
     1>/home/runner/work/trading-bot-c-/trading-bot-c-/src/IntelligenceStack/MAMLLiveIntegration.cs(392,5): error AsyncFixer01: The method 'ShouldRollbackAsync' does not need to use async/await. (https://github.com/semihokur/AsyncFixer) [/home/runner/work/trading-bot-c-/trading-bot-c-/src/IntelligenceStack/IntelligenceStack.csproj]
     1>/home/runner/work/trading-bot-c-/trading-bot-c-/src/IntelligenceStack/MAMLLiveIntegration.cs(394,9): error S1172: Remove this unused method parameter 'step'. (https://rules.sonarsource.com/csharp/RSPEC-1172) [/home/runner/work/trading-bot-c-/trading-bot-c-/src/IntelligenceStack/IntelligenceStack.csproj]
     1>/home/runner/work/trading-bot-c-/trading-bot-c-/src/IntelligenceStack/MAMLLiveIntegration.cs(422,5): error AsyncFixer01: The method 'PerformRollbackAsync' does not need to use async/await. (https://github.com/semihokur/AsyncFixer) [/home/runner/work/trading-bot-c-/trading-bot-c-/src/IntelligenceStack/IntelligenceStack.csproj]
     1>/home/runner/work/trading-bot-c-/trading-bot-c-/src/IntelligenceStack/ObservabilityDashboard.cs(764,25): error S109: Assign this magic number '0.8' to a well-named variable or constant, and use that instead. (https://rules.sonarsource.com/csharp/RSPEC-109) [/home/runner/work/trading-bot-c-/trading-bot-c-/src/IntelligenceStack/IntelligenceStack.csproj]
     1>/home/runner/work/trading-bot-c-/trading-bot-c-/src/IntelligenceStack/ObservabilityDashboard.cs(764,42): error S109: Assign this magic number '1.2' to a well-named variable or constant, and use that instead. (https://rules.sonarsource.com/csharp/RSPEC-109) [/home/runner/work/trading-bot-c-/trading-bot-c-/src/IntelligenceStack/IntelligenceStack.csproj]
     1>/home/runner/work/trading-bot-c-/trading-bot-c-/src/IntelligenceStack/ObservabilityDashboard.cs(764,59): error S109: Assign this magic number '1.5' to a well-named variable or constant, and use that instead. (https://rules.sonarsource.com/csharp/RSPEC-109) [/home/runner/work/trading-bot-c-/trading-bot-c-/src/IntelligenceStack/IntelligenceStack.csproj]
     1>/home/runner/work/trading-bot-c-/trading-bot-c-/src/IntelligenceStack/ObservabilityDashboard.cs(764,76): error S109: Assign this magic number '1.1' to a well-named variable or constant, and use that instead. (https://rules.sonarsource.com/csharp/RSPEC-109) [/home/runner/work/trading-bot-c-/trading-bot-c-/src/IntelligenceStack/IntelligenceStack.csproj]
     1>/home/runner/work/trading-bot-c-/trading-bot-c-/src/IntelligenceStack/ObservabilityDashboard.cs(773,23): error S109: Assign this magic number '0.5' to a well-named variable or constant, and use that instead. (https://rules.sonarsource.com/csharp/RSPEC-109) [/home/runner/work/trading-bot-c-/trading-bot-c-/src/IntelligenceStack/IntelligenceStack.csproj]
     1>/home/runner/work/trading-bot-c-/trading-bot-c-/src/IntelligenceStack/ObservabilityDashboard.cs(773,57): error S109: Assign this magic number '2' to a well-named variable or constant, and use that instead. (https://rules.sonarsource.com/csharp/RSPEC-109) [/home/runner/work/trading-bot-c-/trading-bot-c-/src/IntelligenceStack/IntelligenceStack.csproj]
     1>/home/runner/work/trading-bot-c-/trading-bot-c-/src/IntelligenceStack/ObservabilityDashboard.cs(773,76): error S109: Assign this magic number '4' to a well-named variable or constant, and use that instead. (https://rules.sonarsource.com/csharp/RSPEC-109) [/home/runner/work/trading-bot-c-/trading-bot-c-/src/IntelligenceStack/IntelligenceStack.csproj]
     1>/home/runner/work/trading-bot-c-/trading-bot-c-/src/IntelligenceStack/ObservabilityDashboard.cs(759,70): error S1172: Remove this unused method parameter 'metricName'. (https://rules.sonarsource.com/csharp/RSPEC-1172) [/home/runner/work/trading-bot-c-/trading-bot-c-/src/IntelligenceStack/IntelligenceStack.csproj]
     1>/home/runner/work/trading-bot-c-/trading-bot-c-/src/IntelligenceStack/ObservabilityDashboard.cs(768,71): error S1172: Remove this unused method parameter 'metricName'. (https://rules.sonarsource.com/csharp/RSPEC-1172) [/home/runner/work/trading-bot-c-/trading-bot-c-/src/IntelligenceStack/IntelligenceStack.csproj]
     1>/home/runner/work/trading-bot-c-/trading-bot-c-/src/IntelligenceStack/MAMLLiveIntegration.cs(439,13): error CA1848: For improved performance, use the LoggerMessage delegates instead of calling 'LoggerExtensions.LogWarning(ILogger, string?, params object?[])' (https://learn.microsoft.com/dotnet/fundamentals/code-analysis/quality-rules/ca1848) [/home/runner/work/trading-bot-c-/trading-bot-c-/src/IntelligenceStack/IntelligenceStack.csproj]
     1>/home/runner/work/trading-bot-c-/trading-bot-c-/src/IntelligenceStack/NightlyParameterTuner.cs(594,25): error S109: Assign this magic number '5' to a well-named variable or constant, and use that instead. (https://rules.sonarsource.com/csharp/RSPEC-109) [/home/runner/work/trading-bot-c-/trading-bot-c-/src/IntelligenceStack/IntelligenceStack.csproj]
     1>/home/runner/work/trading-bot-c-/trading-bot-c-/src/IntelligenceStack/ObservabilityDashboard.cs(45,26): error CA1823: Unused field 'SpreadMultiplierThreshold' (https://learn.microsoft.com/dotnet/fundamentals/code-analysis/quality-rules/ca1823) [/home/runner/work/trading-bot-c-/trading-bot-c-/src/IntelligenceStack/IntelligenceStack.csproj]
     1>/home/runner/work/trading-bot-c-/trading-bot-c-/src/IntelligenceStack/ObservabilityDashboard.cs(55,23): error CA1823: Unused field 'DefaultModelCount' (https://learn.microsoft.com/dotnet/fundamentals/code-analysis/quality-rules/ca1823) [/home/runner/work/trading-bot-c-/trading-bot-c-/src/IntelligenceStack/IntelligenceStack.csproj]
     1>/home/runner/work/trading-bot-c-/trading-bot-c-/src/IntelligenceStack/ObservabilityDashboard.cs(56,23): error CA1823: Unused field 'DefaultLatencyValue' (https://learn.microsoft.com/dotnet/fundamentals/code-analysis/quality-rules/ca1823) [/home/runner/work/trading-bot-c-/trading-bot-c-/src/IntelligenceStack/IntelligenceStack.csproj]
     1>/home/runner/work/trading-bot-c-/trading-bot-c-/src/IntelligenceStack/ObservabilityDashboard.cs(303,42): error CA1822: Member 'GetSlippageVsSpreadAsync' does not access instance data and can be marked as static (https://learn.microsoft.com/dotnet/fundamentals/code-analysis/quality-rules/ca1822) [/home/runner/work/trading-bot-c-/trading-bot-c-/src/IntelligenceStack/IntelligenceStack.csproj]
     1>/home/runner/work/trading-bot-c-/trading-bot-c-/src/IntelligenceStack/NightlyParameterTuner.cs(609,48): error S6608: Indexing at 0 should be used instead of the "Enumerable" extension method "First" (https://rules.sonarsource.com/csharp/RSPEC-6608) [/home/runner/work/trading-bot-c-/trading-bot-c-/src/IntelligenceStack/IntelligenceStack.csproj]
     1>/home/runner/work/trading-bot-c-/trading-bot-c-/src/IntelligenceStack/MAMLLiveIntegration.cs(487,5): error AsyncFixer01: The method 'UpdateEnsembleWeightsAsync' does not need to use async/await. (https://github.com/semihokur/AsyncFixer) [/home/runner/work/trading-bot-c-/trading-bot-c-/src/IntelligenceStack/IntelligenceStack.csproj]
     1>/home/runner/work/trading-bot-c-/trading-bot-c-/src/IntelligenceStack/MAMLLiveIntegration.cs(443,5): error AsyncFixer01: The method 'ApplyAdaptationAsync' does not need to use async/await. (https://github.com/semihokur/AsyncFixer) [/home/runner/work/trading-bot-c-/trading-bot-c-/src/IntelligenceStack/IntelligenceStack.csproj]
     1>/home/runner/work/trading-bot-c-/trading-bot-c-/src/IntelligenceStack/MAMLLiveIntegration.cs(489,9): error S1172: Remove this unused method parameter 'step'. (https://rules.sonarsource.com/csharp/RSPEC-1172) [/home/runner/work/trading-bot-c-/trading-bot-c-/src/IntelligenceStack/IntelligenceStack.csproj]
     1>/home/runner/work/trading-bot-c-/trading-bot-c-/src/IntelligenceStack/MAMLLiveIntegration.cs(461,67): error S109: Assign this magic number '0.1' to a well-named variable or constant, and use that instead. (https://rules.sonarsource.com/csharp/RSPEC-109) [/home/runner/work/trading-bot-c-/trading-bot-c-/src/IntelligenceStack/IntelligenceStack.csproj]
     1>/home/runner/work/trading-bot-c-/trading-bot-c-/src/IntelligenceStack/MAMLLiveIntegration.cs(461,81): error S109: Assign this magic number '2' to a well-named variable or constant, and use that instead. (https://rules.sonarsource.com/csharp/RSPEC-109) [/home/runner/work/trading-bot-c-/trading-bot-c-/src/IntelligenceStack/IntelligenceStack.csproj]
     1>/home/runner/work/trading-bot-c-/trading-bot-c-/src/IntelligenceStack/MAMLLiveIntegration.cs(479,70): error S109: Assign this magic number '100' to a well-named variable or constant, and use that instead. (https://rules.sonarsource.com/csharp/RSPEC-109) [/home/runner/work/trading-bot-c-/trading-bot-c-/src/IntelligenceStack/IntelligenceStack.csproj]
     1>/home/runner/work/trading-bot-c-/trading-bot-c-/src/IntelligenceStack/MAMLLiveIntegration.cs(471,22): error CA1854: Prefer a 'TryGetValue' call over a Dictionary indexer access guarded by a 'ContainsKey' check to avoid double lookup (https://learn.microsoft.com/dotnet/fundamentals/code-analysis/quality-rules/ca1854) [/home/runner/work/trading-bot-c-/trading-bot-c-/src/IntelligenceStack/IntelligenceStack.csproj]
     1>/home/runner/work/trading-bot-c-/trading-bot-c-/src/IntelligenceStack/LineageTrackingSystem.cs(384,17): error CA1848: For improved performance, use the LoggerMessage delegates instead of calling 'LoggerExtensions.LogWarning(ILogger, Exception?, string?, params object?[])' (https://learn.microsoft.com/dotnet/fundamentals/code-analysis/quality-rules/ca1848) [/home/runner/work/trading-bot-c-/trading-bot-c-/src/IntelligenceStack/IntelligenceStack.csproj]
     1>/home/runner/work/trading-bot-c-/trading-bot-c-/src/IntelligenceStack/LineageTrackingSystem.cs(382,13): error CA1031: Modify 'GetCurrentModelVersionsAsync' to catch a more specific allowed exception type, or rethrow the exception (https://learn.microsoft.com/dotnet/fundamentals/code-analysis/quality-rules/ca1031) [/home/runner/work/trading-bot-c-/trading-bot-c-/src/IntelligenceStack/IntelligenceStack.csproj]
     1>/home/runner/work/trading-bot-c-/trading-bot-c-/src/IntelligenceStack/LineageTrackingSystem.cs(401,13): error CA1848: For improved performance, use the LoggerMessage delegates instead of calling 'LoggerExtensions.LogWarning(ILogger, Exception?, string?, params object?[])' (https://learn.microsoft.com/dotnet/fundamentals/code-analysis/quality-rules/ca1848) [/home/runner/work/trading-bot-c-/trading-bot-c-/src/IntelligenceStack/IntelligenceStack.csproj]
     1>/home/runner/work/trading-bot-c-/trading-bot-c-/src/IntelligenceStack/LineageTrackingSystem.cs(399,9): error CA1031: Modify 'GetCurrentFeatureStoreVersionAsync' to catch a more specific allowed exception type, or rethrow the exception (https://learn.microsoft.com/dotnet/fundamentals/code-analysis/quality-rules/ca1031) [/home/runner/work/trading-bot-c-/trading-bot-c-/src/IntelligenceStack/IntelligenceStack.csproj]
     1>/home/runner/work/trading-bot-c-/trading-bot-c-/src/IntelligenceStack/MAMLLiveIntegration.cs(557,26): error CA1307: 'string.Contains(string)' has a method overload that takes a 'StringComparison' parameter. Replace this call in 'TradingBot.IntelligenceStack.MamlLiveIntegration.GetStrategyPrediction(TradingBot.IntelligenceStack.TrainingExample, string)' with a call to 'string.Contains(string, System.StringComparison)' for clarity of intent. (https://learn.microsoft.com/dotnet/fundamentals/code-analysis/quality-rules/ca1307) [/home/runner/work/trading-bot-c-/trading-bot-c-/src/IntelligenceStack/IntelligenceStack.csproj]
     1>/home/runner/work/trading-bot-c-/trading-bot-c-/src/IntelligenceStack/MAMLLiveIntegration.cs(558,26): error CA1307: 'string.Contains(string)' has a method overload that takes a 'StringComparison' parameter. Replace this call in 'TradingBot.IntelligenceStack.MamlLiveIntegration.GetStrategyPrediction(TradingBot.IntelligenceStack.TrainingExample, string)' with a call to 'string.Contains(string, System.StringComparison)' for clarity of intent. (https://learn.microsoft.com/dotnet/fundamentals/code-analysis/quality-rules/ca1307) [/home/runner/work/trading-bot-c-/trading-bot-c-/src/IntelligenceStack/IntelligenceStack.csproj]
     1>/home/runner/work/trading-bot-c-/trading-bot-c-/src/IntelligenceStack/LineageTrackingSystem.cs(447,44): error S109: Assign this magic number '16' to a well-named variable or constant, and use that instead. (https://rules.sonarsource.com/csharp/RSPEC-109) [/home/runner/work/trading-bot-c-/trading-bot-c-/src/IntelligenceStack/IntelligenceStack.csproj]
     1>/home/runner/work/trading-bot-c-/trading-bot-c-/src/IntelligenceStack/NightlyParameterTuner.cs(660,42): error S2325: Make 'EvolvePopulationAsync' a static method. (https://rules.sonarsource.com/csharp/RSPEC-2325) [/home/runner/work/trading-bot-c-/trading-bot-c-/src/IntelligenceStack/IntelligenceStack.csproj]
     1>/home/runner/work/trading-bot-c-/trading-bot-c-/src/IntelligenceStack/LineageTrackingSystem.cs(423,17): error CA1848: For improved performance, use the LoggerMessage delegates instead of calling 'LoggerExtensions.LogWarning(ILogger, Exception?, string?, params object?[])' (https://learn.microsoft.com/dotnet/fundamentals/code-analysis/quality-rules/ca1848) [/home/runner/work/trading-bot-c-/trading-bot-c-/src/IntelligenceStack/IntelligenceStack.csproj]
     1>/home/runner/work/trading-bot-c-/trading-bot-c-/src/IntelligenceStack/LineageTrackingSystem.cs(421,13): error CA1031: Modify 'GetCurrentCalibrationMapsAsync' to catch a more specific allowed exception type, or rethrow the exception (https://learn.microsoft.com/dotnet/fundamentals/code-analysis/quality-rules/ca1031) [/home/runner/work/trading-bot-c-/trading-bot-c-/src/IntelligenceStack/IntelligenceStack.csproj]
     1>/home/runner/work/trading-bot-c-/trading-bot-c-/src/IntelligenceStack/MAMLLiveIntegration.cs(572,13): error CA1848: For improved performance, use the LoggerMessage delegates instead of calling 'LoggerExtensions.LogDebug(ILogger, string?, params object?[])' (https://learn.microsoft.com/dotnet/fundamentals/code-analysis/quality-rules/ca1848) [/home/runner/work/trading-bot-c-/trading-bot-c-/src/IntelligenceStack/IntelligenceStack.csproj]
     1>/home/runner/work/trading-bot-c-/trading-bot-c-/src/IntelligenceStack/MAMLLiveIntegration.cs(580,17): error CA1848: For improved performance, use the LoggerMessage delegates instead of calling 'LoggerExtensions.LogInformation(ILogger, string?, params object?[])' (https://learn.microsoft.com/dotnet/fundamentals/code-analysis/quality-rules/ca1848) [/home/runner/work/trading-bot-c-/trading-bot-c-/src/IntelligenceStack/IntelligenceStack.csproj]
     1>/home/runner/work/trading-bot-c-/trading-bot-c-/src/IntelligenceStack/MAMLLiveIntegration.cs(589,17): error CA1848: For improved performance, use the LoggerMessage delegates instead of calling 'LoggerExtensions.LogInformation(ILogger, string?, params object?[])' (https://learn.microsoft.com/dotnet/fundamentals/code-analysis/quality-rules/ca1848) [/home/runner/work/trading-bot-c-/trading-bot-c-/src/IntelligenceStack/IntelligenceStack.csproj]
     1>/home/runner/work/trading-bot-c-/trading-bot-c-/src/IntelligenceStack/MAMLLiveIntegration.cs(594,13): error CA1848: For improved performance, use the LoggerMessage delegates instead of calling 'LoggerExtensions.LogWarning(ILogger, string?, params object?[])' (https://learn.microsoft.com/dotnet/fundamentals/code-analysis/quality-rules/ca1848) [/home/runner/work/trading-bot-c-/trading-bot-c-/src/IntelligenceStack/IntelligenceStack.csproj]
     1>/home/runner/work/trading-bot-c-/trading-bot-c-/src/IntelligenceStack/MAMLLiveIntegration.cs(600,13): error CA1848: For improved performance, use the LoggerMessage delegates instead of calling 'LoggerExtensions.LogError(ILogger, Exception?, string?, params object?[])' (https://learn.microsoft.com/dotnet/fundamentals/code-analysis/quality-rules/ca1848) [/home/runner/work/trading-bot-c-/trading-bot-c-/src/IntelligenceStack/IntelligenceStack.csproj]
     1>/home/runner/work/trading-bot-c-/trading-bot-c-/src/IntelligenceStack/LineageTrackingSystem.cs(446,20): error CA1850: Prefer static 'System.Security.Cryptography.SHA256.HashData' method over 'ComputeHash' (https://learn.microsoft.com/dotnet/fundamentals/code-analysis/quality-rules/ca1850) [/home/runner/work/trading-bot-c-/trading-bot-c-/src/IntelligenceStack/IntelligenceStack.csproj]
     1>/home/runner/work/trading-bot-c-/trading-bot-c-/src/IntelligenceStack/MAMLLiveIntegration.cs(598,9): error CA1031: Modify 'LoadRealTrainingExamplesAsync' to catch a more specific allowed exception type, or rethrow the exception (https://learn.microsoft.com/dotnet/fundamentals/code-analysis/quality-rules/ca1031) [/home/runner/work/trading-bot-c-/trading-bot-c-/src/IntelligenceStack/IntelligenceStack.csproj]
     1>/home/runner/work/trading-bot-c-/trading-bot-c-/src/IntelligenceStack/NightlyParameterTuner.cs(702,114): error S109: Assign this magic number '10000' to a well-named variable or constant, and use that instead. (https://rules.sonarsource.com/csharp/RSPEC-109) [/home/runner/work/trading-bot-c-/trading-bot-c-/src/IntelligenceStack/IntelligenceStack.csproj]
     1>/home/runner/work/trading-bot-c-/trading-bot-c-/src/IntelligenceStack/NightlyParameterTuner.cs(702,123): error S109: Assign this magic number '10000' to a well-named variable or constant, and use that instead. (https://rules.sonarsource.com/csharp/RSPEC-109) [/home/runner/work/trading-bot-c-/trading-bot-c-/src/IntelligenceStack/IntelligenceStack.csproj]
     1>/home/runner/work/trading-bot-c-/trading-bot-c-/src/IntelligenceStack/NightlyParameterTuner.cs(703,136): error S109: Assign this magic number '10000' to a well-named variable or constant, and use that instead. (https://rules.sonarsource.com/csharp/RSPEC-109) [/home/runner/work/trading-bot-c-/trading-bot-c-/src/IntelligenceStack/IntelligenceStack.csproj]
     1>/home/runner/work/trading-bot-c-/trading-bot-c-/src/IntelligenceStack/NightlyParameterTuner.cs(703,145): error S109: Assign this magic number '10000' to a well-named variable or constant, and use that instead. (https://rules.sonarsource.com/csharp/RSPEC-109) [/home/runner/work/trading-bot-c-/trading-bot-c-/src/IntelligenceStack/IntelligenceStack.csproj]
     1>/home/runner/work/trading-bot-c-/trading-bot-c-/src/IntelligenceStack/NightlyParameterTuner.cs(712,30): error S109: Assign this magic number '0.5' to a well-named variable or constant, and use that instead. (https://rules.sonarsource.com/csharp/RSPEC-109) [/home/runner/work/trading-bot-c-/trading-bot-c-/src/IntelligenceStack/IntelligenceStack.csproj]
     1>/home/runner/work/trading-bot-c-/trading-bot-c-/src/IntelligenceStack/NightlyParameterTuner.cs(712,54): error S109: Assign this magic number '0.2' to a well-named variable or constant, and use that instead. (https://rules.sonarsource.com/csharp/RSPEC-109) [/home/runner/work/trading-bot-c-/trading-bot-c-/src/IntelligenceStack/IntelligenceStack.csproj]
     1>/home/runner/work/trading-bot-c-/trading-bot-c-/src/IntelligenceStack/NightlyParameterTuner.cs(712,61): error S109: Assign this magic number '0.3' to a well-named variable or constant, and use that instead. (https://rules.sonarsource.com/csharp/RSPEC-109) [/home/runner/work/trading-bot-c-/trading-bot-c-/src/IntelligenceStack/IntelligenceStack.csproj]
     1>/home/runner/work/trading-bot-c-/trading-bot-c-/src/IntelligenceStack/NightlyParameterTuner.cs(712,86): error S109: Assign this magic number '10' to a well-named variable or constant, and use that instead. (https://rules.sonarsource.com/csharp/RSPEC-109) [/home/runner/work/trading-bot-c-/trading-bot-c-/src/IntelligenceStack/IntelligenceStack.csproj]
     1>/home/runner/work/trading-bot-c-/trading-bot-c-/src/IntelligenceStack/NightlyParameterTuner.cs(712,94): error S109: Assign this magic number '0.2' to a well-named variable or constant, and use that instead. (https://rules.sonarsource.com/csharp/RSPEC-109) [/home/runner/work/trading-bot-c-/trading-bot-c-/src/IntelligenceStack/IntelligenceStack.csproj]
     1>/home/runner/work/trading-bot-c-/trading-bot-c-/src/IntelligenceStack/MAMLLiveIntegration.cs(608,72): error S1172: Remove this unused method parameter 'regime'. (https://rules.sonarsource.com/csharp/RSPEC-1172) [/home/runner/work/trading-bot-c-/trading-bot-c-/src/IntelligenceStack/IntelligenceStack.csproj]
     1>/home/runner/work/trading-bot-c-/trading-bot-c-/src/IntelligenceStack/MAMLLiveIntegration.cs(608,91): error S1172: Remove this unused method parameter 'count'. (https://rules.sonarsource.com/csharp/RSPEC-1172) [/home/runner/work/trading-bot-c-/trading-bot-c-/src/IntelligenceStack/IntelligenceStack.csproj]
     1>/home/runner/work/trading-bot-c-/trading-bot-c-/src/IntelligenceStack/MAMLLiveIntegration.cs(608,102): error S1172: Remove this unused method parameter 'cancellationToken'. (https://rules.sonarsource.com/csharp/RSPEC-1172) [/home/runner/work/trading-bot-c-/trading-bot-c-/src/IntelligenceStack/IntelligenceStack.csproj]
     1>/home/runner/work/trading-bot-c-/trading-bot-c-/src/IntelligenceStack/MAMLLiveIntegration.cs(616,17): error CA1848: For improved performance, use the LoggerMessage delegates instead of calling 'LoggerExtensions.LogDebug(ILogger, string?, params object?[])' (https://learn.microsoft.com/dotnet/fundamentals/code-analysis/quality-rules/ca1848) [/home/runner/work/trading-bot-c-/trading-bot-c-/src/IntelligenceStack/IntelligenceStack.csproj]
     1>/home/runner/work/trading-bot-c-/trading-bot-c-/src/IntelligenceStack/MAMLLiveIntegration.cs(622,13): error CA1848: For improved performance, use the LoggerMessage delegates instead of calling 'LoggerExtensions.LogDebug(ILogger, string?, params object?[])' (https://learn.microsoft.com/dotnet/fundamentals/code-analysis/quality-rules/ca1848) [/home/runner/work/trading-bot-c-/trading-bot-c-/src/IntelligenceStack/IntelligenceStack.csproj]
     1>/home/runner/work/trading-bot-c-/trading-bot-c-/src/IntelligenceStack/MAMLLiveIntegration.cs(629,13): error CA1848: For improved performance, use the LoggerMessage delegates instead of calling 'LoggerExtensions.LogWarning(ILogger, Exception?, string?, params object?[])' (https://learn.microsoft.com/dotnet/fundamentals/code-analysis/quality-rules/ca1848) [/home/runner/work/trading-bot-c-/trading-bot-c-/src/IntelligenceStack/IntelligenceStack.csproj]
     1>/home/runner/work/trading-bot-c-/trading-bot-c-/src/IntelligenceStack/MAMLLiveIntegration.cs(637,94): error S1172: Remove this unused method parameter 'count'. (https://rules.sonarsource.com/csharp/RSPEC-1172) [/home/runner/work/trading-bot-c-/trading-bot-c-/src/IntelligenceStack/IntelligenceStack.csproj]
     1>/home/runner/work/trading-bot-c-/trading-bot-c-/src/IntelligenceStack/MAMLLiveIntegration.cs(637,105): error S1172: Remove this unused method parameter 'cancellationToken'. (https://rules.sonarsource.com/csharp/RSPEC-1172) [/home/runner/work/trading-bot-c-/trading-bot-c-/src/IntelligenceStack/IntelligenceStack.csproj]
     1>/home/runner/work/trading-bot-c-/trading-bot-c-/src/IntelligenceStack/MAMLLiveIntegration.cs(627,9): error CA1031: Modify 'LoadFromTradingHistoryDatabase' to catch a more specific allowed exception type, or rethrow the exception (https://learn.microsoft.com/dotnet/fundamentals/code-analysis/quality-rules/ca1031) [/home/runner/work/trading-bot-c-/trading-bot-c-/src/IntelligenceStack/IntelligenceStack.csproj]
     1>/home/runner/work/trading-bot-c-/trading-bot-c-/src/IntelligenceStack/LineageTrackingSystem.cs(499,13): error CA1848: For improved performance, use the LoggerMessage delegates instead of calling 'LoggerExtensions.LogWarning(ILogger, Exception?, string?, params object?[])' (https://learn.microsoft.com/dotnet/fundamentals/code-analysis/quality-rules/ca1848) [/home/runner/work/trading-bot-c-/trading-bot-c-/src/IntelligenceStack/IntelligenceStack.csproj]
     1>/home/runner/work/trading-bot-c-/trading-bot-c-/src/IntelligenceStack/MAMLLiveIntegration.cs(648,13): error CA1848: For improved performance, use the LoggerMessage delegates instead of calling 'LoggerExtensions.LogDebug(ILogger, string?, params object?[])' (https://learn.microsoft.com/dotnet/fundamentals/code-analysis/quality-rules/ca1848) [/home/runner/work/trading-bot-c-/trading-bot-c-/src/IntelligenceStack/IntelligenceStack.csproj]
     1>/home/runner/work/trading-bot-c-/trading-bot-c-/src/IntelligenceStack/MAMLLiveIntegration.cs(655,13): error CA1848: For improved performance, use the LoggerMessage delegates instead of calling 'LoggerExtensions.LogWarning(ILogger, Exception?, string?, params object?[])' (https://learn.microsoft.com/dotnet/fundamentals/code-analysis/quality-rules/ca1848) [/home/runner/work/trading-bot-c-/trading-bot-c-/src/IntelligenceStack/IntelligenceStack.csproj]
     1>/home/runner/work/trading-bot-c-/trading-bot-c-/src/IntelligenceStack/MAMLLiveIntegration.cs(653,9): error CA1031: Modify 'LoadFromExternalDataSources' to catch a more specific allowed exception type, or rethrow the exception (https://learn.microsoft.com/dotnet/fundamentals/code-analysis/quality-rules/ca1031) [/home/runner/work/trading-bot-c-/trading-bot-c-/src/IntelligenceStack/IntelligenceStack.csproj]
     1>/home/runner/work/trading-bot-c-/trading-bot-c-/src/IntelligenceStack/LineageTrackingSystem.cs(497,9): error CA1031: Modify 'GetModelVersionForDecisionAsync' to catch a more specific allowed exception type, or rethrow the exception (https://learn.microsoft.com/dotnet/fundamentals/code-analysis/quality-rules/ca1031) [/home/runner/work/trading-bot-c-/trading-bot-c-/src/IntelligenceStack/IntelligenceStack.csproj]
     1>/home/runner/work/trading-bot-c-/trading-bot-c-/src/IntelligenceStack/MAMLLiveIntegration.cs(17,14): error CA1001: Type 'MamlLiveIntegration' owns disposable field(s) '_updateTimer' but is not disposable (https://learn.microsoft.com/dotnet/fundamentals/code-analysis/quality-rules/ca1001) [/home/runner/work/trading-bot-c-/trading-bot-c-/src/IntelligenceStack/IntelligenceStack.csproj]
     1>/home/runner/work/trading-bot-c-/trading-bot-c-/src/IntelligenceStack/MAMLLiveIntegration.cs(35,23): error CA1823: Unused field 'MaxRecentExamples' (https://learn.microsoft.com/dotnet/fundamentals/code-analysis/quality-rules/ca1823) [/home/runner/work/trading-bot-c-/trading-bot-c-/src/IntelligenceStack/IntelligenceStack.csproj]
     1>/home/runner/work/trading-bot-c-/trading-bot-c-/src/IntelligenceStack/MAMLLiveIntegration.cs(36,26): error CA1823: Unused field 'DefaultLearningRate' (https://learn.microsoft.com/dotnet/fundamentals/code-analysis/quality-rules/ca1823) [/home/runner/work/trading-bot-c-/trading-bot-c-/src/IntelligenceStack/IntelligenceStack.csproj]
     1>/home/runner/work/trading-bot-c-/trading-bot-c-/src/IntelligenceStack/MAMLLiveIntegration.cs(37,26): error CA1823: Unused field 'HalfWeight' (https://learn.microsoft.com/dotnet/fundamentals/code-analysis/quality-rules/ca1823) [/home/runner/work/trading-bot-c-/trading-bot-c-/src/IntelligenceStack/IntelligenceStack.csproj]
     1>/home/runner/work/trading-bot-c-/trading-bot-c-/src/IntelligenceStack/MAMLLiveIntegration.cs(38,26): error CA1823: Unused field 'AdaptationMultiplier' (https://learn.microsoft.com/dotnet/fundamentals/code-analysis/quality-rules/ca1823) [/home/runner/work/trading-bot-c-/trading-bot-c-/src/IntelligenceStack/IntelligenceStack.csproj]
     1>/home/runner/work/trading-bot-c-/trading-bot-c-/src/IntelligenceStack/MAMLLiveIntegration.cs(39,26): error CA1823: Unused field 'PercentageBase' (https://learn.microsoft.com/dotnet/fundamentals/code-analysis/quality-rules/ca1823) [/home/runner/work/trading-bot-c-/trading-bot-c-/src/IntelligenceStack/IntelligenceStack.csproj]
     1>/home/runner/work/trading-bot-c-/trading-bot-c-/src/IntelligenceStack/LineageTrackingSystem.cs(513,13): error CA1848: For improved performance, use the LoggerMessage delegates instead of calling 'LoggerExtensions.LogWarning(ILogger, Exception?, string?, params object?[])' (https://learn.microsoft.com/dotnet/fundamentals/code-analysis/quality-rules/ca1848) [/home/runner/work/trading-bot-c-/trading-bot-c-/src/IntelligenceStack/IntelligenceStack.csproj]
     1>/home/runner/work/trading-bot-c-/trading-bot-c-/src/IntelligenceStack/LineageTrackingSystem.cs(511,9): error CA1031: Modify 'GetCalibrationMapIdAsync' to catch a more specific allowed exception type, or rethrow the exception (https://learn.microsoft.com/dotnet/fundamentals/code-analysis/quality-rules/ca1031) [/home/runner/work/trading-bot-c-/trading-bot-c-/src/IntelligenceStack/IntelligenceStack.csproj]
     1>/home/runner/work/trading-bot-c-/trading-bot-c-/src/IntelligenceStack/LineageTrackingSystem.cs(531,44): error S109: Assign this magic number '16' to a well-named variable or constant, and use that instead. (https://rules.sonarsource.com/csharp/RSPEC-109) [/home/runner/work/trading-bot-c-/trading-bot-c-/src/IntelligenceStack/IntelligenceStack.csproj]
     1>/home/runner/work/trading-bot-c-/trading-bot-c-/src/IntelligenceStack/LineageTrackingSystem.cs(530,20): error CA1850: Prefer static 'System.Security.Cryptography.SHA256.HashData' method over 'ComputeHash' (https://learn.microsoft.com/dotnet/fundamentals/code-analysis/quality-rules/ca1850) [/home/runner/work/trading-bot-c-/trading-bot-c-/src/IntelligenceStack/IntelligenceStack.csproj]
     1>/home/runner/work/trading-bot-c-/trading-bot-c-/src/IntelligenceStack/LeaderElectionService.cs(439,5): error AsyncFixer01: The method 'QuarantineModelAsync' does not need to use async/await. (https://github.com/semihokur/AsyncFixer) [/home/runner/work/trading-bot-c-/trading-bot-c-/src/IntelligenceStack/IntelligenceStack.csproj]
     1>/home/runner/work/trading-bot-c-/trading-bot-c-/src/IntelligenceStack/LeaderElectionService.cs(461,17): error CA1848: For improved performance, use the LoggerMessage delegates instead of calling 'LoggerExtensions.LogWarning(ILogger, string?, params object?[])' (https://learn.microsoft.com/dotnet/fundamentals/code-analysis/quality-rules/ca1848) [/home/runner/work/trading-bot-c-/trading-bot-c-/src/IntelligenceStack/IntelligenceStack.csproj]
     1>/home/runner/work/trading-bot-c-/trading-bot-c-/src/IntelligenceStack/LeaderElectionService.cs(465,17): error CA1848: For improved performance, use the LoggerMessage delegates instead of calling 'LoggerExtensions.LogError(ILogger, Exception?, string?, params object?[])' (https://learn.microsoft.com/dotnet/fundamentals/code-analysis/quality-rules/ca1848) [/home/runner/work/trading-bot-c-/trading-bot-c-/src/IntelligenceStack/IntelligenceStack.csproj]
     1>/home/runner/work/trading-bot-c-/trading-bot-c-/src/IntelligenceStack/LineageTrackingSystem.cs(561,13): error CA1848: For improved performance, use the LoggerMessage delegates instead of calling 'LoggerExtensions.LogWarning(ILogger, Exception?, string?, params object?[])' (https://learn.microsoft.com/dotnet/fundamentals/code-analysis/quality-rules/ca1848) [/home/runner/work/trading-bot-c-/trading-bot-c-/src/IntelligenceStack/IntelligenceStack.csproj]
     1>/home/runner/work/trading-bot-c-/trading-bot-c-/src/IntelligenceStack/NightlyParameterTuner.cs(779,59): error S2681: This line will not be executed conditionally; only the first line of this 1-line block will be. The rest will execute unconditionally. (https://rules.sonarsource.com/csharp/RSPEC-2681) [/home/runner/work/trading-bot-c-/trading-bot-c-/src/IntelligenceStack/IntelligenceStack.csproj]
     1>/home/runner/work/trading-bot-c-/trading-bot-c-/src/IntelligenceStack/NightlyParameterTuner.cs(780,65): error S2681: This line will not be executed conditionally; only the first line of this 1-line block will be. The rest will execute unconditionally. (https://rules.sonarsource.com/csharp/RSPEC-2681) [/home/runner/work/trading-bot-c-/trading-bot-c-/src/IntelligenceStack/IntelligenceStack.csproj]
     1>/home/runner/work/trading-bot-c-/trading-bot-c-/src/IntelligenceStack/LineageTrackingSystem.cs(559,9): error CA1031: Modify 'GetModelLineageAsync' to catch a more specific allowed exception type, or rethrow the exception (https://learn.microsoft.com/dotnet/fundamentals/code-analysis/quality-rules/ca1031) [/home/runner/work/trading-bot-c-/trading-bot-c-/src/IntelligenceStack/IntelligenceStack.csproj]
     1>/home/runner/work/trading-bot-c-/trading-bot-c-/src/IntelligenceStack/NightlyParameterTuner.cs(781,59): error S2681: This line will not be executed conditionally; only the first line of this 1-line block will be. The rest will execute unconditionally. (https://rules.sonarsource.com/csharp/RSPEC-2681) [/home/runner/work/trading-bot-c-/trading-bot-c-/src/IntelligenceStack/IntelligenceStack.csproj]
     1>/home/runner/work/trading-bot-c-/trading-bot-c-/src/IntelligenceStack/NightlyParameterTuner.cs(782,67): error S2681: This line will not be executed conditionally; only the first line of this 1-line block will be. The rest will execute unconditionally. (https://rules.sonarsource.com/csharp/RSPEC-2681) [/home/runner/work/trading-bot-c-/trading-bot-c-/src/IntelligenceStack/IntelligenceStack.csproj]
     1>/home/runner/work/trading-bot-c-/trading-bot-c-/src/IntelligenceStack/LeaderElectionService.cs(463,13): error CA1031: Modify 'QuarantineModelAsync' to catch a more specific allowed exception type, or rethrow the exception (https://learn.microsoft.com/dotnet/fundamentals/code-analysis/quality-rules/ca1031) [/home/runner/work/trading-bot-c-/trading-bot-c-/src/IntelligenceStack/IntelligenceStack.csproj]
     1>/home/runner/work/trading-bot-c-/trading-bot-c-/src/IntelligenceStack/NightlyParameterTuner.cs(787,5): error AsyncFixer01: The method 'PromoteImprovedModelAsync' does not need to use async/await. (https://github.com/semihokur/AsyncFixer) [/home/runner/work/trading-bot-c-/trading-bot-c-/src/IntelligenceStack/IntelligenceStack.csproj]
     1>/home/runner/work/trading-bot-c-/trading-bot-c-/src/IntelligenceStack/LineageTrackingSystem.cs(590,13): error CA1848: For improved performance, use the LoggerMessage delegates instead of calling 'LoggerExtensions.LogWarning(ILogger, Exception?, string?, params object?[])' (https://learn.microsoft.com/dotnet/fundamentals/code-analysis/quality-rules/ca1848) [/home/runner/work/trading-bot-c-/trading-bot-c-/src/IntelligenceStack/IntelligenceStack.csproj]
     1>/home/runner/work/trading-bot-c-/trading-bot-c-/src/IntelligenceStack/LineageTrackingSystem.cs(588,9): error CA1031: Modify 'GetFeatureLineageAsync' to catch a more specific allowed exception type, or rethrow the exception (https://learn.microsoft.com/dotnet/fundamentals/code-analysis/quality-rules/ca1031) [/home/runner/work/trading-bot-c-/trading-bot-c-/src/IntelligenceStack/IntelligenceStack.csproj]
     1>/home/runner/work/trading-bot-c-/trading-bot-c-/src/IntelligenceStack/LeaderElectionService.cs(470,5): error AsyncFixer01: The method 'TryRestoreModelAsync' does not need to use async/await. (https://github.com/semihokur/AsyncFixer) [/home/runner/work/trading-bot-c-/trading-bot-c-/src/IntelligenceStack/IntelligenceStack.csproj]
     1>/home/runner/work/trading-bot-c-/trading-bot-c-/src/IntelligenceStack/NightlyParameterTuner.cs(792,9): error CA1848: For improved performance, use the LoggerMessage delegates instead of calling 'LoggerExtensions.LogInformation(ILogger, string?, params object?[])' (https://learn.microsoft.com/dotnet/fundamentals/code-analysis/quality-rules/ca1848) [/home/runner/work/trading-bot-c-/trading-bot-c-/src/IntelligenceStack/IntelligenceStack.csproj]
     1>/home/runner/work/trading-bot-c-/trading-bot-c-/src/IntelligenceStack/LeaderElectionService.cs(498,25): error CA1848: For improved performance, use the LoggerMessage delegates instead of calling 'LoggerExtensions.LogInformation(ILogger, string?, params object?[])' (https://learn.microsoft.com/dotnet/fundamentals/code-analysis/quality-rules/ca1848) [/home/runner/work/trading-bot-c-/trading-bot-c-/src/IntelligenceStack/IntelligenceStack.csproj]
     1>/home/runner/work/trading-bot-c-/trading-bot-c-/src/IntelligenceStack/LeaderElectionService.cs(507,17): error CA1848: For improved performance, use the LoggerMessage delegates instead of calling 'LoggerExtensions.LogError(ILogger, Exception?, string?, params object?[])' (https://learn.microsoft.com/dotnet/fundamentals/code-analysis/quality-rules/ca1848) [/home/runner/work/trading-bot-c-/trading-bot-c-/src/IntelligenceStack/IntelligenceStack.csproj]
     1>/home/runner/work/trading-bot-c-/trading-bot-c-/src/IntelligenceStack/LeaderElectionService.cs(100,17): error S1066: Merge this if statement with the enclosing one. (https://rules.sonarsource.com/csharp/RSPEC-1066) [/home/runner/work/trading-bot-c-/trading-bot-c-/src/IntelligenceStack/IntelligenceStack.csproj]
     1>/home/runner/work/trading-bot-c-/trading-bot-c-/src/IntelligenceStack/LineageTrackingSystem.cs(595,5): error AsyncFixer01: The method 'GetProcessingChainAsync' does not need to use async/await. (https://github.com/semihokur/AsyncFixer) [/home/runner/work/trading-bot-c-/trading-bot-c-/src/IntelligenceStack/IntelligenceStack.csproj]
     1>/home/runner/work/trading-bot-c-/trading-bot-c-/src/IntelligenceStack/LeaderElectionService.cs(505,13): error CA1031: Modify 'TryRestoreModelAsync' to catch a more specific allowed exception type, or rethrow the exception (https://learn.microsoft.com/dotnet/fundamentals/code-analysis/quality-rules/ca1031) [/home/runner/work/trading-bot-c-/trading-bot-c-/src/IntelligenceStack/IntelligenceStack.csproj]
     1>/home/runner/work/trading-bot-c-/trading-bot-c-/src/IntelligenceStack/LineageTrackingSystem.cs(618,56): error S109: Assign this magic number '8' to a well-named variable or constant, and use that instead. (https://rules.sonarsource.com/csharp/RSPEC-109) [/home/runner/work/trading-bot-c-/trading-bot-c-/src/IntelligenceStack/IntelligenceStack.csproj]
     1>/home/runner/work/trading-bot-c-/trading-bot-c-/src/IntelligenceStack/LineageTrackingSystem.cs(626,55): error S109: Assign this magic number '8' to a well-named variable or constant, and use that instead. (https://rules.sonarsource.com/csharp/RSPEC-109) [/home/runner/work/trading-bot-c-/trading-bot-c-/src/IntelligenceStack/IntelligenceStack.csproj]
     1>/home/runner/work/trading-bot-c-/trading-bot-c-/src/IntelligenceStack/LineageTrackingSystem.cs(627,55): error S109: Assign this magic number '8' to a well-named variable or constant, and use that instead. (https://rules.sonarsource.com/csharp/RSPEC-109) [/home/runner/work/trading-bot-c-/trading-bot-c-/src/IntelligenceStack/IntelligenceStack.csproj]
     1>/home/runner/work/trading-bot-c-/trading-bot-c-/src/IntelligenceStack/LeaderElectionService.cs(118,9): error CA1031: Modify 'TryAcquireLeadershipAsync' to catch a more specific allowed exception type, or rethrow the exception (https://learn.microsoft.com/dotnet/fundamentals/code-analysis/quality-rules/ca1031) [/home/runner/work/trading-bot-c-/trading-bot-c-/src/IntelligenceStack/IntelligenceStack.csproj]
     1>/home/runner/work/trading-bot-c-/trading-bot-c-/src/IntelligenceStack/LeaderElectionService.cs(136,21): error CA1848: For improved performance, use the LoggerMessage delegates instead of calling 'LoggerExtensions.LogDebug(ILogger, string?, params object?[])' (https://learn.microsoft.com/dotnet/fundamentals/code-analysis/quality-rules/ca1848) [/home/runner/work/trading-bot-c-/trading-bot-c-/src/IntelligenceStack/IntelligenceStack.csproj]
     1>/home/runner/work/trading-bot-c-/trading-bot-c-/src/IntelligenceStack/LeaderElectionService.cs(155,13): error CA1848: For improved performance, use the LoggerMessage delegates instead of calling 'LoggerExtensions.LogInformation(ILogger, string?, params object?[])' (https://learn.microsoft.com/dotnet/fundamentals/code-analysis/quality-rules/ca1848) [/home/runner/work/trading-bot-c-/trading-bot-c-/src/IntelligenceStack/IntelligenceStack.csproj]
     1>/home/runner/work/trading-bot-c-/trading-bot-c-/src/IntelligenceStack/LeaderElectionService.cs(159,13): error CA1848: For improved performance, use the LoggerMessage delegates instead of calling 'LoggerExtensions.LogError(ILogger, Exception?, string?, params object?[])' (https://learn.microsoft.com/dotnet/fundamentals/code-analysis/quality-rules/ca1848) [/home/runner/work/trading-bot-c-/trading-bot-c-/src/IntelligenceStack/IntelligenceStack.csproj]
     1>/home/runner/work/trading-bot-c-/trading-bot-c-/src/IntelligenceStack/LeaderElectionService.cs(157,9): error CA1031: Modify 'ReleaseLeadershipAsync' to catch a more specific allowed exception type, or rethrow the exception (https://learn.microsoft.com/dotnet/fundamentals/code-analysis/quality-rules/ca1031) [/home/runner/work/trading-bot-c-/trading-bot-c-/src/IntelligenceStack/IntelligenceStack.csproj]
     1>/home/runner/work/trading-bot-c-/trading-bot-c-/src/IntelligenceStack/LineageTrackingSystem.cs(634,5): error AsyncFixer01: The method 'RecordLineageEventAsync' does not need to use async/await. (https://github.com/semihokur/AsyncFixer) [/home/runner/work/trading-bot-c-/trading-bot-c-/src/IntelligenceStack/IntelligenceStack.csproj]
     1>/home/runner/work/trading-bot-c-/trading-bot-c-/src/IntelligenceStack/LineageTrackingSystem.cs(657,5): error AsyncFixer01: The method 'SaveSnapshotAsync' does not need to use async/await. (https://github.com/semihokur/AsyncFixer) [/home/runner/work/trading-bot-c-/trading-bot-c-/src/IntelligenceStack/IntelligenceStack.csproj]
     1>/home/runner/work/trading-bot-c-/trading-bot-c-/src/IntelligenceStack/LineageTrackingSystem.cs(647,44): error S109: Assign this magic number '10000' to a well-named variable or constant, and use that instead. (https://rules.sonarsource.com/csharp/RSPEC-109) [/home/runner/work/trading-bot-c-/trading-bot-c-/src/IntelligenceStack/IntelligenceStack.csproj]
     1>/home/runner/work/trading-bot-c-/trading-bot-c-/src/IntelligenceStack/LineageTrackingSystem.cs(660,55): error CA1869: Avoid creating a new 'JsonSerializerOptions' instance for every serialization operation. Cache and reuse instances instead. (https://learn.microsoft.com/dotnet/fundamentals/code-analysis/quality-rules/ca1869) [/home/runner/work/trading-bot-c-/trading-bot-c-/src/IntelligenceStack/IntelligenceStack.csproj]
     1>/home/runner/work/trading-bot-c-/trading-bot-c-/src/IntelligenceStack/LeaderElectionService.cs(513,5): error AsyncFixer01: The method 'GetQuarantinedModelsAsync' does not need to use async/await. (https://github.com/semihokur/AsyncFixer) [/home/runner/work/trading-bot-c-/trading-bot-c-/src/IntelligenceStack/IntelligenceStack.csproj]
     1>/home/runner/work/trading-bot-c-/trading-bot-c-/src/IntelligenceStack/LineageTrackingSystem.cs(639,18): error CA1854: Prefer a 'TryGetValue' call over a Dictionary indexer access guarded by a 'ContainsKey' check to avoid double lookup (https://learn.microsoft.com/dotnet/fundamentals/code-analysis/quality-rules/ca1854) [/home/runner/work/trading-bot-c-/trading-bot-c-/src/IntelligenceStack/IntelligenceStack.csproj]
     1>/home/runner/work/trading-bot-c-/trading-bot-c-/src/IntelligenceStack/LineageTrackingSystem.cs(664,5): error AsyncFixer01: The method 'SaveDecisionLineageAsync' does not need to use async/await. (https://github.com/semihokur/AsyncFixer) [/home/runner/work/trading-bot-c-/trading-bot-c-/src/IntelligenceStack/IntelligenceStack.csproj]
     1>/home/runner/work/trading-bot-c-/trading-bot-c-/src/IntelligenceStack/LeaderElectionService.cs(195,17): error CA1848: For improved performance, use the LoggerMessage delegates instead of calling 'LoggerExtensions.LogDebug(ILogger, string?, params object?[])' (https://learn.microsoft.com/dotnet/fundamentals/code-analysis/quality-rules/ca1848) [/home/runner/work/trading-bot-c-/trading-bot-c-/src/IntelligenceStack/IntelligenceStack.csproj]
     1>/home/runner/work/trading-bot-c-/trading-bot-c-/src/IntelligenceStack/LeaderElectionService.cs(209,17): error CA1848: For improved performance, use the LoggerMessage delegates instead of calling 'LoggerExtensions.LogWarning(ILogger, string?, params object?[])' (https://learn.microsoft.com/dotnet/fundamentals/code-analysis/quality-rules/ca1848) [/home/runner/work/trading-bot-c-/trading-bot-c-/src/IntelligenceStack/IntelligenceStack.csproj]
     1>/home/runner/work/trading-bot-c-/trading-bot-c-/src/IntelligenceStack/LeaderElectionService.cs(215,13): error CA1848: For improved performance, use the LoggerMessage delegates instead of calling 'LoggerExtensions.LogError(ILogger, Exception?, string?, params object?[])' (https://learn.microsoft.com/dotnet/fundamentals/code-analysis/quality-rules/ca1848) [/home/runner/work/trading-bot-c-/trading-bot-c-/src/IntelligenceStack/IntelligenceStack.csproj]
     1>/home/runner/work/trading-bot-c-/trading-bot-c-/src/IntelligenceStack/LineageTrackingSystem.cs(679,53): error CA1869: Avoid creating a new 'JsonSerializerOptions' instance for every serialization operation. Cache and reuse instances instead. (https://learn.microsoft.com/dotnet/fundamentals/code-analysis/quality-rules/ca1869) [/home/runner/work/trading-bot-c-/trading-bot-c-/src/IntelligenceStack/IntelligenceStack.csproj]
     1>/home/runner/work/trading-bot-c-/trading-bot-c-/src/IntelligenceStack/LeaderElectionService.cs(213,9): error CA1031: Modify 'RenewLeadershipAsync' to catch a more specific allowed exception type, or rethrow the exception (https://learn.microsoft.com/dotnet/fundamentals/code-analysis/quality-rules/ca1031) [/home/runner/work/trading-bot-c-/trading-bot-c-/src/IntelligenceStack/IntelligenceStack.csproj]
     1>/home/runner/work/trading-bot-c-/trading-bot-c-/src/IntelligenceStack/LeaderElectionService.cs(233,59): error CA1869: Avoid creating a new 'JsonSerializerOptions' instance for every serialization operation. Cache and reuse instances instead. (https://learn.microsoft.com/dotnet/fundamentals/code-analysis/quality-rules/ca1869) [/home/runner/work/trading-bot-c-/trading-bot-c-/src/IntelligenceStack/IntelligenceStack.csproj]
     1>/home/runner/work/trading-bot-c-/trading-bot-c-/src/IntelligenceStack/LeaderElectionService.cs(246,13): error CA1848: For improved performance, use the LoggerMessage delegates instead of calling 'LoggerExtensions.LogDebug(ILogger, Exception?, string?, params object?[])' (https://learn.microsoft.com/dotnet/fundamentals/code-analysis/quality-rules/ca1848) [/home/runner/work/trading-bot-c-/trading-bot-c-/src/IntelligenceStack/IntelligenceStack.csproj]
     1>/home/runner/work/trading-bot-c-/trading-bot-c-/src/IntelligenceStack/LeaderElectionService.cs(244,9): error CA1031: Modify 'TryCreateLockFileAsync' to catch a more specific allowed exception type, or rethrow the exception (https://learn.microsoft.com/dotnet/fundamentals/code-analysis/quality-rules/ca1031) [/home/runner/work/trading-bot-c-/trading-bot-c-/src/IntelligenceStack/IntelligenceStack.csproj]
     1>/home/runner/work/trading-bot-c-/trading-bot-c-/src/IntelligenceStack/LineageTrackingSystem.cs(683,5): error AsyncFixer01: The method 'SaveLineageEventAsync' does not need to use async/await. (https://github.com/semihokur/AsyncFixer) [/home/runner/work/trading-bot-c-/trading-bot-c-/src/IntelligenceStack/IntelligenceStack.csproj]
     1>/home/runner/work/trading-bot-c-/trading-bot-c-/src/IntelligenceStack/LeaderElectionService.cs(552,17): error S2589: Change this condition so that it does not always evaluate to 'True'. (https://rules.sonarsource.com/csharp/RSPEC-2589) [/home/runner/work/trading-bot-c-/trading-bot-c-/src/IntelligenceStack/IntelligenceStack.csproj]
     1>/home/runner/work/trading-bot-c-/trading-bot-c-/src/IntelligenceStack/LineageTrackingSystem.cs(686,59): error CA1869: Avoid creating a new 'JsonSerializerOptions' instance for every serialization operation. Cache and reuse instances instead. (https://learn.microsoft.com/dotnet/fundamentals/code-analysis/quality-rules/ca1869) [/home/runner/work/trading-bot-c-/trading-bot-c-/src/IntelligenceStack/IntelligenceStack.csproj]
     1>/home/runner/work/trading-bot-c-/trading-bot-c-/src/IntelligenceStack/LeaderElectionService.cs(559,13): error CA1848: For improved performance, use the LoggerMessage delegates instead of calling 'LoggerExtensions.LogError(ILogger, Exception?, string?, params object?[])' (https://learn.microsoft.com/dotnet/fundamentals/code-analysis/quality-rules/ca1848) [/home/runner/work/trading-bot-c-/trading-bot-c-/src/IntelligenceStack/IntelligenceStack.csproj]
     1>/home/runner/work/trading-bot-c-/trading-bot-c-/src/IntelligenceStack/LeaderElectionService.cs(557,9): error CA1031: Modify 'UpdateModelPerformanceAsync' to catch a more specific allowed exception type, or rethrow the exception (https://learn.microsoft.com/dotnet/fundamentals/code-analysis/quality-rules/ca1031) [/home/runner/work/trading-bot-c-/trading-bot-c-/src/IntelligenceStack/IntelligenceStack.csproj]
     1>/home/runner/work/trading-bot-c-/trading-bot-c-/src/IntelligenceStack/LeaderElectionService.cs(307,13): error S1854: Remove this useless assignment to local variable '_'. (https://rules.sonarsource.com/csharp/RSPEC-1854) [/home/runner/work/trading-bot-c-/trading-bot-c-/src/IntelligenceStack/IntelligenceStack.csproj]
     1>/home/runner/work/trading-bot-c-/trading-bot-c-/src/IntelligenceStack/LeaderElectionService.cs(273,17): error CA1848: For improved performance, use the LoggerMessage delegates instead of calling 'LoggerExtensions.LogInformation(ILogger, string?, params object?[])' (https://learn.microsoft.com/dotnet/fundamentals/code-analysis/quality-rules/ca1848) [/home/runner/work/trading-bot-c-/trading-bot-c-/src/IntelligenceStack/IntelligenceStack.csproj]
     1>/home/runner/work/trading-bot-c-/trading-bot-c-/src/IntelligenceStack/LeaderElectionService.cs(282,13): error CA1848: For improved performance, use the LoggerMessage delegates instead of calling 'LoggerExtensions.LogWarning(ILogger, Exception?, string?, params object?[])' (https://learn.microsoft.com/dotnet/fundamentals/code-analysis/quality-rules/ca1848) [/home/runner/work/trading-bot-c-/trading-bot-c-/src/IntelligenceStack/IntelligenceStack.csproj]
     1>/home/runner/work/trading-bot-c-/trading-bot-c-/src/IntelligenceStack/LeaderElectionService.cs(280,9): error CA1031: Modify 'CanTakeoverLeadershipAsync' to catch a more specific allowed exception type, or rethrow the exception (https://learn.microsoft.com/dotnet/fundamentals/code-analysis/quality-rules/ca1031) [/home/runner/work/trading-bot-c-/trading-bot-c-/src/IntelligenceStack/IntelligenceStack.csproj]
     1>/home/runner/work/trading-bot-c-/trading-bot-c-/src/IntelligenceStack/LeaderElectionService.cs(315,17): error CA1848: For improved performance, use the LoggerMessage delegates instead of calling 'LoggerExtensions.LogError(ILogger, Exception?, string?, params object?[])' (https://learn.microsoft.com/dotnet/fundamentals/code-analysis/quality-rules/ca1848) [/home/runner/work/trading-bot-c-/trading-bot-c-/src/IntelligenceStack/IntelligenceStack.csproj]
     1>/home/runner/work/trading-bot-c-/trading-bot-c-/src/IntelligenceStack/LeaderElectionService.cs(320,9): error CA1848: For improved performance, use the LoggerMessage delegates instead of calling 'LoggerExtensions.LogDebug(ILogger, string?, params object?[])' (https://learn.microsoft.com/dotnet/fundamentals/code-analysis/quality-rules/ca1848) [/home/runner/work/trading-bot-c-/trading-bot-c-/src/IntelligenceStack/IntelligenceStack.csproj]
     1>/home/runner/work/trading-bot-c-/trading-bot-c-/src/IntelligenceStack/LeaderElectionService.cs(313,13): error CA1031: Modify 'StartRenewalTimer' to catch a more specific allowed exception type, or rethrow the exception (https://learn.microsoft.com/dotnet/fundamentals/code-analysis/quality-rules/ca1031) [/home/runner/work/trading-bot-c-/trading-bot-c-/src/IntelligenceStack/IntelligenceStack.csproj]
     1>/home/runner/work/trading-bot-c-/trading-bot-c-/src/IntelligenceStack/LineageTrackingSystem.cs(690,5): error AsyncFixer01: The method 'GetEventsInPeriodAsync' does not need to use async/await. (https://github.com/semihokur/AsyncFixer) [/home/runner/work/trading-bot-c-/trading-bot-c-/src/IntelligenceStack/IntelligenceStack.csproj]
     1>/home/runner/work/trading-bot-c-/trading-bot-c-/src/IntelligenceStack/LeaderElectionService.cs(563,24): error S1541: The Cyclomatic Complexity of this method is 11 which is greater than 10 authorized. (https://rules.sonarsource.com/csharp/RSPEC-1541) [/home/runner/work/trading-bot-c-/trading-bot-c-/src/IntelligenceStack/IntelligenceStack.csproj]
     1>/home/runner/work/trading-bot-c-/trading-bot-c-/src/IntelligenceStack/LeaderElectionService.cs(366,17): error CA1848: For improved performance, use the LoggerMessage delegates instead of calling 'LoggerExtensions.LogWarning(ILogger, Exception?, string?, params object?[])' (https://learn.microsoft.com/dotnet/fundamentals/code-analysis/quality-rules/ca1848) [/home/runner/work/trading-bot-c-/trading-bot-c-/src/IntelligenceStack/IntelligenceStack.csproj]
     1>/home/runner/work/trading-bot-c-/trading-bot-c-/src/IntelligenceStack/LeaderElectionService.cs(364,13): error CA1031: Modify 'Dispose' to catch a more specific allowed exception type, or rethrow the exception (https://learn.microsoft.com/dotnet/fundamentals/code-analysis/quality-rules/ca1031) [/home/runner/work/trading-bot-c-/trading-bot-c-/src/IntelligenceStack/IntelligenceStack.csproj]
     1>/home/runner/work/trading-bot-c-/trading-bot-c-/src/IntelligenceStack/LeaderElectionService.cs(609,13): error CA1848: For improved performance, use the LoggerMessage delegates instead of calling 'LoggerExtensions.LogInformation(ILogger, string?, params object?[])' (https://learn.microsoft.com/dotnet/fundamentals/code-analysis/quality-rules/ca1848) [/home/runner/work/trading-bot-c-/trading-bot-c-/src/IntelligenceStack/IntelligenceStack.csproj]
     1>/home/runner/work/trading-bot-c-/trading-bot-c-/src/IntelligenceStack/IntelligenceStackServiceExtensions.cs(350,19): error CA1024: Use properties where appropriate (https://learn.microsoft.com/dotnet/fundamentals/code-analysis/quality-rules/ca1024) [/home/runner/work/trading-bot-c-/trading-bot-c-/src/IntelligenceStack/IntelligenceStack.csproj]
     1>/home/runner/work/trading-bot-c-/trading-bot-c-/src/IntelligenceStack/LineageTrackingSystem.cs(717,41): error S6602: "Find" method should be used instead of the "FirstOrDefault" extension method. (https://rules.sonarsource.com/csharp/RSPEC-6602) [/home/runner/work/trading-bot-c-/trading-bot-c-/src/IntelligenceStack/IntelligenceStack.csproj]
     1>/home/runner/work/trading-bot-c-/trading-bot-c-/src/IntelligenceStack/IntelligenceStackServiceExtensions.cs(223,49): error S6605: Collection-specific "Exists" method should be used instead of the "Any" extension. (https://rules.sonarsource.com/csharp/RSPEC-6605) [/home/runner/work/trading-bot-c-/trading-bot-c-/src/IntelligenceStack/IntelligenceStack.csproj]
     1>/home/runner/work/trading-bot-c-/trading-bot-c-/src/IntelligenceStack/IntelligenceStackServiceExtensions.cs(276,9): error CA1848: For improved performance, use the LoggerMessage delegates instead of calling 'LoggerExtensions.LogInformation(ILogger, string?, params object?[])' (https://learn.microsoft.com/dotnet/fundamentals/code-analysis/quality-rules/ca1848) [/home/runner/work/trading-bot-c-/trading-bot-c-/src/IntelligenceStack/IntelligenceStack.csproj]
     1>/home/runner/work/trading-bot-c-/trading-bot-c-/src/IntelligenceStack/IntelligenceStackServiceExtensions.cs(277,9): error CA1848: For improved performance, use the LoggerMessage delegates instead of calling 'LoggerExtensions.LogInformation(ILogger, string?, params object?[])' (https://learn.microsoft.com/dotnet/fundamentals/code-analysis/quality-rules/ca1848) [/home/runner/work/trading-bot-c-/trading-bot-c-/src/IntelligenceStack/IntelligenceStack.csproj]
     1>/home/runner/work/trading-bot-c-/trading-bot-c-/src/IntelligenceStack/IntelligenceStackServiceExtensions.cs(278,9): error CA1848: For improved performance, use the LoggerMessage delegates instead of calling 'LoggerExtensions.LogInformation(ILogger, string?, params object?[])' (https://learn.microsoft.com/dotnet/fundamentals/code-analysis/quality-rules/ca1848) [/home/runner/work/trading-bot-c-/trading-bot-c-/src/IntelligenceStack/IntelligenceStack.csproj]
     1>/home/runner/work/trading-bot-c-/trading-bot-c-/src/IntelligenceStack/IntelligenceStackServiceExtensions.cs(279,9): error CA1848: For improved performance, use the LoggerMessage delegates instead of calling 'LoggerExtensions.LogInformation(ILogger, string?, params object?[])' (https://learn.microsoft.com/dotnet/fundamentals/code-analysis/quality-rules/ca1848) [/home/runner/work/trading-bot-c-/trading-bot-c-/src/IntelligenceStack/IntelligenceStack.csproj]
     1>/home/runner/work/trading-bot-c-/trading-bot-c-/src/IntelligenceStack/IntelligenceStackServiceExtensions.cs(280,9): error CA1848: For improved performance, use the LoggerMessage delegates instead of calling 'LoggerExtensions.LogInformation(ILogger, string?, params object?[])' (https://learn.microsoft.com/dotnet/fundamentals/code-analysis/quality-rules/ca1848) [/home/runner/work/trading-bot-c-/trading-bot-c-/src/IntelligenceStack/IntelligenceStack.csproj]
     1>/home/runner/work/trading-bot-c-/trading-bot-c-/src/IntelligenceStack/IntelligenceStackServiceExtensions.cs(281,9): error CA1848: For improved performance, use the LoggerMessage delegates instead of calling 'LoggerExtensions.LogInformation(ILogger, string?, params object?[])' (https://learn.microsoft.com/dotnet/fundamentals/code-analysis/quality-rules/ca1848) [/home/runner/work/trading-bot-c-/trading-bot-c-/src/IntelligenceStack/IntelligenceStack.csproj]
     1>/home/runner/work/trading-bot-c-/trading-bot-c-/src/IntelligenceStack/IntelligenceStackServiceExtensions.cs(282,9): error CA1848: For improved performance, use the LoggerMessage delegates instead of calling 'LoggerExtensions.LogInformation(ILogger, string?, params object?[])' (https://learn.microsoft.com/dotnet/fundamentals/code-analysis/quality-rules/ca1848) [/home/runner/work/trading-bot-c-/trading-bot-c-/src/IntelligenceStack/IntelligenceStack.csproj]
     1>/home/runner/work/trading-bot-c-/trading-bot-c-/src/IntelligenceStack/IntelligenceStackServiceExtensions.cs(283,9): error CA1848: For improved performance, use the LoggerMessage delegates instead of calling 'LoggerExtensions.LogInformation(ILogger, string?, params object?[])' (https://learn.microsoft.com/dotnet/fundamentals/code-analysis/quality-rules/ca1848) [/home/runner/work/trading-bot-c-/trading-bot-c-/src/IntelligenceStack/IntelligenceStack.csproj]
     1>/home/runner/work/trading-bot-c-/trading-bot-c-/src/IntelligenceStack/IntelligenceStackServiceExtensions.cs(284,9): error CA1848: For improved performance, use the LoggerMessage delegates instead of calling 'LoggerExtensions.LogInformation(ILogger, string?, params object?[])' (https://learn.microsoft.com/dotnet/fundamentals/code-analysis/quality-rules/ca1848) [/home/runner/work/trading-bot-c-/trading-bot-c-/src/IntelligenceStack/IntelligenceStack.csproj]
     1>/home/runner/work/trading-bot-c-/trading-bot-c-/src/IntelligenceStack/IntelligenceStackServiceExtensions.cs(285,9): error CA1848: For improved performance, use the LoggerMessage delegates instead of calling 'LoggerExtensions.LogInformation(ILogger, string?, params object?[])' (https://learn.microsoft.com/dotnet/fundamentals/code-analysis/quality-rules/ca1848) [/home/runner/work/trading-bot-c-/trading-bot-c-/src/IntelligenceStack/IntelligenceStack.csproj]
     1>/home/runner/work/trading-bot-c-/trading-bot-c-/src/IntelligenceStack/IntelligenceStackServiceExtensions.cs(286,9): error CA1848: For improved performance, use the LoggerMessage delegates instead of calling 'LoggerExtensions.LogInformation(ILogger, string?, params object?[])' (https://learn.microsoft.com/dotnet/fundamentals/code-analysis/quality-rules/ca1848) [/home/runner/work/trading-bot-c-/trading-bot-c-/src/IntelligenceStack/IntelligenceStack.csproj]
     1>/home/runner/work/trading-bot-c-/trading-bot-c-/src/IntelligenceStack/IntelligenceStackServiceExtensions.cs(287,9): error CA1848: For improved performance, use the LoggerMessage delegates instead of calling 'LoggerExtensions.LogInformation(ILogger, string?, params object?[])' (https://learn.microsoft.com/dotnet/fundamentals/code-analysis/quality-rules/ca1848) [/home/runner/work/trading-bot-c-/trading-bot-c-/src/IntelligenceStack/IntelligenceStack.csproj]
     1>/home/runner/work/trading-bot-c-/trading-bot-c-/src/IntelligenceStack/IntelligenceStackServiceExtensions.cs(228,25): error CA1848: For improved performance, use the LoggerMessage delegates instead of calling 'LoggerExtensions.LogError(ILogger, string?, params object?[])' (https://learn.microsoft.com/dotnet/fundamentals/code-analysis/quality-rules/ca1848) [/home/runner/work/trading-bot-c-/trading-bot-c-/src/IntelligenceStack/IntelligenceStack.csproj]
     1>/home/runner/work/trading-bot-c-/trading-bot-c-/src/IntelligenceStack/IntelligenceStackServiceExtensions.cs(234,25): error CA1848: For improved performance, use the LoggerMessage delegates instead of calling 'LoggerExtensions.LogInformation(ILogger, string?, params object?[])' (https://learn.microsoft.com/dotnet/fundamentals/code-analysis/quality-rules/ca1848) [/home/runner/work/trading-bot-c-/trading-bot-c-/src/IntelligenceStack/IntelligenceStack.csproj]
     1>/home/runner/work/trading-bot-c-/trading-bot-c-/src/IntelligenceStack/IntelligenceStackServiceExtensions.cs(249,17): error CA1848: For improved performance, use the LoggerMessage delegates instead of calling 'LoggerExtensions.LogError(ILogger, Exception?, string?, params object?[])' (https://learn.microsoft.com/dotnet/fundamentals/code-analysis/quality-rules/ca1848) [/home/runner/work/trading-bot-c-/trading-bot-c-/src/IntelligenceStack/IntelligenceStack.csproj]
     1>/home/runner/work/trading-bot-c-/trading-bot-c-/src/IntelligenceStack/IntelligenceStackServiceExtensions.cs(257,13): error CA1848: For improved performance, use the LoggerMessage delegates instead of calling 'LoggerExtensions.LogInformation(ILogger, string?, params object?[])' (https://learn.microsoft.com/dotnet/fundamentals/code-analysis/quality-rules/ca1848) [/home/runner/work/trading-bot-c-/trading-bot-c-/src/IntelligenceStack/IntelligenceStack.csproj]
     1>/home/runner/work/trading-bot-c-/trading-bot-c-/src/IntelligenceStack/IntelligenceStackServiceExtensions.cs(258,13): error CA1848: For improved performance, use the LoggerMessage delegates instead of calling 'LoggerExtensions.LogInformation(ILogger, string?, params object?[])' (https://learn.microsoft.com/dotnet/fundamentals/code-analysis/quality-rules/ca1848) [/home/runner/work/trading-bot-c-/trading-bot-c-/src/IntelligenceStack/IntelligenceStack.csproj]
     1>/home/runner/work/trading-bot-c-/trading-bot-c-/src/IntelligenceStack/IntelligenceStackServiceExtensions.cs(263,13): error CA1848: For improved performance, use the LoggerMessage delegates instead of calling 'LoggerExtensions.LogError(ILogger, string?, params object?[])' (https://learn.microsoft.com/dotnet/fundamentals/code-analysis/quality-rules/ca1848) [/home/runner/work/trading-bot-c-/trading-bot-c-/src/IntelligenceStack/IntelligenceStack.csproj]
     1>/home/runner/work/trading-bot-c-/trading-bot-c-/src/IntelligenceStack/IntelligenceStackServiceExtensions.cs(266,17): error CA1848: For improved performance, use the LoggerMessage delegates instead of calling 'LoggerExtensions.LogError(ILogger, string?, params object?[])' (https://learn.microsoft.com/dotnet/fundamentals/code-analysis/quality-rules/ca1848) [/home/runner/work/trading-bot-c-/trading-bot-c-/src/IntelligenceStack/IntelligenceStack.csproj]
     1>/home/runner/work/trading-bot-c-/trading-bot-c-/src/IntelligenceStack/IntelligenceStackServiceExtensions.cs(292,9): error CA1848: For improved performance, use the LoggerMessage delegates instead of calling 'LoggerExtensions.LogInformation(ILogger, string?, params object?[])' (https://learn.microsoft.com/dotnet/fundamentals/code-analysis/quality-rules/ca1848) [/home/runner/work/trading-bot-c-/trading-bot-c-/src/IntelligenceStack/IntelligenceStack.csproj]
     1>/home/runner/work/trading-bot-c-/trading-bot-c-/src/IntelligenceStack/IntelligenceStackServiceExtensions.cs(301,17): error CA1848: For improved performance, use the LoggerMessage delegates instead of calling 'LoggerExtensions.LogInformation(ILogger, string?, params object?[])' (https://learn.microsoft.com/dotnet/fundamentals/code-analysis/quality-rules/ca1848) [/home/runner/work/trading-bot-c-/trading-bot-c-/src/IntelligenceStack/IntelligenceStack.csproj]
     1>/home/runner/work/trading-bot-c-/trading-bot-c-/src/IntelligenceStack/IntelligenceStackServiceExtensions.cs(310,17): error CA1848: For improved performance, use the LoggerMessage delegates instead of calling 'LoggerExtensions.LogInformation(ILogger, string?, params object?[])' (https://learn.microsoft.com/dotnet/fundamentals/code-analysis/quality-rules/ca1848) [/home/runner/work/trading-bot-c-/trading-bot-c-/src/IntelligenceStack/IntelligenceStack.csproj]
     1>/home/runner/work/trading-bot-c-/trading-bot-c-/src/IntelligenceStack/IntelligenceStackServiceExtensions.cs(321,21): error CA1848: For improved performance, use the LoggerMessage delegates instead of calling 'LoggerExtensions.LogInformation(ILogger, string?, params object?[])' (https://learn.microsoft.com/dotnet/fundamentals/code-analysis/quality-rules/ca1848) [/home/runner/work/trading-bot-c-/trading-bot-c-/src/IntelligenceStack/IntelligenceStack.csproj]
     1>/home/runner/work/trading-bot-c-/trading-bot-c-/src/IntelligenceStack/IntelligenceStackServiceExtensions.cs(326,21): error CA1848: For improved performance, use the LoggerMessage delegates instead of calling 'LoggerExtensions.LogInformation(ILogger, Exception?, string?, params object?[])' (https://learn.microsoft.com/dotnet/fundamentals/code-analysis/quality-rules/ca1848) [/home/runner/work/trading-bot-c-/trading-bot-c-/src/IntelligenceStack/IntelligenceStack.csproj]
     1>/home/runner/work/trading-bot-c-/trading-bot-c-/src/IntelligenceStack/IntelligenceStackServiceExtensions.cs(330,13): error CA1848: For improved performance, use the LoggerMessage delegates instead of calling 'LoggerExtensions.LogInformation(ILogger, string?, params object?[])' (https://learn.microsoft.com/dotnet/fundamentals/code-analysis/quality-rules/ca1848) [/home/runner/work/trading-bot-c-/trading-bot-c-/src/IntelligenceStack/IntelligenceStack.csproj]
     1>/home/runner/work/trading-bot-c-/trading-bot-c-/src/IntelligenceStack/IntelligenceStackServiceExtensions.cs(334,13): error CA1848: For improved performance, use the LoggerMessage delegates instead of calling 'LoggerExtensions.LogError(ILogger, Exception?, string?, params object?[])' (https://learn.microsoft.com/dotnet/fundamentals/code-analysis/quality-rules/ca1848) [/home/runner/work/trading-bot-c-/trading-bot-c-/src/IntelligenceStack/IntelligenceStack.csproj]
     1>/home/runner/work/trading-bot-c-/trading-bot-c-/src/IntelligenceStack/IntelligenceStackServiceExtensions.cs(324,17): error CA1031: Modify 'LogRuntimeProofAsync' to catch a more specific allowed exception type, or rethrow the exception (https://learn.microsoft.com/dotnet/fundamentals/code-analysis/quality-rules/ca1031) [/home/runner/work/trading-bot-c-/trading-bot-c-/src/IntelligenceStack/IntelligenceStack.csproj]
     1>/home/runner/work/trading-bot-c-/trading-bot-c-/src/IntelligenceStack/IntelligenceStackServiceExtensions.cs(332,9): error CA1031: Modify 'LogRuntimeProofAsync' to catch a more specific allowed exception type, or rethrow the exception (https://learn.microsoft.com/dotnet/fundamentals/code-analysis/quality-rules/ca1031) [/home/runner/work/trading-bot-c-/trading-bot-c-/src/IntelligenceStack/IntelligenceStack.csproj]
     1>/home/runner/work/trading-bot-c-/trading-bot-c-/src/IntelligenceStack/IntelligenceStackServiceExtensions.cs(246,13): error CA1031: Modify 'VerifyProductionReadinessAsync' to catch a more specific allowed exception type, or rethrow the exception (https://learn.microsoft.com/dotnet/fundamentals/code-analysis/quality-rules/ca1031) [/home/runner/work/trading-bot-c-/trading-bot-c-/src/IntelligenceStack/IntelligenceStack.csproj]
     1>/home/runner/work/trading-bot-c-/trading-bot-c-/src/IntelligenceStack/LineageTrackingSystem.cs(795,5): error AsyncFixer01: The method 'GetRelatedEventsAsync' does not need to use async/await. (https://github.com/semihokur/AsyncFixer) [/home/runner/work/trading-bot-c-/trading-bot-c-/src/IntelligenceStack/IntelligenceStack.csproj]
     1>/home/runner/work/trading-bot-c-/trading-bot-c-/src/IntelligenceStack/NightlyParameterTuner.cs(897,75): error CA1869: Avoid creating a new 'JsonSerializerOptions' instance for every serialization operation. Cache and reuse instances instead. (https://learn.microsoft.com/dotnet/fundamentals/code-analysis/quality-rules/ca1869) [/home/runner/work/trading-bot-c-/trading-bot-c-/src/IntelligenceStack/IntelligenceStack.csproj]
     1>/home/runner/work/trading-bot-c-/trading-bot-c-/src/IntelligenceStack/NightlyParameterTuner.cs(857,9): error CA1848: For improved performance, use the LoggerMessage delegates instead of calling 'LoggerExtensions.LogWarning(ILogger, string?, params object?[])' (https://learn.microsoft.com/dotnet/fundamentals/code-analysis/quality-rules/ca1848) [/home/runner/work/trading-bot-c-/trading-bot-c-/src/IntelligenceStack/IntelligenceStack.csproj]
     1>/home/runner/work/trading-bot-c-/trading-bot-c-/src/IntelligenceStack/NightlyParameterTuner.cs(929,21): error CA1848: For improved performance, use the LoggerMessage delegates instead of calling 'LoggerExtensions.LogInformation(ILogger, string?, params object?[])' (https://learn.microsoft.com/dotnet/fundamentals/code-analysis/quality-rules/ca1848) [/home/runner/work/trading-bot-c-/trading-bot-c-/src/IntelligenceStack/IntelligenceStack.csproj]
     1>/home/runner/work/trading-bot-c-/trading-bot-c-/src/IntelligenceStack/NightlyParameterTuner.cs(950,13): error CA1848: For improved performance, use the LoggerMessage delegates instead of calling 'LoggerExtensions.LogInformation(ILogger, string?, params object?[])' (https://learn.microsoft.com/dotnet/fundamentals/code-analysis/quality-rules/ca1848) [/home/runner/work/trading-bot-c-/trading-bot-c-/src/IntelligenceStack/IntelligenceStack.csproj]
     1>/home/runner/work/trading-bot-c-/trading-bot-c-/src/IntelligenceStack/NightlyParameterTuner.cs(955,13): error CA1848: For improved performance, use the LoggerMessage delegates instead of calling 'LoggerExtensions.LogError(ILogger, Exception?, string?, params object?[])' (https://learn.microsoft.com/dotnet/fundamentals/code-analysis/quality-rules/ca1848) [/home/runner/work/trading-bot-c-/trading-bot-c-/src/IntelligenceStack/IntelligenceStack.csproj]
     1>/home/runner/work/trading-bot-c-/trading-bot-c-/src/IntelligenceStack/NightlyParameterTuner.cs(965,57): error CA1869: Avoid creating a new 'JsonSerializerOptions' instance for every serialization operation. Cache and reuse instances instead. (https://learn.microsoft.com/dotnet/fundamentals/code-analysis/quality-rules/ca1869) [/home/runner/work/trading-bot-c-/trading-bot-c-/src/IntelligenceStack/IntelligenceStack.csproj]
     1>/home/runner/work/trading-bot-c-/trading-bot-c-/src/IntelligenceStack/NightlyParameterTuner.cs(971,22): error CA1854: Prefer a 'TryGetValue' call over a Dictionary indexer access guarded by a 'ContainsKey' check to avoid double lookup (https://learn.microsoft.com/dotnet/fundamentals/code-analysis/quality-rules/ca1854) [/home/runner/work/trading-bot-c-/trading-bot-c-/src/IntelligenceStack/IntelligenceStack.csproj]
     1>/home/runner/work/trading-bot-c-/trading-bot-c-/src/IntelligenceStack/NightlyParameterTuner.cs(995,13): error CA1848: For improved performance, use the LoggerMessage delegates instead of calling 'LoggerExtensions.LogWarning(ILogger, Exception?, string?, params object?[])' (https://learn.microsoft.com/dotnet/fundamentals/code-analysis/quality-rules/ca1848) [/home/runner/work/trading-bot-c-/trading-bot-c-/src/IntelligenceStack/IntelligenceStack.csproj]
     1>/home/runner/work/trading-bot-c-/trading-bot-c-/src/IntelligenceStack/NightlyParameterTuner.cs(993,9): error CA1031: Modify 'SaveTuningResultAsync' to catch a more specific allowed exception type, or rethrow the exception (https://learn.microsoft.com/dotnet/fundamentals/code-analysis/quality-rules/ca1031) [/home/runner/work/trading-bot-c-/trading-bot-c-/src/IntelligenceStack/IntelligenceStack.csproj]
     1>/home/runner/work/trading-bot-c-/trading-bot-c-/src/IntelligenceStack/IdempotentOrderService.cs(204,21): error CA1031: Modify 'IsDuplicateOrderAsync' to catch a more specific allowed exception type, or rethrow the exception (https://learn.microsoft.com/dotnet/fundamentals/code-analysis/quality-rules/ca1031) [/home/runner/work/trading-bot-c-/trading-bot-c-/src/IntelligenceStack/IntelligenceStack.csproj]
     1>/home/runner/work/trading-bot-c-/trading-bot-c-/src/IntelligenceStack/IdempotentOrderService.cs(213,9): error CA1031: Modify 'IsDuplicateOrderAsync' to catch a more specific allowed exception type, or rethrow the exception (https://learn.microsoft.com/dotnet/fundamentals/code-analysis/quality-rules/ca1031) [/home/runner/work/trading-bot-c-/trading-bot-c-/src/IntelligenceStack/IntelligenceStack.csproj]
     1>/home/runner/work/trading-bot-c-/trading-bot-c-/src/IntelligenceStack/NightlyParameterTuner.cs(660,42): error CA1822: Member 'EvolvePopulationAsync' does not access instance data and can be marked as static (https://learn.microsoft.com/dotnet/fundamentals/code-analysis/quality-rules/ca1822) [/home/runner/work/trading-bot-c-/trading-bot-c-/src/IntelligenceStack/IntelligenceStack.csproj]
     1>/home/runner/work/trading-bot-c-/trading-bot-c-/src/IntelligenceStack/IntelligenceOrchestrator.cs(351,9): error CA1031: Modify 'InitializeAsync' to catch a more specific allowed exception type, or rethrow the exception (https://learn.microsoft.com/dotnet/fundamentals/code-analysis/quality-rules/ca1031) [/home/runner/work/trading-bot-c-/trading-bot-c-/src/IntelligenceStack/IntelligenceStack.csproj]
     1>/home/runner/work/trading-bot-c-/trading-bot-c-/src/IntelligenceStack/IntelligenceOrchestrator.cs(306,29): error CA1062: In externally visible method 'IntelligenceOrchestrator.IntelligenceOrchestrator(ILogger<IntelligenceOrchestrator> logger, IServiceProvider serviceProvider, IntelligenceStackConfig config, IRegimeDetector regimeDetector, IFeatureStore featureStore, IModelRegistry modelRegistry, ICalibrationManager calibrationManager, IDecisionLogger decisionLogger, IStartupValidator startupValidator, IIdempotentOrderService idempotentOrderService, IOnlineLearningSystem onlineLearningSystem, HttpClient httpClient, IOptions<CloudFlowOptions> cloudFlowOptions)', validate parameter 'cloudFlowOptions' is non-null before using it. If appropriate, throw an 'ArgumentNullException' when the argument is 'null'. (https://learn.microsoft.com/dotnet/fundamentals/code-analysis/quality-rules/ca1062) [/home/runner/work/trading-bot-c-/trading-bot-c-/src/IntelligenceStack/IntelligenceStack.csproj]
     1>/home/runner/work/trading-bot-c-/trading-bot-c-/src/IntelligenceStack/IdempotentOrderService.cs(278,9): error CA1031: Modify 'CheckDeduplicationAsync' to catch a more specific allowed exception type, or rethrow the exception (https://learn.microsoft.com/dotnet/fundamentals/code-analysis/quality-rules/ca1031) [/home/runner/work/trading-bot-c-/trading-bot-c-/src/IntelligenceStack/IntelligenceStack.csproj]
     1>/home/runner/work/trading-bot-c-/trading-bot-c-/src/IntelligenceStack/IdempotentOrderService.cs(325,9): error CA1031: Modify 'RetryOrderAsync' to catch a more specific allowed exception type, or rethrow the exception (https://learn.microsoft.com/dotnet/fundamentals/code-analysis/quality-rules/ca1031) [/home/runner/work/trading-bot-c-/trading-bot-c-/src/IntelligenceStack/IntelligenceStack.csproj]
     1>/home/runner/work/trading-bot-c-/trading-bot-c-/src/IntelligenceStack/HistoricalTrainerWithCV.cs(112,44): error S1541: The Cyclomatic Complexity of this method is 12 which is greater than 10 authorized. (https://rules.sonarsource.com/csharp/RSPEC-1541) [/home/runner/work/trading-bot-c-/trading-bot-c-/src/IntelligenceStack/IntelligenceStack.csproj]
     1>/home/runner/work/trading-bot-c-/trading-bot-c-/src/IntelligenceStack/IdempotentOrderService.cs(365,17): error CA1031: Modify 'LoadExistingOrdersAsync' to catch a more specific allowed exception type, or rethrow the exception (https://learn.microsoft.com/dotnet/fundamentals/code-analysis/quality-rules/ca1031) [/home/runner/work/trading-bot-c-/trading-bot-c-/src/IntelligenceStack/IntelligenceStack.csproj]
     1>/home/runner/work/trading-bot-c-/trading-bot-c-/src/IntelligenceStack/IdempotentOrderService.cs(373,9): error CA1031: Modify 'LoadExistingOrdersAsync' to catch a more specific allowed exception type, or rethrow the exception (https://learn.microsoft.com/dotnet/fundamentals/code-analysis/quality-rules/ca1031) [/home/runner/work/trading-bot-c-/trading-bot-c-/src/IntelligenceStack/IntelligenceStack.csproj]
     1>/home/runner/work/trading-bot-c-/trading-bot-c-/src/IntelligenceStack/IntelligenceOrchestrator.cs(414,9): error CA1031: Modify 'MakeDecisionAsync' to catch a more specific allowed exception type, or rethrow the exception (https://learn.microsoft.com/dotnet/fundamentals/code-analysis/quality-rules/ca1031) [/home/runner/work/trading-bot-c-/trading-bot-c-/src/IntelligenceStack/IntelligenceStack.csproj]
     1>/home/runner/work/trading-bot-c-/trading-bot-c-/src/IntelligenceStack/IdempotentOrderService.cs(417,21): error CA1031: Modify 'PerformCleanup' to catch a more specific allowed exception type, or rethrow the exception (https://learn.microsoft.com/dotnet/fundamentals/code-analysis/quality-rules/ca1031) [/home/runner/work/trading-bot-c-/trading-bot-c-/src/IntelligenceStack/IntelligenceStack.csproj]
     1>/home/runner/work/trading-bot-c-/trading-bot-c-/src/IntelligenceStack/IdempotentOrderService.cs(429,9): error CA1031: Modify 'PerformCleanup' to catch a more specific allowed exception type, or rethrow the exception (https://learn.microsoft.com/dotnet/fundamentals/code-analysis/quality-rules/ca1031) [/home/runner/work/trading-bot-c-/trading-bot-c-/src/IntelligenceStack/IntelligenceStack.csproj]
     1>/home/runner/work/trading-bot-c-/trading-bot-c-/src/IntelligenceStack/IntelligenceOrchestrator.cs(422,5): error AsyncFixer01: The method 'RunStartupValidationAsync' does not need to use async/await. (https://github.com/semihokur/AsyncFixer) [/home/runner/work/trading-bot-c-/trading-bot-c-/src/IntelligenceStack/IntelligenceStack.csproj]
     1>/home/runner/work/trading-bot-c-/trading-bot-c-/src/IntelligenceStack/FeatureStore.cs(136,33): error S4158: Remove this call, the collection is known to be empty here. (https://rules.sonarsource.com/csharp/RSPEC-4158) [/home/runner/work/trading-bot-c-/trading-bot-c-/src/IntelligenceStack/IntelligenceStack.csproj]
     1>/home/runner/work/trading-bot-c-/trading-bot-c-/src/IntelligenceStack/IdempotentOrderService.cs(466,5): error AsyncFixer01: The method 'ComputeHashAsync' does not need to use async/await. (https://github.com/semihokur/AsyncFixer) [/home/runner/work/trading-bot-c-/trading-bot-c-/src/IntelligenceStack/IntelligenceStack.csproj]
     1>/home/runner/work/trading-bot-c-/trading-bot-c-/src/IntelligenceStack/IdempotentOrderService.cs(472,20): error CA1308: In method 'ComputeHashAsync', replace the call to 'ToLowerInvariant' with 'ToUpperInvariant' (https://learn.microsoft.com/dotnet/fundamentals/code-analysis/quality-rules/ca1308) [/home/runner/work/trading-bot-c-/trading-bot-c-/src/IntelligenceStack/IntelligenceStack.csproj]
     1>/home/runner/work/trading-bot-c-/trading-bot-c-/src/IntelligenceStack/IdempotentOrderService.cs(471,24): error CA1850: Prefer static 'System.Security.Cryptography.SHA256.HashData' method over 'ComputeHash' (https://learn.microsoft.com/dotnet/fundamentals/code-analysis/quality-rules/ca1850) [/home/runner/work/trading-bot-c-/trading-bot-c-/src/IntelligenceStack/IntelligenceStack.csproj]
     1>/home/runner/work/trading-bot-c-/trading-bot-c-/src/IntelligenceStack/FeatureStore.cs(210,9): error CA1031: Modify 'ValidateSchemaAsync' to catch a more specific allowed exception type, or rethrow the exception (https://learn.microsoft.com/dotnet/fundamentals/code-analysis/quality-rules/ca1031) [/home/runner/work/trading-bot-c-/trading-bot-c-/src/IntelligenceStack/IntelligenceStack.csproj]
     1>/home/runner/work/trading-bot-c-/trading-bot-c-/src/IntelligenceStack/IntelligenceOrchestrator.cs(450,21): error CA2016: Forward the 'cancellationToken' parameter to the 'Run' method or pass in 'CancellationToken.None' explicitly to indicate intentionally not propagating the token (https://learn.microsoft.com/dotnet/fundamentals/code-analysis/quality-rules/ca2016) [/home/runner/work/trading-bot-c-/trading-bot-c-/src/IntelligenceStack/IntelligenceStack.csproj]
     1>/home/runner/work/trading-bot-c-/trading-bot-c-/src/IntelligenceStack/IntelligenceOrchestrator.cs(453,9): error CA1031: Modify 'ProcessMarketDataAsync' to catch a more specific allowed exception type, or rethrow the exception (https://learn.microsoft.com/dotnet/fundamentals/code-analysis/quality-rules/ca1031) [/home/runner/work/trading-bot-c-/trading-bot-c-/src/IntelligenceStack/IntelligenceStack.csproj]
     1>/home/runner/work/trading-bot-c-/trading-bot-c-/src/IntelligenceStack/HistoricalTrainerWithCV.cs(331,9): error CA1031: Modify 'RunSingleFoldAsync' to catch a more specific allowed exception type, or rethrow the exception (https://learn.microsoft.com/dotnet/fundamentals/code-analysis/quality-rules/ca1031) [/home/runner/work/trading-bot-c-/trading-bot-c-/src/IntelligenceStack/IntelligenceStack.csproj]
     1>/home/runner/work/trading-bot-c-/trading-bot-c-/src/IntelligenceStack/IntelligenceOrchestrator.cs(479,9): error CA1031: Modify 'PerformNightlyMaintenanceAsync' to catch a more specific allowed exception type, or rethrow the exception (https://learn.microsoft.com/dotnet/fundamentals/code-analysis/quality-rules/ca1031) [/home/runner/work/trading-bot-c-/trading-bot-c-/src/IntelligenceStack/IntelligenceStack.csproj]
     1>/home/runner/work/trading-bot-c-/trading-bot-c-/src/IntelligenceStack/FeatureStore.cs(251,9): error CA1031: Modify 'GetSchemaAsync' to catch a more specific allowed exception type, or rethrow the exception (https://learn.microsoft.com/dotnet/fundamentals/code-analysis/quality-rules/ca1031) [/home/runner/work/trading-bot-c-/trading-bot-c-/src/IntelligenceStack/IntelligenceStack.csproj]
     1>/home/runner/work/trading-bot-c-/trading-bot-c-/src/IntelligenceStack/IdempotentOrderService.cs(41,65): error CA1823: Unused field 'DuplicateOrderWarning' (https://learn.microsoft.com/dotnet/fundamentals/code-analysis/quality-rules/ca1823) [/home/runner/work/trading-bot-c-/trading-bot-c-/src/IntelligenceStack/IntelligenceStack.csproj]
     1>/home/runner/work/trading-bot-c-/trading-bot-c-/src/IntelligenceStack/IdempotentOrderService.cs(53,65): error CA1823: Unused field 'OrderLookupWarning' (https://learn.microsoft.com/dotnet/fundamentals/code-analysis/quality-rules/ca1823) [/home/runner/work/trading-bot-c-/trading-bot-c-/src/IntelligenceStack/IntelligenceStack.csproj]
     1>/home/runner/work/trading-bot-c-/trading-bot-c-/src/IntelligenceStack/IdempotentOrderService.cs(57,62): error CA1823: Unused field 'OrderCleanupInfo' (https://learn.microsoft.com/dotnet/fundamentals/code-analysis/quality-rules/ca1823) [/home/runner/work/trading-bot-c-/trading-bot-c-/src/IntelligenceStack/IntelligenceStack.csproj]
     1>/home/runner/work/trading-bot-c-/trading-bot-c-/src/IntelligenceStack/IdempotentOrderService.cs(69,62): error CA1823: Unused field 'OrderStatePersisted' (https://learn.microsoft.com/dotnet/fundamentals/code-analysis/quality-rules/ca1823) [/home/runner/work/trading-bot-c-/trading-bot-c-/src/IntelligenceStack/IntelligenceStack.csproj]
     1>/home/runner/work/trading-bot-c-/trading-bot-c-/src/IntelligenceStack/IdempotentOrderService.cs(77,62): error CA1823: Unused field 'OrdersCleanedFromMemory' (https://learn.microsoft.com/dotnet/fundamentals/code-analysis/quality-rules/ca1823) [/home/runner/work/trading-bot-c-/trading-bot-c-/src/IntelligenceStack/IntelligenceStack.csproj]
     1>/home/runner/work/trading-bot-c-/trading-bot-c-/src/IntelligenceStack/HistoricalTrainerWithCV.cs(359,9): error CA1848: For improved performance, use the LoggerMessage delegates instead of calling 'LoggerExtensions.LogDebug(ILogger, string?, params object?[])' (https://learn.microsoft.com/dotnet/fundamentals/code-analysis/quality-rules/ca1848) [/home/runner/work/trading-bot-c-/trading-bot-c-/src/IntelligenceStack/IntelligenceStack.csproj]
     1>/home/runner/work/trading-bot-c-/trading-bot-c-/src/IntelligenceStack/FeatureEngineer.cs(725,25): error CA1002: Change 'List<double>' in 'FeatureImportanceTracker.GetRecentPredictions()' to use 'Collection<T>', 'ReadOnlyCollection<T>' or 'KeyedCollection<K,V>' (https://learn.microsoft.com/dotnet/fundamentals/code-analysis/quality-rules/ca1002) [/home/runner/work/trading-bot-c-/trading-bot-c-/src/IntelligenceStack/IntelligenceStack.csproj]
     1>/home/runner/work/trading-bot-c-/trading-bot-c-/src/IntelligenceStack/FeatureStore.cs(286,37): error S1541: The Cyclomatic Complexity of this method is 15 which is greater than 10 authorized. (https://rules.sonarsource.com/csharp/RSPEC-1541) [/home/runner/work/trading-bot-c-/trading-bot-c-/src/IntelligenceStack/IntelligenceStack.csproj]
     1>/home/runner/work/trading-bot-c-/trading-bot-c-/src/IntelligenceStack/FeatureStore.cs(307,17): error S1066: Merge this if statement with the enclosing one. (https://rules.sonarsource.com/csharp/RSPEC-1066) [/home/runner/work/trading-bot-c-/trading-bot-c-/src/IntelligenceStack/IntelligenceStack.csproj]
     1>/home/runner/work/trading-bot-c-/trading-bot-c-/src/IntelligenceStack/FeatureEngineer.cs(706,57): error CA1062: In externally visible method 'Task FeatureImportanceTracker.UpdateAsync(FeatureSet features, double prediction, double outcome, CancellationToken cancellationToken)', validate parameter 'features' is non-null before using it. If appropriate, throw an 'ArgumentNullException' when the argument is 'null'. (https://learn.microsoft.com/dotnet/fundamentals/code-analysis/quality-rules/ca1062) [/home/runner/work/trading-bot-c-/trading-bot-c-/src/IntelligenceStack/IntelligenceStack.csproj]
     1>/home/runner/work/trading-bot-c-/trading-bot-c-/src/IntelligenceStack/FeatureEngineer.cs(733,25): error CA1002: Change 'List<double>' in 'FeatureImportanceTracker.GetRecentOutcomes()' to use 'Collection<T>', 'ReadOnlyCollection<T>' or 'KeyedCollection<K,V>' (https://learn.microsoft.com/dotnet/fundamentals/code-analysis/quality-rules/ca1002) [/home/runner/work/trading-bot-c-/trading-bot-c-/src/IntelligenceStack/IntelligenceStack.csproj]
     1>/home/runner/work/trading-bot-c-/trading-bot-c-/src/IntelligenceStack/FeatureEngineer.cs(749,25): error CA1002: Change 'List<double>' in 'FeatureImportanceTracker.GetFeatureHistory(string)' to use 'Collection<T>', 'ReadOnlyCollection<T>' or 'KeyedCollection<K,V>' (https://learn.microsoft.com/dotnet/fundamentals/code-analysis/quality-rules/ca1002) [/home/runner/work/trading-bot-c-/trading-bot-c-/src/IntelligenceStack/IntelligenceStack.csproj]
     1>/home/runner/work/trading-bot-c-/trading-bot-c-/src/IntelligenceStack/FeatureStore.cs(367,20): error CA1850: Prefer static 'System.Security.Cryptography.SHA256.HashData' method over 'ComputeHash' (https://learn.microsoft.com/dotnet/fundamentals/code-analysis/quality-rules/ca1850) [/home/runner/work/trading-bot-c-/trading-bot-c-/src/IntelligenceStack/IntelligenceStack.csproj]
     1>/home/runner/work/trading-bot-c-/trading-bot-c-/src/IntelligenceStack/FeatureStore.cs(382,13): error S6580: Use a format provider when parsing date and time. (https://rules.sonarsource.com/csharp/RSPEC-6580) [/home/runner/work/trading-bot-c-/trading-bot-c-/src/IntelligenceStack/IntelligenceStack.csproj]
     1>/home/runner/work/trading-bot-c-/trading-bot-c-/src/IntelligenceStack/FeatureStore.cs(375,20): error CA1850: Prefer static 'System.Security.Cryptography.SHA256.HashData' method over 'ComputeHash' (https://learn.microsoft.com/dotnet/fundamentals/code-analysis/quality-rules/ca1850) [/home/runner/work/trading-bot-c-/trading-bot-c-/src/IntelligenceStack/IntelligenceStack.csproj]
     1>/home/runner/work/trading-bot-c-/trading-bot-c-/src/IntelligenceStack/IntelligenceOrchestrator.cs(525,5): error AsyncFixer01: The method 'RunMLModelsAsync' does not need to use async/await. (https://github.com/semihokur/AsyncFixer) [/home/runner/work/trading-bot-c-/trading-bot-c-/src/IntelligenceStack/IntelligenceStack.csproj]
     1>/home/runner/work/trading-bot-c-/trading-bot-c-/src/IntelligenceStack/IntelligenceOrchestrator.cs(532,5): error AsyncFixer01: The method 'UpdateRLTrainingAsync' does not need to use async/await. (https://github.com/semihokur/AsyncFixer) [/home/runner/work/trading-bot-c-/trading-bot-c-/src/IntelligenceStack/IntelligenceStack.csproj]
     1>/home/runner/work/trading-bot-c-/trading-bot-c-/src/IntelligenceStack/IntelligenceOrchestrator.cs(539,5): error AsyncFixer01: The method 'GeneratePredictionsAsync' does not need to use async/await. (https://github.com/semihokur/AsyncFixer) [/home/runner/work/trading-bot-c-/trading-bot-c-/src/IntelligenceStack/IntelligenceStack.csproj]
     1>/home/runner/work/trading-bot-c-/trading-bot-c-/src/IntelligenceStack/IntelligenceOrchestrator.cs(518,9): error CA1031: Modify 'ExecuteActionAsync' to catch a more specific allowed exception type, or rethrow the exception (https://learn.microsoft.com/dotnet/fundamentals/code-analysis/quality-rules/ca1031) [/home/runner/work/trading-bot-c-/trading-bot-c-/src/IntelligenceStack/IntelligenceStack.csproj]
     1>/home/runner/work/trading-bot-c-/trading-bot-c-/src/IntelligenceStack/IntelligenceOrchestrator.cs(546,5): error AsyncFixer01: The method 'AnalyzeCorrelationsAsync' does not need to use async/await. (https://github.com/semihokur/AsyncFixer) [/home/runner/work/trading-bot-c-/trading-bot-c-/src/IntelligenceStack/IntelligenceStack.csproj]
     1>/home/runner/work/trading-bot-c-/trading-bot-c-/src/IntelligenceStack/HistoricalTrainerWithCV.cs(432,5): error AsyncFixer01: The method 'GenerateLeakSafeExampleAsync' does not need to use async/await. (https://github.com/semihokur/AsyncFixer) [/home/runner/work/trading-bot-c-/trading-bot-c-/src/IntelligenceStack/IntelligenceStack.csproj]
     1>/home/runner/work/trading-bot-c-/trading-bot-c-/src/IntelligenceStack/HistoricalTrainerWithCV.cs(448,32): error S109: Assign this magic number '10' to a well-named variable or constant, and use that instead. (https://rules.sonarsource.com/csharp/RSPEC-109) [/home/runner/work/trading-bot-c-/trading-bot-c-/src/IntelligenceStack/IntelligenceStack.csproj]
     1>/home/runner/work/trading-bot-c-/trading-bot-c-/src/IntelligenceStack/IntelligenceOrchestrator.cs(589,9): error CA1031: Modify 'LoadActiveModelsAsync' to catch a more specific allowed exception type, or rethrow the exception (https://learn.microsoft.com/dotnet/fundamentals/code-analysis/quality-rules/ca1031) [/home/runner/work/trading-bot-c-/trading-bot-c-/src/IntelligenceStack/IntelligenceStack.csproj]
     1>/home/runner/work/trading-bot-c-/trading-bot-c-/src/IntelligenceStack/HistoricalTrainerWithCV.cs(454,40): error S6608: Indexing at Count-1 should be used instead of the "Enumerable" extension method "Last" (https://rules.sonarsource.com/csharp/RSPEC-6608) [/home/runner/work/trading-bot-c-/trading-bot-c-/src/IntelligenceStack/IntelligenceStack.csproj]
     1>/home/runner/work/trading-bot-c-/trading-bot-c-/src/IntelligenceStack/EnsembleMetaLearner.cs(767,28): error CA1024: Use properties where appropriate (https://learn.microsoft.com/dotnet/fundamentals/code-analysis/quality-rules/ca1024) [/home/runner/work/trading-bot-c-/trading-bot-c-/src/IntelligenceStack/IntelligenceStack.csproj]
     1>/home/runner/work/trading-bot-c-/trading-bot-c-/src/IntelligenceStack/HistoricalTrainerWithCV.cs(474,5): error AsyncFixer01: The method 'GetMarketDataAsync' does not need to use async/await. (https://github.com/semihokur/AsyncFixer) [/home/runner/work/trading-bot-c-/trading-bot-c-/src/IntelligenceStack/IntelligenceStack.csproj]
     1>/home/runner/work/trading-bot-c-/trading-bot-c-/src/IntelligenceStack/HistoricalTrainerWithCV.cs(483,17): error S1854: Remove this useless assignment to local variable 'dataPoints'. (https://rules.sonarsource.com/csharp/RSPEC-1854) [/home/runner/work/trading-bot-c-/trading-bot-c-/src/IntelligenceStack/IntelligenceStack.csproj]
     1>/home/runner/work/trading-bot-c-/trading-bot-c-/src/IntelligenceStack/HistoricalTrainerWithCV.cs(526,26): error S109: Assign this magic number '100' to a well-named variable or constant, and use that instead. (https://rules.sonarsource.com/csharp/RSPEC-109) [/home/runner/work/trading-bot-c-/trading-bot-c-/src/IntelligenceStack/IntelligenceStack.csproj]
     1>/home/runner/work/trading-bot-c-/trading-bot-c-/src/IntelligenceStack/HistoricalTrainerWithCV.cs(542,121): error S109: Assign this magic number '50' to a well-named variable or constant, and use that instead. (https://rules.sonarsource.com/csharp/RSPEC-109) [/home/runner/work/trading-bot-c-/trading-bot-c-/src/IntelligenceStack/IntelligenceStack.csproj]
     1>/home/runner/work/trading-bot-c-/trading-bot-c-/src/IntelligenceStack/HistoricalTrainerWithCV.cs(542,127): error S109: Assign this magic number '10' to a well-named variable or constant, and use that instead. (https://rules.sonarsource.com/csharp/RSPEC-109) [/home/runner/work/trading-bot-c-/trading-bot-c-/src/IntelligenceStack/IntelligenceStack.csproj]
     1>/home/runner/work/trading-bot-c-/trading-bot-c-/src/IntelligenceStack/HistoricalTrainerWithCV.cs(543,120): error S109: Assign this magic number '50' to a well-named variable or constant, and use that instead. (https://rules.sonarsource.com/csharp/RSPEC-109) [/home/runner/work/trading-bot-c-/trading-bot-c-/src/IntelligenceStack/IntelligenceStack.csproj]
     1>/home/runner/work/trading-bot-c-/trading-bot-c-/src/IntelligenceStack/HistoricalTrainerWithCV.cs(543,126): error S109: Assign this magic number '10' to a well-named variable or constant, and use that instead. (https://rules.sonarsource.com/csharp/RSPEC-109) [/home/runner/work/trading-bot-c-/trading-bot-c-/src/IntelligenceStack/IntelligenceStack.csproj]
     1>/home/runner/work/trading-bot-c-/trading-bot-c-/src/IntelligenceStack/HistoricalTrainerWithCV.cs(545,26): error S109: Assign this magic number '1000' to a well-named variable or constant, and use that instead. (https://rules.sonarsource.com/csharp/RSPEC-109) [/home/runner/work/trading-bot-c-/trading-bot-c-/src/IntelligenceStack/IntelligenceStack.csproj]
     1>/home/runner/work/trading-bot-c-/trading-bot-c-/src/IntelligenceStack/HistoricalTrainerWithCV.cs(545,96): error S109: Assign this magic number '5000' to a well-named variable or constant, and use that instead. (https://rules.sonarsource.com/csharp/RSPEC-109) [/home/runner/work/trading-bot-c-/trading-bot-c-/src/IntelligenceStack/IntelligenceStack.csproj]
     1>/home/runner/work/trading-bot-c-/trading-bot-c-/src/IntelligenceStack/HistoricalTrainerWithCV.cs(497,21): error CA1848: For improved performance, use the LoggerMessage delegates instead of calling 'LoggerExtensions.LogWarning(ILogger, string?, params object?[])' (https://learn.microsoft.com/dotnet/fundamentals/code-analysis/quality-rules/ca1848) [/home/runner/work/trading-bot-c-/trading-bot-c-/src/IntelligenceStack/IntelligenceStack.csproj]
     1>/home/runner/work/trading-bot-c-/trading-bot-c-/src/IntelligenceStack/HistoricalTrainerWithCV.cs(508,17): error CA1848: For improved performance, use the LoggerMessage delegates instead of calling 'LoggerExtensions.LogError(ILogger, Exception?, string?, params object?[])' (https://learn.microsoft.com/dotnet/fundamentals/code-analysis/quality-rules/ca1848) [/home/runner/work/trading-bot-c-/trading-bot-c-/src/IntelligenceStack/IntelligenceStack.csproj]
     1>/home/runner/work/trading-bot-c-/trading-bot-c-/src/IntelligenceStack/HistoricalTrainerWithCV.cs(516,13): error CA1848: For improved performance, use the LoggerMessage delegates instead of calling 'LoggerExtensions.LogInformation(ILogger, string?, params object?[])' (https://learn.microsoft.com/dotnet/fundamentals/code-analysis/quality-rules/ca1848) [/home/runner/work/trading-bot-c-/trading-bot-c-/src/IntelligenceStack/IntelligenceStack.csproj]
     1>/home/runner/work/trading-bot-c-/trading-bot-c-/src/IntelligenceStack/HistoricalTrainerWithCV.cs(557,26): error S109: Assign this magic number '200' to a well-named variable or constant, and use that instead. (https://rules.sonarsource.com/csharp/RSPEC-109) [/home/runner/work/trading-bot-c-/trading-bot-c-/src/IntelligenceStack/IntelligenceStack.csproj]
     1>/home/runner/work/trading-bot-c-/trading-bot-c-/src/IntelligenceStack/HistoricalTrainerWithCV.cs(564,26): error S109: Assign this magic number '50' to a well-named variable or constant, and use that instead. (https://rules.sonarsource.com/csharp/RSPEC-109) [/home/runner/work/trading-bot-c-/trading-bot-c-/src/IntelligenceStack/IntelligenceStack.csproj]
     1>/home/runner/work/trading-bot-c-/trading-bot-c-/src/IntelligenceStack/HistoricalTrainerWithCV.cs(580,5): error AsyncFixer01: The method 'ApplyDataQualityChecksAsync' does not need to use async/await. (https://github.com/semihokur/AsyncFixer) [/home/runner/work/trading-bot-c-/trading-bot-c-/src/IntelligenceStack/IntelligenceStack.csproj]
     1>/home/runner/work/trading-bot-c-/trading-bot-c-/src/IntelligenceStack/HistoricalTrainerWithCV.cs(596,17): error CA1848: For improved performance, use the LoggerMessage delegates instead of calling 'LoggerExtensions.LogWarning(ILogger, string?, params object?[])' (https://learn.microsoft.com/dotnet/fundamentals/code-analysis/quality-rules/ca1848) [/home/runner/work/trading-bot-c-/trading-bot-c-/src/IntelligenceStack/IntelligenceStack.csproj]
     1>/home/runner/work/trading-bot-c-/trading-bot-c-/src/IntelligenceStack/IntelligenceOrchestrator.cs(645,5): error AsyncFixer01: The method 'MakePredictionAsync' does not need to use async/await. (https://github.com/semihokur/AsyncFixer) [/home/runner/work/trading-bot-c-/trading-bot-c-/src/IntelligenceStack/IntelligenceStack.csproj]
     1>/home/runner/work/trading-bot-c-/trading-bot-c-/src/IntelligenceStack/FeatureEngineer.cs(408,9): error CA1031: Modify 'ProcessMarketDataAsync' to catch a more specific allowed exception type, or rethrow the exception (https://learn.microsoft.com/dotnet/fundamentals/code-analysis/quality-rules/ca1031) [/home/runner/work/trading-bot-c-/trading-bot-c-/src/IntelligenceStack/IntelligenceStack.csproj]
     1>/home/runner/work/trading-bot-c-/trading-bot-c-/src/IntelligenceStack/HistoricalTrainerWithCV.cs(640,31): error S109: Assign this magic number '0.8' to a well-named variable or constant, and use that instead. (https://rules.sonarsource.com/csharp/RSPEC-109) [/home/runner/work/trading-bot-c-/trading-bot-c-/src/IntelligenceStack/IntelligenceStack.csproj]
     1>/home/runner/work/trading-bot-c-/trading-bot-c-/src/IntelligenceStack/HistoricalTrainerWithCV.cs(648,59): error CA1869: Avoid creating a new 'JsonSerializerOptions' instance for every serialization operation. Cache and reuse instances instead. (https://learn.microsoft.com/dotnet/fundamentals/code-analysis/quality-rules/ca1869) [/home/runner/work/trading-bot-c-/trading-bot-c-/src/IntelligenceStack/IntelligenceStack.csproj]
     1>/home/runner/work/trading-bot-c-/trading-bot-c-/src/IntelligenceStack/HistoricalTrainerWithCV.cs(651,13): error CA1848: For improved performance, use the LoggerMessage delegates instead of calling 'LoggerExtensions.LogInformation(ILogger, string?, params object?[])' (https://learn.microsoft.com/dotnet/fundamentals/code-analysis/quality-rules/ca1848) [/home/runner/work/trading-bot-c-/trading-bot-c-/src/IntelligenceStack/IntelligenceStack.csproj]
     1>/home/runner/work/trading-bot-c-/trading-bot-c-/src/IntelligenceStack/HistoricalTrainerWithCV.cs(655,13): error CA1848: For improved performance, use the LoggerMessage delegates instead of calling 'LoggerExtensions.LogWarning(ILogger, Exception?, string?, params object?[])' (https://learn.microsoft.com/dotnet/fundamentals/code-analysis/quality-rules/ca1848) [/home/runner/work/trading-bot-c-/trading-bot-c-/src/IntelligenceStack/IntelligenceStack.csproj]
     1>/home/runner/work/trading-bot-c-/trading-bot-c-/src/IntelligenceStack/HistoricalTrainerWithCV.cs(653,9): error CA1031: Modify 'SaveCVResultsAsync' to catch a more specific allowed exception type, or rethrow the exception (https://learn.microsoft.com/dotnet/fundamentals/code-analysis/quality-rules/ca1031) [/home/runner/work/trading-bot-c-/trading-bot-c-/src/IntelligenceStack/IntelligenceStack.csproj]
     1>/home/runner/work/trading-bot-c-/trading-bot-c-/src/IntelligenceStack/IntelligenceOrchestrator.cs(683,24): error S3358: Extract this nested ternary operation into an independent statement. (https://rules.sonarsource.com/csharp/RSPEC-3358) [/home/runner/work/trading-bot-c-/trading-bot-c-/src/IntelligenceStack/IntelligenceStack.csproj]
     1>/home/runner/work/trading-bot-c-/trading-bot-c-/src/IntelligenceStack/HistoricalTrainerWithCV.cs(691,13): error CA1848: For improved performance, use the LoggerMessage delegates instead of calling 'LoggerExtensions.LogInformation(ILogger, string?, params object?[])' (https://learn.microsoft.com/dotnet/fundamentals/code-analysis/quality-rules/ca1848) [/home/runner/work/trading-bot-c-/trading-bot-c-/src/IntelligenceStack/IntelligenceStack.csproj]
     1>/home/runner/work/trading-bot-c-/trading-bot-c-/src/IntelligenceStack/HistoricalTrainerWithCV.cs(696,13): error CA1848: For improved performance, use the LoggerMessage delegates instead of calling 'LoggerExtensions.LogError(ILogger, Exception?, string?, params object?[])' (https://learn.microsoft.com/dotnet/fundamentals/code-analysis/quality-rules/ca1848) [/home/runner/work/trading-bot-c-/trading-bot-c-/src/IntelligenceStack/IntelligenceStack.csproj]
     1>/home/runner/work/trading-bot-c-/trading-bot-c-/src/IntelligenceStack/HistoricalTrainerWithCV.cs(694,9): error CA1031: Modify 'RegisterBestModelAsync' to catch a more specific allowed exception type, or rethrow the exception (https://learn.microsoft.com/dotnet/fundamentals/code-analysis/quality-rules/ca1031) [/home/runner/work/trading-bot-c-/trading-bot-c-/src/IntelligenceStack/IntelligenceStack.csproj]
     1>/home/runner/work/trading-bot-c-/trading-bot-c-/src/IntelligenceStack/FeatureEngineer.cs(444,59): error CA1869: Avoid creating a new 'JsonSerializerOptions' instance for every serialization operation. Cache and reuse instances instead. (https://learn.microsoft.com/dotnet/fundamentals/code-analysis/quality-rules/ca1869) [/home/runner/work/trading-bot-c-/trading-bot-c-/src/IntelligenceStack/IntelligenceStack.csproj]
     1>/home/runner/work/trading-bot-c-/trading-bot-c-/src/IntelligenceStack/FeatureEngineer.cs(447,13): error CA1848: For improved performance, use the LoggerMessage delegates instead of calling 'LoggerExtensions.LogDebug(ILogger, string?, params object?[])' (https://learn.microsoft.com/dotnet/fundamentals/code-analysis/quality-rules/ca1848) [/home/runner/work/trading-bot-c-/trading-bot-c-/src/IntelligenceStack/IntelligenceStack.csproj]
     1>/home/runner/work/trading-bot-c-/trading-bot-c-/src/IntelligenceStack/FeatureEngineer.cs(451,13): error CA1848: For improved performance, use the LoggerMessage delegates instead of calling 'LoggerExtensions.LogWarning(ILogger, Exception?, string?, params object?[])' (https://learn.microsoft.com/dotnet/fundamentals/code-analysis/quality-rules/ca1848) [/home/runner/work/trading-bot-c-/trading-bot-c-/src/IntelligenceStack/IntelligenceStack.csproj]
     1>/home/runner/work/trading-bot-c-/trading-bot-c-/src/IntelligenceStack/FeatureEngineer.cs(449,9): error CA1031: Modify 'LogFeatureWeightsAsync' to catch a more specific allowed exception type, or rethrow the exception (https://learn.microsoft.com/dotnet/fundamentals/code-analysis/quality-rules/ca1031) [/home/runner/work/trading-bot-c-/trading-bot-c-/src/IntelligenceStack/IntelligenceStack.csproj]
     1>/home/runner/work/trading-bot-c-/trading-bot-c-/src/IntelligenceStack/HistoricalTrainerWithCV.cs(722,82): error S109: Assign this magic number '8' to a well-named variable or constant, and use that instead. (https://rules.sonarsource.com/csharp/RSPEC-109) [/home/runner/work/trading-bot-c-/trading-bot-c-/src/IntelligenceStack/IntelligenceStack.csproj]
     1>/home/runner/work/trading-bot-c-/trading-bot-c-/src/IntelligenceStack/HistoricalTrainerWithCV.cs(723,50): error S109: Assign this magic number '8' to a well-named variable or constant, and use that instead. (https://rules.sonarsource.com/csharp/RSPEC-109) [/home/runner/work/trading-bot-c-/trading-bot-c-/src/IntelligenceStack/IntelligenceStack.csproj]
     1>/home/runner/work/trading-bot-c-/trading-bot-c-/src/IntelligenceStack/HistoricalTrainerWithCV.cs(723,86): error S109: Assign this magic number '8' to a well-named variable or constant, and use that instead. (https://rules.sonarsource.com/csharp/RSPEC-109) [/home/runner/work/trading-bot-c-/trading-bot-c-/src/IntelligenceStack/IntelligenceStack.csproj]
     1>/home/runner/work/trading-bot-c-/trading-bot-c-/src/IntelligenceStack/HistoricalTrainerWithCV.cs(728,52): error S109: Assign this magic number '32' to a well-named variable or constant, and use that instead. (https://rules.sonarsource.com/csharp/RSPEC-109) [/home/runner/work/trading-bot-c-/trading-bot-c-/src/IntelligenceStack/IntelligenceStack.csproj]
     1>/home/runner/work/trading-bot-c-/trading-bot-c-/src/IntelligenceStack/EnsembleMetaLearner.cs(446,9): error S1172: Remove this unused method parameter 'cancellationToken'. (https://rules.sonarsource.com/csharp/RSPEC-1172) [/home/runner/work/trading-bot-c-/trading-bot-c-/src/IntelligenceStack/IntelligenceStack.csproj]
     1>/home/runner/work/trading-bot-c-/trading-bot-c-/src/IntelligenceStack/HistoricalTrainerWithCV.cs(749,44): error S109: Assign this magic number '16' to a well-named variable or constant, and use that instead. (https://rules.sonarsource.com/csharp/RSPEC-109) [/home/runner/work/trading-bot-c-/trading-bot-c-/src/IntelligenceStack/IntelligenceStack.csproj]
     1>/home/runner/work/trading-bot-c-/trading-bot-c-/src/IntelligenceStack/IntelligenceOrchestrator.cs(763,9): error CA1031: Modify 'GetLatestPredictionAsync' to catch a more specific allowed exception type, or rethrow the exception (https://learn.microsoft.com/dotnet/fundamentals/code-analysis/quality-rules/ca1031) [/home/runner/work/trading-bot-c-/trading-bot-c-/src/IntelligenceStack/IntelligenceStack.csproj]
     1>/home/runner/work/trading-bot-c-/trading-bot-c-/src/IntelligenceStack/OnlineLearningSystem.cs(66,23): error CA1823: Unused field 'PauseMinutesForBreach' (https://learn.microsoft.com/dotnet/fundamentals/code-analysis/quality-rules/ca1823) [/home/runner/work/trading-bot-c-/trading-bot-c-/src/IntelligenceStack/IntelligenceStack.csproj]
     1>/home/runner/work/trading-bot-c-/trading-bot-c-/src/IntelligenceStack/IntelligenceOrchestrator.cs(821,21): error S2589: Change this condition so that it does not always evaluate to 'True'. (https://rules.sonarsource.com/csharp/RSPEC-2589) [/home/runner/work/trading-bot-c-/trading-bot-c-/src/IntelligenceStack/IntelligenceStack.csproj]
     1>/home/runner/work/trading-bot-c-/trading-bot-c-/src/IntelligenceStack/IntelligenceOrchestrator.cs(880,5): error AsyncFixer01: The method 'GetLivePredictionAsync' does not need to use async/await. (https://github.com/semihokur/AsyncFixer) [/home/runner/work/trading-bot-c-/trading-bot-c-/src/IntelligenceStack/IntelligenceStack.csproj]
     1>/home/runner/work/trading-bot-c-/trading-bot-c-/src/IntelligenceStack/FeatureEngineer.cs(506,9): error CA1031: Modify 'CalculateMarginalContributionAsync' to catch a more specific allowed exception type, or rethrow the exception (https://learn.microsoft.com/dotnet/fundamentals/code-analysis/quality-rules/ca1031) [/home/runner/work/trading-bot-c-/trading-bot-c-/src/IntelligenceStack/IntelligenceStack.csproj]
     1>/home/runner/work/trading-bot-c-/trading-bot-c-/src/IntelligenceStack/IntelligenceOrchestrator.cs(870,9): error CA1031: Modify 'GetOnlinePredictionAsync' to catch a more specific allowed exception type, or rethrow the exception (https://learn.microsoft.com/dotnet/fundamentals/code-analysis/quality-rules/ca1031) [/home/runner/work/trading-bot-c-/trading-bot-c-/src/IntelligenceStack/IntelligenceStack.csproj]
     1>/home/runner/work/trading-bot-c-/trading-bot-c-/src/IntelligenceStack/FeatureEngineer.cs(563,9): error CA1031: Modify 'ExtractFeaturesFromMarketDataAsync' to catch a more specific allowed exception type, or rethrow the exception (https://learn.microsoft.com/dotnet/fundamentals/code-analysis/quality-rules/ca1031) [/home/runner/work/trading-bot-c-/trading-bot-c-/src/IntelligenceStack/IntelligenceStack.csproj]
     1>/home/runner/work/trading-bot-c-/trading-bot-c-/src/IntelligenceStack/EnsembleMetaLearner.cs(670,56): error CA1869: Avoid creating a new 'JsonSerializerOptions' instance for every serialization operation. Cache and reuse instances instead. (https://learn.microsoft.com/dotnet/fundamentals/code-analysis/quality-rules/ca1869) [/home/runner/work/trading-bot-c-/trading-bot-c-/src/IntelligenceStack/IntelligenceStack.csproj]
     1>/home/runner/work/trading-bot-c-/trading-bot-c-/src/IntelligenceStack/EnsembleMetaLearner.cs(673,9): error CA1031: Modify 'SaveStateAsync' to catch a more specific allowed exception type, or rethrow the exception (https://learn.microsoft.com/dotnet/fundamentals/code-analysis/quality-rules/ca1031) [/home/runner/work/trading-bot-c-/trading-bot-c-/src/IntelligenceStack/IntelligenceStack.csproj]
     1>/home/runner/work/trading-bot-c-/trading-bot-c-/src/IntelligenceStack/EnsembleMetaLearner.cs(710,9): error CA1031: Modify 'LoadStateAsync' to catch a more specific allowed exception type, or rethrow the exception (https://learn.microsoft.com/dotnet/fundamentals/code-analysis/quality-rules/ca1031) [/home/runner/work/trading-bot-c-/trading-bot-c-/src/IntelligenceStack/IntelligenceStack.csproj]
     1>/home/runner/work/trading-bot-c-/trading-bot-c-/src/IntelligenceStack/FeatureEngineer.cs(623,17): error CA1848: For improved performance, use the LoggerMessage delegates instead of calling 'LoggerExtensions.LogError(ILogger, Exception?, string?, params object?[])' (https://learn.microsoft.com/dotnet/fundamentals/code-analysis/quality-rules/ca1848) [/home/runner/work/trading-bot-c-/trading-bot-c-/src/IntelligenceStack/IntelligenceStack.csproj]
     1>/home/runner/work/trading-bot-c-/trading-bot-c-/src/IntelligenceStack/FeatureEngineer.cs(621,13): error CA1031: Modify 'PerformScheduledUpdate' to catch a more specific allowed exception type, or rethrow the exception (https://learn.microsoft.com/dotnet/fundamentals/code-analysis/quality-rules/ca1031) [/home/runner/work/trading-bot-c-/trading-bot-c-/src/IntelligenceStack/IntelligenceStack.csproj]
     1>/home/runner/work/trading-bot-c-/trading-bot-c-/src/IntelligenceStack/IntelligenceOrchestrator.cs(1007,5): error AsyncFixer01: The method 'CheckModelPromotionsAsync' does not need to use async/await. (https://github.com/semihokur/AsyncFixer) [/home/runner/work/trading-bot-c-/trading-bot-c-/src/IntelligenceStack/IntelligenceStack.csproj]
     1>/home/runner/work/trading-bot-c-/trading-bot-c-/src/IntelligenceStack/IntelligenceOrchestrator.cs(1055,92): error S109: Assign this magic number '0.5' to a well-named variable or constant, and use that instead. (https://rules.sonarsource.com/csharp/RSPEC-109) [/home/runner/work/trading-bot-c-/trading-bot-c-/src/IntelligenceStack/IntelligenceStack.csproj]
     1>/home/runner/work/trading-bot-c-/trading-bot-c-/src/IntelligenceStack/IntelligenceOrchestrator.cs(1007,57): error S1172: Remove this unused method parameter 'cancellationToken'. (https://rules.sonarsource.com/csharp/RSPEC-1172) [/home/runner/work/trading-bot-c-/trading-bot-c-/src/IntelligenceStack/IntelligenceStack.csproj]
     1>/home/runner/work/trading-bot-c-/trading-bot-c-/src/IntelligenceStack/IntelligenceOrchestrator.cs(1073,9): error CA1031: Modify 'MakeDecisionWorkflowAsync' to catch a more specific allowed exception type, or rethrow the exception (https://learn.microsoft.com/dotnet/fundamentals/code-analysis/quality-rules/ca1031) [/home/runner/work/trading-bot-c-/trading-bot-c-/src/IntelligenceStack/IntelligenceStack.csproj]
     1>/home/runner/work/trading-bot-c-/trading-bot-c-/src/IntelligenceStack/IntelligenceOrchestrator.cs(1088,9): error CA1031: Modify 'ProcessMarketDataWorkflowAsync' to catch a more specific allowed exception type, or rethrow the exception (https://learn.microsoft.com/dotnet/fundamentals/code-analysis/quality-rules/ca1031) [/home/runner/work/trading-bot-c-/trading-bot-c-/src/IntelligenceStack/IntelligenceStack.csproj]
     1>/home/runner/work/trading-bot-c-/trading-bot-c-/src/IntelligenceStack/IntelligenceOrchestrator.cs(1094,81): error S1172: Remove this unused method parameter 'context'. (https://rules.sonarsource.com/csharp/RSPEC-1172) [/home/runner/work/trading-bot-c-/trading-bot-c-/src/IntelligenceStack/IntelligenceStack.csproj]
     1>/home/runner/work/trading-bot-c-/trading-bot-c-/src/IntelligenceStack/IntelligenceOrchestrator.cs(1101,9): error CA1031: Modify 'PerformMaintenanceWorkflowAsync' to catch a more specific allowed exception type, or rethrow the exception (https://learn.microsoft.com/dotnet/fundamentals/code-analysis/quality-rules/ca1031) [/home/runner/work/trading-bot-c-/trading-bot-c-/src/IntelligenceStack/IntelligenceStack.csproj]
     1>/home/runner/work/trading-bot-c-/trading-bot-c-/src/IntelligenceStack/IntelligenceOrchestrator.cs(1113,84): error S109: Assign this magic number '4500' to a well-named variable or constant, and use that instead. (https://rules.sonarsource.com/csharp/RSPEC-109) [/home/runner/work/trading-bot-c-/trading-bot-c-/src/IntelligenceStack/IntelligenceStack.csproj]
     1>/home/runner/work/trading-bot-c-/trading-bot-c-/src/IntelligenceStack/IntelligenceOrchestrator.cs(1114,86): error S109: Assign this magic number '1000' to a well-named variable or constant, and use that instead. (https://rules.sonarsource.com/csharp/RSPEC-109) [/home/runner/work/trading-bot-c-/trading-bot-c-/src/IntelligenceStack/IntelligenceStack.csproj]
     1>/home/runner/work/trading-bot-c-/trading-bot-c-/src/IntelligenceStack/IntelligenceOrchestrator.cs(1115,80): error S109: Assign this magic number '4499.75' to a well-named variable or constant, and use that instead. (https://rules.sonarsource.com/csharp/RSPEC-109) [/home/runner/work/trading-bot-c-/trading-bot-c-/src/IntelligenceStack/IntelligenceStack.csproj]
     1>/home/runner/work/trading-bot-c-/trading-bot-c-/src/IntelligenceStack/IntelligenceOrchestrator.cs(1116,80): error S109: Assign this magic number '4500.25' to a well-named variable or constant, and use that instead. (https://rules.sonarsource.com/csharp/RSPEC-109) [/home/runner/work/trading-bot-c-/trading-bot-c-/src/IntelligenceStack/IntelligenceStack.csproj]
     1>/home/runner/work/trading-bot-c-/trading-bot-c-/src/IntelligenceStack/IntelligenceOrchestrator.cs(1126,82): error S109: Assign this magic number '4500' to a well-named variable or constant, and use that instead. (https://rules.sonarsource.com/csharp/RSPEC-109) [/home/runner/work/trading-bot-c-/trading-bot-c-/src/IntelligenceStack/IntelligenceStack.csproj]
     1>/home/runner/work/trading-bot-c-/trading-bot-c-/src/IntelligenceStack/IntelligenceOrchestrator.cs(1127,82): error S109: Assign this magic number '4502' to a well-named variable or constant, and use that instead. (https://rules.sonarsource.com/csharp/RSPEC-109) [/home/runner/work/trading-bot-c-/trading-bot-c-/src/IntelligenceStack/IntelligenceStack.csproj]
     1>/home/runner/work/trading-bot-c-/trading-bot-c-/src/IntelligenceStack/IntelligenceOrchestrator.cs(1128,80): error S109: Assign this magic number '4498' to a well-named variable or constant, and use that instead. (https://rules.sonarsource.com/csharp/RSPEC-109) [/home/runner/work/trading-bot-c-/trading-bot-c-/src/IntelligenceStack/IntelligenceStack.csproj]
     1>/home/runner/work/trading-bot-c-/trading-bot-c-/src/IntelligenceStack/IntelligenceOrchestrator.cs(1129,84): error S109: Assign this magic number '4501' to a well-named variable or constant, and use that instead. (https://rules.sonarsource.com/csharp/RSPEC-109) [/home/runner/work/trading-bot-c-/trading-bot-c-/src/IntelligenceStack/IntelligenceStack.csproj]
     1>/home/runner/work/trading-bot-c-/trading-bot-c-/src/IntelligenceStack/IntelligenceOrchestrator.cs(1130,86): error S109: Assign this magic number '1000' to a well-named variable or constant, and use that instead. (https://rules.sonarsource.com/csharp/RSPEC-109) [/home/runner/work/trading-bot-c-/trading-bot-c-/src/IntelligenceStack/IntelligenceStack.csproj]
     1>/home/runner/work/trading-bot-c-/trading-bot-c-/src/IntelligenceStack/IntelligenceOrchestrator.cs(1131,80): error S109: Assign this magic number '4500.75' to a well-named variable or constant, and use that instead. (https://rules.sonarsource.com/csharp/RSPEC-109) [/home/runner/work/trading-bot-c-/trading-bot-c-/src/IntelligenceStack/IntelligenceStack.csproj]
     1>/home/runner/work/trading-bot-c-/trading-bot-c-/src/IntelligenceStack/IntelligenceOrchestrator.cs(1132,80): error S109: Assign this magic number '4501.25' to a well-named variable or constant, and use that instead. (https://rules.sonarsource.com/csharp/RSPEC-109) [/home/runner/work/trading-bot-c-/trading-bot-c-/src/IntelligenceStack/IntelligenceStack.csproj]
     1>/home/runner/work/trading-bot-c-/trading-bot-c-/src/IntelligenceStack/IntelligenceOrchestrator.cs(1126,20): error CA1305: The behavior of 'Convert.ToDouble(object)' could vary based on the current user's locale settings. Replace this call in 'IntelligenceOrchestrator.ExtractMarketDataFromWorkflow(WorkflowExecutionContext)' with a call to 'Convert.ToDouble(object, IFormatProvider)'. (https://learn.microsoft.com/dotnet/fundamentals/code-analysis/quality-rules/ca1305) [/home/runner/work/trading-bot-c-/trading-bot-c-/src/IntelligenceStack/IntelligenceStack.csproj]
     1>/home/runner/work/trading-bot-c-/trading-bot-c-/src/IntelligenceStack/IntelligenceOrchestrator.cs(1127,20): error CA1305: The behavior of 'Convert.ToDouble(object)' could vary based on the current user's locale settings. Replace this call in 'IntelligenceOrchestrator.ExtractMarketDataFromWorkflow(WorkflowExecutionContext)' with a call to 'Convert.ToDouble(object, IFormatProvider)'. (https://learn.microsoft.com/dotnet/fundamentals/code-analysis/quality-rules/ca1305) [/home/runner/work/trading-bot-c-/trading-bot-c-/src/IntelligenceStack/IntelligenceStack.csproj]
     1>/home/runner/work/trading-bot-c-/trading-bot-c-/src/IntelligenceStack/IntelligenceOrchestrator.cs(1128,19): error CA1305: The behavior of 'Convert.ToDouble(object)' could vary based on the current user's locale settings. Replace this call in 'IntelligenceOrchestrator.ExtractMarketDataFromWorkflow(WorkflowExecutionContext)' with a call to 'Convert.ToDouble(object, IFormatProvider)'. (https://learn.microsoft.com/dotnet/fundamentals/code-analysis/quality-rules/ca1305) [/home/runner/work/trading-bot-c-/trading-bot-c-/src/IntelligenceStack/IntelligenceStack.csproj]
     1>/home/runner/work/trading-bot-c-/trading-bot-c-/src/IntelligenceStack/IntelligenceOrchestrator.cs(1129,21): error CA1305: The behavior of 'Convert.ToDouble(object)' could vary based on the current user's locale settings. Replace this call in 'IntelligenceOrchestrator.ExtractMarketDataFromWorkflow(WorkflowExecutionContext)' with a call to 'Convert.ToDouble(object, IFormatProvider)'. (https://learn.microsoft.com/dotnet/fundamentals/code-analysis/quality-rules/ca1305) [/home/runner/work/trading-bot-c-/trading-bot-c-/src/IntelligenceStack/IntelligenceStack.csproj]
     1>/home/runner/work/trading-bot-c-/trading-bot-c-/src/IntelligenceStack/IntelligenceOrchestrator.cs(1130,22): error CA1305: The behavior of 'Convert.ToDouble(object)' could vary based on the current user's locale settings. Replace this call in 'IntelligenceOrchestrator.ExtractMarketDataFromWorkflow(WorkflowExecutionContext)' with a call to 'Convert.ToDouble(object, IFormatProvider)'. (https://learn.microsoft.com/dotnet/fundamentals/code-analysis/quality-rules/ca1305) [/home/runner/work/trading-bot-c-/trading-bot-c-/src/IntelligenceStack/IntelligenceStack.csproj]
     1>/home/runner/work/trading-bot-c-/trading-bot-c-/src/IntelligenceStack/IntelligenceOrchestrator.cs(1131,19): error CA1305: The behavior of 'Convert.ToDouble(object)' could vary based on the current user's locale settings. Replace this call in 'IntelligenceOrchestrator.ExtractMarketDataFromWorkflow(WorkflowExecutionContext)' with a call to 'Convert.ToDouble(object, IFormatProvider)'. (https://learn.microsoft.com/dotnet/fundamentals/code-analysis/quality-rules/ca1305) [/home/runner/work/trading-bot-c-/trading-bot-c-/src/IntelligenceStack/IntelligenceStack.csproj]
     1>/home/runner/work/trading-bot-c-/trading-bot-c-/src/IntelligenceStack/IntelligenceOrchestrator.cs(1132,19): error CA1305: The behavior of 'Convert.ToDouble(object)' could vary based on the current user's locale settings. Replace this call in 'IntelligenceOrchestrator.ExtractMarketDataFromWorkflow(WorkflowExecutionContext)' with a call to 'Convert.ToDouble(object, IFormatProvider)'. (https://learn.microsoft.com/dotnet/fundamentals/code-analysis/quality-rules/ca1305) [/home/runner/work/trading-bot-c-/trading-bot-c-/src/IntelligenceStack/IntelligenceStack.csproj]
     1>/home/runner/work/trading-bot-c-/trading-bot-c-/src/IntelligenceStack/IntelligenceOrchestrator.cs(1190,9): error CA1031: Modify 'PushTradeRecordAsync' to catch a more specific allowed exception type, or rethrow the exception (https://learn.microsoft.com/dotnet/fundamentals/code-analysis/quality-rules/ca1031) [/home/runner/work/trading-bot-c-/trading-bot-c-/src/IntelligenceStack/IntelligenceStack.csproj]
     1>/home/runner/work/trading-bot-c-/trading-bot-c-/src/IntelligenceStack/IntelligenceOrchestrator.cs(1221,9): error CA1031: Modify 'PushServiceMetricsAsync' to catch a more specific allowed exception type, or rethrow the exception (https://learn.microsoft.com/dotnet/fundamentals/code-analysis/quality-rules/ca1031) [/home/runner/work/trading-bot-c-/trading-bot-c-/src/IntelligenceStack/IntelligenceStack.csproj]
     1>/home/runner/work/trading-bot-c-/trading-bot-c-/src/IntelligenceStack/IntelligenceOrchestrator.cs(1188,44): error CA1062: In externally visible method 'Task IntelligenceOrchestrator.PushTradeRecordAsync(CloudTradeRecord tradeRecord, CancellationToken cancellationToken = default(CancellationToken))', validate parameter 'tradeRecord' is non-null before using it. If appropriate, throw an 'ArgumentNullException' when the argument is 'null'. (https://learn.microsoft.com/dotnet/fundamentals/code-analysis/quality-rules/ca1062) [/home/runner/work/trading-bot-c-/trading-bot-c-/src/IntelligenceStack/IntelligenceStack.csproj]
     1>/home/runner/work/trading-bot-c-/trading-bot-c-/src/IntelligenceStack/IntelligenceOrchestrator.cs(1257,9): error CA1031: Modify 'PushDecisionIntelligenceAsync' to catch a more specific allowed exception type, or rethrow the exception (https://learn.microsoft.com/dotnet/fundamentals/code-analysis/quality-rules/ca1031) [/home/runner/work/trading-bot-c-/trading-bot-c-/src/IntelligenceStack/IntelligenceStack.csproj]
     1>/home/runner/work/trading-bot-c-/trading-bot-c-/src/IntelligenceStack/IntelligenceOrchestrator.cs(1291,49): error S109: Assign this magic number '400' to a well-named variable or constant, and use that instead. (https://rules.sonarsource.com/csharp/RSPEC-109) [/home/runner/work/trading-bot-c-/trading-bot-c-/src/IntelligenceStack/IntelligenceStack.csproj]
     1>/home/runner/work/trading-bot-c-/trading-bot-c-/src/IntelligenceStack/IntelligenceOrchestrator.cs(1291,83): error S109: Assign this magic number '500' to a well-named variable or constant, and use that instead. (https://rules.sonarsource.com/csharp/RSPEC-109) [/home/runner/work/trading-bot-c-/trading-bot-c-/src/IntelligenceStack/IntelligenceStack.csproj]
     1>/home/runner/work/trading-bot-c-/trading-bot-c-/src/IntelligenceStack/IntelligenceOrchestrator.cs(1244,30): error CA1062: In externally visible method 'Task IntelligenceOrchestrator.PushDecisionIntelligenceAsync(TradingDecision decision, CancellationToken cancellationToken = default(CancellationToken))', validate parameter 'decision' is non-null before using it. If appropriate, throw an 'ArgumentNullException' when the argument is 'null'. (https://learn.microsoft.com/dotnet/fundamentals/code-analysis/quality-rules/ca1062) [/home/runner/work/trading-bot-c-/trading-bot-c-/src/IntelligenceStack/IntelligenceStack.csproj]
     1>/home/runner/work/trading-bot-c-/trading-bot-c-/src/IntelligenceStack/IntelligenceOrchestrator.cs(1279,38): error CA2234: Modify 'IntelligenceOrchestrator.PushToCloudWithRetryAsync(string, object, CancellationToken)' to call 'HttpClient.PostAsync(Uri, HttpContent, CancellationToken)' instead of 'HttpClient.PostAsync(string, HttpContent, CancellationToken)' (https://learn.microsoft.com/dotnet/fundamentals/code-analysis/quality-rules/ca2234) [/home/runner/work/trading-bot-c-/trading-bot-c-/src/IntelligenceStack/IntelligenceStack.csproj]
     1>/home/runner/work/trading-bot-c-/trading-bot-c-/src/IntelligenceStack/IntelligenceOrchestrator.cs(1276,31): error CA2000: Call System.IDisposable.Dispose on object created by 'new StringContent(json, Encoding.UTF8, "application/json")' before all references to it are out of scope (https://learn.microsoft.com/dotnet/fundamentals/code-analysis/quality-rules/ca2000) [/home/runner/work/trading-bot-c-/trading-bot-c-/src/IntelligenceStack/IntelligenceStack.csproj]
     1>/home/runner/work/trading-bot-c-/trading-bot-c-/src/IntelligenceStack/IntelligenceOrchestrator.cs(22,14): error CA1001: Type 'IntelligenceOrchestrator' owns disposable field(s) '_featureEngineer' but is not disposable (https://learn.microsoft.com/dotnet/fundamentals/code-analysis/quality-rules/ca1001) [/home/runner/work/trading-bot-c-/trading-bot-c-/src/IntelligenceStack/IntelligenceStack.csproj]
     1>/home/runner/work/trading-bot-c-/trading-bot-c-/src/IntelligenceStack/IntelligenceOrchestrator.cs(36,26): error CA1823: Unused field 'DefaultSpreadValue' (https://learn.microsoft.com/dotnet/fundamentals/code-analysis/quality-rules/ca1823) [/home/runner/work/trading-bot-c-/trading-bot-c-/src/IntelligenceStack/IntelligenceStack.csproj]
     1>/home/runner/work/trading-bot-c-/trading-bot-c-/src/IntelligenceStack/IntelligenceOrchestrator.cs(37,26): error CA1823: Unused field 'DefaultVolumeValue' (https://learn.microsoft.com/dotnet/fundamentals/code-analysis/quality-rules/ca1823) [/home/runner/work/trading-bot-c-/trading-bot-c-/src/IntelligenceStack/IntelligenceStack.csproj]
     1>/home/runner/work/trading-bot-c-/trading-bot-c-/src/IntelligenceStack/IntelligenceOrchestrator.cs(38,26): error CA1823: Unused field 'BaseConfidenceValue' (https://learn.microsoft.com/dotnet/fundamentals/code-analysis/quality-rules/ca1823) [/home/runner/work/trading-bot-c-/trading-bot-c-/src/IntelligenceStack/IntelligenceStack.csproj]
     1>/home/runner/work/trading-bot-c-/trading-bot-c-/src/IntelligenceStack/IntelligenceOrchestrator.cs(39,26): error CA1823: Unused field 'SpreadFactorMultiplier' (https://learn.microsoft.com/dotnet/fundamentals/code-analysis/quality-rules/ca1823) [/home/runner/work/trading-bot-c-/trading-bot-c-/src/IntelligenceStack/IntelligenceStack.csproj]
     1>/home/runner/work/trading-bot-c-/trading-bot-c-/src/IntelligenceStack/IntelligenceOrchestrator.cs(40,26): error CA1823: Unused field 'VolumeFactorDivisor' (https://learn.microsoft.com/dotnet/fundamentals/code-analysis/quality-rules/ca1823) [/home/runner/work/trading-bot-c-/trading-bot-c-/src/IntelligenceStack/IntelligenceStack.csproj]
     1>/home/runner/work/trading-bot-c-/trading-bot-c-/src/IntelligenceStack/IntelligenceOrchestrator.cs(58,26): error CA1823: Unused field 'DefaultFeatureWeight' (https://learn.microsoft.com/dotnet/fundamentals/code-analysis/quality-rules/ca1823) [/home/runner/work/trading-bot-c-/trading-bot-c-/src/IntelligenceStack/IntelligenceStack.csproj]
     1>/home/runner/work/trading-bot-c-/trading-bot-c-/src/IntelligenceStack/IntelligenceOrchestrator.cs(59,26): error CA1823: Unused field 'LowValueThreshold' (https://learn.microsoft.com/dotnet/fundamentals/code-analysis/quality-rules/ca1823) [/home/runner/work/trading-bot-c-/trading-bot-c-/src/IntelligenceStack/IntelligenceStack.csproj]
     1>/home/runner/work/trading-bot-c-/trading-bot-c-/src/IntelligenceStack/IntelligenceOrchestrator.cs(60,26): error CA1823: Unused field 'DefaultPrice' (https://learn.microsoft.com/dotnet/fundamentals/code-analysis/quality-rules/ca1823) [/home/runner/work/trading-bot-c-/trading-bot-c-/src/IntelligenceStack/IntelligenceStack.csproj]
     1>/home/runner/work/trading-bot-c-/trading-bot-c-/src/IntelligenceStack/IntelligenceOrchestrator.cs(61,26): error CA1823: Unused field 'DefaultVolume' (https://learn.microsoft.com/dotnet/fundamentals/code-analysis/quality-rules/ca1823) [/home/runner/work/trading-bot-c-/trading-bot-c-/src/IntelligenceStack/IntelligenceStack.csproj]
     1>/home/runner/work/trading-bot-c-/trading-bot-c-/src/IntelligenceStack/IntelligenceOrchestrator.cs(62,26): error CA1823: Unused field 'DefaultBid' (https://learn.microsoft.com/dotnet/fundamentals/code-analysis/quality-rules/ca1823) [/home/runner/work/trading-bot-c-/trading-bot-c-/src/IntelligenceStack/IntelligenceStack.csproj]
     1>/home/runner/work/trading-bot-c-/trading-bot-c-/src/IntelligenceStack/IntelligenceOrchestrator.cs(63,26): error CA1823: Unused field 'DefaultAsk' (https://learn.microsoft.com/dotnet/fundamentals/code-analysis/quality-rules/ca1823) [/home/runner/work/trading-bot-c-/trading-bot-c-/src/IntelligenceStack/IntelligenceStack.csproj]
     1>/home/runner/work/trading-bot-c-/trading-bot-c-/src/IntelligenceStack/IntelligenceOrchestrator.cs(64,26): error CA1823: Unused field 'DefaultOpen' (https://learn.microsoft.com/dotnet/fundamentals/code-analysis/quality-rules/ca1823) [/home/runner/work/trading-bot-c-/trading-bot-c-/src/IntelligenceStack/IntelligenceStack.csproj]
     1>/home/runner/work/trading-bot-c-/trading-bot-c-/src/IntelligenceStack/IntelligenceOrchestrator.cs(65,26): error CA1823: Unused field 'DefaultHigh' (https://learn.microsoft.com/dotnet/fundamentals/code-analysis/quality-rules/ca1823) [/home/runner/work/trading-bot-c-/trading-bot-c-/src/IntelligenceStack/IntelligenceStack.csproj]
     1>/home/runner/work/trading-bot-c-/trading-bot-c-/src/IntelligenceStack/IntelligenceOrchestrator.cs(66,26): error CA1823: Unused field 'DefaultLow' (https://learn.microsoft.com/dotnet/fundamentals/code-analysis/quality-rules/ca1823) [/home/runner/work/trading-bot-c-/trading-bot-c-/src/IntelligenceStack/IntelligenceStack.csproj]
     1>/home/runner/work/trading-bot-c-/trading-bot-c-/src/IntelligenceStack/IntelligenceOrchestrator.cs(67,26): error CA1823: Unused field 'DefaultClose' (https://learn.microsoft.com/dotnet/fundamentals/code-analysis/quality-rules/ca1823) [/home/runner/work/trading-bot-c-/trading-bot-c-/src/IntelligenceStack/IntelligenceStack.csproj]
     1>/home/runner/work/trading-bot-c-/trading-bot-c-/src/IntelligenceStack/IntelligenceOrchestrator.cs(68,26): error CA1823: Unused field 'DefaultBidExtended' (https://learn.microsoft.com/dotnet/fundamentals/code-analysis/quality-rules/ca1823) [/home/runner/work/trading-bot-c-/trading-bot-c-/src/IntelligenceStack/IntelligenceStack.csproj]
     1>/home/runner/work/trading-bot-c-/trading-bot-c-/src/IntelligenceStack/IntelligenceOrchestrator.cs(69,26): error CA1823: Unused field 'DefaultAskExtended' (https://learn.microsoft.com/dotnet/fundamentals/code-analysis/quality-rules/ca1823) [/home/runner/work/trading-bot-c-/trading-bot-c-/src/IntelligenceStack/IntelligenceStack.csproj]
     1>/home/runner/work/trading-bot-c-/trading-bot-c-/src/IntelligenceStack/IntelligenceOrchestrator.cs(70,23): error CA1823: Unused field 'HttpClientErrorMin' (https://learn.microsoft.com/dotnet/fundamentals/code-analysis/quality-rules/ca1823) [/home/runner/work/trading-bot-c-/trading-bot-c-/src/IntelligenceStack/IntelligenceStack.csproj]
     1>/home/runner/work/trading-bot-c-/trading-bot-c-/src/IntelligenceStack/IntelligenceOrchestrator.cs(71,23): error CA1823: Unused field 'HttpClientErrorMax' (https://learn.microsoft.com/dotnet/fundamentals/code-analysis/quality-rules/ca1823) [/home/runner/work/trading-bot-c-/trading-bot-c-/src/IntelligenceStack/IntelligenceStack.csproj]
     1>/home/runner/work/trading-bot-c-/trading-bot-c-/src/IntelligenceStack/IntelligenceOrchestrator.cs(72,23): error CA1823: Unused field 'RetryCountOffset' (https://learn.microsoft.com/dotnet/fundamentals/code-analysis/quality-rules/ca1823) [/home/runner/work/trading-bot-c-/trading-bot-c-/src/IntelligenceStack/IntelligenceStack.csproj]
     1>/home/runner/work/trading-bot-c-/trading-bot-c-/src/IntelligenceStack/IntelligenceOrchestrator.cs(73,23): error CA1823: Unused field 'MaxRetriesOffset' (https://learn.microsoft.com/dotnet/fundamentals/code-analysis/quality-rules/ca1823) [/home/runner/work/trading-bot-c-/trading-bot-c-/src/IntelligenceStack/IntelligenceStack.csproj]
     1>/home/runner/work/trading-bot-c-/trading-bot-c-/src/IntelligenceStack/IntelligenceOrchestrator.cs(74,23): error CA1823: Unused field 'DefaultTimeoutSeconds' (https://learn.microsoft.com/dotnet/fundamentals/code-analysis/quality-rules/ca1823) [/home/runner/work/trading-bot-c-/trading-bot-c-/src/IntelligenceStack/IntelligenceStack.csproj]
     1>/home/runner/work/trading-bot-c-/trading-bot-c-/src/IntelligenceStack/RLAdvisorSystem.cs(934,14): error CA1724: The type name RLAgent conflicts in whole or in part with the namespace name 'TradingBot.RLAgent'. Change either name to eliminate the conflict. (https://learn.microsoft.com/dotnet/fundamentals/code-analysis/quality-rules/ca1724) [/home/runner/work/trading-bot-c-/trading-bot-c-/src/IntelligenceStack/IntelligenceStack.csproj]
         CompilerServer: server - server processed compilation - fba99f93-28d2-4c8f-a1dd-6995ea8376e4
     1>Done Building Project "/home/runner/work/trading-bot-c-/trading-bot-c-/src/IntelligenceStack/IntelligenceStack.csproj" (default targets) -- FAILED.

Build FAILED.

       "/home/runner/work/trading-bot-c-/trading-bot-c-/src/IntelligenceStack/IntelligenceStack.csproj" (default target) (1:7) ->
       (CoreCompile target) -> 
         /home/runner/work/trading-bot-c-/trading-bot-c-/src/IntelligenceStack/IntelligenceOrchestrator.cs(1,1): error S104: This file has 1043 lines, which is greater than 1000 authorized. Split it into smaller files. (https://rules.sonarsource.com/csharp/RSPEC-104) [/home/runner/work/trading-bot-c-/trading-bot-c-/src/IntelligenceStack/IntelligenceStack.csproj]
         /home/runner/work/trading-bot-c-/trading-bot-c-/src/IntelligenceStack/ObservabilityDashboard.cs(45,5): error S1144: Remove the unused private field 'SpreadMultiplierThreshold'. (https://rules.sonarsource.com/csharp/RSPEC-1144) [/home/runner/work/trading-bot-c-/trading-bot-c-/src/IntelligenceStack/IntelligenceStack.csproj]
         /home/runner/work/trading-bot-c-/trading-bot-c-/src/IntelligenceStack/ObservabilityDashboard.cs(55,5): error S1144: Remove the unused private field 'DefaultModelCount'. (https://rules.sonarsource.com/csharp/RSPEC-1144) [/home/runner/work/trading-bot-c-/trading-bot-c-/src/IntelligenceStack/IntelligenceStack.csproj]
         /home/runner/work/trading-bot-c-/trading-bot-c-/src/IntelligenceStack/ObservabilityDashboard.cs(56,5): error S1144: Remove the unused private field 'DefaultLatencyValue'. (https://rules.sonarsource.com/csharp/RSPEC-1144) [/home/runner/work/trading-bot-c-/trading-bot-c-/src/IntelligenceStack/IntelligenceStack.csproj]
         /home/runner/work/trading-bot-c-/trading-bot-c-/src/IntelligenceStack/OnlineLearningSystem.cs(66,5): error S1144: Remove the unused private field 'PauseMinutesForBreach'. (https://rules.sonarsource.com/csharp/RSPEC-1144) [/home/runner/work/trading-bot-c-/trading-bot-c-/src/IntelligenceStack/IntelligenceStack.csproj]
         /home/runner/work/trading-bot-c-/trading-bot-c-/src/IntelligenceStack/MAMLLiveIntegration.cs(35,5): error S1144: Remove the unused private field 'MaxRecentExamples'. (https://rules.sonarsource.com/csharp/RSPEC-1144) [/home/runner/work/trading-bot-c-/trading-bot-c-/src/IntelligenceStack/IntelligenceStack.csproj]
         /home/runner/work/trading-bot-c-/trading-bot-c-/src/IntelligenceStack/MAMLLiveIntegration.cs(36,5): error S1144: Remove the unused private field 'DefaultLearningRate'. (https://rules.sonarsource.com/csharp/RSPEC-1144) [/home/runner/work/trading-bot-c-/trading-bot-c-/src/IntelligenceStack/IntelligenceStack.csproj]
         /home/runner/work/trading-bot-c-/trading-bot-c-/src/IntelligenceStack/MAMLLiveIntegration.cs(37,5): error S1144: Remove the unused private field 'HalfWeight'. (https://rules.sonarsource.com/csharp/RSPEC-1144) [/home/runner/work/trading-bot-c-/trading-bot-c-/src/IntelligenceStack/IntelligenceStack.csproj]
         /home/runner/work/trading-bot-c-/trading-bot-c-/src/IntelligenceStack/MAMLLiveIntegration.cs(38,5): error S1144: Remove the unused private field 'AdaptationMultiplier'. (https://rules.sonarsource.com/csharp/RSPEC-1144) [/home/runner/work/trading-bot-c-/trading-bot-c-/src/IntelligenceStack/IntelligenceStack.csproj]
         /home/runner/work/trading-bot-c-/trading-bot-c-/src/IntelligenceStack/MAMLLiveIntegration.cs(39,5): error S1144: Remove the unused private field 'PercentageBase'. (https://rules.sonarsource.com/csharp/RSPEC-1144) [/home/runner/work/trading-bot-c-/trading-bot-c-/src/IntelligenceStack/IntelligenceStack.csproj]
         /home/runner/work/trading-bot-c-/trading-bot-c-/src/IntelligenceStack/IdempotentOrderService.cs(41,5): error S1144: Remove the unused private field 'DuplicateOrderWarning'. (https://rules.sonarsource.com/csharp/RSPEC-1144) [/home/runner/work/trading-bot-c-/trading-bot-c-/src/IntelligenceStack/IntelligenceStack.csproj]
         /home/runner/work/trading-bot-c-/trading-bot-c-/src/IntelligenceStack/IdempotentOrderService.cs(53,5): error S1144: Remove the unused private field 'OrderLookupWarning'. (https://rules.sonarsource.com/csharp/RSPEC-1144) [/home/runner/work/trading-bot-c-/trading-bot-c-/src/IntelligenceStack/IntelligenceStack.csproj]
         /home/runner/work/trading-bot-c-/trading-bot-c-/src/IntelligenceStack/IdempotentOrderService.cs(57,5): error S1144: Remove the unused private field 'OrderCleanupInfo'. (https://rules.sonarsource.com/csharp/RSPEC-1144) [/home/runner/work/trading-bot-c-/trading-bot-c-/src/IntelligenceStack/IntelligenceStack.csproj]
         /home/runner/work/trading-bot-c-/trading-bot-c-/src/IntelligenceStack/IdempotentOrderService.cs(69,5): error S1144: Remove the unused private field 'OrderStatePersisted'. (https://rules.sonarsource.com/csharp/RSPEC-1144) [/home/runner/work/trading-bot-c-/trading-bot-c-/src/IntelligenceStack/IntelligenceStack.csproj]
         /home/runner/work/trading-bot-c-/trading-bot-c-/src/IntelligenceStack/IdempotentOrderService.cs(77,5): error S1144: Remove the unused private field 'OrdersCleanedFromMemory'. (https://rules.sonarsource.com/csharp/RSPEC-1144) [/home/runner/work/trading-bot-c-/trading-bot-c-/src/IntelligenceStack/IntelligenceStack.csproj]
         /home/runner/work/trading-bot-c-/trading-bot-c-/src/IntelligenceStack/IntelligenceOrchestrator.cs(36,5): error S1144: Remove the unused private field 'DefaultSpreadValue'. (https://rules.sonarsource.com/csharp/RSPEC-1144) [/home/runner/work/trading-bot-c-/trading-bot-c-/src/IntelligenceStack/IntelligenceStack.csproj]
         /home/runner/work/trading-bot-c-/trading-bot-c-/src/IntelligenceStack/IntelligenceOrchestrator.cs(37,5): error S1144: Remove the unused private field 'DefaultVolumeValue'. (https://rules.sonarsource.com/csharp/RSPEC-1144) [/home/runner/work/trading-bot-c-/trading-bot-c-/src/IntelligenceStack/IntelligenceStack.csproj]
         /home/runner/work/trading-bot-c-/trading-bot-c-/src/IntelligenceStack/IntelligenceOrchestrator.cs(38,5): error S1144: Remove the unused private field 'BaseConfidenceValue'. (https://rules.sonarsource.com/csharp/RSPEC-1144) [/home/runner/work/trading-bot-c-/trading-bot-c-/src/IntelligenceStack/IntelligenceStack.csproj]
         /home/runner/work/trading-bot-c-/trading-bot-c-/src/IntelligenceStack/IntelligenceOrchestrator.cs(39,5): error S1144: Remove the unused private field 'SpreadFactorMultiplier'. (https://rules.sonarsource.com/csharp/RSPEC-1144) [/home/runner/work/trading-bot-c-/trading-bot-c-/src/IntelligenceStack/IntelligenceStack.csproj]
         /home/runner/work/trading-bot-c-/trading-bot-c-/src/IntelligenceStack/IntelligenceOrchestrator.cs(40,5): error S1144: Remove the unused private field 'VolumeFactorDivisor'. (https://rules.sonarsource.com/csharp/RSPEC-1144) [/home/runner/work/trading-bot-c-/trading-bot-c-/src/IntelligenceStack/IntelligenceStack.csproj]
         /home/runner/work/trading-bot-c-/trading-bot-c-/src/IntelligenceStack/IntelligenceOrchestrator.cs(58,5): error S1144: Remove the unused private field 'DefaultFeatureWeight'. (https://rules.sonarsource.com/csharp/RSPEC-1144) [/home/runner/work/trading-bot-c-/trading-bot-c-/src/IntelligenceStack/IntelligenceStack.csproj]
         /home/runner/work/trading-bot-c-/trading-bot-c-/src/IntelligenceStack/IntelligenceOrchestrator.cs(59,5): error S1144: Remove the unused private field 'LowValueThreshold'. (https://rules.sonarsource.com/csharp/RSPEC-1144) [/home/runner/work/trading-bot-c-/trading-bot-c-/src/IntelligenceStack/IntelligenceStack.csproj]
         /home/runner/work/trading-bot-c-/trading-bot-c-/src/IntelligenceStack/IntelligenceOrchestrator.cs(60,5): error S1144: Remove the unused private field 'DefaultPrice'. (https://rules.sonarsource.com/csharp/RSPEC-1144) [/home/runner/work/trading-bot-c-/trading-bot-c-/src/IntelligenceStack/IntelligenceStack.csproj]
         /home/runner/work/trading-bot-c-/trading-bot-c-/src/IntelligenceStack/IntelligenceOrchestrator.cs(61,5): error S1144: Remove the unused private field 'DefaultVolume'. (https://rules.sonarsource.com/csharp/RSPEC-1144) [/home/runner/work/trading-bot-c-/trading-bot-c-/src/IntelligenceStack/IntelligenceStack.csproj]
         /home/runner/work/trading-bot-c-/trading-bot-c-/src/IntelligenceStack/IntelligenceOrchestrator.cs(62,5): error S1144: Remove the unused private field 'DefaultBid'. (https://rules.sonarsource.com/csharp/RSPEC-1144) [/home/runner/work/trading-bot-c-/trading-bot-c-/src/IntelligenceStack/IntelligenceStack.csproj]
         /home/runner/work/trading-bot-c-/trading-bot-c-/src/IntelligenceStack/IntelligenceOrchestrator.cs(63,5): error S1144: Remove the unused private field 'DefaultAsk'. (https://rules.sonarsource.com/csharp/RSPEC-1144) [/home/runner/work/trading-bot-c-/trading-bot-c-/src/IntelligenceStack/IntelligenceStack.csproj]
         /home/runner/work/trading-bot-c-/trading-bot-c-/src/IntelligenceStack/IntelligenceOrchestrator.cs(64,5): error S1144: Remove the unused private field 'DefaultOpen'. (https://rules.sonarsource.com/csharp/RSPEC-1144) [/home/runner/work/trading-bot-c-/trading-bot-c-/src/IntelligenceStack/IntelligenceStack.csproj]
         /home/runner/work/trading-bot-c-/trading-bot-c-/src/IntelligenceStack/IntelligenceOrchestrator.cs(65,5): error S1144: Remove the unused private field 'DefaultHigh'. (https://rules.sonarsource.com/csharp/RSPEC-1144) [/home/runner/work/trading-bot-c-/trading-bot-c-/src/IntelligenceStack/IntelligenceStack.csproj]
         /home/runner/work/trading-bot-c-/trading-bot-c-/src/IntelligenceStack/IntelligenceOrchestrator.cs(66,5): error S1144: Remove the unused private field 'DefaultLow'. (https://rules.sonarsource.com/csharp/RSPEC-1144) [/home/runner/work/trading-bot-c-/trading-bot-c-/src/IntelligenceStack/IntelligenceStack.csproj]
         /home/runner/work/trading-bot-c-/trading-bot-c-/src/IntelligenceStack/IntelligenceOrchestrator.cs(67,5): error S1144: Remove the unused private field 'DefaultClose'. (https://rules.sonarsource.com/csharp/RSPEC-1144) [/home/runner/work/trading-bot-c-/trading-bot-c-/src/IntelligenceStack/IntelligenceStack.csproj]
         /home/runner/work/trading-bot-c-/trading-bot-c-/src/IntelligenceStack/IntelligenceOrchestrator.cs(68,5): error S1144: Remove the unused private field 'DefaultBidExtended'. (https://rules.sonarsource.com/csharp/RSPEC-1144) [/home/runner/work/trading-bot-c-/trading-bot-c-/src/IntelligenceStack/IntelligenceStack.csproj]
         /home/runner/work/trading-bot-c-/trading-bot-c-/src/IntelligenceStack/IntelligenceOrchestrator.cs(69,5): error S1144: Remove the unused private field 'DefaultAskExtended'. (https://rules.sonarsource.com/csharp/RSPEC-1144) [/home/runner/work/trading-bot-c-/trading-bot-c-/src/IntelligenceStack/IntelligenceStack.csproj]
         /home/runner/work/trading-bot-c-/trading-bot-c-/src/IntelligenceStack/IntelligenceOrchestrator.cs(70,5): error S1144: Remove the unused private field 'HttpClientErrorMin'. (https://rules.sonarsource.com/csharp/RSPEC-1144) [/home/runner/work/trading-bot-c-/trading-bot-c-/src/IntelligenceStack/IntelligenceStack.csproj]
         /home/runner/work/trading-bot-c-/trading-bot-c-/src/IntelligenceStack/IntelligenceOrchestrator.cs(71,5): error S1144: Remove the unused private field 'HttpClientErrorMax'. (https://rules.sonarsource.com/csharp/RSPEC-1144) [/home/runner/work/trading-bot-c-/trading-bot-c-/src/IntelligenceStack/IntelligenceStack.csproj]
         /home/runner/work/trading-bot-c-/trading-bot-c-/src/IntelligenceStack/IntelligenceOrchestrator.cs(72,5): error S1144: Remove the unused private field 'RetryCountOffset'. (https://rules.sonarsource.com/csharp/RSPEC-1144) [/home/runner/work/trading-bot-c-/trading-bot-c-/src/IntelligenceStack/IntelligenceStack.csproj]
         /home/runner/work/trading-bot-c-/trading-bot-c-/src/IntelligenceStack/IntelligenceOrchestrator.cs(73,5): error S1144: Remove the unused private field 'MaxRetriesOffset'. (https://rules.sonarsource.com/csharp/RSPEC-1144) [/home/runner/work/trading-bot-c-/trading-bot-c-/src/IntelligenceStack/IntelligenceStack.csproj]
         /home/runner/work/trading-bot-c-/trading-bot-c-/src/IntelligenceStack/IntelligenceOrchestrator.cs(74,5): error S1144: Remove the unused private field 'DefaultTimeoutSeconds'. (https://rules.sonarsource.com/csharp/RSPEC-1144) [/home/runner/work/trading-bot-c-/trading-bot-c-/src/IntelligenceStack/IntelligenceStack.csproj]
         /home/runner/work/trading-bot-c-/trading-bot-c-/src/IntelligenceStack/RLAdvisorSystem.cs(63,5): error S1144: Remove the unused private field 'MaxStateDimensions'. (https://rules.sonarsource.com/csharp/RSPEC-1144) [/home/runner/work/trading-bot-c-/trading-bot-c-/src/IntelligenceStack/IntelligenceStack.csproj]
         /home/runner/work/trading-bot-c-/trading-bot-c-/src/IntelligenceStack/RLAdvisorSystem.cs(64,5): error S1144: Remove the unused private field 'DefaultTimestepsPerEpoch'. (https://rules.sonarsource.com/csharp/RSPEC-1144) [/home/runner/work/trading-bot-c-/trading-bot-c-/src/IntelligenceStack/IntelligenceStack.csproj]
         /home/runner/work/trading-bot-c-/trading-bot-c-/src/IntelligenceStack/RLAdvisorSystem.cs(65,5): error S1144: Remove the unused private field 'MinimumActionThreshold'. (https://rules.sonarsource.com/csharp/RSPEC-1144) [/home/runner/work/trading-bot-c-/trading-bot-c-/src/IntelligenceStack/IntelligenceStack.csproj]
         /home/runner/work/trading-bot-c-/trading-bot-c-/src/IntelligenceStack/RLAdvisorSystem.cs(66,5): error S1144: Remove the unused private field 'DefaultActionSpace'. (https://rules.sonarsource.com/csharp/RSPEC-1144) [/home/runner/work/trading-bot-c-/trading-bot-c-/src/IntelligenceStack/IntelligenceStack.csproj]
         /home/runner/work/trading-bot-c-/trading-bot-c-/src/IntelligenceStack/RLAdvisorSystem.cs(67,5): error S1144: Remove the unused private field 'ExplorationNoiseScale'. (https://rules.sonarsource.com/csharp/RSPEC-1144) [/home/runner/work/trading-bot-c-/trading-bot-c-/src/IntelligenceStack/IntelligenceStack.csproj]
         /home/runner/work/trading-bot-c-/trading-bot-c-/src/IntelligenceStack/RLAdvisorSystem.cs(68,5): error S1144: Remove the unused private field 'BaselineDiscount'. (https://rules.sonarsource.com/csharp/RSPEC-1144) [/home/runner/work/trading-bot-c-/trading-bot-c-/src/IntelligenceStack/IntelligenceStack.csproj]
         /home/runner/work/trading-bot-c-/trading-bot-c-/src/IntelligenceStack/RLAdvisorSystem.cs(69,5): error S1144: Remove the unused private field 'DivergenceThreshold'. (https://rules.sonarsource.com/csharp/RSPEC-1144) [/home/runner/work/trading-bot-c-/trading-bot-c-/src/IntelligenceStack/IntelligenceStack.csproj]
         /home/runner/work/trading-bot-c-/trading-bot-c-/src/IntelligenceStack/RLAdvisorSystem.cs(70,5): error S1144: Remove the unused private field 'LearningRateDecay'. (https://rules.sonarsource.com/csharp/RSPEC-1144) [/home/runner/work/trading-bot-c-/trading-bot-c-/src/IntelligenceStack/IntelligenceStack.csproj]
         /home/runner/work/trading-bot-c-/trading-bot-c-/src/IntelligenceStack/RLAdvisorSystem.cs(71,5): error S1144: Remove the unused private field 'DefaultStateBufferSize'. (https://rules.sonarsource.com/csharp/RSPEC-1144) [/home/runner/work/trading-bot-c-/trading-bot-c-/src/IntelligenceStack/IntelligenceStack.csproj]
         /home/runner/work/trading-bot-c-/trading-bot-c-/src/IntelligenceStack/RLAdvisorSystem.cs(72,5): error S1144: Remove the unused private field 'DefaultActionBufferSize'. (https://rules.sonarsource.com/csharp/RSPEC-1144) [/home/runner/work/trading-bot-c-/trading-bot-c-/src/IntelligenceStack/IntelligenceStack.csproj]
         /home/runner/work/trading-bot-c-/trading-bot-c-/src/IntelligenceStack/RLAdvisorSystem.cs(73,5): error S1144: Remove the unused private field 'DefaultRewardBufferSize'. (https://rules.sonarsource.com/csharp/RSPEC-1144) [/home/runner/work/trading-bot-c-/trading-bot-c-/src/IntelligenceStack/IntelligenceStack.csproj]
         /home/runner/work/trading-bot-c-/trading-bot-c-/src/IntelligenceStack/RLAdvisorSystem.cs(74,5): error S1144: Remove the unused private field 'MaxRewardBufferSize'. (https://rules.sonarsource.com/csharp/RSPEC-1144) [/home/runner/work/trading-bot-c-/trading-bot-c-/src/IntelligenceStack/IntelligenceStack.csproj]
         /home/runner/work/trading-bot-c-/trading-bot-c-/src/IntelligenceStack/RLAdvisorSystem.cs(75,5): error S1144: Remove the unused private field 'DefaultLearningRate'. (https://rules.sonarsource.com/csharp/RSPEC-1144) [/home/runner/work/trading-bot-c-/trading-bot-c-/src/IntelligenceStack/IntelligenceStack.csproj]
         /home/runner/work/trading-bot-c-/trading-bot-c-/src/IntelligenceStack/RLAdvisorSystem.cs(76,5): error S1144: Remove the unused private field 'DefaultEpisodeLength'. (https://rules.sonarsource.com/csharp/RSPEC-1144) [/home/runner/work/trading-bot-c-/trading-bot-c-/src/IntelligenceStack/IntelligenceStack.csproj]
         /home/runner/work/trading-bot-c-/trading-bot-c-/src/IntelligenceStack/RLAdvisorSystem.cs(77,5): error S1144: Remove the unused private field 'MaxEpisodeLength'. (https://rules.sonarsource.com/csharp/RSPEC-1144) [/home/runner/work/trading-bot-c-/trading-bot-c-/src/IntelligenceStack/IntelligenceStack.csproj]
         /home/runner/work/trading-bot-c-/trading-bot-c-/src/IntelligenceStack/RLAdvisorSystem.cs(78,5): error S1144: Remove the unused private field 'PolicyUpdateInterval'. (https://rules.sonarsource.com/csharp/RSPEC-1144) [/home/runner/work/trading-bot-c-/trading-bot-c-/src/IntelligenceStack/IntelligenceStack.csproj]
         /home/runner/work/trading-bot-c-/trading-bot-c-/src/IntelligenceStack/RLAdvisorSystem.cs(79,5): error S1144: Remove the unused private field 'ValueUpdateInterval'. (https://rules.sonarsource.com/csharp/RSPEC-1144) [/home/runner/work/trading-bot-c-/trading-bot-c-/src/IntelligenceStack/IntelligenceStack.csproj]
         /home/runner/work/trading-bot-c-/trading-bot-c-/src/IntelligenceStack/RLAdvisorSystem.cs(80,5): error S1144: Remove the unused private field 'MaxMemorySize'. (https://rules.sonarsource.com/csharp/RSPEC-1144) [/home/runner/work/trading-bot-c-/trading-bot-c-/src/IntelligenceStack/IntelligenceStack.csproj]
         /home/runner/work/trading-bot-c-/trading-bot-c-/src/IntelligenceStack/RLAdvisorSystem.cs(81,5): error S1144: Remove the unused private field 'DefaultBatchSize'. (https://rules.sonarsource.com/csharp/RSPEC-1144) [/home/runner/work/trading-bot-c-/trading-bot-c-/src/IntelligenceStack/IntelligenceStack.csproj]
         /home/runner/work/trading-bot-c-/trading-bot-c-/src/IntelligenceStack/RLAdvisorSystem.cs(82,5): error S1144: Remove the unused private field 'ObservationWindowHours'. (https://rules.sonarsource.com/csharp/RSPEC-1144) [/home/runner/work/trading-bot-c-/trading-bot-c-/src/IntelligenceStack/IntelligenceStack.csproj]
         /home/runner/work/trading-bot-c-/trading-bot-c-/src/IntelligenceStack/RLAdvisorSystem.cs(83,5): error S1144: Remove the unused private field 'RewardScalingFactor'. (https://rules.sonarsource.com/csharp/RSPEC-1144) [/home/runner/work/trading-bot-c-/trading-bot-c-/src/IntelligenceStack/IntelligenceStack.csproj]
         /home/runner/work/trading-bot-c-/trading-bot-c-/src/IntelligenceStack/CalibrationManager.cs(338,34): error CA1851: Possible multiple enumerations of 'IEnumerable' collection. Consider using an implementation that avoids multiple enumerations. (https://learn.microsoft.com/dotnet/fundamentals/code-analysis/quality-rules/ca1851) [/home/runner/work/trading-bot-c-/trading-bot-c-/src/IntelligenceStack/IntelligenceStack.csproj]
         /home/runner/work/trading-bot-c-/trading-bot-c-/src/IntelligenceStack/CalibrationManager.cs(339,37): error CA1851: Possible multiple enumerations of 'IEnumerable' collection. Consider using an implementation that avoids multiple enumerations. (https://learn.microsoft.com/dotnet/fundamentals/code-analysis/quality-rules/ca1851) [/home/runner/work/trading-bot-c-/trading-bot-c-/src/IntelligenceStack/IntelligenceStack.csproj]
         /home/runner/work/trading-bot-c-/trading-bot-c-/src/IntelligenceStack/CalibrationManager.cs(512,13): error S1854: Remove this useless assignment to local variable '_'. (https://rules.sonarsource.com/csharp/RSPEC-1854) [/home/runner/work/trading-bot-c-/trading-bot-c-/src/IntelligenceStack/IntelligenceStack.csproj]
         /home/runner/work/trading-bot-c-/trading-bot-c-/src/IntelligenceStack/CalibrationManager.cs(518,17): error CA1031: Modify 'ScheduleNightlyCalibration' to catch a more specific allowed exception type, or rethrow the exception (https://learn.microsoft.com/dotnet/fundamentals/code-analysis/quality-rules/ca1031) [/home/runner/work/trading-bot-c-/trading-bot-c-/src/IntelligenceStack/IntelligenceStack.csproj]
         /home/runner/work/trading-bot-c-/trading-bot-c-/src/IntelligenceStack/StartupValidator.cs(334,17): error CA1031: Modify 'ValidateDIGraphAsync' to catch a more specific allowed exception type, or rethrow the exception (https://learn.microsoft.com/dotnet/fundamentals/code-analysis/quality-rules/ca1031) [/home/runner/work/trading-bot-c-/trading-bot-c-/src/IntelligenceStack/IntelligenceStack.csproj]
         /home/runner/work/trading-bot-c-/trading-bot-c-/src/IntelligenceStack/StartupValidator.cs(350,9): error CA1031: Modify 'ValidateDIGraphAsync' to catch a more specific allowed exception type, or rethrow the exception (https://learn.microsoft.com/dotnet/fundamentals/code-analysis/quality-rules/ca1031) [/home/runner/work/trading-bot-c-/trading-bot-c-/src/IntelligenceStack/IntelligenceStack.csproj]
         /home/runner/work/trading-bot-c-/trading-bot-c-/src/IntelligenceStack/StartupValidator.cs(420,9): error CA1031: Modify 'ValidateModelRegistryAsync' to catch a more specific allowed exception type, or rethrow the exception (https://learn.microsoft.com/dotnet/fundamentals/code-analysis/quality-rules/ca1031) [/home/runner/work/trading-bot-c-/trading-bot-c-/src/IntelligenceStack/IntelligenceStack.csproj]
         /home/runner/work/trading-bot-c-/trading-bot-c-/src/IntelligenceStack/StartupValidator.cs(392,9): error CA1031: Modify 'ValidateFeatureStoreAsync' to catch a more specific allowed exception type, or rethrow the exception (https://learn.microsoft.com/dotnet/fundamentals/code-analysis/quality-rules/ca1031) [/home/runner/work/trading-bot-c-/trading-bot-c-/src/IntelligenceStack/IntelligenceStack.csproj]
         /home/runner/work/trading-bot-c-/trading-bot-c-/src/IntelligenceStack/StartupValidator.cs(450,9): error CA1031: Modify 'ValidateCalibrationAsync' to catch a more specific allowed exception type, or rethrow the exception (https://learn.microsoft.com/dotnet/fundamentals/code-analysis/quality-rules/ca1031) [/home/runner/work/trading-bot-c-/trading-bot-c-/src/IntelligenceStack/IntelligenceStack.csproj]
         /home/runner/work/trading-bot-c-/trading-bot-c-/src/IntelligenceStack/StartupValidator.cs(250,13): error CA1031: Modify 'ValidateSystemAsync' to catch a more specific allowed exception type, or rethrow the exception (https://learn.microsoft.com/dotnet/fundamentals/code-analysis/quality-rules/ca1031) [/home/runner/work/trading-bot-c-/trading-bot-c-/src/IntelligenceStack/IntelligenceStack.csproj]
         /home/runner/work/trading-bot-c-/trading-bot-c-/src/IntelligenceStack/StartupValidator.cs(496,9): error CA1031: Modify 'ValidateIdempotencyAsync' to catch a more specific allowed exception type, or rethrow the exception (https://learn.microsoft.com/dotnet/fundamentals/code-analysis/quality-rules/ca1031) [/home/runner/work/trading-bot-c-/trading-bot-c-/src/IntelligenceStack/IntelligenceStack.csproj]
         /home/runner/work/trading-bot-c-/trading-bot-c-/src/IntelligenceStack/StartupValidator.cs(542,9): error CA1031: Modify 'ValidateKillSwitchAsync' to catch a more specific allowed exception type, or rethrow the exception (https://learn.microsoft.com/dotnet/fundamentals/code-analysis/quality-rules/ca1031) [/home/runner/work/trading-bot-c-/trading-bot-c-/src/IntelligenceStack/IntelligenceStack.csproj]
         /home/runner/work/trading-bot-c-/trading-bot-c-/src/IntelligenceStack/StartupValidator.cs(580,9): error CA1031: Modify 'ValidateLeaderElectionAsync' to catch a more specific allowed exception type, or rethrow the exception (https://learn.microsoft.com/dotnet/fundamentals/code-analysis/quality-rules/ca1031) [/home/runner/work/trading-bot-c-/trading-bot-c-/src/IntelligenceStack/IntelligenceStack.csproj]
         /home/runner/work/trading-bot-c-/trading-bot-c-/src/IntelligenceStack/RegimeDetectorWithHysteresis.cs(98,50): error CA1062: In externally visible method 'Task<RegimeTransition> RegimeDetectorWithHysteresis.CheckTransitionAsync(RegimeState currentState, CancellationToken cancellationToken = default(CancellationToken))', validate parameter 'currentState' is non-null before using it. If appropriate, throw an 'ArgumentNullException' when the argument is 'null'. (https://learn.microsoft.com/dotnet/fundamentals/code-analysis/quality-rules/ca1062) [/home/runner/work/trading-bot-c-/trading-bot-c-/src/IntelligenceStack/IntelligenceStack.csproj]
         /home/runner/work/trading-bot-c-/trading-bot-c-/src/IntelligenceStack/RLAdvisorSystem.cs(169,9): error CA1031: Modify 'GetExitRecommendationAsync' to catch a more specific allowed exception type, or rethrow the exception (https://learn.microsoft.com/dotnet/fundamentals/code-analysis/quality-rules/ca1031) [/home/runner/work/trading-bot-c-/trading-bot-c-/src/IntelligenceStack/IntelligenceStack.csproj]
         /home/runner/work/trading-bot-c-/trading-bot-c-/src/IntelligenceStack/RealTradingMetricsService.cs(44,9): error CA1848: For improved performance, use the LoggerMessage delegates instead of calling 'LoggerExtensions.LogInformation(ILogger, string?, params object?[])' (https://learn.microsoft.com/dotnet/fundamentals/code-analysis/quality-rules/ca1848) [/home/runner/work/trading-bot-c-/trading-bot-c-/src/IntelligenceStack/IntelligenceStack.csproj]
         /home/runner/work/trading-bot-c-/trading-bot-c-/src/IntelligenceStack/RLAdvisorSystem.cs(221,9): error CA1031: Modify 'UpdateWithOutcomeAsync' to catch a more specific allowed exception type, or rethrow the exception (https://learn.microsoft.com/dotnet/fundamentals/code-analysis/quality-rules/ca1031) [/home/runner/work/trading-bot-c-/trading-bot-c-/src/IntelligenceStack/IntelligenceStack.csproj]
         /home/runner/work/trading-bot-c-/trading-bot-c-/src/IntelligenceStack/RLAdvisorSystem.cs(1021,39): error CA1062: In externally visible method 'Task RLAgent.UpdateAsync(double[] state, RLActionResult action, double reward, double[] nextState, CancellationToken cancellationToken)', validate parameter 'action' is non-null before using it. If appropriate, throw an 'ArgumentNullException' when the argument is 'null'. (https://learn.microsoft.com/dotnet/fundamentals/code-analysis/quality-rules/ca1062) [/home/runner/work/trading-bot-c-/trading-bot-c-/src/IntelligenceStack/IntelligenceStack.csproj]
         /home/runner/work/trading-bot-c-/trading-bot-c-/src/IntelligenceStack/RLAdvisorSystem.cs(137,40): error CA1062: In externally visible method 'Task<RLAdvisorRecommendation> RLAdvisorSystem.GetExitRecommendationAsync(ExitDecisionContext context, CancellationToken cancellationToken = default(CancellationToken))', validate parameter 'context' is non-null before using it. If appropriate, throw an 'ArgumentNullException' when the argument is 'null'. (https://learn.microsoft.com/dotnet/fundamentals/code-analysis/quality-rules/ca1062) [/home/runner/work/trading-bot-c-/trading-bot-c-/src/IntelligenceStack/IntelligenceStack.csproj]
         /home/runner/work/trading-bot-c-/trading-bot-c-/src/IntelligenceStack/OnlineLearningSystem.cs(796,5): error AsyncFixer01: The method 'RecordDecisionLatencyAsync' does not need to use async/await. (https://github.com/semihokur/AsyncFixer) [/home/runner/work/trading-bot-c-/trading-bot-c-/src/IntelligenceStack/IntelligenceStack.csproj]
         /home/runner/work/trading-bot-c-/trading-bot-c-/src/IntelligenceStack/OnlineLearningSystem.cs(801,5): error AsyncFixer01: The method 'RecordOrderLatencyAsync' does not need to use async/await. (https://github.com/semihokur/AsyncFixer) [/home/runner/work/trading-bot-c-/trading-bot-c-/src/IntelligenceStack/IntelligenceStack.csproj]
         /home/runner/work/trading-bot-c-/trading-bot-c-/src/IntelligenceStack/RLAdvisorSystem.cs(204,52): error CA1062: In externally visible method 'Task RLAdvisorSystem.UpdateWithOutcomeAsync(string decisionId, ExitOutcome outcome, CancellationToken cancellationToken = default(CancellationToken))', validate parameter 'outcome' is non-null before using it. If appropriate, throw an 'ArgumentNullException' when the argument is 'null'. (https://learn.microsoft.com/dotnet/fundamentals/code-analysis/quality-rules/ca1062) [/home/runner/work/trading-bot-c-/trading-bot-c-/src/IntelligenceStack/IntelligenceStack.csproj]
         /home/runner/work/trading-bot-c-/trading-bot-c-/src/IntelligenceStack/OnlineLearningSystem.cs(821,13): error CA1848: For improved performance, use the LoggerMessage delegates instead of calling 'LoggerExtensions.LogError(ILogger, Exception?, string?, params object?[])' (https://learn.microsoft.com/dotnet/fundamentals/code-analysis/quality-rules/ca1848) [/home/runner/work/trading-bot-c-/trading-bot-c-/src/IntelligenceStack/IntelligenceStack.csproj]
         /home/runner/work/trading-bot-c-/trading-bot-c-/src/IntelligenceStack/OnlineLearningSystem.cs(825,13): error CA1848: For improved performance, use the LoggerMessage delegates instead of calling 'LoggerExtensions.LogError(ILogger, Exception?, string?, params object?[])' (https://learn.microsoft.com/dotnet/fundamentals/code-analysis/quality-rules/ca1848) [/home/runner/work/trading-bot-c-/trading-bot-c-/src/IntelligenceStack/IntelligenceStack.csproj]
         /home/runner/work/trading-bot-c-/trading-bot-c-/src/IntelligenceStack/OnlineLearningSystem.cs(829,13): error CA1848: For improved performance, use the LoggerMessage delegates instead of calling 'LoggerExtensions.LogError(ILogger, Exception?, string?, params object?[])' (https://learn.microsoft.com/dotnet/fundamentals/code-analysis/quality-rules/ca1848) [/home/runner/work/trading-bot-c-/trading-bot-c-/src/IntelligenceStack/IntelligenceStack.csproj]
         /home/runner/work/trading-bot-c-/trading-bot-c-/src/IntelligenceStack/OnlineLearningSystem.cs(833,5): error AsyncFixer01: The method 'RecordLatencyAsync' does not need to use async/await. (https://github.com/semihokur/AsyncFixer) [/home/runner/work/trading-bot-c-/trading-bot-c-/src/IntelligenceStack/IntelligenceStack.csproj]
         /home/runner/work/trading-bot-c-/trading-bot-c-/src/IntelligenceStack/RealTradingMetricsService.cs(49,9): error CA1848: For improved performance, use the LoggerMessage delegates instead of calling 'LoggerExtensions.LogInformation(ILogger, string?, params object?[])' (https://learn.microsoft.com/dotnet/fundamentals/code-analysis/quality-rules/ca1848) [/home/runner/work/trading-bot-c-/trading-bot-c-/src/IntelligenceStack/IntelligenceStack.csproj]
         /home/runner/work/trading-bot-c-/trading-bot-c-/src/IntelligenceStack/RealTradingMetricsService.cs(61,13): error CA1848: For improved performance, use the LoggerMessage delegates instead of calling 'LoggerExtensions.LogInformation(ILogger, Exception?, string?, params object?[])' (https://learn.microsoft.com/dotnet/fundamentals/code-analysis/quality-rules/ca1848) [/home/runner/work/trading-bot-c-/trading-bot-c-/src/IntelligenceStack/IntelligenceStack.csproj]
         /home/runner/work/trading-bot-c-/trading-bot-c-/src/IntelligenceStack/RealTradingMetricsService.cs(65,13): error CA1848: For improved performance, use the LoggerMessage delegates instead of calling 'LoggerExtensions.LogError(ILogger, Exception?, string?, params object?[])' (https://learn.microsoft.com/dotnet/fundamentals/code-analysis/quality-rules/ca1848) [/home/runner/work/trading-bot-c-/trading-bot-c-/src/IntelligenceStack/IntelligenceStack.csproj]
         /home/runner/work/trading-bot-c-/trading-bot-c-/src/IntelligenceStack/RealTradingMetricsService.cs(63,9): error CA1031: Modify 'ExecuteAsync' to catch a more specific allowed exception type, or rethrow the exception (https://learn.microsoft.com/dotnet/fundamentals/code-analysis/quality-rules/ca1031) [/home/runner/work/trading-bot-c-/trading-bot-c-/src/IntelligenceStack/IntelligenceStack.csproj]
         /home/runner/work/trading-bot-c-/trading-bot-c-/src/IntelligenceStack/RLAdvisorSystem.cs(275,13): error CA1848: For improved performance, use the LoggerMessage delegates instead of calling 'LoggerExtensions.LogInformation(ILogger, string?, params object?[])' (https://learn.microsoft.com/dotnet/fundamentals/code-analysis/quality-rules/ca1848) [/home/runner/work/trading-bot-c-/trading-bot-c-/src/IntelligenceStack/IntelligenceStack.csproj]
         /home/runner/work/trading-bot-c-/trading-bot-c-/src/IntelligenceStack/RLAdvisorSystem.cs(290,13): error CA1848: For improved performance, use the LoggerMessage delegates instead of calling 'LoggerExtensions.LogInformation(ILogger, string?, params object?[])' (https://learn.microsoft.com/dotnet/fundamentals/code-analysis/quality-rules/ca1848) [/home/runner/work/trading-bot-c-/trading-bot-c-/src/IntelligenceStack/IntelligenceStack.csproj]
         /home/runner/work/trading-bot-c-/trading-bot-c-/src/IntelligenceStack/RLAdvisorSystem.cs(303,17): error CA1848: For improved performance, use the LoggerMessage delegates instead of calling 'LoggerExtensions.LogInformation(ILogger, string?, params object?[])' (https://learn.microsoft.com/dotnet/fundamentals/code-analysis/quality-rules/ca1848) [/home/runner/work/trading-bot-c-/trading-bot-c-/src/IntelligenceStack/IntelligenceStack.csproj]
         /home/runner/work/trading-bot-c-/trading-bot-c-/src/IntelligenceStack/RLAdvisorSystem.cs(316,13): error CA1848: For improved performance, use the LoggerMessage delegates instead of calling 'LoggerExtensions.LogError(ILogger, Exception?, string?, params object?[])' (https://learn.microsoft.com/dotnet/fundamentals/code-analysis/quality-rules/ca1848) [/home/runner/work/trading-bot-c-/trading-bot-c-/src/IntelligenceStack/IntelligenceStack.csproj]
         /home/runner/work/trading-bot-c-/trading-bot-c-/src/IntelligenceStack/RLAdvisorSystem.cs(314,9): error CA1031: Modify 'TrainOnHistoricalDataAsync' to catch a more specific allowed exception type, or rethrow the exception (https://learn.microsoft.com/dotnet/fundamentals/code-analysis/quality-rules/ca1031) [/home/runner/work/trading-bot-c-/trading-bot-c-/src/IntelligenceStack/IntelligenceStack.csproj]
         /home/runner/work/trading-bot-c-/trading-bot-c-/src/IntelligenceStack/OnlineLearningSystem.cs(870,17): error CA1848: For improved performance, use the LoggerMessage delegates instead of calling 'LoggerExtensions.LogError(ILogger, Exception?, string?, params object?[])' (https://learn.microsoft.com/dotnet/fundamentals/code-analysis/quality-rules/ca1848) [/home/runner/work/trading-bot-c-/trading-bot-c-/src/IntelligenceStack/IntelligenceStack.csproj]
         /home/runner/work/trading-bot-c-/trading-bot-c-/src/IntelligenceStack/OnlineLearningSystem.cs(874,17): error CA1848: For improved performance, use the LoggerMessage delegates instead of calling 'LoggerExtensions.LogError(ILogger, Exception?, string?, params object?[])' (https://learn.microsoft.com/dotnet/fundamentals/code-analysis/quality-rules/ca1848) [/home/runner/work/trading-bot-c-/trading-bot-c-/src/IntelligenceStack/IntelligenceStack.csproj]
         /home/runner/work/trading-bot-c-/trading-bot-c-/src/IntelligenceStack/OnlineLearningSystem.cs(878,17): error CA1848: For improved performance, use the LoggerMessage delegates instead of calling 'LoggerExtensions.LogError(ILogger, Exception?, string?, params object?[])' (https://learn.microsoft.com/dotnet/fundamentals/code-analysis/quality-rules/ca1848) [/home/runner/work/trading-bot-c-/trading-bot-c-/src/IntelligenceStack/IntelligenceStack.csproj]
         /home/runner/work/trading-bot-c-/trading-bot-c-/src/IntelligenceStack/OnlineLearningSystem.cs(883,5): error AsyncFixer01: The method 'CheckErrorBudgetAsync' does not need to use async/await. (https://github.com/semihokur/AsyncFixer) [/home/runner/work/trading-bot-c-/trading-bot-c-/src/IntelligenceStack/IntelligenceStack.csproj]
         /home/runner/work/trading-bot-c-/trading-bot-c-/src/IntelligenceStack/RLAdvisorSystem.cs(333,29): error CA1307: 'string.Contains(string)' has a method overload that takes a 'StringComparison' parameter. Replace this call in 'TradingBot.IntelligenceStack.RLAdvisorSystem.InitializeAgents()' with a call to 'string.Contains(string, System.StringComparison)' for clarity of intent. (https://learn.microsoft.com/dotnet/fundamentals/code-analysis/quality-rules/ca1307) [/home/runner/work/trading-bot-c-/trading-bot-c-/src/IntelligenceStack/IntelligenceStack.csproj]
         /home/runner/work/trading-bot-c-/trading-bot-c-/src/IntelligenceStack/OnlineLearningSystem.cs(909,17): error CA1848: For improved performance, use the LoggerMessage delegates instead of calling 'LoggerExtensions.LogError(ILogger, Exception?, string?, params object?[])' (https://learn.microsoft.com/dotnet/fundamentals/code-analysis/quality-rules/ca1848) [/home/runner/work/trading-bot-c-/trading-bot-c-/src/IntelligenceStack/IntelligenceStack.csproj]
         /home/runner/work/trading-bot-c-/trading-bot-c-/src/IntelligenceStack/OnlineLearningSystem.cs(913,17): error CA1848: For improved performance, use the LoggerMessage delegates instead of calling 'LoggerExtensions.LogError(ILogger, Exception?, string?, params object?[])' (https://learn.microsoft.com/dotnet/fundamentals/code-analysis/quality-rules/ca1848) [/home/runner/work/trading-bot-c-/trading-bot-c-/src/IntelligenceStack/IntelligenceStack.csproj]
         /home/runner/work/trading-bot-c-/trading-bot-c-/src/IntelligenceStack/OnlineLearningSystem.cs(917,17): error CA1848: For improved performance, use the LoggerMessage delegates instead of calling 'LoggerExtensions.LogError(ILogger, Exception?, string?, params object?[])' (https://learn.microsoft.com/dotnet/fundamentals/code-analysis/quality-rules/ca1848) [/home/runner/work/trading-bot-c-/trading-bot-c-/src/IntelligenceStack/IntelligenceStack.csproj]
         /home/runner/work/trading-bot-c-/trading-bot-c-/src/IntelligenceStack/OnlineLearningSystem.cs(941,9): error CA1848: For improved performance, use the LoggerMessage delegates instead of calling 'LoggerExtensions.LogWarning(ILogger, string?, params object?[])' (https://learn.microsoft.com/dotnet/fundamentals/code-analysis/quality-rules/ca1848) [/home/runner/work/trading-bot-c-/trading-bot-c-/src/IntelligenceStack/IntelligenceStack.csproj]
         /home/runner/work/trading-bot-c-/trading-bot-c-/src/IntelligenceStack/OnlineLearningSystem.cs(165,50): error CA1062: In externally visible method 'Task OnlineLearningSystem.UpdateWeightsAsync(string regimeType, Dictionary<string, double> weights, CancellationToken cancellationToken = default(CancellationToken))', validate parameter 'weights' is non-null before using it. If appropriate, throw an 'ArgumentNullException' when the argument is 'null'. (https://learn.microsoft.com/dotnet/fundamentals/code-analysis/quality-rules/ca1062) [/home/runner/work/trading-bot-c-/trading-bot-c-/src/IntelligenceStack/IntelligenceStack.csproj]
         /home/runner/work/trading-bot-c-/trading-bot-c-/src/IntelligenceStack/RLAdvisorSystem.cs(344,33): error CA1307: 'string.Contains(string)' has a method overload that takes a 'StringComparison' parameter. Replace this call in 'TradingBot.IntelligenceStack.RLAdvisorSystem.GetOrCreateAgent(string)' with a call to 'string.Contains(string, System.StringComparison)' for clarity of intent. (https://learn.microsoft.com/dotnet/fundamentals/code-analysis/quality-rules/ca1307) [/home/runner/work/trading-bot-c-/trading-bot-c-/src/IntelligenceStack/IntelligenceStack.csproj]
         /home/runner/work/trading-bot-c-/trading-bot-c-/src/IntelligenceStack/OnlineLearningSystem.cs(958,36): error S109: Assign this magic number '2' to a well-named variable or constant, and use that instead. (https://rules.sonarsource.com/csharp/RSPEC-109) [/home/runner/work/trading-bot-c-/trading-bot-c-/src/IntelligenceStack/IntelligenceStack.csproj]
         /home/runner/work/trading-bot-c-/trading-bot-c-/src/IntelligenceStack/OnlineLearningSystem.cs(955,13): error CA1848: For improved performance, use the LoggerMessage delegates instead of calling 'LoggerExtensions.LogCritical(ILogger, string?, params object?[])' (https://learn.microsoft.com/dotnet/fundamentals/code-analysis/quality-rules/ca1848) [/home/runner/work/trading-bot-c-/trading-bot-c-/src/IntelligenceStack/IntelligenceStack.csproj]
         /home/runner/work/trading-bot-c-/trading-bot-c-/src/IntelligenceStack/OnlineLearningSystem.cs(961,13): error CA1848: For improved performance, use the LoggerMessage delegates instead of calling 'LoggerExtensions.LogWarning(ILogger, string?, params object?[])' (https://learn.microsoft.com/dotnet/fundamentals/code-analysis/quality-rules/ca1848) [/home/runner/work/trading-bot-c-/trading-bot-c-/src/IntelligenceStack/IntelligenceStack.csproj]
         /home/runner/work/trading-bot-c-/trading-bot-c-/src/IntelligenceStack/OnlineLearningSystem.cs(967,13): error CA1848: For improved performance, use the LoggerMessage delegates instead of calling 'LoggerExtensions.LogInformation(ILogger, string?, params object?[])' (https://learn.microsoft.com/dotnet/fundamentals/code-analysis/quality-rules/ca1848) [/home/runner/work/trading-bot-c-/trading-bot-c-/src/IntelligenceStack/IntelligenceStack.csproj]
         /home/runner/work/trading-bot-c-/trading-bot-c-/src/IntelligenceStack/RealTradingMetricsService.cs(97,13): error CA1848: For improved performance, use the LoggerMessage delegates instead of calling 'LoggerExtensions.LogInformation(ILogger, string?, params object?[])' (https://learn.microsoft.com/dotnet/fundamentals/code-analysis/quality-rules/ca1848) [/home/runner/work/trading-bot-c-/trading-bot-c-/src/IntelligenceStack/IntelligenceStack.csproj]
         /home/runner/work/trading-bot-c-/trading-bot-c-/src/IntelligenceStack/RealTradingMetricsService.cs(80,32): error CA1862: Prefer using 'string.Equals(string, StringComparison)' to perform a case-insensitive comparison, but keep in mind that this might cause subtle changes in behavior, so make sure to conduct thorough testing after applying the suggestion, or if culturally sensitive comparison is not required, consider using 'StringComparison.OrdinalIgnoreCase' (https://learn.microsoft.com/dotnet/fundamentals/code-analysis/quality-rules/ca1862) [/home/runner/work/trading-bot-c-/trading-bot-c-/src/IntelligenceStack/IntelligenceStack.csproj]
         /home/runner/work/trading-bot-c-/trading-bot-c-/src/IntelligenceStack/RealTradingMetricsService.cs(83,13): error CA1848: For improved performance, use the LoggerMessage delegates instead of calling 'LoggerExtensions.LogInformation(ILogger, string?, params object?[])' (https://learn.microsoft.com/dotnet/fundamentals/code-analysis/quality-rules/ca1848) [/home/runner/work/trading-bot-c-/trading-bot-c-/src/IntelligenceStack/IntelligenceStack.csproj]
         /home/runner/work/trading-bot-c-/trading-bot-c-/src/IntelligenceStack/RealTradingMetricsService.cs(111,13): error CA1848: For improved performance, use the LoggerMessage delegates instead of calling 'LoggerExtensions.LogDebug(ILogger, string?, params object?[])' (https://learn.microsoft.com/dotnet/fundamentals/code-analysis/quality-rules/ca1848) [/home/runner/work/trading-bot-c-/trading-bot-c-/src/IntelligenceStack/IntelligenceStack.csproj]
         /home/runner/work/trading-bot-c-/trading-bot-c-/src/IntelligenceStack/RealTradingMetricsService.cs(80,32): error CA1062: In externally visible method 'void RealTradingMetricsService.RecordFill(string orderId, string symbol, decimal fillPrice, int quantity, string side)', validate parameter 'side' is non-null before using it. If appropriate, throw an 'ArgumentNullException' when the argument is 'null'. (https://learn.microsoft.com/dotnet/fundamentals/code-analysis/quality-rules/ca1062) [/home/runner/work/trading-bot-c-/trading-bot-c-/src/IntelligenceStack/IntelligenceStack.csproj]
         /home/runner/work/trading-bot-c-/trading-bot-c-/src/IntelligenceStack/OnlineLearningSystem.cs(992,86): error S109: Assign this magic number '0.99' to a well-named variable or constant, and use that instead. (https://rules.sonarsource.com/csharp/RSPEC-109) [/home/runner/work/trading-bot-c-/trading-bot-c-/src/IntelligenceStack/IntelligenceStack.csproj]
         /home/runner/work/trading-bot-c-/trading-bot-c-/src/IntelligenceStack/OnlineLearningSystem.cs(997,80): error S109: Assign this magic number '0.99' to a well-named variable or constant, and use that instead. (https://rules.sonarsource.com/csharp/RSPEC-109) [/home/runner/work/trading-bot-c-/trading-bot-c-/src/IntelligenceStack/IntelligenceStack.csproj]
         /home/runner/work/trading-bot-c-/trading-bot-c-/src/IntelligenceStack/ModelRegistry.cs(40,22): error CA1062: In externally visible method 'ModelRegistry.ModelRegistry(ILogger<ModelRegistry> logger, PromotionsConfig config, string basePath = "data/models")', validate parameter 'config' is non-null before using it. If appropriate, throw an 'ArgumentNullException' when the argument is 'null'. (https://learn.microsoft.com/dotnet/fundamentals/code-analysis/quality-rules/ca1062) [/home/runner/work/trading-bot-c-/trading-bot-c-/src/IntelligenceStack/IntelligenceStack.csproj]
         /home/runner/work/trading-bot-c-/trading-bot-c-/src/IntelligenceStack/MLRLObservabilityService.cs(66,9): error CA1848: For improved performance, use the LoggerMessage delegates instead of calling 'LoggerExtensions.LogInformation(ILogger, string?, params object?[])' (https://learn.microsoft.com/dotnet/fundamentals/code-analysis/quality-rules/ca1848) [/home/runner/work/trading-bot-c-/trading-bot-c-/src/IntelligenceStack/IntelligenceStack.csproj]
         /home/runner/work/trading-bot-c-/trading-bot-c-/src/IntelligenceStack/ModelQuarantineManager.cs(50,34): error S109: Assign this magic number '15' to a well-named variable or constant, and use that instead. (https://rules.sonarsource.com/csharp/RSPEC-109) [/home/runner/work/trading-bot-c-/trading-bot-c-/src/IntelligenceStack/IntelligenceStack.csproj]
         /home/runner/work/trading-bot-c-/trading-bot-c-/src/IntelligenceStack/ModelRegistry.cs(111,13): error CA1848: For improved performance, use the LoggerMessage delegates instead of calling 'LoggerExtensions.LogDebug(ILogger, string?, params object?[])' (https://learn.microsoft.com/dotnet/fundamentals/code-analysis/quality-rules/ca1848) [/home/runner/work/trading-bot-c-/trading-bot-c-/src/IntelligenceStack/IntelligenceStack.csproj]
         /home/runner/work/trading-bot-c-/trading-bot-c-/src/IntelligenceStack/ModelRegistry.cs(118,13): error CA1848: For improved performance, use the LoggerMessage delegates instead of calling 'LoggerExtensions.LogError(ILogger, Exception?, string?, params object?[])' (https://learn.microsoft.com/dotnet/fundamentals/code-analysis/quality-rules/ca1848) [/home/runner/work/trading-bot-c-/trading-bot-c-/src/IntelligenceStack/IntelligenceStack.csproj]
         /home/runner/work/trading-bot-c-/trading-bot-c-/src/IntelligenceStack/ModelQuarantineManager.cs(82,13): error CA1848: For improved performance, use the LoggerMessage delegates instead of calling 'LoggerExtensions.LogError(ILogger, Exception?, string?, params object?[])' (https://learn.microsoft.com/dotnet/fundamentals/code-analysis/quality-rules/ca1848) [/home/runner/work/trading-bot-c-/trading-bot-c-/src/IntelligenceStack/IntelligenceStack.csproj]
         /home/runner/work/trading-bot-c-/trading-bot-c-/src/IntelligenceStack/ObservabilityDashboard.cs(125,13): error CA1848: For improved performance, use the LoggerMessage delegates instead of calling 'LoggerExtensions.LogError(ILogger, Exception?, string?, params object?[])' (https://learn.microsoft.com/dotnet/fundamentals/code-analysis/quality-rules/ca1848) [/home/runner/work/trading-bot-c-/trading-bot-c-/src/IntelligenceStack/IntelligenceStack.csproj]
         /home/runner/work/trading-bot-c-/trading-bot-c-/src/IntelligenceStack/ModelQuarantineManager.cs(80,9): error CA1031: Modify 'CheckModelHealthAsync' to catch a more specific allowed exception type, or rethrow the exception (https://learn.microsoft.com/dotnet/fundamentals/code-analysis/quality-rules/ca1031) [/home/runner/work/trading-bot-c-/trading-bot-c-/src/IntelligenceStack/IntelligenceStack.csproj]
         /home/runner/work/trading-bot-c-/trading-bot-c-/src/IntelligenceStack/ObservabilityDashboard.cs(123,9): error CA1031: Modify 'GetDashboardDataAsync' to catch a more specific allowed exception type, or rethrow the exception (https://learn.microsoft.com/dotnet/fundamentals/code-analysis/quality-rules/ca1031) [/home/runner/work/trading-bot-c-/trading-bot-c-/src/IntelligenceStack/IntelligenceStack.csproj]
         /home/runner/work/trading-bot-c-/trading-bot-c-/src/IntelligenceStack/OnlineLearningSystem.cs(249,53): error CA1062: In externally visible method 'Task OnlineLearningSystem.AdaptToPerformanceAsync(string modelId, ModelPerformance performance, CancellationToken cancellationToken = default(CancellationToken))', validate parameter 'performance' is non-null before using it. If appropriate, throw an 'ArgumentNullException' when the argument is 'null'. (https://learn.microsoft.com/dotnet/fundamentals/code-analysis/quality-rules/ca1062) [/home/runner/work/trading-bot-c-/trading-bot-c-/src/IntelligenceStack/IntelligenceStack.csproj]
         /home/runner/work/trading-bot-c-/trading-bot-c-/src/IntelligenceStack/RLAdvisorSystem.cs(413,5): error AsyncFixer01: The method 'LogRLDecisionAsync' does not need to use async/await. (https://github.com/semihokur/AsyncFixer) [/home/runner/work/trading-bot-c-/trading-bot-c-/src/IntelligenceStack/IntelligenceStack.csproj]
         /home/runner/work/trading-bot-c-/trading-bot-c-/src/IntelligenceStack/RLAdvisorSystem.cs(441,52): error S109: Assign this magic number '1000' to a well-named variable or constant, and use that instead. (https://rules.sonarsource.com/csharp/RSPEC-109) [/home/runner/work/trading-bot-c-/trading-bot-c-/src/IntelligenceStack/IntelligenceStack.csproj]
         /home/runner/work/trading-bot-c-/trading-bot-c-/src/IntelligenceStack/ModelQuarantineManager.cs(113,17): error CA1848: For improved performance, use the LoggerMessage delegates instead of calling 'LoggerExtensions.LogWarning(ILogger, string?, params object?[])' (https://learn.microsoft.com/dotnet/fundamentals/code-analysis/quality-rules/ca1848) [/home/runner/work/trading-bot-c-/trading-bot-c-/src/IntelligenceStack/IntelligenceStack.csproj]
         /home/runner/work/trading-bot-c-/trading-bot-c-/src/IntelligenceStack/ModelQuarantineManager.cs(121,13): error CA1848: For improved performance, use the LoggerMessage delegates instead of calling 'LoggerExtensions.LogError(ILogger, Exception?, string?, params object?[])' (https://learn.microsoft.com/dotnet/fundamentals/code-analysis/quality-rules/ca1848) [/home/runner/work/trading-bot-c-/trading-bot-c-/src/IntelligenceStack/IntelligenceStack.csproj]
         /home/runner/work/trading-bot-c-/trading-bot-c-/src/IntelligenceStack/RLAdvisorSystem.cs(475,13): error CA1848: For improved performance, use the LoggerMessage delegates instead of calling 'LoggerExtensions.LogInformation(ILogger, string?, params object?[])' (https://learn.microsoft.com/dotnet/fundamentals/code-analysis/quality-rules/ca1848) [/home/runner/work/trading-bot-c-/trading-bot-c-/src/IntelligenceStack/IntelligenceStack.csproj]
         /home/runner/work/trading-bot-c-/trading-bot-c-/src/IntelligenceStack/RLAdvisorSystem.cs(487,47): error S109: Assign this magic number '30' to a well-named variable or constant, and use that instead. (https://rules.sonarsource.com/csharp/RSPEC-109) [/home/runner/work/trading-bot-c-/trading-bot-c-/src/IntelligenceStack/IntelligenceStack.csproj]
         /home/runner/work/trading-bot-c-/trading-bot-c-/src/IntelligenceStack/RLAdvisorSystem.cs(489,27): error S109: Assign this magic number '0.1' to a well-named variable or constant, and use that instead. (https://rules.sonarsource.com/csharp/RSPEC-109) [/home/runner/work/trading-bot-c-/trading-bot-c-/src/IntelligenceStack/IntelligenceStack.csproj]
         /home/runner/work/trading-bot-c-/trading-bot-c-/src/IntelligenceStack/RLAdvisorSystem.cs(491,50): error S109: Assign this magic number '8' to a well-named variable or constant, and use that instead. (https://rules.sonarsource.com/csharp/RSPEC-109) [/home/runner/work/trading-bot-c-/trading-bot-c-/src/IntelligenceStack/IntelligenceStack.csproj]
         /home/runner/work/trading-bot-c-/trading-bot-c-/src/IntelligenceStack/RLAdvisorSystem.cs(493,28): error S109: Assign this magic number '0.1' to a well-named variable or constant, and use that instead. (https://rules.sonarsource.com/csharp/RSPEC-109) [/home/runner/work/trading-bot-c-/trading-bot-c-/src/IntelligenceStack/IntelligenceStack.csproj]
         /home/runner/work/trading-bot-c-/trading-bot-c-/src/IntelligenceStack/RLAdvisorSystem.cs(501,74): error S109: Assign this magic number '0.02' to a well-named variable or constant, and use that instead. (https://rules.sonarsource.com/csharp/RSPEC-109) [/home/runner/work/trading-bot-c-/trading-bot-c-/src/IntelligenceStack/IntelligenceStack.csproj]
         /home/runner/work/trading-bot-c-/trading-bot-c-/src/IntelligenceStack/RLAdvisorSystem.cs(503,28): error S109: Assign this magic number '0.2' to a well-named variable or constant, and use that instead. (https://rules.sonarsource.com/csharp/RSPEC-109) [/home/runner/work/trading-bot-c-/trading-bot-c-/src/IntelligenceStack/IntelligenceStack.csproj]
         /home/runner/work/trading-bot-c-/trading-bot-c-/src/IntelligenceStack/ModelQuarantineManager.cs(119,9): error CA1031: Modify 'QuarantineModelAsync' to catch a more specific allowed exception type, or rethrow the exception (https://learn.microsoft.com/dotnet/fundamentals/code-analysis/quality-rules/ca1031) [/home/runner/work/trading-bot-c-/trading-bot-c-/src/IntelligenceStack/IntelligenceStack.csproj]
         /home/runner/work/trading-bot-c-/trading-bot-c-/src/IntelligenceStack/RLAdvisorSystem.cs(516,13): error S109: Assign this magic number '2' to a well-named variable or constant, and use that instead. (https://rules.sonarsource.com/csharp/RSPEC-109) [/home/runner/work/trading-bot-c-/trading-bot-c-/src/IntelligenceStack/IntelligenceStack.csproj]
         /home/runner/work/trading-bot-c-/trading-bot-c-/src/IntelligenceStack/RLAdvisorSystem.cs(517,43): error S109: Assign this magic number '0.1' to a well-named variable or constant, and use that instead. (https://rules.sonarsource.com/csharp/RSPEC-109) [/home/runner/work/trading-bot-c-/trading-bot-c-/src/IntelligenceStack/IntelligenceStack.csproj]
         /home/runner/work/trading-bot-c-/trading-bot-c-/src/IntelligenceStack/OnlineLearningSystem.cs(338,21): error CA1848: For improved performance, use the LoggerMessage delegates instead of calling 'LoggerExtensions.LogWarning(ILogger, string?, params object?[])' (https://learn.microsoft.com/dotnet/fundamentals/code-analysis/quality-rules/ca1848) [/home/runner/work/trading-bot-c-/trading-bot-c-/src/IntelligenceStack/IntelligenceStack.csproj]
         /home/runner/work/trading-bot-c-/trading-bot-c-/src/IntelligenceStack/OnlineLearningSystem.cs(358,13): error CA1848: For improved performance, use the LoggerMessage delegates instead of calling 'LoggerExtensions.LogError(ILogger, Exception?, string?, params object?[])' (https://learn.microsoft.com/dotnet/fundamentals/code-analysis/quality-rules/ca1848) [/home/runner/work/trading-bot-c-/trading-bot-c-/src/IntelligenceStack/IntelligenceStack.csproj]
         /home/runner/work/trading-bot-c-/trading-bot-c-/src/IntelligenceStack/OnlineLearningSystem.cs(356,9): error CA1031: Modify 'DetectDriftAsync' to catch a more specific allowed exception type, or rethrow the exception (https://learn.microsoft.com/dotnet/fundamentals/code-analysis/quality-rules/ca1031) [/home/runner/work/trading-bot-c-/trading-bot-c-/src/IntelligenceStack/IntelligenceStack.csproj]
         /home/runner/work/trading-bot-c-/trading-bot-c-/src/IntelligenceStack/OnlineLearningSystem.cs(326,37): error CA1062: In externally visible method 'Task OnlineLearningSystem.DetectDriftAsync(string modelId, FeatureSet features, CancellationToken cancellationToken = default(CancellationToken))', validate parameter 'features' is non-null before using it. If appropriate, throw an 'ArgumentNullException' when the argument is 'null'. (https://learn.microsoft.com/dotnet/fundamentals/code-analysis/quality-rules/ca1062) [/home/runner/work/trading-bot-c-/trading-bot-c-/src/IntelligenceStack/IntelligenceStack.csproj]
         /home/runner/work/trading-bot-c-/trading-bot-c-/src/IntelligenceStack/ModelRegistry.cs(163,13): error CA1848: For improved performance, use the LoggerMessage delegates instead of calling 'LoggerExtensions.LogInformation(ILogger, string?, params object?[])' (https://learn.microsoft.com/dotnet/fundamentals/code-analysis/quality-rules/ca1848) [/home/runner/work/trading-bot-c-/trading-bot-c-/src/IntelligenceStack/IntelligenceStack.csproj]
         /home/runner/work/trading-bot-c-/trading-bot-c-/src/IntelligenceStack/ModelRegistry.cs(176,13): error CA1848: For improved performance, use the LoggerMessage delegates instead of calling 'LoggerExtensions.LogError(ILogger, Exception?, string?, params object?[])' (https://learn.microsoft.com/dotnet/fundamentals/code-analysis/quality-rules/ca1848) [/home/runner/work/trading-bot-c-/trading-bot-c-/src/IntelligenceStack/IntelligenceStack.csproj]
         /home/runner/work/trading-bot-c-/trading-bot-c-/src/IntelligenceStack/ModelQuarantineManager.cs(133,21): error CA1848: For improved performance, use the LoggerMessage delegates instead of calling 'LoggerExtensions.LogWarning(ILogger, string?, params object?[])' (https://learn.microsoft.com/dotnet/fundamentals/code-analysis/quality-rules/ca1848) [/home/runner/work/trading-bot-c-/trading-bot-c-/src/IntelligenceStack/IntelligenceStack.csproj]
         /home/runner/work/trading-bot-c-/trading-bot-c-/src/IntelligenceStack/ModelQuarantineManager.cs(139,21): error CA1848: For improved performance, use the LoggerMessage delegates instead of calling 'LoggerExtensions.LogDebug(ILogger, string?, params object?[])' (https://learn.microsoft.com/dotnet/fundamentals/code-analysis/quality-rules/ca1848) [/home/runner/work/trading-bot-c-/trading-bot-c-/src/IntelligenceStack/IntelligenceStack.csproj]
         /home/runner/work/trading-bot-c-/trading-bot-c-/src/IntelligenceStack/ModelQuarantineManager.cs(148,21): error CA1848: For improved performance, use the LoggerMessage delegates instead of calling 'LoggerExtensions.LogDebug(ILogger, string?, params object?[])' (https://learn.microsoft.com/dotnet/fundamentals/code-analysis/quality-rules/ca1848) [/home/runner/work/trading-bot-c-/trading-bot-c-/src/IntelligenceStack/IntelligenceStack.csproj]
         /home/runner/work/trading-bot-c-/trading-bot-c-/src/IntelligenceStack/ModelQuarantineManager.cs(156,21): error CA1848: For improved performance, use the LoggerMessage delegates instead of calling 'LoggerExtensions.LogDebug(ILogger, string?, params object?[])' (https://learn.microsoft.com/dotnet/fundamentals/code-analysis/quality-rules/ca1848) [/home/runner/work/trading-bot-c-/trading-bot-c-/src/IntelligenceStack/IntelligenceStack.csproj]
         /home/runner/work/trading-bot-c-/trading-bot-c-/src/IntelligenceStack/ModelQuarantineManager.cs(166,17): error CA1848: For improved performance, use the LoggerMessage delegates instead of calling 'LoggerExtensions.LogInformation(ILogger, string?, params object?[])' (https://learn.microsoft.com/dotnet/fundamentals/code-analysis/quality-rules/ca1848) [/home/runner/work/trading-bot-c-/trading-bot-c-/src/IntelligenceStack/IntelligenceStack.csproj]
         /home/runner/work/trading-bot-c-/trading-bot-c-/src/IntelligenceStack/ModelQuarantineManager.cs(174,13): error CA1848: For improved performance, use the LoggerMessage delegates instead of calling 'LoggerExtensions.LogError(ILogger, Exception?, string?, params object?[])' (https://learn.microsoft.com/dotnet/fundamentals/code-analysis/quality-rules/ca1848) [/home/runner/work/trading-bot-c-/trading-bot-c-/src/IntelligenceStack/IntelligenceStack.csproj]
         /home/runner/work/trading-bot-c-/trading-bot-c-/src/IntelligenceStack/ModelQuarantineManager.cs(172,9): error CA1031: Modify 'TryRestoreModelAsync' to catch a more specific allowed exception type, or rethrow the exception (https://learn.microsoft.com/dotnet/fundamentals/code-analysis/quality-rules/ca1031) [/home/runner/work/trading-bot-c-/trading-bot-c-/src/IntelligenceStack/IntelligenceStack.csproj]
         /home/runner/work/trading-bot-c-/trading-bot-c-/src/IntelligenceStack/ModelRegistry.cs(127,43): error CA1062: In externally visible method 'Task<ModelArtifact> ModelRegistry.RegisterModelAsync(ModelRegistration registration, CancellationToken cancellationToken = default(CancellationToken))', validate parameter 'registration' is non-null before using it. If appropriate, throw an 'ArgumentNullException' when the argument is 'null'. (https://learn.microsoft.com/dotnet/fundamentals/code-analysis/quality-rules/ca1062) [/home/runner/work/trading-bot-c-/trading-bot-c-/src/IntelligenceStack/IntelligenceStack.csproj]
         /home/runner/work/trading-bot-c-/trading-bot-c-/src/IntelligenceStack/ModelRegistry.cs(188,17): error CA1848: For improved performance, use the LoggerMessage delegates instead of calling 'LoggerExtensions.LogWarning(ILogger, string?, params object?[])' (https://learn.microsoft.com/dotnet/fundamentals/code-analysis/quality-rules/ca1848) [/home/runner/work/trading-bot-c-/trading-bot-c-/src/IntelligenceStack/IntelligenceStack.csproj]
         /home/runner/work/trading-bot-c-/trading-bot-c-/src/IntelligenceStack/ModelRegistry.cs(195,17): error CA1848: For improved performance, use the LoggerMessage delegates instead of calling 'LoggerExtensions.LogWarning(ILogger, string?, params object?[])' (https://learn.microsoft.com/dotnet/fundamentals/code-analysis/quality-rules/ca1848) [/home/runner/work/trading-bot-c-/trading-bot-c-/src/IntelligenceStack/IntelligenceStack.csproj]
         /home/runner/work/trading-bot-c-/trading-bot-c-/src/IntelligenceStack/ModelRegistry.cs(202,17): error CA1848: For improved performance, use the LoggerMessage delegates instead of calling 'LoggerExtensions.LogWarning(ILogger, string?, params object?[])' (https://learn.microsoft.com/dotnet/fundamentals/code-analysis/quality-rules/ca1848) [/home/runner/work/trading-bot-c-/trading-bot-c-/src/IntelligenceStack/IntelligenceStack.csproj]
         /home/runner/work/trading-bot-c-/trading-bot-c-/src/IntelligenceStack/ModelRegistry.cs(229,13): error CA1848: For improved performance, use the LoggerMessage delegates instead of calling 'LoggerExtensions.LogInformation(ILogger, string?, params object?[])' (https://learn.microsoft.com/dotnet/fundamentals/code-analysis/quality-rules/ca1848) [/home/runner/work/trading-bot-c-/trading-bot-c-/src/IntelligenceStack/IntelligenceStack.csproj]
         /home/runner/work/trading-bot-c-/trading-bot-c-/src/IntelligenceStack/ModelRegistry.cs(234,13): error CA1848: For improved performance, use the LoggerMessage delegates instead of calling 'LoggerExtensions.LogError(ILogger, Exception?, string?, params object?[])' (https://learn.microsoft.com/dotnet/fundamentals/code-analysis/quality-rules/ca1848) [/home/runner/work/trading-bot-c-/trading-bot-c-/src/IntelligenceStack/IntelligenceStack.csproj]
         /home/runner/work/trading-bot-c-/trading-bot-c-/src/IntelligenceStack/ModelRegistry.cs(232,9): error CA1031: Modify 'PromoteModelAsync' to catch a more specific allowed exception type, or rethrow the exception (https://learn.microsoft.com/dotnet/fundamentals/code-analysis/quality-rules/ca1031) [/home/runner/work/trading-bot-c-/trading-bot-c-/src/IntelligenceStack/IntelligenceStack.csproj]
         /home/runner/work/trading-bot-c-/trading-bot-c-/src/IntelligenceStack/ModelRegistry.cs(200,48): error CA1062: In externally visible method 'Task<bool> ModelRegistry.PromoteModelAsync(string modelId, PromotionCriteria criteria, CancellationToken cancellationToken = default(CancellationToken))', validate parameter 'criteria' is non-null before using it. If appropriate, throw an 'ArgumentNullException' when the argument is 'null'. (https://learn.microsoft.com/dotnet/fundamentals/code-analysis/quality-rules/ca1062) [/home/runner/work/trading-bot-c-/trading-bot-c-/src/IntelligenceStack/IntelligenceStack.csproj]
         /home/runner/work/trading-bot-c-/trading-bot-c-/src/IntelligenceStack/ModelRegistry.cs(207,50): error CA1062: In externally visible method 'Task<bool> ModelRegistry.PromoteModelAsync(string modelId, PromotionCriteria criteria, CancellationToken cancellationToken = default(CancellationToken))', validate parameter 'modelId' is non-null before using it. If appropriate, throw an 'ArgumentNullException' when the argument is 'null'. (https://learn.microsoft.com/dotnet/fundamentals/code-analysis/quality-rules/ca1062) [/home/runner/work/trading-bot-c-/trading-bot-c-/src/IntelligenceStack/IntelligenceStack.csproj]
         /home/runner/work/trading-bot-c-/trading-bot-c-/src/IntelligenceStack/RealTradingMetricsService.cs(120,19): error AsyncFixer03: Avoid unsupported fire-and-forget async-void methods or delegates. Unhandled exceptions will crash the process. (https://github.com/semihokur/AsyncFixer) [/home/runner/work/trading-bot-c-/trading-bot-c-/src/IntelligenceStack/IntelligenceStack.csproj]
         /home/runner/work/trading-bot-c-/trading-bot-c-/src/IntelligenceStack/RealTradingMetricsService.cs(140,65): error S109: Assign this magic number '1024' to a well-named variable or constant, and use that instead. (https://rules.sonarsource.com/csharp/RSPEC-109) [/home/runner/work/trading-bot-c-/trading-bot-c-/src/IntelligenceStack/IntelligenceStack.csproj]
         /home/runner/work/trading-bot-c-/trading-bot-c-/src/IntelligenceStack/RealTradingMetricsService.cs(140,72): error S109: Assign this magic number '1024' to a well-named variable or constant, and use that instead. (https://rules.sonarsource.com/csharp/RSPEC-109) [/home/runner/work/trading-bot-c-/trading-bot-c-/src/IntelligenceStack/IntelligenceStack.csproj]
         /home/runner/work/trading-bot-c-/trading-bot-c-/src/IntelligenceStack/ModelRegistry.cs(248,13): error CA1848: For improved performance, use the LoggerMessage delegates instead of calling 'LoggerExtensions.LogError(ILogger, Exception?, string?, params object?[])' (https://learn.microsoft.com/dotnet/fundamentals/code-analysis/quality-rules/ca1848) [/home/runner/work/trading-bot-c-/trading-bot-c-/src/IntelligenceStack/IntelligenceStack.csproj]
         /home/runner/work/trading-bot-c-/trading-bot-c-/src/IntelligenceStack/ModelRegistry.cs(246,9): error CA1031: Modify 'GetModelMetricsAsync' to catch a more specific allowed exception type, or rethrow the exception (https://learn.microsoft.com/dotnet/fundamentals/code-analysis/quality-rules/ca1031) [/home/runner/work/trading-bot-c-/trading-bot-c-/src/IntelligenceStack/IntelligenceStack.csproj]
         /home/runner/work/trading-bot-c-/trading-bot-c-/src/IntelligenceStack/RLAdvisorSystem.cs(547,42): error S6602: "Find" method should be used instead of the "FirstOrDefault" extension method. (https://rules.sonarsource.com/csharp/RSPEC-6602) [/home/runner/work/trading-bot-c-/trading-bot-c-/src/IntelligenceStack/IntelligenceStack.csproj]
         /home/runner/work/trading-bot-c-/trading-bot-c-/src/IntelligenceStack/RealTradingMetricsService.cs(159,13): error CA1848: For improved performance, use the LoggerMessage delegates instead of calling 'LoggerExtensions.LogInformation(ILogger, string?, params object?[])' (https://learn.microsoft.com/dotnet/fundamentals/code-analysis/quality-rules/ca1848) [/home/runner/work/trading-bot-c-/trading-bot-c-/src/IntelligenceStack/IntelligenceStack.csproj]
         /home/runner/work/trading-bot-c-/trading-bot-c-/src/IntelligenceStack/RealTradingMetricsService.cs(164,13): error CA1848: For improved performance, use the LoggerMessage delegates instead of calling 'LoggerExtensions.LogError(ILogger, Exception?, string?, params object?[])' (https://learn.microsoft.com/dotnet/fundamentals/code-analysis/quality-rules/ca1848) [/home/runner/work/trading-bot-c-/trading-bot-c-/src/IntelligenceStack/IntelligenceStack.csproj]
         /home/runner/work/trading-bot-c-/trading-bot-c-/src/IntelligenceStack/RealTradingMetricsService.cs(162,9): error CA1031: Modify 'CollectAndPushMetrics' to catch a more specific allowed exception type, or rethrow the exception (https://learn.microsoft.com/dotnet/fundamentals/code-analysis/quality-rules/ca1031) [/home/runner/work/trading-bot-c-/trading-bot-c-/src/IntelligenceStack/IntelligenceStack.csproj]
         /home/runner/work/trading-bot-c-/trading-bot-c-/src/IntelligenceStack/MLRLObservabilityService.cs(82,9): error CA1848: For improved performance, use the LoggerMessage delegates instead of calling 'LoggerExtensions.LogDebug(ILogger, string?, params object?[])' (https://learn.microsoft.com/dotnet/fundamentals/code-analysis/quality-rules/ca1848) [/home/runner/work/trading-bot-c-/trading-bot-c-/src/IntelligenceStack/IntelligenceStack.csproj]
         /home/runner/work/trading-bot-c-/trading-bot-c-/src/IntelligenceStack/MLRLObservabilityService.cs(94,9): error CA1848: For improved performance, use the LoggerMessage delegates instead of calling 'LoggerExtensions.LogDebug(ILogger, string?, params object?[])' (https://learn.microsoft.com/dotnet/fundamentals/code-analysis/quality-rules/ca1848) [/home/runner/work/trading-bot-c-/trading-bot-c-/src/IntelligenceStack/IntelligenceStack.csproj]
         /home/runner/work/trading-bot-c-/trading-bot-c-/src/IntelligenceStack/ModelRegistry.cs(294,17): error CA1848: For improved performance, use the LoggerMessage delegates instead of calling 'LoggerExtensions.LogWarning(ILogger, Exception?, string?, params object?[])' (https://learn.microsoft.com/dotnet/fundamentals/code-analysis/quality-rules/ca1848) [/home/runner/work/trading-bot-c-/trading-bot-c-/src/IntelligenceStack/IntelligenceStack.csproj]
         /home/runner/work/trading-bot-c-/trading-bot-c-/src/IntelligenceStack/MLRLObservabilityService.cs(102,26): error S109: Assign this magic number '0.7' to a well-named variable or constant, and use that instead. (https://rules.sonarsource.com/csharp/RSPEC-109) [/home/runner/work/trading-bot-c-/trading-bot-c-/src/IntelligenceStack/IntelligenceStack.csproj]
         /home/runner/work/trading-bot-c-/trading-bot-c-/src/IntelligenceStack/ModelRegistry.cs(292,13): error CA1031: Modify 'FindLatestModelAsync' to catch a more specific allowed exception type, or rethrow the exception (https://learn.microsoft.com/dotnet/fundamentals/code-analysis/quality-rules/ca1031) [/home/runner/work/trading-bot-c-/trading-bot-c-/src/IntelligenceStack/IntelligenceStack.csproj]
         /home/runner/work/trading-bot-c-/trading-bot-c-/src/IntelligenceStack/MLRLObservabilityService.cs(104,13): error CA1848: For improved performance, use the LoggerMessage delegates instead of calling 'LoggerExtensions.LogWarning(ILogger, string?, params object?[])' (https://learn.microsoft.com/dotnet/fundamentals/code-analysis/quality-rules/ca1848) [/home/runner/work/trading-bot-c-/trading-bot-c-/src/IntelligenceStack/IntelligenceStack.csproj]
         /home/runner/work/trading-bot-c-/trading-bot-c-/src/IntelligenceStack/ModelRegistry.cs(338,44): error S109: Assign this magic number '16' to a well-named variable or constant, and use that instead. (https://rules.sonarsource.com/csharp/RSPEC-109) [/home/runner/work/trading-bot-c-/trading-bot-c-/src/IntelligenceStack/IntelligenceStack.csproj]
         /home/runner/work/trading-bot-c-/trading-bot-c-/src/IntelligenceStack/ModelRegistry.cs(345,44): error S109: Assign this magic number '16' to a well-named variable or constant, and use that instead. (https://rules.sonarsource.com/csharp/RSPEC-109) [/home/runner/work/trading-bot-c-/trading-bot-c-/src/IntelligenceStack/IntelligenceStack.csproj]
         /home/runner/work/trading-bot-c-/trading-bot-c-/src/IntelligenceStack/ModelRegistry.cs(352,47): error S109: Assign this magic number '16' to a well-named variable or constant, and use that instead. (https://rules.sonarsource.com/csharp/RSPEC-109) [/home/runner/work/trading-bot-c-/trading-bot-c-/src/IntelligenceStack/IntelligenceStack.csproj]
         /home/runner/work/trading-bot-c-/trading-bot-c-/src/IntelligenceStack/ModelRegistry.cs(337,20): error CA1850: Prefer static 'System.Security.Cryptography.SHA256.HashData' method over 'ComputeHash' (https://learn.microsoft.com/dotnet/fundamentals/code-analysis/quality-rules/ca1850) [/home/runner/work/trading-bot-c-/trading-bot-c-/src/IntelligenceStack/IntelligenceStack.csproj]
         /home/runner/work/trading-bot-c-/trading-bot-c-/src/IntelligenceStack/ModelRegistry.cs(344,20): error CA1850: Prefer static 'System.Security.Cryptography.SHA256.HashData' method over 'ComputeHash' (https://learn.microsoft.com/dotnet/fundamentals/code-analysis/quality-rules/ca1850) [/home/runner/work/trading-bot-c-/trading-bot-c-/src/IntelligenceStack/IntelligenceStack.csproj]
         /home/runner/work/trading-bot-c-/trading-bot-c-/src/IntelligenceStack/ModelRegistry.cs(351,20): error CA1850: Prefer static 'System.Security.Cryptography.SHA256.HashData' method over 'ComputeHash' (https://learn.microsoft.com/dotnet/fundamentals/code-analysis/quality-rules/ca1850) [/home/runner/work/trading-bot-c-/trading-bot-c-/src/IntelligenceStack/IntelligenceStack.csproj]
         /home/runner/work/trading-bot-c-/trading-bot-c-/src/IntelligenceStack/NightlyParameterTuner.cs(126,13): error CA1848: For improved performance, use the LoggerMessage delegates instead of calling 'LoggerExtensions.LogInformation(ILogger, string?, params object?[])' (https://learn.microsoft.com/dotnet/fundamentals/code-analysis/quality-rules/ca1848) [/home/runner/work/trading-bot-c-/trading-bot-c-/src/IntelligenceStack/IntelligenceStack.csproj]
         /home/runner/work/trading-bot-c-/trading-bot-c-/src/IntelligenceStack/NightlyParameterTuner.cs(151,17): error CA1848: For improved performance, use the LoggerMessage delegates instead of calling 'LoggerExtensions.LogInformation(ILogger, string?, params object?[])' (https://learn.microsoft.com/dotnet/fundamentals/code-analysis/quality-rules/ca1848) [/home/runner/work/trading-bot-c-/trading-bot-c-/src/IntelligenceStack/IntelligenceStack.csproj]
         /home/runner/work/trading-bot-c-/trading-bot-c-/src/IntelligenceStack/NightlyParameterTuner.cs(194,13): error CA1848: For improved performance, use the LoggerMessage delegates instead of calling 'LoggerExtensions.LogInformation(ILogger, string?, params object?[])' (https://learn.microsoft.com/dotnet/fundamentals/code-analysis/quality-rules/ca1848) [/home/runner/work/trading-bot-c-/trading-bot-c-/src/IntelligenceStack/IntelligenceStack.csproj]
         /home/runner/work/trading-bot-c-/trading-bot-c-/src/IntelligenceStack/NightlyParameterTuner.cs(203,13): error CA1848: For improved performance, use the LoggerMessage delegates instead of calling 'LoggerExtensions.LogError(ILogger, Exception?, string?, params object?[])' (https://learn.microsoft.com/dotnet/fundamentals/code-analysis/quality-rules/ca1848) [/home/runner/work/trading-bot-c-/trading-bot-c-/src/IntelligenceStack/IntelligenceStack.csproj]
         /home/runner/work/trading-bot-c-/trading-bot-c-/src/IntelligenceStack/NightlyParameterTuner.cs(201,9): error CA1031: Modify 'RunNightlyTuningAsync' to catch a more specific allowed exception type, or rethrow the exception (https://learn.microsoft.com/dotnet/fundamentals/code-analysis/quality-rules/ca1031) [/home/runner/work/trading-bot-c-/trading-bot-c-/src/IntelligenceStack/IntelligenceStack.csproj]
         /home/runner/work/trading-bot-c-/trading-bot-c-/src/IntelligenceStack/RealTradingMetricsService.cs(179,16): error CA1851: Possible multiple enumerations of 'IEnumerable' collection. Consider using an implementation that avoids multiple enumerations. (https://learn.microsoft.com/dotnet/fundamentals/code-analysis/quality-rules/ca1851) [/home/runner/work/trading-bot-c-/trading-bot-c-/src/IntelligenceStack/IntelligenceStack.csproj]
         /home/runner/work/trading-bot-c-/trading-bot-c-/src/IntelligenceStack/RealTradingMetricsService.cs(174,14): error CA1851: Possible multiple enumerations of 'IEnumerable' collection. Consider using an implementation that avoids multiple enumerations. (https://learn.microsoft.com/dotnet/fundamentals/code-analysis/quality-rules/ca1851) [/home/runner/work/trading-bot-c-/trading-bot-c-/src/IntelligenceStack/IntelligenceStack.csproj]
         /home/runner/work/trading-bot-c-/trading-bot-c-/src/IntelligenceStack/RealTradingMetricsService.cs(191,34): error CA1851: Possible multiple enumerations of 'IEnumerable' collection. Consider using an implementation that avoids multiple enumerations. (https://learn.microsoft.com/dotnet/fundamentals/code-analysis/quality-rules/ca1851) [/home/runner/work/trading-bot-c-/trading-bot-c-/src/IntelligenceStack/IntelligenceStack.csproj]
         /home/runner/work/trading-bot-c-/trading-bot-c-/src/IntelligenceStack/RealTradingMetricsService.cs(186,14): error CA1851: Possible multiple enumerations of 'IEnumerable' collection. Consider using an implementation that avoids multiple enumerations. (https://learn.microsoft.com/dotnet/fundamentals/code-analysis/quality-rules/ca1851) [/home/runner/work/trading-bot-c-/trading-bot-c-/src/IntelligenceStack/IntelligenceStack.csproj]
         /home/runner/work/trading-bot-c-/trading-bot-c-/src/IntelligenceStack/RealTradingMetricsService.cs(192,45): error CA1851: Possible multiple enumerations of 'IEnumerable' collection. Consider using an implementation that avoids multiple enumerations. (https://learn.microsoft.com/dotnet/fundamentals/code-analysis/quality-rules/ca1851) [/home/runner/work/trading-bot-c-/trading-bot-c-/src/IntelligenceStack/IntelligenceStack.csproj]
         /home/runner/work/trading-bot-c-/trading-bot-c-/src/IntelligenceStack/RLAdvisorSystem.cs(557,5): error AsyncFixer01: The method 'CheckForProvenUpliftAsync' does not need to use async/await. (https://github.com/semihokur/AsyncFixer) [/home/runner/work/trading-bot-c-/trading-bot-c-/src/IntelligenceStack/IntelligenceStack.csproj]
         /home/runner/work/trading-bot-c-/trading-bot-c-/src/IntelligenceStack/RLAdvisorSystem.cs(564,17): error CA1848: For improved performance, use the LoggerMessage delegates instead of calling 'LoggerExtensions.LogInformation(ILogger, string?, params object?[])' (https://learn.microsoft.com/dotnet/fundamentals/code-analysis/quality-rules/ca1848) [/home/runner/work/trading-bot-c-/trading-bot-c-/src/IntelligenceStack/IntelligenceStack.csproj]
         /home/runner/work/trading-bot-c-/trading-bot-c-/src/IntelligenceStack/RLAdvisorSystem.cs(587,25): error CA1848: For improved performance, use the LoggerMessage delegates instead of calling 'LoggerExtensions.LogInformation(ILogger, string?, params object?[])' (https://learn.microsoft.com/dotnet/fundamentals/code-analysis/quality-rules/ca1848) [/home/runner/work/trading-bot-c-/trading-bot-c-/src/IntelligenceStack/IntelligenceStack.csproj]
         /home/runner/work/trading-bot-c-/trading-bot-c-/src/IntelligenceStack/RLAdvisorSystem.cs(593,25): error CA1848: For improved performance, use the LoggerMessage delegates instead of calling 'LoggerExtensions.LogWarning(ILogger, string?, params object?[])' (https://learn.microsoft.com/dotnet/fundamentals/code-analysis/quality-rules/ca1848) [/home/runner/work/trading-bot-c-/trading-bot-c-/src/IntelligenceStack/IntelligenceStack.csproj]
         /home/runner/work/trading-bot-c-/trading-bot-c-/src/IntelligenceStack/RLAdvisorSystem.cs(600,17): error CA1848: For improved performance, use the LoggerMessage delegates instead of calling 'LoggerExtensions.LogError(ILogger, Exception?, string?, params object?[])' (https://learn.microsoft.com/dotnet/fundamentals/code-analysis/quality-rules/ca1848) [/home/runner/work/trading-bot-c-/trading-bot-c-/src/IntelligenceStack/IntelligenceStack.csproj]
         /home/runner/work/trading-bot-c-/trading-bot-c-/src/IntelligenceStack/MAMLLiveIntegration.cs(67,9): error CA1848: For improved performance, use the LoggerMessage delegates instead of calling 'LoggerExtensions.LogInformation(ILogger, string?, params object?[])' (https://learn.microsoft.com/dotnet/fundamentals/code-analysis/quality-rules/ca1848) [/home/runner/work/trading-bot-c-/trading-bot-c-/src/IntelligenceStack/IntelligenceStack.csproj]
         /home/runner/work/trading-bot-c-/trading-bot-c-/src/IntelligenceStack/RLAdvisorSystem.cs(598,13): error CA1031: Modify 'CheckForProvenUpliftAsync' to catch a more specific allowed exception type, or rethrow the exception (https://learn.microsoft.com/dotnet/fundamentals/code-analysis/quality-rules/ca1031) [/home/runner/work/trading-bot-c-/trading-bot-c-/src/IntelligenceStack/IntelligenceStack.csproj]
         /home/runner/work/trading-bot-c-/trading-bot-c-/src/IntelligenceStack/MAMLLiveIntegration.cs(77,9): error CA1848: For improved performance, use the LoggerMessage delegates instead of calling 'LoggerExtensions.LogInformation(ILogger, string?, params object?[])' (https://learn.microsoft.com/dotnet/fundamentals/code-analysis/quality-rules/ca1848) [/home/runner/work/trading-bot-c-/trading-bot-c-/src/IntelligenceStack/IntelligenceStack.csproj]
         /home/runner/work/trading-bot-c-/trading-bot-c-/src/IntelligenceStack/ModelQuarantineManager.cs(183,5): error AsyncFixer01: The method 'GetQuarantinedModelsAsync' does not need to use async/await. (https://github.com/semihokur/AsyncFixer) [/home/runner/work/trading-bot-c-/trading-bot-c-/src/IntelligenceStack/IntelligenceStack.csproj]
         /home/runner/work/trading-bot-c-/trading-bot-c-/src/IntelligenceStack/OnlineLearningSystem.cs(371,13): error CA1848: For improved performance, use the LoggerMessage delegates instead of calling 'LoggerExtensions.LogDebug(ILogger, string?, params object?[])' (https://learn.microsoft.com/dotnet/fundamentals/code-analysis/quality-rules/ca1848) [/home/runner/work/trading-bot-c-/trading-bot-c-/src/IntelligenceStack/IntelligenceStack.csproj]
         /home/runner/work/trading-bot-c-/trading-bot-c-/src/IntelligenceStack/OnlineLearningSystem.cs(408,13): error CA1848: For improved performance, use the LoggerMessage delegates instead of calling 'LoggerExtensions.LogInformation(ILogger, string?, params object?[])' (https://learn.microsoft.com/dotnet/fundamentals/code-analysis/quality-rules/ca1848) [/home/runner/work/trading-bot-c-/trading-bot-c-/src/IntelligenceStack/IntelligenceStack.csproj]
         /home/runner/work/trading-bot-c-/trading-bot-c-/src/IntelligenceStack/OnlineLearningSystem.cs(413,13): error CA1848: For improved performance, use the LoggerMessage delegates instead of calling 'LoggerExtensions.LogError(ILogger, Exception?, string?, params object?[])' (https://learn.microsoft.com/dotnet/fundamentals/code-analysis/quality-rules/ca1848) [/home/runner/work/trading-bot-c-/trading-bot-c-/src/IntelligenceStack/IntelligenceStack.csproj]
         /home/runner/work/trading-bot-c-/trading-bot-c-/src/IntelligenceStack/OnlineLearningSystem.cs(387,27): error CA1305: The behavior of 'Convert.ToDouble(object)' could vary based on the current user's locale settings. Replace this call in 'OnlineLearningSystem.UpdateModelAsync(TradeRecord, [CancellationToken])' with a call to 'Convert.ToDouble(object, IFormatProvider)'. (https://learn.microsoft.com/dotnet/fundamentals/code-analysis/quality-rules/ca1305) [/home/runner/work/trading-bot-c-/trading-bot-c-/src/IntelligenceStack/IntelligenceStack.csproj]
         /home/runner/work/trading-bot-c-/trading-bot-c-/src/IntelligenceStack/ModelQuarantineManager.cs(200,17): error CA1848: For improved performance, use the LoggerMessage delegates instead of calling 'LoggerExtensions.LogError(ILogger, Exception?, string?, params object?[])' (https://learn.microsoft.com/dotnet/fundamentals/code-analysis/quality-rules/ca1848) [/home/runner/work/trading-bot-c-/trading-bot-c-/src/IntelligenceStack/IntelligenceStack.csproj]
         /home/runner/work/trading-bot-c-/trading-bot-c-/src/IntelligenceStack/RegimeDetectorWithHysteresis.cs(264,16): error S3923: This conditional operation returns the same value whether the condition is "true" or "false". (https://rules.sonarsource.com/csharp/RSPEC-3923) [/home/runner/work/trading-bot-c-/trading-bot-c-/src/IntelligenceStack/IntelligenceStack.csproj]
         /home/runner/work/trading-bot-c-/trading-bot-c-/src/IntelligenceStack/ModelQuarantineManager.cs(198,13): error CA1031: Modify 'GetQuarantinedModelsAsync' to catch a more specific allowed exception type, or rethrow the exception (https://learn.microsoft.com/dotnet/fundamentals/code-analysis/quality-rules/ca1031) [/home/runner/work/trading-bot-c-/trading-bot-c-/src/IntelligenceStack/IntelligenceStack.csproj]
         /home/runner/work/trading-bot-c-/trading-bot-c-/src/IntelligenceStack/OnlineLearningSystem.cs(411,9): error CA1031: Modify 'UpdateModelAsync' to catch a more specific allowed exception type, or rethrow the exception (https://learn.microsoft.com/dotnet/fundamentals/code-analysis/quality-rules/ca1031) [/home/runner/work/trading-bot-c-/trading-bot-c-/src/IntelligenceStack/IntelligenceStack.csproj]
         /home/runner/work/trading-bot-c-/trading-bot-c-/src/IntelligenceStack/ModelQuarantineManager.cs(224,37): error S109: Assign this magic number '100' to a well-named variable or constant, and use that instead. (https://rules.sonarsource.com/csharp/RSPEC-109) [/home/runner/work/trading-bot-c-/trading-bot-c-/src/IntelligenceStack/IntelligenceStack.csproj]
         /home/runner/work/trading-bot-c-/trading-bot-c-/src/IntelligenceStack/RegimeDetectorWithHysteresis.cs(272,38): error S109: Assign this magic number '14' to a well-named variable or constant, and use that instead. (https://rules.sonarsource.com/csharp/RSPEC-109) [/home/runner/work/trading-bot-c-/trading-bot-c-/src/IntelligenceStack/IntelligenceStack.csproj]
         /home/runner/work/trading-bot-c-/trading-bot-c-/src/IntelligenceStack/RegimeDetectorWithHysteresis.cs(286,50): error S109: Assign this magic number '2' to a well-named variable or constant, and use that instead. (https://rules.sonarsource.com/csharp/RSPEC-109) [/home/runner/work/trading-bot-c-/trading-bot-c-/src/IntelligenceStack/IntelligenceStack.csproj]
         /home/runner/work/trading-bot-c-/trading-bot-c-/src/IntelligenceStack/RegimeDetectorWithHysteresis.cs(287,55): error S109: Assign this magic number '2' to a well-named variable or constant, and use that instead. (https://rules.sonarsource.com/csharp/RSPEC-109) [/home/runner/work/trading-bot-c-/trading-bot-c-/src/IntelligenceStack/IntelligenceStack.csproj]
         /home/runner/work/trading-bot-c-/trading-bot-c-/src/IntelligenceStack/RegimeDetectorWithHysteresis.cs(287,95): error S109: Assign this magic number '2' to a well-named variable or constant, and use that instead. (https://rules.sonarsource.com/csharp/RSPEC-109) [/home/runner/work/trading-bot-c-/trading-bot-c-/src/IntelligenceStack/IntelligenceStack.csproj]
         /home/runner/work/trading-bot-c-/trading-bot-c-/src/IntelligenceStack/RegimeDetectorWithHysteresis.cs(288,54): error S109: Assign this magic number '2' to a well-named variable or constant, and use that instead. (https://rules.sonarsource.com/csharp/RSPEC-109) [/home/runner/work/trading-bot-c-/trading-bot-c-/src/IntelligenceStack/IntelligenceStack.csproj]
         /home/runner/work/trading-bot-c-/trading-bot-c-/src/IntelligenceStack/ModelQuarantineManager.cs(238,13): error CA1848: For improved performance, use the LoggerMessage delegates instead of calling 'LoggerExtensions.LogError(ILogger, Exception?, string?, params object?[])' (https://learn.microsoft.com/dotnet/fundamentals/code-analysis/quality-rules/ca1848) [/home/runner/work/trading-bot-c-/trading-bot-c-/src/IntelligenceStack/IntelligenceStack.csproj]
         /home/runner/work/trading-bot-c-/trading-bot-c-/src/IntelligenceStack/ModelQuarantineManager.cs(236,9): error CA1031: Modify 'RecordPerformanceAsync' to catch a more specific allowed exception type, or rethrow the exception (https://learn.microsoft.com/dotnet/fundamentals/code-analysis/quality-rules/ca1031) [/home/runner/work/trading-bot-c-/trading-bot-c-/src/IntelligenceStack/IntelligenceStack.csproj]
         /home/runner/work/trading-bot-c-/trading-bot-c-/src/IntelligenceStack/RegimeDetectorWithHysteresis.cs(276,26): error CA1062: In externally visible method 'void RegimeDetectorWithHysteresis.UpdateMarketData(MarketData data)', validate parameter 'data' is non-null before using it. If appropriate, throw an 'ArgumentNullException' when the argument is 'null'. (https://learn.microsoft.com/dotnet/fundamentals/code-analysis/quality-rules/ca1062) [/home/runner/work/trading-bot-c-/trading-bot-c-/src/IntelligenceStack/IntelligenceStack.csproj]
         /home/runner/work/trading-bot-c-/trading-bot-c-/src/IntelligenceStack/ModelQuarantineManager.cs(230,49): error CA1062: In externally visible method 'Task ModelQuarantineManager.RecordPerformanceAsync(string modelId, ModelPerformance performance, CancellationToken cancellationToken = default(CancellationToken))', validate parameter 'performance' is non-null before using it. If appropriate, throw an 'ArgumentNullException' when the argument is 'null'. (https://learn.microsoft.com/dotnet/fundamentals/code-analysis/quality-rules/ca1062) [/home/runner/work/trading-bot-c-/trading-bot-c-/src/IntelligenceStack/IntelligenceStack.csproj]
         /home/runner/work/trading-bot-c-/trading-bot-c-/src/IntelligenceStack/ModelQuarantineManager.cs(266,21): error CA1848: For improved performance, use the LoggerMessage delegates instead of calling 'LoggerExtensions.LogWarning(ILogger, string?, params object?[])' (https://learn.microsoft.com/dotnet/fundamentals/code-analysis/quality-rules/ca1848) [/home/runner/work/trading-bot-c-/trading-bot-c-/src/IntelligenceStack/IntelligenceStack.csproj]
         /home/runner/work/trading-bot-c-/trading-bot-c-/src/IntelligenceStack/ModelQuarantineManager.cs(281,13): error CA1848: For improved performance, use the LoggerMessage delegates instead of calling 'LoggerExtensions.LogError(ILogger, Exception?, string?, params object?[])' (https://learn.microsoft.com/dotnet/fundamentals/code-analysis/quality-rules/ca1848) [/home/runner/work/trading-bot-c-/trading-bot-c-/src/IntelligenceStack/IntelligenceStack.csproj]
         /home/runner/work/trading-bot-c-/trading-bot-c-/src/IntelligenceStack/ModelQuarantineManager.cs(279,9): error CA1031: Modify 'RecordExceptionAsync' to catch a more specific allowed exception type, or rethrow the exception (https://learn.microsoft.com/dotnet/fundamentals/code-analysis/quality-rules/ca1031) [/home/runner/work/trading-bot-c-/trading-bot-c-/src/IntelligenceStack/IntelligenceStack.csproj]
         /home/runner/work/trading-bot-c-/trading-bot-c-/src/IntelligenceStack/MLRLObservabilityService.cs(117,9): error CA1848: For improved performance, use the LoggerMessage delegates instead of calling 'LoggerExtensions.LogDebug(ILogger, string?, params object?[])' (https://learn.microsoft.com/dotnet/fundamentals/code-analysis/quality-rules/ca1848) [/home/runner/work/trading-bot-c-/trading-bot-c-/src/IntelligenceStack/IntelligenceStack.csproj]
         /home/runner/work/trading-bot-c-/trading-bot-c-/src/IntelligenceStack/OnlineLearningSystem.cs(372,17): error CA1062: In externally visible method 'Task OnlineLearningSystem.UpdateModelAsync(TradeRecord tradeRecord, CancellationToken cancellationToken = default(CancellationToken))', validate parameter 'tradeRecord' is non-null before using it. If appropriate, throw an 'ArgumentNullException' when the argument is 'null'. (https://learn.microsoft.com/dotnet/fundamentals/code-analysis/quality-rules/ca1062) [/home/runner/work/trading-bot-c-/trading-bot-c-/src/IntelligenceStack/IntelligenceStack.csproj]
         /home/runner/work/trading-bot-c-/trading-bot-c-/src/IntelligenceStack/ModelQuarantineManager.cs(259,45): error CA1062: In externally visible method 'Task ModelQuarantineManager.RecordExceptionAsync(string modelId, Exception exception, CancellationToken cancellationToken = default(CancellationToken))', validate parameter 'exception' is non-null before using it. If appropriate, throw an 'ArgumentNullException' when the argument is 'null'. (https://learn.microsoft.com/dotnet/fundamentals/code-analysis/quality-rules/ca1062) [/home/runner/work/trading-bot-c-/trading-bot-c-/src/IntelligenceStack/IntelligenceStack.csproj]
         /home/runner/work/trading-bot-c-/trading-bot-c-/src/IntelligenceStack/RLAdvisorSystem.cs(611,5): error AsyncFixer01: The method 'GenerateTrainingEpisodesAsync' does not need to use async/await. (https://github.com/semihokur/AsyncFixer) [/home/runner/work/trading-bot-c-/trading-bot-c-/src/IntelligenceStack/IntelligenceStack.csproj]
         /home/runner/work/trading-bot-c-/trading-bot-c-/src/IntelligenceStack/MLRLObservabilityService.cs(132,26): error S109: Assign this magic number '10' to a well-named variable or constant, and use that instead. (https://rules.sonarsource.com/csharp/RSPEC-109) [/home/runner/work/trading-bot-c-/trading-bot-c-/src/IntelligenceStack/IntelligenceStack.csproj]
         /home/runner/work/trading-bot-c-/trading-bot-c-/src/IntelligenceStack/RLAdvisorSystem.cs(634,13): error CA1848: For improved performance, use the LoggerMessage delegates instead of calling 'LoggerExtensions.LogInformation(ILogger, string?, params object?[])' (https://learn.microsoft.com/dotnet/fundamentals/code-analysis/quality-rules/ca1848) [/home/runner/work/trading-bot-c-/trading-bot-c-/src/IntelligenceStack/IntelligenceStack.csproj]
         /home/runner/work/trading-bot-c-/trading-bot-c-/src/IntelligenceStack/MLRLObservabilityService.cs(134,13): error CA1848: For improved performance, use the LoggerMessage delegates instead of calling 'LoggerExtensions.LogWarning(ILogger, string?, params object?[])' (https://learn.microsoft.com/dotnet/fundamentals/code-analysis/quality-rules/ca1848) [/home/runner/work/trading-bot-c-/trading-bot-c-/src/IntelligenceStack/IntelligenceStack.csproj]
         /home/runner/work/trading-bot-c-/trading-bot-c-/src/IntelligenceStack/MLRLObservabilityService.cs(147,24): error S109: Assign this magic number '0.1' to a well-named variable or constant, and use that instead. (https://rules.sonarsource.com/csharp/RSPEC-109) [/home/runner/work/trading-bot-c-/trading-bot-c-/src/IntelligenceStack/IntelligenceStack.csproj]
         /home/runner/work/trading-bot-c-/trading-bot-c-/src/IntelligenceStack/MLRLObservabilityService.cs(149,13): error CA1848: For improved performance, use the LoggerMessage delegates instead of calling 'LoggerExtensions.LogWarning(ILogger, string?, params object?[])' (https://learn.microsoft.com/dotnet/fundamentals/code-analysis/quality-rules/ca1848) [/home/runner/work/trading-bot-c-/trading-bot-c-/src/IntelligenceStack/IntelligenceStack.csproj]
         /home/runner/work/trading-bot-c-/trading-bot-c-/src/IntelligenceStack/MLRLObservabilityService.cs(144,75): error CA1305: The behavior of 'int.ToString()' could vary based on the current user's locale settings. Replace this call in 'MlrlObservabilityService.RecordEnsembleVariance(double, int)' with a call to 'int.ToString(IFormatProvider)'. (https://learn.microsoft.com/dotnet/fundamentals/code-analysis/quality-rules/ca1305) [/home/runner/work/trading-bot-c-/trading-bot-c-/src/IntelligenceStack/IntelligenceStack.csproj]
         /home/runner/work/trading-bot-c-/trading-bot-c-/src/IntelligenceStack/ObservabilityDashboard.cs(192,49): error CA1854: Prefer a 'TryGetValue' call over a Dictionary indexer access guarded by a 'ContainsKey' check to avoid double lookup (https://learn.microsoft.com/dotnet/fundamentals/code-analysis/quality-rules/ca1854) [/home/runner/work/trading-bot-c-/trading-bot-c-/src/IntelligenceStack/IntelligenceStack.csproj]
         /home/runner/work/trading-bot-c-/trading-bot-c-/src/IntelligenceStack/ObservabilityDashboard.cs(193,21): error CA1305: The behavior of 'double.Parse(string)' could vary based on the current user's locale settings. Replace this call in 'ObservabilityDashboard.GetRegimeTimelineAsync(CancellationToken)' with a call to 'double.Parse(string, IFormatProvider)'. (https://learn.microsoft.com/dotnet/fundamentals/code-analysis/quality-rules/ca1305) [/home/runner/work/trading-bot-c-/trading-bot-c-/src/IntelligenceStack/IntelligenceStack.csproj]
         /home/runner/work/trading-bot-c-/trading-bot-c-/src/IntelligenceStack/RealTradingMetricsService.cs(208,26): error CA1851: Possible multiple enumerations of 'IEnumerable' collection. Consider using an implementation that avoids multiple enumerations. (https://learn.microsoft.com/dotnet/fundamentals/code-analysis/quality-rules/ca1851) [/home/runner/work/trading-bot-c-/trading-bot-c-/src/IntelligenceStack/IntelligenceStack.csproj]
         /home/runner/work/trading-bot-c-/trading-bot-c-/src/IntelligenceStack/RealTradingMetricsService.cs(201,14): error CA1851: Possible multiple enumerations of 'IEnumerable' collection. Consider using an implementation that avoids multiple enumerations. (https://learn.microsoft.com/dotnet/fundamentals/code-analysis/quality-rules/ca1851) [/home/runner/work/trading-bot-c-/trading-bot-c-/src/IntelligenceStack/IntelligenceStack.csproj]
         /home/runner/work/trading-bot-c-/trading-bot-c-/src/IntelligenceStack/RealTradingMetricsService.cs(209,28): error CA1851: Possible multiple enumerations of 'IEnumerable' collection. Consider using an implementation that avoids multiple enumerations. (https://learn.microsoft.com/dotnet/fundamentals/code-analysis/quality-rules/ca1851) [/home/runner/work/trading-bot-c-/trading-bot-c-/src/IntelligenceStack/IntelligenceStack.csproj]
         /home/runner/work/trading-bot-c-/trading-bot-c-/src/IntelligenceStack/RealTradingMetricsService.cs(201,39): error CA1851: Possible multiple enumerations of 'IEnumerable' collection. Consider using an implementation that avoids multiple enumerations. (https://learn.microsoft.com/dotnet/fundamentals/code-analysis/quality-rules/ca1851) [/home/runner/work/trading-bot-c-/trading-bot-c-/src/IntelligenceStack/IntelligenceStack.csproj]
         /home/runner/work/trading-bot-c-/trading-bot-c-/src/IntelligenceStack/RealTradingMetricsService.cs(210,37): error CA1851: Possible multiple enumerations of 'IEnumerable' collection. Consider using an implementation that avoids multiple enumerations. (https://learn.microsoft.com/dotnet/fundamentals/code-analysis/quality-rules/ca1851) [/home/runner/work/trading-bot-c-/trading-bot-c-/src/IntelligenceStack/IntelligenceStack.csproj]
         /home/runner/work/trading-bot-c-/trading-bot-c-/src/IntelligenceStack/RLAdvisorSystem.cs(724,21): error S6667: Logging in a catch clause should pass the caught exception as a parameter. (https://rules.sonarsource.com/csharp/RSPEC-6667) [/home/runner/work/trading-bot-c-/trading-bot-c-/src/IntelligenceStack/IntelligenceStack.csproj]
         /home/runner/work/trading-bot-c-/trading-bot-c-/src/IntelligenceStack/RLAdvisorSystem.cs(702,37): error S6580: Use a format provider when parsing date and time. (https://rules.sonarsource.com/csharp/RSPEC-6580) [/home/runner/work/trading-bot-c-/trading-bot-c-/src/IntelligenceStack/IntelligenceStack.csproj]
         /home/runner/work/trading-bot-c-/trading-bot-c-/src/IntelligenceStack/RLAdvisorSystem.cs(645,13): error CA1848: For improved performance, use the LoggerMessage delegates instead of calling 'LoggerExtensions.LogDebug(ILogger, string?, params object?[])' (https://learn.microsoft.com/dotnet/fundamentals/code-analysis/quality-rules/ca1848) [/home/runner/work/trading-bot-c-/trading-bot-c-/src/IntelligenceStack/IntelligenceStack.csproj]
         /home/runner/work/trading-bot-c-/trading-bot-c-/src/IntelligenceStack/RLAdvisorSystem.cs(651,17): error CA1848: For improved performance, use the LoggerMessage delegates instead of calling 'LoggerExtensions.LogWarning(ILogger, string?, params object?[])' (https://learn.microsoft.com/dotnet/fundamentals/code-analysis/quality-rules/ca1848) [/home/runner/work/trading-bot-c-/trading-bot-c-/src/IntelligenceStack/IntelligenceStack.csproj]
         /home/runner/work/trading-bot-c-/trading-bot-c-/src/IntelligenceStack/RLAdvisorSystem.cs(672,17): error CA1848: For improved performance, use the LoggerMessage delegates instead of calling 'LoggerExtensions.LogWarning(ILogger, string?, params object?[])' (https://learn.microsoft.com/dotnet/fundamentals/code-analysis/quality-rules/ca1848) [/home/runner/work/trading-bot-c-/trading-bot-c-/src/IntelligenceStack/IntelligenceStack.csproj]
         /home/runner/work/trading-bot-c-/trading-bot-c-/src/IntelligenceStack/RLAdvisorSystem.cs(682,17): error CA1848: For improved performance, use the LoggerMessage delegates instead of calling 'LoggerExtensions.LogDebug(ILogger, string?, params object?[])' (https://learn.microsoft.com/dotnet/fundamentals/code-analysis/quality-rules/ca1848) [/home/runner/work/trading-bot-c-/trading-bot-c-/src/IntelligenceStack/IntelligenceStack.csproj]
         /home/runner/work/trading-bot-c-/trading-bot-c-/src/IntelligenceStack/RLAdvisorSystem.cs(688,17): error CA1848: For improved performance, use the LoggerMessage delegates instead of calling 'LoggerExtensions.LogDebug(ILogger, string?, params object?[])' (https://learn.microsoft.com/dotnet/fundamentals/code-analysis/quality-rules/ca1848) [/home/runner/work/trading-bot-c-/trading-bot-c-/src/IntelligenceStack/IntelligenceStack.csproj]
         /home/runner/work/trading-bot-c-/trading-bot-c-/src/IntelligenceStack/RLAdvisorSystem.cs(724,21): error CA1848: For improved performance, use the LoggerMessage delegates instead of calling 'LoggerExtensions.LogWarning(ILogger, string?, params object?[])' (https://learn.microsoft.com/dotnet/fundamentals/code-analysis/quality-rules/ca1848) [/home/runner/work/trading-bot-c-/trading-bot-c-/src/IntelligenceStack/IntelligenceStack.csproj]
         /home/runner/work/trading-bot-c-/trading-bot-c-/src/IntelligenceStack/RLAdvisorSystem.cs(729,13): error CA1848: For improved performance, use the LoggerMessage delegates instead of calling 'LoggerExtensions.LogInformation(ILogger, string?, params object?[])' (https://learn.microsoft.com/dotnet/fundamentals/code-analysis/quality-rules/ca1848) [/home/runner/work/trading-bot-c-/trading-bot-c-/src/IntelligenceStack/IntelligenceStack.csproj]
         /home/runner/work/trading-bot-c-/trading-bot-c-/src/IntelligenceStack/RLAdvisorSystem.cs(734,13): error CA1848: For improved performance, use the LoggerMessage delegates instead of calling 'LoggerExtensions.LogError(ILogger, Exception?, string?, params object?[])' (https://learn.microsoft.com/dotnet/fundamentals/code-analysis/quality-rules/ca1848) [/home/runner/work/trading-bot-c-/trading-bot-c-/src/IntelligenceStack/IntelligenceStack.csproj]
         /home/runner/work/trading-bot-c-/trading-bot-c-/src/IntelligenceStack/RealTradingMetricsService.cs(225,39): error S109: Assign this magic number '3' to a well-named variable or constant, and use that instead. (https://rules.sonarsource.com/csharp/RSPEC-109) [/home/runner/work/trading-bot-c-/trading-bot-c-/src/IntelligenceStack/IntelligenceStack.csproj]
         /home/runner/work/trading-bot-c-/trading-bot-c-/src/IntelligenceStack/NightlyParameterTuner.cs(220,9): error CA1848: For improved performance, use the LoggerMessage delegates instead of calling 'LoggerExtensions.LogInformation(ILogger, string?, params object?[])' (https://learn.microsoft.com/dotnet/fundamentals/code-analysis/quality-rules/ca1848) [/home/runner/work/trading-bot-c-/trading-bot-c-/src/IntelligenceStack/IntelligenceStack.csproj]
         /home/runner/work/trading-bot-c-/trading-bot-c-/src/IntelligenceStack/NightlyParameterTuner.cs(271,17): error CA1848: For improved performance, use the LoggerMessage delegates instead of calling 'LoggerExtensions.LogInformation(ILogger, string?, params object?[])' (https://learn.microsoft.com/dotnet/fundamentals/code-analysis/quality-rules/ca1848) [/home/runner/work/trading-bot-c-/trading-bot-c-/src/IntelligenceStack/IntelligenceStack.csproj]
         /home/runner/work/trading-bot-c-/trading-bot-c-/src/IntelligenceStack/NightlyParameterTuner.cs(292,9): error CA1848: For improved performance, use the LoggerMessage delegates instead of calling 'LoggerExtensions.LogInformation(ILogger, string?, params object?[])' (https://learn.microsoft.com/dotnet/fundamentals/code-analysis/quality-rules/ca1848) [/home/runner/work/trading-bot-c-/trading-bot-c-/src/IntelligenceStack/IntelligenceStack.csproj]
         /home/runner/work/trading-bot-c-/trading-bot-c-/src/IntelligenceStack/RealTradingMetricsService.cs(244,16): error S109: Assign this magic number '2.5' to a well-named variable or constant, and use that instead. (https://rules.sonarsource.com/csharp/RSPEC-109) [/home/runner/work/trading-bot-c-/trading-bot-c-/src/IntelligenceStack/IntelligenceStack.csproj]
         /home/runner/work/trading-bot-c-/trading-bot-c-/src/IntelligenceStack/RLAdvisorSystem.cs(722,17): error CA1031: Modify 'LoadHistoricalMarketDataViaSdkAsync' to catch a more specific allowed exception type, or rethrow the exception (https://learn.microsoft.com/dotnet/fundamentals/code-analysis/quality-rules/ca1031) [/home/runner/work/trading-bot-c-/trading-bot-c-/src/IntelligenceStack/IntelligenceStack.csproj]
         /home/runner/work/trading-bot-c-/trading-bot-c-/src/IntelligenceStack/RLAdvisorSystem.cs(732,9): error CA1031: Modify 'LoadHistoricalMarketDataViaSdkAsync' to catch a more specific allowed exception type, or rethrow the exception (https://learn.microsoft.com/dotnet/fundamentals/code-analysis/quality-rules/ca1031) [/home/runner/work/trading-bot-c-/trading-bot-c-/src/IntelligenceStack/IntelligenceStack.csproj]
         /home/runner/work/trading-bot-c-/trading-bot-c-/src/IntelligenceStack/RLAdvisorSystem.cs(752,25): error S109: Assign this magic number '4000' to a well-named variable or constant, and use that instead. (https://rules.sonarsource.com/csharp/RSPEC-109) [/home/runner/work/trading-bot-c-/trading-bot-c-/src/IntelligenceStack/IntelligenceStack.csproj]
         /home/runner/work/trading-bot-c-/trading-bot-c-/src/IntelligenceStack/RLAdvisorSystem.cs(752,95): error S109: Assign this magic number '200' to a well-named variable or constant, and use that instead. (https://rules.sonarsource.com/csharp/RSPEC-109) [/home/runner/work/trading-bot-c-/trading-bot-c-/src/IntelligenceStack/IntelligenceStack.csproj]
         /home/runner/work/trading-bot-c-/trading-bot-c-/src/IntelligenceStack/RLAdvisorSystem.cs(753,86): error S109: Assign this magic number '100' to a well-named variable or constant, and use that instead. (https://rules.sonarsource.com/csharp/RSPEC-109) [/home/runner/work/trading-bot-c-/trading-bot-c-/src/IntelligenceStack/IntelligenceStack.csproj]
         /home/runner/work/trading-bot-c-/trading-bot-c-/src/IntelligenceStack/RLAdvisorSystem.cs(753,91): error S109: Assign this magic number '1000' to a well-named variable or constant, and use that instead. (https://rules.sonarsource.com/csharp/RSPEC-109) [/home/runner/work/trading-bot-c-/trading-bot-c-/src/IntelligenceStack/IntelligenceStack.csproj]
         /home/runner/work/trading-bot-c-/trading-bot-c-/src/IntelligenceStack/RLAdvisorSystem.cs(754,30): error S109: Assign this magic number '0.01' to a well-named variable or constant, and use that instead. (https://rules.sonarsource.com/csharp/RSPEC-109) [/home/runner/work/trading-bot-c-/trading-bot-c-/src/IntelligenceStack/IntelligenceStack.csproj]
         /home/runner/work/trading-bot-c-/trading-bot-c-/src/IntelligenceStack/RLAdvisorSystem.cs(754,101): error S109: Assign this magic number '20' to a well-named variable or constant, and use that instead. (https://rules.sonarsource.com/csharp/RSPEC-109) [/home/runner/work/trading-bot-c-/trading-bot-c-/src/IntelligenceStack/IntelligenceStack.csproj]
         /home/runner/work/trading-bot-c-/trading-bot-c-/src/IntelligenceStack/RLAdvisorSystem.cs(754,107): error S109: Assign this magic number '1000' to a well-named variable or constant, and use that instead. (https://rules.sonarsource.com/csharp/RSPEC-109) [/home/runner/work/trading-bot-c-/trading-bot-c-/src/IntelligenceStack/IntelligenceStack.csproj]
         /home/runner/work/trading-bot-c-/trading-bot-c-/src/IntelligenceStack/MAMLLiveIntegration.cs(91,13): error CA1848: For improved performance, use the LoggerMessage delegates instead of calling 'LoggerExtensions.LogInformation(ILogger, string?, params object?[])' (https://learn.microsoft.com/dotnet/fundamentals/code-analysis/quality-rules/ca1848) [/home/runner/work/trading-bot-c-/trading-bot-c-/src/IntelligenceStack/IntelligenceStack.csproj]
         /home/runner/work/trading-bot-c-/trading-bot-c-/src/IntelligenceStack/MAMLLiveIntegration.cs(132,17): error CA1848: For improved performance, use the LoggerMessage delegates instead of calling 'LoggerExtensions.LogWarning(ILogger, string?, params object?[])' (https://learn.microsoft.com/dotnet/fundamentals/code-analysis/quality-rules/ca1848) [/home/runner/work/trading-bot-c-/trading-bot-c-/src/IntelligenceStack/IntelligenceStack.csproj]
         /home/runner/work/trading-bot-c-/trading-bot-c-/src/IntelligenceStack/MAMLLiveIntegration.cs(166,13): error CA1848: For improved performance, use the LoggerMessage delegates instead of calling 'LoggerExtensions.LogInformation(ILogger, string?, params object?[])' (https://learn.microsoft.com/dotnet/fundamentals/code-analysis/quality-rules/ca1848) [/home/runner/work/trading-bot-c-/trading-bot-c-/src/IntelligenceStack/IntelligenceStack.csproj]
         /home/runner/work/trading-bot-c-/trading-bot-c-/src/IntelligenceStack/MAMLLiveIntegration.cs(173,13): error CA1848: For improved performance, use the LoggerMessage delegates instead of calling 'LoggerExtensions.LogError(ILogger, Exception?, string?, params object?[])' (https://learn.microsoft.com/dotnet/fundamentals/code-analysis/quality-rules/ca1848) [/home/runner/work/trading-bot-c-/trading-bot-c-/src/IntelligenceStack/IntelligenceStack.csproj]
         /home/runner/work/trading-bot-c-/trading-bot-c-/src/IntelligenceStack/ModelQuarantineManager.cs(365,17): error CA1848: For improved performance, use the LoggerMessage delegates instead of calling 'LoggerExtensions.LogWarning(ILogger, string?, params object?[])' (https://learn.microsoft.com/dotnet/fundamentals/code-analysis/quality-rules/ca1848) [/home/runner/work/trading-bot-c-/trading-bot-c-/src/IntelligenceStack/IntelligenceStack.csproj]
         /home/runner/work/trading-bot-c-/trading-bot-c-/src/IntelligenceStack/ModelQuarantineManager.cs(370,17): error CA1848: For improved performance, use the LoggerMessage delegates instead of calling 'LoggerExtensions.LogInformation(ILogger, string?, params object?[])' (https://learn.microsoft.com/dotnet/fundamentals/code-analysis/quality-rules/ca1848) [/home/runner/work/trading-bot-c-/trading-bot-c-/src/IntelligenceStack/IntelligenceStack.csproj]
         /home/runner/work/trading-bot-c-/trading-bot-c-/src/IntelligenceStack/ModelQuarantineManager.cs(379,26): error S109: Assign this magic number '0.1' to a well-named variable or constant, and use that instead. (https://rules.sonarsource.com/csharp/RSPEC-109) [/home/runner/work/trading-bot-c-/trading-bot-c-/src/IntelligenceStack/IntelligenceStack.csproj]
         /home/runner/work/trading-bot-c-/trading-bot-c-/src/IntelligenceStack/ModelQuarantineManager.cs(379,48): error S109: Assign this magic number '0.1' to a well-named variable or constant, and use that instead. (https://rules.sonarsource.com/csharp/RSPEC-109) [/home/runner/work/trading-bot-c-/trading-bot-c-/src/IntelligenceStack/IntelligenceStack.csproj]
         /home/runner/work/trading-bot-c-/trading-bot-c-/src/IntelligenceStack/ModelQuarantineManager.cs(385,26): error S109: Assign this magic number '0.05' to a well-named variable or constant, and use that instead. (https://rules.sonarsource.com/csharp/RSPEC-109) [/home/runner/work/trading-bot-c-/trading-bot-c-/src/IntelligenceStack/IntelligenceStack.csproj]
         /home/runner/work/trading-bot-c-/trading-bot-c-/src/IntelligenceStack/ModelQuarantineManager.cs(385,49): error S109: Assign this magic number '0.05' to a well-named variable or constant, and use that instead. (https://rules.sonarsource.com/csharp/RSPEC-109) [/home/runner/work/trading-bot-c-/trading-bot-c-/src/IntelligenceStack/IntelligenceStack.csproj]
         /home/runner/work/trading-bot-c-/trading-bot-c-/src/IntelligenceStack/ModelQuarantineManager.cs(391,26): error S109: Assign this magic number '0.02' to a well-named variable or constant, and use that instead. (https://rules.sonarsource.com/csharp/RSPEC-109) [/home/runner/work/trading-bot-c-/trading-bot-c-/src/IntelligenceStack/IntelligenceStack.csproj]
         /home/runner/work/trading-bot-c-/trading-bot-c-/src/IntelligenceStack/ModelQuarantineManager.cs(391,49): error S109: Assign this magic number '0.02' to a well-named variable or constant, and use that instead. (https://rules.sonarsource.com/csharp/RSPEC-109) [/home/runner/work/trading-bot-c-/trading-bot-c-/src/IntelligenceStack/IntelligenceStack.csproj]
         /home/runner/work/trading-bot-c-/trading-bot-c-/src/IntelligenceStack/MAMLLiveIntegration.cs(171,9): error CA1031: Modify 'AdaptToRegimeAsync' to catch a more specific allowed exception type, or rethrow the exception (https://learn.microsoft.com/dotnet/fundamentals/code-analysis/quality-rules/ca1031) [/home/runner/work/trading-bot-c-/trading-bot-c-/src/IntelligenceStack/IntelligenceStack.csproj]
         /home/runner/work/trading-bot-c-/trading-bot-c-/src/IntelligenceStack/OnlineLearningSystem.cs(475,45): error S3267: Loops should be simplified using the "Where" LINQ method (https://rules.sonarsource.com/csharp/RSPEC-3267) [/home/runner/work/trading-bot-c-/trading-bot-c-/src/IntelligenceStack/IntelligenceStack.csproj]
         /home/runner/work/trading-bot-c-/trading-bot-c-/src/IntelligenceStack/OnlineLearningSystem.cs(467,34): error S109: Assign this magic number '10' to a well-named variable or constant, and use that instead. (https://rules.sonarsource.com/csharp/RSPEC-109) [/home/runner/work/trading-bot-c-/trading-bot-c-/src/IntelligenceStack/IntelligenceStack.csproj]
         /home/runner/work/trading-bot-c-/trading-bot-c-/src/IntelligenceStack/OnlineLearningSystem.cs(486,34): error S109: Assign this magic number '5' to a well-named variable or constant, and use that instead. (https://rules.sonarsource.com/csharp/RSPEC-109) [/home/runner/work/trading-bot-c-/trading-bot-c-/src/IntelligenceStack/IntelligenceStack.csproj]
         /home/runner/work/trading-bot-c-/trading-bot-c-/src/IntelligenceStack/ModelQuarantineManager.cs(405,28): error S109: Assign this magic number '0.1' to a well-named variable or constant, and use that instead. (https://rules.sonarsource.com/csharp/RSPEC-109) [/home/runner/work/trading-bot-c-/trading-bot-c-/src/IntelligenceStack/IntelligenceStack.csproj]
         /home/runner/work/trading-bot-c-/trading-bot-c-/src/IntelligenceStack/NightlyParameterTuner.cs(220,99): error CA1062: In externally visible method 'Task<OptimizationResult> NightlyParameterTuner.RunBayesianOptimizationAsync(TuningSession session, CancellationToken cancellationToken = default(CancellationToken))', validate parameter 'session' is non-null before using it. If appropriate, throw an 'ArgumentNullException' when the argument is 'null'. (https://learn.microsoft.com/dotnet/fundamentals/code-analysis/quality-rules/ca1062) [/home/runner/work/trading-bot-c-/trading-bot-c-/src/IntelligenceStack/IntelligenceStack.csproj]
         /home/runner/work/trading-bot-c-/trading-bot-c-/src/IntelligenceStack/OnlineLearningSystem.cs(490,13): error CA1848: For improved performance, use the LoggerMessage delegates instead of calling 'LoggerExtensions.LogInformation(ILogger, string?, params object?[])' (https://learn.microsoft.com/dotnet/fundamentals/code-analysis/quality-rules/ca1848) [/home/runner/work/trading-bot-c-/trading-bot-c-/src/IntelligenceStack/IntelligenceStack.csproj]
         /home/runner/work/trading-bot-c-/trading-bot-c-/src/IntelligenceStack/OnlineLearningSystem.cs(494,13): error CA1848: For improved performance, use the LoggerMessage delegates instead of calling 'LoggerExtensions.LogError(ILogger, Exception?, string?, params object?[])' (https://learn.microsoft.com/dotnet/fundamentals/code-analysis/quality-rules/ca1848) [/home/runner/work/trading-bot-c-/trading-bot-c-/src/IntelligenceStack/IntelligenceStack.csproj]
         /home/runner/work/trading-bot-c-/trading-bot-c-/src/IntelligenceStack/RLAdvisorSystem.cs(762,5): error AsyncFixer01: The method 'GenerateEpisodeWindowsAsync' does not need to use async/await. (https://github.com/semihokur/AsyncFixer) [/home/runner/work/trading-bot-c-/trading-bot-c-/src/IntelligenceStack/IntelligenceStack.csproj]
         /home/runner/work/trading-bot-c-/trading-bot-c-/src/IntelligenceStack/RLAdvisorSystem.cs(768,52): error S109: Assign this magic number '240' to a well-named variable or constant, and use that instead. (https://rules.sonarsource.com/csharp/RSPEC-109) [/home/runner/work/trading-bot-c-/trading-bot-c-/src/IntelligenceStack/IntelligenceStack.csproj]
         /home/runner/work/trading-bot-c-/trading-bot-c-/src/IntelligenceStack/RLAdvisorSystem.cs(768,62): error S109: Assign this magic number '120' to a well-named variable or constant, and use that instead. (https://rules.sonarsource.com/csharp/RSPEC-109) [/home/runner/work/trading-bot-c-/trading-bot-c-/src/IntelligenceStack/IntelligenceStack.csproj]
         /home/runner/work/trading-bot-c-/trading-bot-c-/src/IntelligenceStack/OnlineLearningSystem.cs(492,9): error CA1031: Modify 'RollbackWeightsAsync' to catch a more specific allowed exception type, or rethrow the exception (https://learn.microsoft.com/dotnet/fundamentals/code-analysis/quality-rules/ca1031) [/home/runner/work/trading-bot-c-/trading-bot-c-/src/IntelligenceStack/IntelligenceStack.csproj]
         /home/runner/work/trading-bot-c-/trading-bot-c-/src/IntelligenceStack/RealTradingMetricsService.cs(259,14): error CA1851: Possible multiple enumerations of 'IEnumerable' collection. Consider using an implementation that avoids multiple enumerations. (https://learn.microsoft.com/dotnet/fundamentals/code-analysis/quality-rules/ca1851) [/home/runner/work/trading-bot-c-/trading-bot-c-/src/IntelligenceStack/IntelligenceStack.csproj]
         /home/runner/work/trading-bot-c-/trading-bot-c-/src/IntelligenceStack/RealTradingMetricsService.cs(264,29): error CA1851: Possible multiple enumerations of 'IEnumerable' collection. Consider using an implementation that avoids multiple enumerations. (https://learn.microsoft.com/dotnet/fundamentals/code-analysis/quality-rules/ca1851) [/home/runner/work/trading-bot-c-/trading-bot-c-/src/IntelligenceStack/IntelligenceStack.csproj]
         /home/runner/work/trading-bot-c-/trading-bot-c-/src/IntelligenceStack/RealTradingMetricsService.cs(265,40): error CA1851: Possible multiple enumerations of 'IEnumerable' collection. Consider using an implementation that avoids multiple enumerations. (https://learn.microsoft.com/dotnet/fundamentals/code-analysis/quality-rules/ca1851) [/home/runner/work/trading-bot-c-/trading-bot-c-/src/IntelligenceStack/IntelligenceStack.csproj]
         /home/runner/work/trading-bot-c-/trading-bot-c-/src/IntelligenceStack/RLAdvisorSystem.cs(786,5): error AsyncFixer01: The method 'CreateEpisodeFromMarketDataAsync' does not need to use async/await. (https://github.com/semihokur/AsyncFixer) [/home/runner/work/trading-bot-c-/trading-bot-c-/src/IntelligenceStack/IntelligenceStack.csproj]
         /home/runner/work/trading-bot-c-/trading-bot-c-/src/IntelligenceStack/MLRLObservabilityService.cs(176,54): error S109: Assign this magic number '1000' to a well-named variable or constant, and use that instead. (https://rules.sonarsource.com/csharp/RSPEC-109) [/home/runner/work/trading-bot-c-/trading-bot-c-/src/IntelligenceStack/IntelligenceStack.csproj]
         /home/runner/work/trading-bot-c-/trading-bot-c-/src/IntelligenceStack/MLRLObservabilityService.cs(178,61): error S109: Assign this magic number '500' to a well-named variable or constant, and use that instead. (https://rules.sonarsource.com/csharp/RSPEC-109) [/home/runner/work/trading-bot-c-/trading-bot-c-/src/IntelligenceStack/IntelligenceStack.csproj]
         /home/runner/work/trading-bot-c-/trading-bot-c-/src/IntelligenceStack/OnlineLearningSystem.cs(528,17): error CA1848: For improved performance, use the LoggerMessage delegates instead of calling 'LoggerExtensions.LogInformation(ILogger, string?, params object?[])' (https://learn.microsoft.com/dotnet/fundamentals/code-analysis/quality-rules/ca1848) [/home/runner/work/trading-bot-c-/trading-bot-c-/src/IntelligenceStack/IntelligenceStack.csproj]
         /home/runner/work/trading-bot-c-/trading-bot-c-/src/IntelligenceStack/OnlineLearningSystem.cs(534,13): error CA1848: For improved performance, use the LoggerMessage delegates instead of calling 'LoggerExtensions.LogWarning(ILogger, Exception?, string?, params object?[])' (https://learn.microsoft.com/dotnet/fundamentals/code-analysis/quality-rules/ca1848) [/home/runner/work/trading-bot-c-/trading-bot-c-/src/IntelligenceStack/IntelligenceStack.csproj]
         /home/runner/work/trading-bot-c-/trading-bot-c-/src/IntelligenceStack/OnlineLearningSystem.cs(532,9): error CA1031: Modify 'LoadStateAsync' to catch a more specific allowed exception type, or rethrow the exception (https://learn.microsoft.com/dotnet/fundamentals/code-analysis/quality-rules/ca1031) [/home/runner/work/trading-bot-c-/trading-bot-c-/src/IntelligenceStack/IntelligenceStack.csproj]
         /home/runner/work/trading-bot-c-/trading-bot-c-/src/IntelligenceStack/ModelQuarantineManager.cs(417,30): error S109: Assign this magic number '0.25' to a well-named variable or constant, and use that instead. (https://rules.sonarsource.com/csharp/RSPEC-109) [/home/runner/work/trading-bot-c-/trading-bot-c-/src/IntelligenceStack/IntelligenceStack.csproj]
         /home/runner/work/trading-bot-c-/trading-bot-c-/src/IntelligenceStack/ModelQuarantineManager.cs(418,27): error S109: Assign this magic number '0.5' to a well-named variable or constant, and use that instead. (https://rules.sonarsource.com/csharp/RSPEC-109) [/home/runner/work/trading-bot-c-/trading-bot-c-/src/IntelligenceStack/IntelligenceStack.csproj]
         /home/runner/work/trading-bot-c-/trading-bot-c-/src/IntelligenceStack/ModelQuarantineManager.cs(419,27): error S109: Assign this magic number '50' to a well-named variable or constant, and use that instead. (https://rules.sonarsource.com/csharp/RSPEC-109) [/home/runner/work/trading-bot-c-/trading-bot-c-/src/IntelligenceStack/IntelligenceStack.csproj]
         /home/runner/work/trading-bot-c-/trading-bot-c-/src/IntelligenceStack/RLAdvisorSystem.cs(823,31): error S109: Assign this magic number '4000' to a well-named variable or constant, and use that instead. (https://rules.sonarsource.com/csharp/RSPEC-109) [/home/runner/work/trading-bot-c-/trading-bot-c-/src/IntelligenceStack/IntelligenceStack.csproj]
         /home/runner/work/trading-bot-c-/trading-bot-c-/src/IntelligenceStack/RLAdvisorSystem.cs(824,32): error S109: Assign this magic number '500' to a well-named variable or constant, and use that instead. (https://rules.sonarsource.com/csharp/RSPEC-109) [/home/runner/work/trading-bot-c-/trading-bot-c-/src/IntelligenceStack/IntelligenceStack.csproj]
         /home/runner/work/trading-bot-c-/trading-bot-c-/src/IntelligenceStack/RLAdvisorSystem.cs(825,36): error S109: Assign this magic number '100' to a well-named variable or constant, and use that instead. (https://rules.sonarsource.com/csharp/RSPEC-109) [/home/runner/work/trading-bot-c-/trading-bot-c-/src/IntelligenceStack/IntelligenceStack.csproj]
         /home/runner/work/trading-bot-c-/trading-bot-c-/src/IntelligenceStack/RLAdvisorSystem.cs(826,59): error S109: Assign this magic number '12' to a well-named variable or constant, and use that instead. (https://rules.sonarsource.com/csharp/RSPEC-109) [/home/runner/work/trading-bot-c-/trading-bot-c-/src/IntelligenceStack/IntelligenceStack.csproj]
         /home/runner/work/trading-bot-c-/trading-bot-c-/src/IntelligenceStack/RLAdvisorSystem.cs(827,59): error S109: Assign this magic number '12' to a well-named variable or constant, and use that instead. (https://rules.sonarsource.com/csharp/RSPEC-109) [/home/runner/work/trading-bot-c-/trading-bot-c-/src/IntelligenceStack/IntelligenceStack.csproj]
         /home/runner/work/trading-bot-c-/trading-bot-c-/src/IntelligenceStack/ModelQuarantineManager.cs(439,34): error S109: Assign this magic number '0.8' to a well-named variable or constant, and use that instead. (https://rules.sonarsource.com/csharp/RSPEC-109) [/home/runner/work/trading-bot-c-/trading-bot-c-/src/IntelligenceStack/IntelligenceStack.csproj]
         /home/runner/work/trading-bot-c-/trading-bot-c-/src/IntelligenceStack/ModelQuarantineManager.cs(440,36): error S109: Assign this magic number '0.5' to a well-named variable or constant, and use that instead. (https://rules.sonarsource.com/csharp/RSPEC-109) [/home/runner/work/trading-bot-c-/trading-bot-c-/src/IntelligenceStack/IntelligenceStack.csproj]
         /home/runner/work/trading-bot-c-/trading-bot-c-/src/IntelligenceStack/MLRLObservabilityService.cs(204,19): error AsyncFixer03: Avoid unsupported fire-and-forget async-void methods or delegates. Unhandled exceptions will crash the process. (https://github.com/semihokur/AsyncFixer) [/home/runner/work/trading-bot-c-/trading-bot-c-/src/IntelligenceStack/IntelligenceStack.csproj]
         /home/runner/work/trading-bot-c-/trading-bot-c-/src/IntelligenceStack/RLAdvisorSystem.cs(842,26): error S109: Assign this magic number '2' to a well-named variable or constant, and use that instead. (https://rules.sonarsource.com/csharp/RSPEC-109) [/home/runner/work/trading-bot-c-/trading-bot-c-/src/IntelligenceStack/IntelligenceStack.csproj]
         /home/runner/work/trading-bot-c-/trading-bot-c-/src/IntelligenceStack/MLRLObservabilityService.cs(228,13): error CA1848: For improved performance, use the LoggerMessage delegates instead of calling 'LoggerExtensions.LogError(ILogger, Exception?, string?, params object?[])' (https://learn.microsoft.com/dotnet/fundamentals/code-analysis/quality-rules/ca1848) [/home/runner/work/trading-bot-c-/trading-bot-c-/src/IntelligenceStack/IntelligenceStack.csproj]
         /home/runner/work/trading-bot-c-/trading-bot-c-/src/IntelligenceStack/RealTradingMetricsService.cs(298,9): error CA1848: For improved performance, use the LoggerMessage delegates instead of calling 'LoggerExtensions.LogInformation(ILogger, string?, params object?[])' (https://learn.microsoft.com/dotnet/fundamentals/code-analysis/quality-rules/ca1848) [/home/runner/work/trading-bot-c-/trading-bot-c-/src/IntelligenceStack/IntelligenceStack.csproj]
         /home/runner/work/trading-bot-c-/trading-bot-c-/src/IntelligenceStack/RealTradingMetricsService.cs(294,26): error CA1816: Change RealTradingMetricsService.Dispose() to call GC.SuppressFinalize(object). This will prevent derived types that introduce a finalizer from needing to re-implement 'IDisposable' to call it. (https://learn.microsoft.com/dotnet/fundamentals/code-analysis/quality-rules/ca1816) [/home/runner/work/trading-bot-c-/trading-bot-c-/src/IntelligenceStack/IntelligenceStack.csproj]
         /home/runner/work/trading-bot-c-/trading-bot-c-/src/IntelligenceStack/RealTradingMetricsService.cs(286,38): error S109: Assign this magic number '1E-10' to a well-named variable or constant, and use that instead. (https://rules.sonarsource.com/csharp/RSPEC-109) [/home/runner/work/trading-bot-c-/trading-bot-c-/src/IntelligenceStack/IntelligenceStack.csproj]
         /home/runner/work/trading-bot-c-/trading-bot-c-/src/IntelligenceStack/MLRLObservabilityService.cs(226,9): error CA1031: Modify 'ExportMetricsAsync' to catch a more specific allowed exception type, or rethrow the exception (https://learn.microsoft.com/dotnet/fundamentals/code-analysis/quality-rules/ca1031) [/home/runner/work/trading-bot-c-/trading-bot-c-/src/IntelligenceStack/IntelligenceStack.csproj]
         /home/runner/work/trading-bot-c-/trading-bot-c-/src/IntelligenceStack/MLRLObservabilityService.cs(239,34): error CA2234: Modify 'MlrlObservabilityService.ExportToPrometheusAsync(string)' to call 'HttpClient.PostAsync(Uri, HttpContent)' instead of 'HttpClient.PostAsync(string, HttpContent)' (https://learn.microsoft.com/dotnet/fundamentals/code-analysis/quality-rules/ca2234) [/home/runner/work/trading-bot-c-/trading-bot-c-/src/IntelligenceStack/IntelligenceStack.csproj]
         /home/runner/work/trading-bot-c-/trading-bot-c-/src/IntelligenceStack/MLRLObservabilityService.cs(243,17): error CA1848: For improved performance, use the LoggerMessage delegates instead of calling 'LoggerExtensions.LogDebug(ILogger, string?, params object?[])' (https://learn.microsoft.com/dotnet/fundamentals/code-analysis/quality-rules/ca1848) [/home/runner/work/trading-bot-c-/trading-bot-c-/src/IntelligenceStack/IntelligenceStack.csproj]
         /home/runner/work/trading-bot-c-/trading-bot-c-/src/IntelligenceStack/MLRLObservabilityService.cs(247,17): error CA1848: For improved performance, use the LoggerMessage delegates instead of calling 'LoggerExtensions.LogWarning(ILogger, string?, params object?[])' (https://learn.microsoft.com/dotnet/fundamentals/code-analysis/quality-rules/ca1848) [/home/runner/work/trading-bot-c-/trading-bot-c-/src/IntelligenceStack/IntelligenceStack.csproj]
         /home/runner/work/trading-bot-c-/trading-bot-c-/src/IntelligenceStack/MLRLObservabilityService.cs(252,13): error CA1848: For improved performance, use the LoggerMessage delegates instead of calling 'LoggerExtensions.LogError(ILogger, Exception?, string?, params object?[])' (https://learn.microsoft.com/dotnet/fundamentals/code-analysis/quality-rules/ca1848) [/home/runner/work/trading-bot-c-/trading-bot-c-/src/IntelligenceStack/IntelligenceStack.csproj]
         /home/runner/work/trading-bot-c-/trading-bot-c-/src/IntelligenceStack/MLRLObservabilityService.cs(250,9): error CA1031: Modify 'ExportToPrometheusAsync' to catch a more specific allowed exception type, or rethrow the exception (https://learn.microsoft.com/dotnet/fundamentals/code-analysis/quality-rules/ca1031) [/home/runner/work/trading-bot-c-/trading-bot-c-/src/IntelligenceStack/IntelligenceStack.csproj]
         /home/runner/work/trading-bot-c-/trading-bot-c-/src/IntelligenceStack/MLRLObservabilityService.cs(237,27): error CA2000: Call System.IDisposable.Dispose on object created by 'new StringContent(prometheusFormat, Encoding.UTF8, "text/plain")' before all references to it are out of scope (https://learn.microsoft.com/dotnet/fundamentals/code-analysis/quality-rules/ca2000) [/home/runner/work/trading-bot-c-/trading-bot-c-/src/IntelligenceStack/IntelligenceStack.csproj]
         /home/runner/work/trading-bot-c-/trading-bot-c-/src/IntelligenceStack/RealTradingMetricsService.cs(277,23): error CA1851: Possible multiple enumerations of 'IEnumerable' collection. Consider using an implementation that avoids multiple enumerations. (https://learn.microsoft.com/dotnet/fundamentals/code-analysis/quality-rules/ca1851) [/home/runner/work/trading-bot-c-/trading-bot-c-/src/IntelligenceStack/IntelligenceStack.csproj]
         /home/runner/work/trading-bot-c-/trading-bot-c-/src/IntelligenceStack/RealTradingMetricsService.cs(272,14): error CA1851: Possible multiple enumerations of 'IEnumerable' collection. Consider using an implementation that avoids multiple enumerations. (https://learn.microsoft.com/dotnet/fundamentals/code-analysis/quality-rules/ca1851) [/home/runner/work/trading-bot-c-/trading-bot-c-/src/IntelligenceStack/IntelligenceStack.csproj]
         /home/runner/work/trading-bot-c-/trading-bot-c-/src/IntelligenceStack/OnlineLearningSystem.cs(568,13): error CA1848: For improved performance, use the LoggerMessage delegates instead of calling 'LoggerExtensions.LogWarning(ILogger, Exception?, string?, params object?[])' (https://learn.microsoft.com/dotnet/fundamentals/code-analysis/quality-rules/ca1848) [/home/runner/work/trading-bot-c-/trading-bot-c-/src/IntelligenceStack/IntelligenceStack.csproj]
         /home/runner/work/trading-bot-c-/trading-bot-c-/src/IntelligenceStack/OnlineLearningSystem.cs(566,9): error CA1031: Modify 'SaveStateAsync' to catch a more specific allowed exception type, or rethrow the exception (https://learn.microsoft.com/dotnet/fundamentals/code-analysis/quality-rules/ca1031) [/home/runner/work/trading-bot-c-/trading-bot-c-/src/IntelligenceStack/IntelligenceStack.csproj]
         /home/runner/work/trading-bot-c-/trading-bot-c-/src/IntelligenceStack/RLAdvisorSystem.cs(896,57): error CA1869: Avoid creating a new 'JsonSerializerOptions' instance for every serialization operation. Cache and reuse instances instead. (https://learn.microsoft.com/dotnet/fundamentals/code-analysis/quality-rules/ca1869) [/home/runner/work/trading-bot-c-/trading-bot-c-/src/IntelligenceStack/IntelligenceStack.csproj]
         /home/runner/work/trading-bot-c-/trading-bot-c-/src/IntelligenceStack/RLAdvisorSystem.cs(901,13): error CA1848: For improved performance, use the LoggerMessage delegates instead of calling 'LoggerExtensions.LogWarning(ILogger, Exception?, string?, params object?[])' (https://learn.microsoft.com/dotnet/fundamentals/code-analysis/quality-rules/ca1848) [/home/runner/work/trading-bot-c-/trading-bot-c-/src/IntelligenceStack/IntelligenceStack.csproj]
         /home/runner/work/trading-bot-c-/trading-bot-c-/src/IntelligenceStack/RLAdvisorSystem.cs(899,9): error CA1031: Modify 'SaveTrainingResultAsync' to catch a more specific allowed exception type, or rethrow the exception (https://learn.microsoft.com/dotnet/fundamentals/code-analysis/quality-rules/ca1031) [/home/runner/work/trading-bot-c-/trading-bot-c-/src/IntelligenceStack/IntelligenceStack.csproj]
         /home/runner/work/trading-bot-c-/trading-bot-c-/src/IntelligenceStack/RLAdvisorSystem.cs(921,21): error CA1848: For improved performance, use the LoggerMessage delegates instead of calling 'LoggerExtensions.LogInformation(ILogger, string?, params object?[])' (https://learn.microsoft.com/dotnet/fundamentals/code-analysis/quality-rules/ca1848) [/home/runner/work/trading-bot-c-/trading-bot-c-/src/IntelligenceStack/IntelligenceStack.csproj]
         /home/runner/work/trading-bot-c-/trading-bot-c-/src/IntelligenceStack/RLAdvisorSystem.cs(927,13): error CA1848: For improved performance, use the LoggerMessage delegates instead of calling 'LoggerExtensions.LogWarning(ILogger, Exception?, string?, params object?[])' (https://learn.microsoft.com/dotnet/fundamentals/code-analysis/quality-rules/ca1848) [/home/runner/work/trading-bot-c-/trading-bot-c-/src/IntelligenceStack/IntelligenceStack.csproj]
         /home/runner/work/trading-bot-c-/trading-bot-c-/src/IntelligenceStack/RLAdvisorSystem.cs(925,9): error CA1031: Modify 'LoadStateAsync' to catch a more specific allowed exception type, or rethrow the exception (https://learn.microsoft.com/dotnet/fundamentals/code-analysis/quality-rules/ca1031) [/home/runner/work/trading-bot-c-/trading-bot-c-/src/IntelligenceStack/IntelligenceStack.csproj]
         /home/runner/work/trading-bot-c-/trading-bot-c-/src/IntelligenceStack/OnlineLearningSystem.cs(609,9): error CA1031: Modify 'CalculateBrierScore' to catch a more specific allowed exception type, or rethrow the exception (https://learn.microsoft.com/dotnet/fundamentals/code-analysis/quality-rules/ca1031) [/home/runner/work/trading-bot-c-/trading-bot-c-/src/IntelligenceStack/IntelligenceStack.csproj]
         /home/runner/work/trading-bot-c-/trading-bot-c-/src/IntelligenceStack/OnlineLearningSystem.cs(579,34): error CA1305: The behavior of 'Convert.ToDouble(object)' could vary based on the current user's locale settings. Replace this call in 'OnlineLearningSystem.CalculateTradeHitRate(TradeRecord)' with a call to 'Convert.ToDouble(object, IFormatProvider)'. (https://learn.microsoft.com/dotnet/fundamentals/code-analysis/quality-rules/ca1305) [/home/runner/work/trading-bot-c-/trading-bot-c-/src/IntelligenceStack/IntelligenceStack.csproj]
         /home/runner/work/trading-bot-c-/trading-bot-c-/src/IntelligenceStack/OnlineLearningSystem.cs(591,9): error CA1031: Modify 'CalculateTradeHitRate' to catch a more specific allowed exception type, or rethrow the exception (https://learn.microsoft.com/dotnet/fundamentals/code-analysis/quality-rules/ca1031) [/home/runner/work/trading-bot-c-/trading-bot-c-/src/IntelligenceStack/IntelligenceStack.csproj]
         /home/runner/work/trading-bot-c-/trading-bot-c-/src/IntelligenceStack/RLAdvisorSystem.cs(63,23): error CA1823: Unused field 'MaxStateDimensions' (https://learn.microsoft.com/dotnet/fundamentals/code-analysis/quality-rules/ca1823) [/home/runner/work/trading-bot-c-/trading-bot-c-/src/IntelligenceStack/IntelligenceStack.csproj]
         /home/runner/work/trading-bot-c-/trading-bot-c-/src/IntelligenceStack/RLAdvisorSystem.cs(64,23): error CA1823: Unused field 'DefaultTimestepsPerEpoch' (https://learn.microsoft.com/dotnet/fundamentals/code-analysis/quality-rules/ca1823) [/home/runner/work/trading-bot-c-/trading-bot-c-/src/IntelligenceStack/IntelligenceStack.csproj]
         /home/runner/work/trading-bot-c-/trading-bot-c-/src/IntelligenceStack/RLAdvisorSystem.cs(65,26): error CA1823: Unused field 'MinimumActionThreshold' (https://learn.microsoft.com/dotnet/fundamentals/code-analysis/quality-rules/ca1823) [/home/runner/work/trading-bot-c-/trading-bot-c-/src/IntelligenceStack/IntelligenceStack.csproj]
         /home/runner/work/trading-bot-c-/trading-bot-c-/src/IntelligenceStack/RLAdvisorSystem.cs(66,23): error CA1823: Unused field 'DefaultActionSpace' (https://learn.microsoft.com/dotnet/fundamentals/code-analysis/quality-rules/ca1823) [/home/runner/work/trading-bot-c-/trading-bot-c-/src/IntelligenceStack/IntelligenceStack.csproj]
         /home/runner/work/trading-bot-c-/trading-bot-c-/src/IntelligenceStack/RLAdvisorSystem.cs(67,26): error CA1823: Unused field 'ExplorationNoiseScale' (https://learn.microsoft.com/dotnet/fundamentals/code-analysis/quality-rules/ca1823) [/home/runner/work/trading-bot-c-/trading-bot-c-/src/IntelligenceStack/IntelligenceStack.csproj]
         /home/runner/work/trading-bot-c-/trading-bot-c-/src/IntelligenceStack/RLAdvisorSystem.cs(68,26): error CA1823: Unused field 'BaselineDiscount' (https://learn.microsoft.com/dotnet/fundamentals/code-analysis/quality-rules/ca1823) [/home/runner/work/trading-bot-c-/trading-bot-c-/src/IntelligenceStack/IntelligenceStack.csproj]
         /home/runner/work/trading-bot-c-/trading-bot-c-/src/IntelligenceStack/RLAdvisorSystem.cs(69,26): error CA1823: Unused field 'DivergenceThreshold' (https://learn.microsoft.com/dotnet/fundamentals/code-analysis/quality-rules/ca1823) [/home/runner/work/trading-bot-c-/trading-bot-c-/src/IntelligenceStack/IntelligenceStack.csproj]
         /home/runner/work/trading-bot-c-/trading-bot-c-/src/IntelligenceStack/RLAdvisorSystem.cs(70,26): error CA1823: Unused field 'LearningRateDecay' (https://learn.microsoft.com/dotnet/fundamentals/code-analysis/quality-rules/ca1823) [/home/runner/work/trading-bot-c-/trading-bot-c-/src/IntelligenceStack/IntelligenceStack.csproj]
         /home/runner/work/trading-bot-c-/trading-bot-c-/src/IntelligenceStack/RLAdvisorSystem.cs(71,23): error CA1823: Unused field 'DefaultStateBufferSize' (https://learn.microsoft.com/dotnet/fundamentals/code-analysis/quality-rules/ca1823) [/home/runner/work/trading-bot-c-/trading-bot-c-/src/IntelligenceStack/IntelligenceStack.csproj]
         /home/runner/work/trading-bot-c-/trading-bot-c-/src/IntelligenceStack/RLAdvisorSystem.cs(72,23): error CA1823: Unused field 'DefaultActionBufferSize' (https://learn.microsoft.com/dotnet/fundamentals/code-analysis/quality-rules/ca1823) [/home/runner/work/trading-bot-c-/trading-bot-c-/src/IntelligenceStack/IntelligenceStack.csproj]
         /home/runner/work/trading-bot-c-/trading-bot-c-/src/IntelligenceStack/RLAdvisorSystem.cs(73,23): error CA1823: Unused field 'DefaultRewardBufferSize' (https://learn.microsoft.com/dotnet/fundamentals/code-analysis/quality-rules/ca1823) [/home/runner/work/trading-bot-c-/trading-bot-c-/src/IntelligenceStack/IntelligenceStack.csproj]
         /home/runner/work/trading-bot-c-/trading-bot-c-/src/IntelligenceStack/RLAdvisorSystem.cs(74,23): error CA1823: Unused field 'MaxRewardBufferSize' (https://learn.microsoft.com/dotnet/fundamentals/code-analysis/quality-rules/ca1823) [/home/runner/work/trading-bot-c-/trading-bot-c-/src/IntelligenceStack/IntelligenceStack.csproj]
         /home/runner/work/trading-bot-c-/trading-bot-c-/src/IntelligenceStack/RLAdvisorSystem.cs(75,26): error CA1823: Unused field 'DefaultLearningRate' (https://learn.microsoft.com/dotnet/fundamentals/code-analysis/quality-rules/ca1823) [/home/runner/work/trading-bot-c-/trading-bot-c-/src/IntelligenceStack/IntelligenceStack.csproj]
         /home/runner/work/trading-bot-c-/trading-bot-c-/src/IntelligenceStack/RLAdvisorSystem.cs(76,23): error CA1823: Unused field 'DefaultEpisodeLength' (https://learn.microsoft.com/dotnet/fundamentals/code-analysis/quality-rules/ca1823) [/home/runner/work/trading-bot-c-/trading-bot-c-/src/IntelligenceStack/IntelligenceStack.csproj]
         /home/runner/work/trading-bot-c-/trading-bot-c-/src/IntelligenceStack/RLAdvisorSystem.cs(77,23): error CA1823: Unused field 'MaxEpisodeLength' (https://learn.microsoft.com/dotnet/fundamentals/code-analysis/quality-rules/ca1823) [/home/runner/work/trading-bot-c-/trading-bot-c-/src/IntelligenceStack/IntelligenceStack.csproj]
         /home/runner/work/trading-bot-c-/trading-bot-c-/src/IntelligenceStack/RLAdvisorSystem.cs(78,26): error CA1823: Unused field 'PolicyUpdateInterval' (https://learn.microsoft.com/dotnet/fundamentals/code-analysis/quality-rules/ca1823) [/home/runner/work/trading-bot-c-/trading-bot-c-/src/IntelligenceStack/IntelligenceStack.csproj]
         /home/runner/work/trading-bot-c-/trading-bot-c-/src/IntelligenceStack/RLAdvisorSystem.cs(79,26): error CA1823: Unused field 'ValueUpdateInterval' (https://learn.microsoft.com/dotnet/fundamentals/code-analysis/quality-rules/ca1823) [/home/runner/work/trading-bot-c-/trading-bot-c-/src/IntelligenceStack/IntelligenceStack.csproj]
         /home/runner/work/trading-bot-c-/trading-bot-c-/src/IntelligenceStack/RLAdvisorSystem.cs(80,23): error CA1823: Unused field 'MaxMemorySize' (https://learn.microsoft.com/dotnet/fundamentals/code-analysis/quality-rules/ca1823) [/home/runner/work/trading-bot-c-/trading-bot-c-/src/IntelligenceStack/IntelligenceStack.csproj]
         /home/runner/work/trading-bot-c-/trading-bot-c-/src/IntelligenceStack/RLAdvisorSystem.cs(81,23): error CA1823: Unused field 'DefaultBatchSize' (https://learn.microsoft.com/dotnet/fundamentals/code-analysis/quality-rules/ca1823) [/home/runner/work/trading-bot-c-/trading-bot-c-/src/IntelligenceStack/IntelligenceStack.csproj]
         /home/runner/work/trading-bot-c-/trading-bot-c-/src/IntelligenceStack/RLAdvisorSystem.cs(82,23): error CA1823: Unused field 'ObservationWindowHours' (https://learn.microsoft.com/dotnet/fundamentals/code-analysis/quality-rules/ca1823) [/home/runner/work/trading-bot-c-/trading-bot-c-/src/IntelligenceStack/IntelligenceStack.csproj]
         /home/runner/work/trading-bot-c-/trading-bot-c-/src/IntelligenceStack/RLAdvisorSystem.cs(83,26): error CA1823: Unused field 'RewardScalingFactor' (https://learn.microsoft.com/dotnet/fundamentals/code-analysis/quality-rules/ca1823) [/home/runner/work/trading-bot-c-/trading-bot-c-/src/IntelligenceStack/IntelligenceStack.csproj]
         /home/runner/work/trading-bot-c-/trading-bot-c-/src/IntelligenceStack/OnlineLearningSystem.cs(634,13): error CA1848: For improved performance, use the LoggerMessage delegates instead of calling 'LoggerExtensions.LogWarning(ILogger, Exception?, string?, params object?[])' (https://learn.microsoft.com/dotnet/fundamentals/code-analysis/quality-rules/ca1848) [/home/runner/work/trading-bot-c-/trading-bot-c-/src/IntelligenceStack/IntelligenceStack.csproj]
         /home/runner/work/trading-bot-c-/trading-bot-c-/src/IntelligenceStack/OnlineLearningSystem.cs(622,34): error CA1305: The behavior of 'Convert.ToDouble(object)' could vary based on the current user's locale settings. Replace this call in 'OnlineLearningSystem.ExtractOrCalculateConfidence(TradeRecord)' with a call to 'Convert.ToDouble(object, IFormatProvider)'. (https://learn.microsoft.com/dotnet/fundamentals/code-analysis/quality-rules/ca1305) [/home/runner/work/trading-bot-c-/trading-bot-c-/src/IntelligenceStack/IntelligenceStack.csproj]
         /home/runner/work/trading-bot-c-/trading-bot-c-/src/IntelligenceStack/ModelQuarantineManager.cs(455,34): error S109: Assign this magic number '10' to a well-named variable or constant, and use that instead. (https://rules.sonarsource.com/csharp/RSPEC-109) [/home/runner/work/trading-bot-c-/trading-bot-c-/src/IntelligenceStack/IntelligenceStack.csproj]
         /home/runner/work/trading-bot-c-/trading-bot-c-/src/IntelligenceStack/ModelQuarantineManager.cs(464,32): error S109: Assign this magic number '0.3' to a well-named variable or constant, and use that instead. (https://rules.sonarsource.com/csharp/RSPEC-109) [/home/runner/work/trading-bot-c-/trading-bot-c-/src/IntelligenceStack/IntelligenceStack.csproj]
         /home/runner/work/trading-bot-c-/trading-bot-c-/src/IntelligenceStack/ModelQuarantineManager.cs(464,52): error S109: Assign this magic number '0.45' to a well-named variable or constant, and use that instead. (https://rules.sonarsource.com/csharp/RSPEC-109) [/home/runner/work/trading-bot-c-/trading-bot-c-/src/IntelligenceStack/IntelligenceStack.csproj]
         /home/runner/work/trading-bot-c-/trading-bot-c-/src/IntelligenceStack/OnlineLearningSystem.cs(632,9): error CA1031: Modify 'ExtractOrCalculateConfidence' to catch a more specific allowed exception type, or rethrow the exception (https://learn.microsoft.com/dotnet/fundamentals/code-analysis/quality-rules/ca1031) [/home/runner/work/trading-bot-c-/trading-bot-c-/src/IntelligenceStack/IntelligenceStack.csproj]
         /home/runner/work/trading-bot-c-/trading-bot-c-/src/IntelligenceStack/MLRLObservabilityService.cs(266,34): error CA2234: Modify 'MlrlObservabilityService.ExportToGrafanaAsync(string, string)' to call 'HttpClient.PostAsync(Uri, HttpContent)' instead of 'HttpClient.PostAsync(string, HttpContent)' (https://learn.microsoft.com/dotnet/fundamentals/code-analysis/quality-rules/ca2234) [/home/runner/work/trading-bot-c-/trading-bot-c-/src/IntelligenceStack/IntelligenceStack.csproj]
         /home/runner/work/trading-bot-c-/trading-bot-c-/src/IntelligenceStack/MLRLObservabilityService.cs(270,17): error CA1848: For improved performance, use the LoggerMessage delegates instead of calling 'LoggerExtensions.LogDebug(ILogger, string?, params object?[])' (https://learn.microsoft.com/dotnet/fundamentals/code-analysis/quality-rules/ca1848) [/home/runner/work/trading-bot-c-/trading-bot-c-/src/IntelligenceStack/IntelligenceStack.csproj]
         /home/runner/work/trading-bot-c-/trading-bot-c-/src/IntelligenceStack/MLRLObservabilityService.cs(274,17): error CA1848: For improved performance, use the LoggerMessage delegates instead of calling 'LoggerExtensions.LogWarning(ILogger, string?, params object?[])' (https://learn.microsoft.com/dotnet/fundamentals/code-analysis/quality-rules/ca1848) [/home/runner/work/trading-bot-c-/trading-bot-c-/src/IntelligenceStack/IntelligenceStack.csproj]
         /home/runner/work/trading-bot-c-/trading-bot-c-/src/IntelligenceStack/MLRLObservabilityService.cs(279,13): error CA1848: For improved performance, use the LoggerMessage delegates instead of calling 'LoggerExtensions.LogError(ILogger, Exception?, string?, params object?[])' (https://learn.microsoft.com/dotnet/fundamentals/code-analysis/quality-rules/ca1848) [/home/runner/work/trading-bot-c-/trading-bot-c-/src/IntelligenceStack/IntelligenceStack.csproj]
         /home/runner/work/trading-bot-c-/trading-bot-c-/src/IntelligenceStack/MLRLObservabilityService.cs(277,9): error CA1031: Modify 'ExportToGrafanaAsync' to catch a more specific allowed exception type, or rethrow the exception (https://learn.microsoft.com/dotnet/fundamentals/code-analysis/quality-rules/ca1031) [/home/runner/work/trading-bot-c-/trading-bot-c-/src/IntelligenceStack/IntelligenceStack.csproj]
         /home/runner/work/trading-bot-c-/trading-bot-c-/src/IntelligenceStack/OnlineLearningSystem.cs(656,48): error S109: Assign this magic number '3' to a well-named variable or constant, and use that instead. (https://rules.sonarsource.com/csharp/RSPEC-109) [/home/runner/work/trading-bot-c-/trading-bot-c-/src/IntelligenceStack/IntelligenceStack.csproj]
         /home/runner/work/trading-bot-c-/trading-bot-c-/src/IntelligenceStack/OnlineLearningSystem.cs(669,33): error S109: Assign this magic number '0.1' to a well-named variable or constant, and use that instead. (https://rules.sonarsource.com/csharp/RSPEC-109) [/home/runner/work/trading-bot-c-/trading-bot-c-/src/IntelligenceStack/IntelligenceStack.csproj]
         /home/runner/work/trading-bot-c-/trading-bot-c-/src/IntelligenceStack/OnlineLearningSystem.cs(669,47): error S109: Assign this magic number '0.95' to a well-named variable or constant, and use that instead. (https://rules.sonarsource.com/csharp/RSPEC-109) [/home/runner/work/trading-bot-c-/trading-bot-c-/src/IntelligenceStack/IntelligenceStack.csproj]
         /home/runner/work/trading-bot-c-/trading-bot-c-/src/IntelligenceStack/MLRLObservabilityService.cs(262,27): error CA2000: Call System.IDisposable.Dispose on object created by 'new StringContent(json, Encoding.UTF8, "application/json")' before all references to it are out of scope (https://learn.microsoft.com/dotnet/fundamentals/code-analysis/quality-rules/ca2000) [/home/runner/work/trading-bot-c-/trading-bot-c-/src/IntelligenceStack/IntelligenceStack.csproj]
         /home/runner/work/trading-bot-c-/trading-bot-c-/src/IntelligenceStack/OnlineLearningSystem.cs(730,29): error S109: Assign this magic number '0.5' to a well-named variable or constant, and use that instead. (https://rules.sonarsource.com/csharp/RSPEC-109) [/home/runner/work/trading-bot-c-/trading-bot-c-/src/IntelligenceStack/IntelligenceStack.csproj]
         /home/runner/work/trading-bot-c-/trading-bot-c-/src/IntelligenceStack/OnlineLearningSystem.cs(730,43): error S109: Assign this magic number '0.9' to a well-named variable or constant, and use that instead. (https://rules.sonarsource.com/csharp/RSPEC-109) [/home/runner/work/trading-bot-c-/trading-bot-c-/src/IntelligenceStack/IntelligenceStack.csproj]
         /home/runner/work/trading-bot-c-/trading-bot-c-/src/IntelligenceStack/OnlineLearningSystem.cs(730,58): error S109: Assign this magic number '0.15' to a well-named variable or constant, and use that instead. (https://rules.sonarsource.com/csharp/RSPEC-109) [/home/runner/work/trading-bot-c-/trading-bot-c-/src/IntelligenceStack/IntelligenceStack.csproj]
         /home/runner/work/trading-bot-c-/trading-bot-c-/src/IntelligenceStack/OnlineLearningSystem.cs(734,20): error S109: Assign this magic number '0.65' to a well-named variable or constant, and use that instead. (https://rules.sonarsource.com/csharp/RSPEC-109) [/home/runner/work/trading-bot-c-/trading-bot-c-/src/IntelligenceStack/IntelligenceStack.csproj]
         /home/runner/work/trading-bot-c-/trading-bot-c-/src/IntelligenceStack/OnlineLearningSystem.cs(715,29): error S109: Assign this magic number '0.4' to a well-named variable or constant, and use that instead. (https://rules.sonarsource.com/csharp/RSPEC-109) [/home/runner/work/trading-bot-c-/trading-bot-c-/src/IntelligenceStack/IntelligenceStack.csproj]
         /home/runner/work/trading-bot-c-/trading-bot-c-/src/IntelligenceStack/OnlineLearningSystem.cs(715,43): error S109: Assign this magic number '0.8' to a well-named variable or constant, and use that instead. (https://rules.sonarsource.com/csharp/RSPEC-109) [/home/runner/work/trading-bot-c-/trading-bot-c-/src/IntelligenceStack/IntelligenceStack.csproj]
         /home/runner/work/trading-bot-c-/trading-bot-c-/src/IntelligenceStack/OnlineLearningSystem.cs(715,58): error S109: Assign this magic number '0.1' to a well-named variable or constant, and use that instead. (https://rules.sonarsource.com/csharp/RSPEC-109) [/home/runner/work/trading-bot-c-/trading-bot-c-/src/IntelligenceStack/IntelligenceStack.csproj]
         /home/runner/work/trading-bot-c-/trading-bot-c-/src/IntelligenceStack/OnlineLearningSystem.cs(719,20): error S109: Assign this magic number '0.6' to a well-named variable or constant, and use that instead. (https://rules.sonarsource.com/csharp/RSPEC-109) [/home/runner/work/trading-bot-c-/trading-bot-c-/src/IntelligenceStack/IntelligenceStack.csproj]
         /home/runner/work/trading-bot-c-/trading-bot-c-/src/IntelligenceStack/OnlineLearningSystem.cs(685,13): error CA1848: For improved performance, use the LoggerMessage delegates instead of calling 'LoggerExtensions.LogWarning(ILogger, Exception?, string?, params object?[])' (https://learn.microsoft.com/dotnet/fundamentals/code-analysis/quality-rules/ca1848) [/home/runner/work/trading-bot-c-/trading-bot-c-/src/IntelligenceStack/IntelligenceStack.csproj]
         /home/runner/work/trading-bot-c-/trading-bot-c-/src/IntelligenceStack/OnlineLearningSystem.cs(649,29): error CA1305: The behavior of 'Convert.ToDouble(object)' could vary based on the current user's locale settings. Replace this call in 'OnlineLearningSystem.CalculateConfidenceFromTradeData(TradeRecord)' with a call to 'Convert.ToDouble(object, IFormatProvider)'. (https://learn.microsoft.com/dotnet/fundamentals/code-analysis/quality-rules/ca1305) [/home/runner/work/trading-bot-c-/trading-bot-c-/src/IntelligenceStack/IntelligenceStack.csproj]
         /home/runner/work/trading-bot-c-/trading-bot-c-/src/IntelligenceStack/OnlineLearningSystem.cs(655,26): error CA1305: The behavior of 'Convert.ToDouble(object)' could vary based on the current user's locale settings. Replace this call in 'OnlineLearningSystem.CalculateConfidenceFromTradeData(TradeRecord)' with a call to 'Convert.ToDouble(object, IFormatProvider)'. (https://learn.microsoft.com/dotnet/fundamentals/code-analysis/quality-rules/ca1305) [/home/runner/work/trading-bot-c-/trading-bot-c-/src/IntelligenceStack/IntelligenceStack.csproj]
         /home/runner/work/trading-bot-c-/trading-bot-c-/src/IntelligenceStack/OnlineLearningSystem.cs(662,29): error CA1305: The behavior of 'Convert.ToDouble(object)' could vary based on the current user's locale settings. Replace this call in 'OnlineLearningSystem.CalculateConfidenceFromTradeData(TradeRecord)' with a call to 'Convert.ToDouble(object, IFormatProvider)'. (https://learn.microsoft.com/dotnet/fundamentals/code-analysis/quality-rules/ca1305) [/home/runner/work/trading-bot-c-/trading-bot-c-/src/IntelligenceStack/IntelligenceStack.csproj]
         /home/runner/work/trading-bot-c-/trading-bot-c-/src/IntelligenceStack/OnlineLearningSystem.cs(697,41): error CA1311: Specify a culture or use an invariant version to avoid implicit dependency on current culture (https://learn.microsoft.com/dotnet/fundamentals/code-analysis/quality-rules/ca1311) [/home/runner/work/trading-bot-c-/trading-bot-c-/src/IntelligenceStack/IntelligenceStack.csproj]
         /home/runner/work/trading-bot-c-/trading-bot-c-/src/IntelligenceStack/OnlineLearningSystem.cs(697,24): error CA1304: The behavior of 'string.ToUpper()' could vary based on the current user's locale settings. Replace this call in 'OnlineLearningSystem.CalculateAccuracy(TradeRecord)' with a call to 'string.ToUpper(CultureInfo)'. (https://learn.microsoft.com/dotnet/fundamentals/code-analysis/quality-rules/ca1304) [/home/runner/work/trading-bot-c-/trading-bot-c-/src/IntelligenceStack/IntelligenceStack.csproj]
         /home/runner/work/trading-bot-c-/trading-bot-c-/src/IntelligenceStack/OnlineLearningSystem.cs(695,30): error CA1305: The behavior of 'Convert.ToDouble(object)' could vary based on the current user's locale settings. Replace this call in 'OnlineLearningSystem.CalculateAccuracy(TradeRecord)' with a call to 'Convert.ToDouble(object, IFormatProvider)'. (https://learn.microsoft.com/dotnet/fundamentals/code-analysis/quality-rules/ca1305) [/home/runner/work/trading-bot-c-/trading-bot-c-/src/IntelligenceStack/IntelligenceStack.csproj]
         /home/runner/work/trading-bot-c-/trading-bot-c-/src/IntelligenceStack/OnlineLearningSystem.cs(732,9): error CA1031: Modify 'CalculateRecall' to catch a more specific allowed exception type, or rethrow the exception (https://learn.microsoft.com/dotnet/fundamentals/code-analysis/quality-rules/ca1031) [/home/runner/work/trading-bot-c-/trading-bot-c-/src/IntelligenceStack/IntelligenceStack.csproj]
         /home/runner/work/trading-bot-c-/trading-bot-c-/src/IntelligenceStack/OnlineLearningSystem.cs(717,9): error CA1031: Modify 'CalculatePrecision' to catch a more specific allowed exception type, or rethrow the exception (https://learn.microsoft.com/dotnet/fundamentals/code-analysis/quality-rules/ca1031) [/home/runner/work/trading-bot-c-/trading-bot-c-/src/IntelligenceStack/IntelligenceStack.csproj]
         /home/runner/work/trading-bot-c-/trading-bot-c-/src/IntelligenceStack/OnlineLearningSystem.cs(702,9): error CA1031: Modify 'CalculateAccuracy' to catch a more specific allowed exception type, or rethrow the exception (https://learn.microsoft.com/dotnet/fundamentals/code-analysis/quality-rules/ca1031) [/home/runner/work/trading-bot-c-/trading-bot-c-/src/IntelligenceStack/IntelligenceStack.csproj]
         /home/runner/work/trading-bot-c-/trading-bot-c-/src/IntelligenceStack/OnlineLearningSystem.cs(683,9): error CA1031: Modify 'CalculateConfidenceFromTradeData' to catch a more specific allowed exception type, or rethrow the exception (https://learn.microsoft.com/dotnet/fundamentals/code-analysis/quality-rules/ca1031) [/home/runner/work/trading-bot-c-/trading-bot-c-/src/IntelligenceStack/IntelligenceStack.csproj]
         /home/runner/work/trading-bot-c-/trading-bot-c-/src/IntelligenceStack/ModelQuarantineManager.cs(481,5): error AsyncFixer01: The method 'IncrementShadowDecisionCountAsync' does not need to use async/await. (https://github.com/semihokur/AsyncFixer) [/home/runner/work/trading-bot-c-/trading-bot-c-/src/IntelligenceStack/IntelligenceStack.csproj]
         /home/runner/work/trading-bot-c-/trading-bot-c-/src/IntelligenceStack/OnlineLearningSystem.cs(749,9): error CA1031: Modify 'CalculateF1Score' to catch a more specific allowed exception type, or rethrow the exception (https://learn.microsoft.com/dotnet/fundamentals/code-analysis/quality-rules/ca1031) [/home/runner/work/trading-bot-c-/trading-bot-c-/src/IntelligenceStack/IntelligenceStack.csproj]
         /home/runner/work/trading-bot-c-/trading-bot-c-/src/IntelligenceStack/ModelQuarantineManager.cs(519,56): error CA1869: Avoid creating a new 'JsonSerializerOptions' instance for every serialization operation. Cache and reuse instances instead. (https://learn.microsoft.com/dotnet/fundamentals/code-analysis/quality-rules/ca1869) [/home/runner/work/trading-bot-c-/trading-bot-c-/src/IntelligenceStack/IntelligenceStack.csproj]
         /home/runner/work/trading-bot-c-/trading-bot-c-/src/IntelligenceStack/ModelQuarantineManager.cs(524,13): error CA1848: For improved performance, use the LoggerMessage delegates instead of calling 'LoggerExtensions.LogWarning(ILogger, Exception?, string?, params object?[])' (https://learn.microsoft.com/dotnet/fundamentals/code-analysis/quality-rules/ca1848) [/home/runner/work/trading-bot-c-/trading-bot-c-/src/IntelligenceStack/IntelligenceStack.csproj]
         /home/runner/work/trading-bot-c-/trading-bot-c-/src/IntelligenceStack/ModelQuarantineManager.cs(522,9): error CA1031: Modify 'SaveStateAsync' to catch a more specific allowed exception type, or rethrow the exception (https://learn.microsoft.com/dotnet/fundamentals/code-analysis/quality-rules/ca1031) [/home/runner/work/trading-bot-c-/trading-bot-c-/src/IntelligenceStack/IntelligenceStack.csproj]
         /home/runner/work/trading-bot-c-/trading-bot-c-/src/IntelligenceStack/MLRLObservabilityService.cs(304,97): error S109: Assign this magic number '10' to a well-named variable or constant, and use that instead. (https://rules.sonarsource.com/csharp/RSPEC-109) [/home/runner/work/trading-bot-c-/trading-bot-c-/src/IntelligenceStack/IntelligenceStack.csproj]
         /home/runner/work/trading-bot-c-/trading-bot-c-/src/IntelligenceStack/MLRLObservabilityService.cs(309,61): error CA1869: Avoid creating a new 'JsonSerializerOptions' instance for every serialization operation. Cache and reuse instances instead. (https://learn.microsoft.com/dotnet/fundamentals/code-analysis/quality-rules/ca1869) [/home/runner/work/trading-bot-c-/trading-bot-c-/src/IntelligenceStack/IntelligenceStack.csproj]
         /home/runner/work/trading-bot-c-/trading-bot-c-/src/IntelligenceStack/MLRLObservabilityService.cs(312,13): error CA1848: For improved performance, use the LoggerMessage delegates instead of calling 'LoggerExtensions.LogDebug(ILogger, string?, params object?[])' (https://learn.microsoft.com/dotnet/fundamentals/code-analysis/quality-rules/ca1848) [/home/runner/work/trading-bot-c-/trading-bot-c-/src/IntelligenceStack/IntelligenceStack.csproj]
         /home/runner/work/trading-bot-c-/trading-bot-c-/src/IntelligenceStack/MLRLObservabilityService.cs(316,13): error CA1848: For improved performance, use the LoggerMessage delegates instead of calling 'LoggerExtensions.LogError(ILogger, Exception?, string?, params object?[])' (https://learn.microsoft.com/dotnet/fundamentals/code-analysis/quality-rules/ca1848) [/home/runner/work/trading-bot-c-/trading-bot-c-/src/IntelligenceStack/IntelligenceStack.csproj]
         /home/runner/work/trading-bot-c-/trading-bot-c-/src/IntelligenceStack/ModelQuarantineManager.cs(558,17): error CA1848: For improved performance, use the LoggerMessage delegates instead of calling 'LoggerExtensions.LogInformation(ILogger, string?, params object?[])' (https://learn.microsoft.com/dotnet/fundamentals/code-analysis/quality-rules/ca1848) [/home/runner/work/trading-bot-c-/trading-bot-c-/src/IntelligenceStack/IntelligenceStack.csproj]
         /home/runner/work/trading-bot-c-/trading-bot-c-/src/IntelligenceStack/ModelQuarantineManager.cs(564,13): error CA1848: For improved performance, use the LoggerMessage delegates instead of calling 'LoggerExtensions.LogWarning(ILogger, Exception?, string?, params object?[])' (https://learn.microsoft.com/dotnet/fundamentals/code-analysis/quality-rules/ca1848) [/home/runner/work/trading-bot-c-/trading-bot-c-/src/IntelligenceStack/IntelligenceStack.csproj]
         /home/runner/work/trading-bot-c-/trading-bot-c-/src/IntelligenceStack/MLRLObservabilityService.cs(314,9): error CA1031: Modify 'ExportToFileAsync' to catch a more specific allowed exception type, or rethrow the exception (https://learn.microsoft.com/dotnet/fundamentals/code-analysis/quality-rules/ca1031) [/home/runner/work/trading-bot-c-/trading-bot-c-/src/IntelligenceStack/IntelligenceStack.csproj]
         /home/runner/work/trading-bot-c-/trading-bot-c-/src/IntelligenceStack/ModelQuarantineManager.cs(562,9): error CA1031: Modify 'LoadStateAsync' to catch a more specific allowed exception type, or rethrow the exception (https://learn.microsoft.com/dotnet/fundamentals/code-analysis/quality-rules/ca1031) [/home/runner/work/trading-bot-c-/trading-bot-c-/src/IntelligenceStack/IntelligenceStack.csproj]
         /home/runner/work/trading-bot-c-/trading-bot-c-/src/IntelligenceStack/MAMLLiveIntegration.cs(241,36): error S3267: Loops should be simplified using the "Where" LINQ method (https://rules.sonarsource.com/csharp/RSPEC-3267) [/home/runner/work/trading-bot-c-/trading-bot-c-/src/IntelligenceStack/IntelligenceStack.csproj]
         /home/runner/work/trading-bot-c-/trading-bot-c-/src/IntelligenceStack/NightlyParameterTuner.cs(305,9): error CA1848: For improved performance, use the LoggerMessage delegates instead of calling 'LoggerExtensions.LogInformation(ILogger, string?, params object?[])' (https://learn.microsoft.com/dotnet/fundamentals/code-analysis/quality-rules/ca1848) [/home/runner/work/trading-bot-c-/trading-bot-c-/src/IntelligenceStack/IntelligenceStack.csproj]
         /home/runner/work/trading-bot-c-/trading-bot-c-/src/IntelligenceStack/NightlyParameterTuner.cs(351,17): error CA1848: For improved performance, use the LoggerMessage delegates instead of calling 'LoggerExtensions.LogInformation(ILogger, string?, params object?[])' (https://learn.microsoft.com/dotnet/fundamentals/code-analysis/quality-rules/ca1848) [/home/runner/work/trading-bot-c-/trading-bot-c-/src/IntelligenceStack/IntelligenceStack.csproj]
         /home/runner/work/trading-bot-c-/trading-bot-c-/src/IntelligenceStack/NightlyParameterTuner.cs(366,9): error CA1848: For improved performance, use the LoggerMessage delegates instead of calling 'LoggerExtensions.LogInformation(ILogger, string?, params object?[])' (https://learn.microsoft.com/dotnet/fundamentals/code-analysis/quality-rules/ca1848) [/home/runner/work/trading-bot-c-/trading-bot-c-/src/IntelligenceStack/IntelligenceStack.csproj]
         /home/runner/work/trading-bot-c-/trading-bot-c-/src/IntelligenceStack/MAMLLiveIntegration.cs(232,17): error CA1848: For improved performance, use the LoggerMessage delegates instead of calling 'LoggerExtensions.LogDebug(ILogger, string?, params object?[])' (https://learn.microsoft.com/dotnet/fundamentals/code-analysis/quality-rules/ca1848) [/home/runner/work/trading-bot-c-/trading-bot-c-/src/IntelligenceStack/IntelligenceStack.csproj]
         /home/runner/work/trading-bot-c-/trading-bot-c-/src/IntelligenceStack/MAMLLiveIntegration.cs(254,25): error CA1848: For improved performance, use the LoggerMessage delegates instead of calling 'LoggerExtensions.LogWarning(ILogger, string?, params object?[])' (https://learn.microsoft.com/dotnet/fundamentals/code-analysis/quality-rules/ca1848) [/home/runner/work/trading-bot-c-/trading-bot-c-/src/IntelligenceStack/IntelligenceStack.csproj]
         /home/runner/work/trading-bot-c-/trading-bot-c-/src/IntelligenceStack/MAMLLiveIntegration.cs(263,17): error CA1848: For improved performance, use the LoggerMessage delegates instead of calling 'LoggerExtensions.LogError(ILogger, Exception?, string?, params object?[])' (https://learn.microsoft.com/dotnet/fundamentals/code-analysis/quality-rules/ca1848) [/home/runner/work/trading-bot-c-/trading-bot-c-/src/IntelligenceStack/IntelligenceStack.csproj]
         /home/runner/work/trading-bot-c-/trading-bot-c-/src/IntelligenceStack/NightlyParameterTuner.cs(321,27): error CA1508: 'bestIndividual.Metrics' is never 'null'. Remove or refactor the condition(s) to avoid dead code. (https://learn.microsoft.com/dotnet/fundamentals/code-analysis/quality-rules/ca1508) [/home/runner/work/trading-bot-c-/trading-bot-c-/src/IntelligenceStack/IntelligenceStack.csproj]
         /home/runner/work/trading-bot-c-/trading-bot-c-/src/IntelligenceStack/MLRLObservabilityService.cs(328,92): error CA1311: Specify a culture or use an invariant version to avoid implicit dependency on current culture (https://learn.microsoft.com/dotnet/fundamentals/code-analysis/quality-rules/ca1311) [/home/runner/work/trading-bot-c-/trading-bot-c-/src/IntelligenceStack/IntelligenceStack.csproj]
         /home/runner/work/trading-bot-c-/trading-bot-c-/src/IntelligenceStack/MLRLObservabilityService.cs(328,69): error CA1304: The behavior of 'string.ToLower()' could vary based on the current user's locale settings. Replace this call in 'MlrlObservabilityService.GeneratePrometheusFormat()' with a call to 'string.ToLower(CultureInfo)'. (https://learn.microsoft.com/dotnet/fundamentals/code-analysis/quality-rules/ca1304) [/home/runner/work/trading-bot-c-/trading-bot-c-/src/IntelligenceStack/IntelligenceStack.csproj]
         /home/runner/work/trading-bot-c-/trading-bot-c-/src/IntelligenceStack/MLRLObservabilityService.cs(328,17): error CA1305: The behavior of 'StringBuilder.AppendLine(ref StringBuilder.AppendInterpolatedStringHandler)' could vary based on the current user's locale settings. Replace this call in 'MlrlObservabilityService.GeneratePrometheusFormat()' with a call to 'StringBuilder.AppendLine(IFormatProvider, ref StringBuilder.AppendInterpolatedStringHandler)'. (https://learn.microsoft.com/dotnet/fundamentals/code-analysis/quality-rules/ca1305) [/home/runner/work/trading-bot-c-/trading-bot-c-/src/IntelligenceStack/IntelligenceStack.csproj]
         /home/runner/work/trading-bot-c-/trading-bot-c-/src/IntelligenceStack/MLRLObservabilityService.cs(329,17): error CA1305: The behavior of 'StringBuilder.AppendLine(ref StringBuilder.AppendInterpolatedStringHandler)' could vary based on the current user's locale settings. Replace this call in 'MlrlObservabilityService.GeneratePrometheusFormat()' with a call to 'StringBuilder.AppendLine(IFormatProvider, ref StringBuilder.AppendInterpolatedStringHandler)'. (https://learn.microsoft.com/dotnet/fundamentals/code-analysis/quality-rules/ca1305) [/home/runner/work/trading-bot-c-/trading-bot-c-/src/IntelligenceStack/IntelligenceStack.csproj]
         /home/runner/work/trading-bot-c-/trading-bot-c-/src/IntelligenceStack/MAMLLiveIntegration.cs(261,13): error CA1031: Modify 'PerformPeriodicUpdate' to catch a more specific allowed exception type, or rethrow the exception (https://learn.microsoft.com/dotnet/fundamentals/code-analysis/quality-rules/ca1031) [/home/runner/work/trading-bot-c-/trading-bot-c-/src/IntelligenceStack/IntelligenceStack.csproj]
         /home/runner/work/trading-bot-c-/trading-bot-c-/src/IntelligenceStack/NightlyParameterTuner.cs(305,97): error CA1062: In externally visible method 'Task<OptimizationResult> NightlyParameterTuner.RunEvolutionarySearchAsync(TuningSession session, CancellationToken cancellationToken = default(CancellationToken))', validate parameter 'session' is non-null before using it. If appropriate, throw an 'ArgumentNullException' when the argument is 'null'. (https://learn.microsoft.com/dotnet/fundamentals/code-analysis/quality-rules/ca1062) [/home/runner/work/trading-bot-c-/trading-bot-c-/src/IntelligenceStack/IntelligenceStack.csproj]
         /home/runner/work/trading-bot-c-/trading-bot-c-/src/IntelligenceStack/NightlyParameterTuner.cs(415,74): error CA1869: Avoid creating a new 'JsonSerializerOptions' instance for every serialization operation. Cache and reuse instances instead. (https://learn.microsoft.com/dotnet/fundamentals/code-analysis/quality-rules/ca1869) [/home/runner/work/trading-bot-c-/trading-bot-c-/src/IntelligenceStack/IntelligenceStack.csproj]
         /home/runner/work/trading-bot-c-/trading-bot-c-/src/IntelligenceStack/NightlyParameterTuner.cs(418,13): error CA1848: For improved performance, use the LoggerMessage delegates instead of calling 'LoggerExtensions.LogInformation(ILogger, string?, params object?[])' (https://learn.microsoft.com/dotnet/fundamentals/code-analysis/quality-rules/ca1848) [/home/runner/work/trading-bot-c-/trading-bot-c-/src/IntelligenceStack/IntelligenceStack.csproj]
         /home/runner/work/trading-bot-c-/trading-bot-c-/src/IntelligenceStack/NightlyParameterTuner.cs(466,20): error AsyncFixer02: await should be used instead of GetIntelligentDefaultsAsync(modelFamily, cancellationToken). (https://github.com/semihokur/AsyncFixer) [/home/runner/work/trading-bot-c-/trading-bot-c-/src/IntelligenceStack/IntelligenceStack.csproj]
         /home/runner/work/trading-bot-c-/trading-bot-c-/src/IntelligenceStack/NightlyParameterTuner.cs(446,5): error AsyncFixer01: The method 'GetBaselineParametersAsync' does not need to use async/await. (https://github.com/semihokur/AsyncFixer) [/home/runner/work/trading-bot-c-/trading-bot-c-/src/IntelligenceStack/IntelligenceStack.csproj]
         /home/runner/work/trading-bot-c-/trading-bot-c-/src/IntelligenceStack/NightlyParameterTuner.cs(466,20): error CA1849: 'Task<TResult>.Result' synchronously blocks. Use await instead. (https://learn.microsoft.com/dotnet/fundamentals/code-analysis/quality-rules/ca1849) [/home/runner/work/trading-bot-c-/trading-bot-c-/src/IntelligenceStack/IntelligenceStack.csproj]
         /home/runner/work/trading-bot-c-/trading-bot-c-/src/IntelligenceStack/MAMLLiveIntegration.cs(303,5): error AsyncFixer01: The method 'PerformInnerLoopAdaptationAsync' does not need to use async/await. (https://github.com/semihokur/AsyncFixer) [/home/runner/work/trading-bot-c-/trading-bot-c-/src/IntelligenceStack/IntelligenceStack.csproj]
         /home/runner/work/trading-bot-c-/trading-bot-c-/src/IntelligenceStack/MAMLLiveIntegration.cs(312,30): error S109: Assign this magic number '20' to a well-named variable or constant, and use that instead. (https://rules.sonarsource.com/csharp/RSPEC-109) [/home/runner/work/trading-bot-c-/trading-bot-c-/src/IntelligenceStack/IntelligenceStack.csproj]
         /home/runner/work/trading-bot-c-/trading-bot-c-/src/IntelligenceStack/NightlyParameterTuner.cs(472,5): error AsyncFixer01: The method 'LoadHistoricalBestParametersAsync' does not need to use async/await. (https://github.com/semihokur/AsyncFixer) [/home/runner/work/trading-bot-c-/trading-bot-c-/src/IntelligenceStack/IntelligenceStack.csproj]
         /home/runner/work/trading-bot-c-/trading-bot-c-/src/IntelligenceStack/LineageTrackingSystem.cs(58,13): error CA1848: For improved performance, use the LoggerMessage delegates instead of calling 'LoggerExtensions.LogInformation(ILogger, string?, params object?[])' (https://learn.microsoft.com/dotnet/fundamentals/code-analysis/quality-rules/ca1848) [/home/runner/work/trading-bot-c-/trading-bot-c-/src/IntelligenceStack/IntelligenceStack.csproj]
         /home/runner/work/trading-bot-c-/trading-bot-c-/src/IntelligenceStack/LineageTrackingSystem.cs(96,13): error CA1848: For improved performance, use the LoggerMessage delegates instead of calling 'LoggerExtensions.LogInformation(ILogger, string?, params object?[])' (https://learn.microsoft.com/dotnet/fundamentals/code-analysis/quality-rules/ca1848) [/home/runner/work/trading-bot-c-/trading-bot-c-/src/IntelligenceStack/IntelligenceStack.csproj]
         /home/runner/work/trading-bot-c-/trading-bot-c-/src/IntelligenceStack/LineageTrackingSystem.cs(103,13): error CA1848: For improved performance, use the LoggerMessage delegates instead of calling 'LoggerExtensions.LogError(ILogger, Exception?, string?, params object?[])' (https://learn.microsoft.com/dotnet/fundamentals/code-analysis/quality-rules/ca1848) [/home/runner/work/trading-bot-c-/trading-bot-c-/src/IntelligenceStack/IntelligenceStack.csproj]
         /home/runner/work/trading-bot-c-/trading-bot-c-/src/IntelligenceStack/ObservabilityDashboard.cs(594,19): error AsyncFixer03: Avoid unsupported fire-and-forget async-void methods or delegates. Unhandled exceptions will crash the process. (https://github.com/semihokur/AsyncFixer) [/home/runner/work/trading-bot-c-/trading-bot-c-/src/IntelligenceStack/IntelligenceStack.csproj]
         /home/runner/work/trading-bot-c-/trading-bot-c-/src/IntelligenceStack/ObservabilityDashboard.cs(591,9): error CA1848: For improved performance, use the LoggerMessage delegates instead of calling 'LoggerExtensions.LogInformation(ILogger, string?, params object?[])' (https://learn.microsoft.com/dotnet/fundamentals/code-analysis/quality-rules/ca1848) [/home/runner/work/trading-bot-c-/trading-bot-c-/src/IntelligenceStack/IntelligenceStack.csproj]
         /home/runner/work/trading-bot-c-/trading-bot-c-/src/IntelligenceStack/ObservabilityDashboard.cs(603,13): error CA1848: For improved performance, use the LoggerMessage delegates instead of calling 'LoggerExtensions.LogError(ILogger, Exception?, string?, params object?[])' (https://learn.microsoft.com/dotnet/fundamentals/code-analysis/quality-rules/ca1848) [/home/runner/work/trading-bot-c-/trading-bot-c-/src/IntelligenceStack/IntelligenceStack.csproj]
         /home/runner/work/trading-bot-c-/trading-bot-c-/src/IntelligenceStack/ObservabilityDashboard.cs(601,9): error CA1031: Modify 'UpdateDashboardData' to catch a more specific allowed exception type, or rethrow the exception (https://learn.microsoft.com/dotnet/fundamentals/code-analysis/quality-rules/ca1031) [/home/runner/work/trading-bot-c-/trading-bot-c-/src/IntelligenceStack/IntelligenceStack.csproj]
         /home/runner/work/trading-bot-c-/trading-bot-c-/src/IntelligenceStack/MAMLLiveIntegration.cs(347,5): error AsyncFixer01: The method 'ValidateAdaptationAsync' does not need to use async/await. (https://github.com/semihokur/AsyncFixer) [/home/runner/work/trading-bot-c-/trading-bot-c-/src/IntelligenceStack/IntelligenceStack.csproj]
         /home/runner/work/trading-bot-c-/trading-bot-c-/src/IntelligenceStack/MAMLLiveIntegration.cs(355,41): error S109: Assign this magic number '0.1' to a well-named variable or constant, and use that instead. (https://rules.sonarsource.com/csharp/RSPEC-109) [/home/runner/work/trading-bot-c-/trading-bot-c-/src/IntelligenceStack/IntelligenceStack.csproj]
         /home/runner/work/trading-bot-c-/trading-bot-c-/src/IntelligenceStack/MAMLLiveIntegration.cs(362,29): error S109: Assign this magic number '0.5' to a well-named variable or constant, and use that instead. (https://rules.sonarsource.com/csharp/RSPEC-109) [/home/runner/work/trading-bot-c-/trading-bot-c-/src/IntelligenceStack/IntelligenceStack.csproj]
         /home/runner/work/trading-bot-c-/trading-bot-c-/src/IntelligenceStack/LineageTrackingSystem.cs(168,13): error CA1848: For improved performance, use the LoggerMessage delegates instead of calling 'LoggerExtensions.LogDebug(ILogger, string?, params object?[])' (https://learn.microsoft.com/dotnet/fundamentals/code-analysis/quality-rules/ca1848) [/home/runner/work/trading-bot-c-/trading-bot-c-/src/IntelligenceStack/IntelligenceStack.csproj]
         /home/runner/work/trading-bot-c-/trading-bot-c-/src/IntelligenceStack/LineageTrackingSystem.cs(175,13): error CA1848: For improved performance, use the LoggerMessage delegates instead of calling 'LoggerExtensions.LogError(ILogger, Exception?, string?, params object?[])' (https://learn.microsoft.com/dotnet/fundamentals/code-analysis/quality-rules/ca1848) [/home/runner/work/trading-bot-c-/trading-bot-c-/src/IntelligenceStack/IntelligenceStack.csproj]
         /home/runner/work/trading-bot-c-/trading-bot-c-/src/IntelligenceStack/LineageTrackingSystem.cs(207,9): error CA1848: For improved performance, use the LoggerMessage delegates instead of calling 'LoggerExtensions.LogInformation(ILogger, string?, params object?[])' (https://learn.microsoft.com/dotnet/fundamentals/code-analysis/quality-rules/ca1848) [/home/runner/work/trading-bot-c-/trading-bot-c-/src/IntelligenceStack/IntelligenceStack.csproj]
         /home/runner/work/trading-bot-c-/trading-bot-c-/src/IntelligenceStack/LineageTrackingSystem.cs(217,22): error CA1002: Change 'List<string>' in 'LineageTrackingSystem.TrackFeatureStoreUpdateAsync(string, string, List<string>, [CancellationToken])' to use 'Collection<T>', 'ReadOnlyCollection<T>' or 'KeyedCollection<K,V>' (https://learn.microsoft.com/dotnet/fundamentals/code-analysis/quality-rules/ca1002) [/home/runner/work/trading-bot-c-/trading-bot-c-/src/IntelligenceStack/IntelligenceStack.csproj]
         /home/runner/work/trading-bot-c-/trading-bot-c-/src/IntelligenceStack/LineageTrackingSystem.cs(237,9): error CA1848: For improved performance, use the LoggerMessage delegates instead of calling 'LoggerExtensions.LogInformation(ILogger, string?, params object?[])' (https://learn.microsoft.com/dotnet/fundamentals/code-analysis/quality-rules/ca1848) [/home/runner/work/trading-bot-c-/trading-bot-c-/src/IntelligenceStack/IntelligenceStack.csproj]
         /home/runner/work/trading-bot-c-/trading-bot-c-/src/IntelligenceStack/LineageTrackingSystem.cs(233,57): error CA1062: In externally visible method 'Task LineageTrackingSystem.TrackFeatureStoreUpdateAsync(string fromVersion, string toVersion, List<string> changedFeatures, CancellationToken cancellationToken = default(CancellationToken))', validate parameter 'changedFeatures' is non-null before using it. If appropriate, throw an 'ArgumentNullException' when the argument is 'null'. (https://learn.microsoft.com/dotnet/fundamentals/code-analysis/quality-rules/ca1062) [/home/runner/work/trading-bot-c-/trading-bot-c-/src/IntelligenceStack/IntelligenceStack.csproj]
         /home/runner/work/trading-bot-c-/trading-bot-c-/src/IntelligenceStack/LineageTrackingSystem.cs(122,78): error CA1062: In externally visible method 'Task<LineageStamp> LineageTrackingSystem.StampDecisionAsync(string decisionId, IntelligenceDecision decision, CancellationToken cancellationToken = default(CancellationToken))', validate parameter 'decision' is non-null before using it. If appropriate, throw an 'ArgumentNullException' when the argument is 'null'. (https://learn.microsoft.com/dotnet/fundamentals/code-analysis/quality-rules/ca1062) [/home/runner/work/trading-bot-c-/trading-bot-c-/src/IntelligenceStack/IntelligenceStack.csproj]
         /home/runner/work/trading-bot-c-/trading-bot-c-/src/IntelligenceStack/LineageTrackingSystem.cs(267,9): error CA1848: For improved performance, use the LoggerMessage delegates instead of calling 'LoggerExtensions.LogInformation(ILogger, string?, params object?[])' (https://learn.microsoft.com/dotnet/fundamentals/code-analysis/quality-rules/ca1848) [/home/runner/work/trading-bot-c-/trading-bot-c-/src/IntelligenceStack/IntelligenceStack.csproj]
         /home/runner/work/trading-bot-c-/trading-bot-c-/src/IntelligenceStack/NightlyParameterTuner.cs(489,5): error AsyncFixer01: The method 'LoadParametersFromRegistryAsync' does not need to use async/await. (https://github.com/semihokur/AsyncFixer) [/home/runner/work/trading-bot-c-/trading-bot-c-/src/IntelligenceStack/IntelligenceStack.csproj]
         /home/runner/work/trading-bot-c-/trading-bot-c-/src/IntelligenceStack/NightlyParameterTuner.cs(503,25): error S1066: Merge this if statement with the enclosing one. (https://rules.sonarsource.com/csharp/RSPEC-1066) [/home/runner/work/trading-bot-c-/trading-bot-c-/src/IntelligenceStack/IntelligenceStack.csproj]
         /home/runner/work/trading-bot-c-/trading-bot-c-/src/IntelligenceStack/ObservabilityDashboard.cs(640,24): error S1541: The Cyclomatic Complexity of this method is 13 which is greater than 10 authorized. (https://rules.sonarsource.com/csharp/RSPEC-1541) [/home/runner/work/trading-bot-c-/trading-bot-c-/src/IntelligenceStack/IntelligenceStack.csproj]
         /home/runner/work/trading-bot-c-/trading-bot-c-/src/IntelligenceStack/NightlyParameterTuner.cs(512,17): error CA1848: For improved performance, use the LoggerMessage delegates instead of calling 'LoggerExtensions.LogWarning(ILogger, Exception?, string?, params object?[])' (https://learn.microsoft.com/dotnet/fundamentals/code-analysis/quality-rules/ca1848) [/home/runner/work/trading-bot-c-/trading-bot-c-/src/IntelligenceStack/IntelligenceStack.csproj]
         /home/runner/work/trading-bot-c-/trading-bot-c-/src/IntelligenceStack/NightlyParameterTuner.cs(510,13): error CA1031: Modify 'LoadParametersFromRegistryAsync' to catch a more specific allowed exception type, or rethrow the exception (https://learn.microsoft.com/dotnet/fundamentals/code-analysis/quality-rules/ca1031) [/home/runner/work/trading-bot-c-/trading-bot-c-/src/IntelligenceStack/IntelligenceStack.csproj]
         /home/runner/work/trading-bot-c-/trading-bot-c-/src/IntelligenceStack/ObservabilityDashboard.cs(646,60): error CA1869: Avoid creating a new 'JsonSerializerOptions' instance for every serialization operation. Cache and reuse instances instead. (https://learn.microsoft.com/dotnet/fundamentals/code-analysis/quality-rules/ca1869) [/home/runner/work/trading-bot-c-/trading-bot-c-/src/IntelligenceStack/IntelligenceStack.csproj]
         /home/runner/work/trading-bot-c-/trading-bot-c-/src/IntelligenceStack/ObservabilityDashboard.cs(662,61): error CA1869: Avoid creating a new 'JsonSerializerOptions' instance for every serialization operation. Cache and reuse instances instead. (https://learn.microsoft.com/dotnet/fundamentals/code-analysis/quality-rules/ca1869) [/home/runner/work/trading-bot-c-/trading-bot-c-/src/IntelligenceStack/IntelligenceStack.csproj]
         /home/runner/work/trading-bot-c-/trading-bot-c-/src/IntelligenceStack/ObservabilityDashboard.cs(670,18): error CA1854: Prefer a 'TryGetValue' call over a Dictionary indexer access guarded by a 'ContainsKey' check to avoid double lookup (https://learn.microsoft.com/dotnet/fundamentals/code-analysis/quality-rules/ca1854) [/home/runner/work/trading-bot-c-/trading-bot-c-/src/IntelligenceStack/IntelligenceStack.csproj]
         /home/runner/work/trading-bot-c-/trading-bot-c-/src/IntelligenceStack/LineageTrackingSystem.cs(315,13): error CA1848: For improved performance, use the LoggerMessage delegates instead of calling 'LoggerExtensions.LogError(ILogger, Exception?, string?, params object?[])' (https://learn.microsoft.com/dotnet/fundamentals/code-analysis/quality-rules/ca1848) [/home/runner/work/trading-bot-c-/trading-bot-c-/src/IntelligenceStack/IntelligenceStack.csproj]
         /home/runner/work/trading-bot-c-/trading-bot-c-/src/IntelligenceStack/NightlyParameterTuner.cs(518,5): error AsyncFixer01: The method 'GetIntelligentDefaultsAsync' does not need to use async/await. (https://github.com/semihokur/AsyncFixer) [/home/runner/work/trading-bot-c-/trading-bot-c-/src/IntelligenceStack/IntelligenceStack.csproj]
         /home/runner/work/trading-bot-c-/trading-bot-c-/src/IntelligenceStack/NightlyParameterTuner.cs(563,93): error S3358: Extract this nested ternary operation into an independent statement. (https://rules.sonarsource.com/csharp/RSPEC-3358) [/home/runner/work/trading-bot-c-/trading-bot-c-/src/IntelligenceStack/IntelligenceStack.csproj]
         /home/runner/work/trading-bot-c-/trading-bot-c-/src/IntelligenceStack/NightlyParameterTuner.cs(566,88): error S3358: Extract this nested ternary operation into an independent statement. (https://rules.sonarsource.com/csharp/RSPEC-3358) [/home/runner/work/trading-bot-c-/trading-bot-c-/src/IntelligenceStack/IntelligenceStack.csproj]
         /home/runner/work/trading-bot-c-/trading-bot-c-/src/IntelligenceStack/NightlyParameterTuner.cs(569,84): error S3358: Extract this nested ternary operation into an independent statement. (https://rules.sonarsource.com/csharp/RSPEC-3358) [/home/runner/work/trading-bot-c-/trading-bot-c-/src/IntelligenceStack/IntelligenceStack.csproj]
         /home/runner/work/trading-bot-c-/trading-bot-c-/src/IntelligenceStack/NightlyParameterTuner.cs(574,26): error S109: Assign this magic number '100' to a well-named variable or constant, and use that instead. (https://rules.sonarsource.com/csharp/RSPEC-109) [/home/runner/work/trading-bot-c-/trading-bot-c-/src/IntelligenceStack/IntelligenceStack.csproj]
         /home/runner/work/trading-bot-c-/trading-bot-c-/src/IntelligenceStack/NightlyParameterTuner.cs(580,19): error S109: Assign this magic number '0.05' to a well-named variable or constant, and use that instead. (https://rules.sonarsource.com/csharp/RSPEC-109) [/home/runner/work/trading-bot-c-/trading-bot-c-/src/IntelligenceStack/IntelligenceStack.csproj]
         /home/runner/work/trading-bot-c-/trading-bot-c-/src/IntelligenceStack/NightlyParameterTuner.cs(580,45): error S109: Assign this magic number '0.1' to a well-named variable or constant, and use that instead. (https://rules.sonarsource.com/csharp/RSPEC-109) [/home/runner/work/trading-bot-c-/trading-bot-c-/src/IntelligenceStack/IntelligenceStack.csproj]
         /home/runner/work/trading-bot-c-/trading-bot-c-/src/IntelligenceStack/NightlyParameterTuner.cs(581,36): error S109: Assign this magic number '8' to a well-named variable or constant, and use that instead. (https://rules.sonarsource.com/csharp/RSPEC-109) [/home/runner/work/trading-bot-c-/trading-bot-c-/src/IntelligenceStack/IntelligenceStack.csproj]
         /home/runner/work/trading-bot-c-/trading-bot-c-/src/IntelligenceStack/NightlyParameterTuner.cs(582,26): error S109: Assign this magic number '10000' to a well-named variable or constant, and use that instead. (https://rules.sonarsource.com/csharp/RSPEC-109) [/home/runner/work/trading-bot-c-/trading-bot-c-/src/IntelligenceStack/IntelligenceStack.csproj]
         /home/runner/work/trading-bot-c-/trading-bot-c-/src/IntelligenceStack/NightlyParameterTuner.cs(550,9): error S1172: Remove this unused method parameter 'modelFamily'. (https://rules.sonarsource.com/csharp/RSPEC-1172) [/home/runner/work/trading-bot-c-/trading-bot-c-/src/IntelligenceStack/IntelligenceStack.csproj]
         /home/runner/work/trading-bot-c-/trading-bot-c-/src/IntelligenceStack/MAMLLiveIntegration.cs(392,5): error AsyncFixer01: The method 'ShouldRollbackAsync' does not need to use async/await. (https://github.com/semihokur/AsyncFixer) [/home/runner/work/trading-bot-c-/trading-bot-c-/src/IntelligenceStack/IntelligenceStack.csproj]
         /home/runner/work/trading-bot-c-/trading-bot-c-/src/IntelligenceStack/MAMLLiveIntegration.cs(394,9): error S1172: Remove this unused method parameter 'step'. (https://rules.sonarsource.com/csharp/RSPEC-1172) [/home/runner/work/trading-bot-c-/trading-bot-c-/src/IntelligenceStack/IntelligenceStack.csproj]
         /home/runner/work/trading-bot-c-/trading-bot-c-/src/IntelligenceStack/MAMLLiveIntegration.cs(422,5): error AsyncFixer01: The method 'PerformRollbackAsync' does not need to use async/await. (https://github.com/semihokur/AsyncFixer) [/home/runner/work/trading-bot-c-/trading-bot-c-/src/IntelligenceStack/IntelligenceStack.csproj]
         /home/runner/work/trading-bot-c-/trading-bot-c-/src/IntelligenceStack/ObservabilityDashboard.cs(764,25): error S109: Assign this magic number '0.8' to a well-named variable or constant, and use that instead. (https://rules.sonarsource.com/csharp/RSPEC-109) [/home/runner/work/trading-bot-c-/trading-bot-c-/src/IntelligenceStack/IntelligenceStack.csproj]
         /home/runner/work/trading-bot-c-/trading-bot-c-/src/IntelligenceStack/ObservabilityDashboard.cs(764,42): error S109: Assign this magic number '1.2' to a well-named variable or constant, and use that instead. (https://rules.sonarsource.com/csharp/RSPEC-109) [/home/runner/work/trading-bot-c-/trading-bot-c-/src/IntelligenceStack/IntelligenceStack.csproj]
         /home/runner/work/trading-bot-c-/trading-bot-c-/src/IntelligenceStack/ObservabilityDashboard.cs(764,59): error S109: Assign this magic number '1.5' to a well-named variable or constant, and use that instead. (https://rules.sonarsource.com/csharp/RSPEC-109) [/home/runner/work/trading-bot-c-/trading-bot-c-/src/IntelligenceStack/IntelligenceStack.csproj]
         /home/runner/work/trading-bot-c-/trading-bot-c-/src/IntelligenceStack/ObservabilityDashboard.cs(764,76): error S109: Assign this magic number '1.1' to a well-named variable or constant, and use that instead. (https://rules.sonarsource.com/csharp/RSPEC-109) [/home/runner/work/trading-bot-c-/trading-bot-c-/src/IntelligenceStack/IntelligenceStack.csproj]
         /home/runner/work/trading-bot-c-/trading-bot-c-/src/IntelligenceStack/ObservabilityDashboard.cs(773,23): error S109: Assign this magic number '0.5' to a well-named variable or constant, and use that instead. (https://rules.sonarsource.com/csharp/RSPEC-109) [/home/runner/work/trading-bot-c-/trading-bot-c-/src/IntelligenceStack/IntelligenceStack.csproj]
         /home/runner/work/trading-bot-c-/trading-bot-c-/src/IntelligenceStack/ObservabilityDashboard.cs(773,57): error S109: Assign this magic number '2' to a well-named variable or constant, and use that instead. (https://rules.sonarsource.com/csharp/RSPEC-109) [/home/runner/work/trading-bot-c-/trading-bot-c-/src/IntelligenceStack/IntelligenceStack.csproj]
         /home/runner/work/trading-bot-c-/trading-bot-c-/src/IntelligenceStack/ObservabilityDashboard.cs(773,76): error S109: Assign this magic number '4' to a well-named variable or constant, and use that instead. (https://rules.sonarsource.com/csharp/RSPEC-109) [/home/runner/work/trading-bot-c-/trading-bot-c-/src/IntelligenceStack/IntelligenceStack.csproj]
         /home/runner/work/trading-bot-c-/trading-bot-c-/src/IntelligenceStack/ObservabilityDashboard.cs(759,70): error S1172: Remove this unused method parameter 'metricName'. (https://rules.sonarsource.com/csharp/RSPEC-1172) [/home/runner/work/trading-bot-c-/trading-bot-c-/src/IntelligenceStack/IntelligenceStack.csproj]
         /home/runner/work/trading-bot-c-/trading-bot-c-/src/IntelligenceStack/ObservabilityDashboard.cs(768,71): error S1172: Remove this unused method parameter 'metricName'. (https://rules.sonarsource.com/csharp/RSPEC-1172) [/home/runner/work/trading-bot-c-/trading-bot-c-/src/IntelligenceStack/IntelligenceStack.csproj]
         /home/runner/work/trading-bot-c-/trading-bot-c-/src/IntelligenceStack/MAMLLiveIntegration.cs(439,13): error CA1848: For improved performance, use the LoggerMessage delegates instead of calling 'LoggerExtensions.LogWarning(ILogger, string?, params object?[])' (https://learn.microsoft.com/dotnet/fundamentals/code-analysis/quality-rules/ca1848) [/home/runner/work/trading-bot-c-/trading-bot-c-/src/IntelligenceStack/IntelligenceStack.csproj]
         /home/runner/work/trading-bot-c-/trading-bot-c-/src/IntelligenceStack/NightlyParameterTuner.cs(594,25): error S109: Assign this magic number '5' to a well-named variable or constant, and use that instead. (https://rules.sonarsource.com/csharp/RSPEC-109) [/home/runner/work/trading-bot-c-/trading-bot-c-/src/IntelligenceStack/IntelligenceStack.csproj]
         /home/runner/work/trading-bot-c-/trading-bot-c-/src/IntelligenceStack/ObservabilityDashboard.cs(45,26): error CA1823: Unused field 'SpreadMultiplierThreshold' (https://learn.microsoft.com/dotnet/fundamentals/code-analysis/quality-rules/ca1823) [/home/runner/work/trading-bot-c-/trading-bot-c-/src/IntelligenceStack/IntelligenceStack.csproj]
         /home/runner/work/trading-bot-c-/trading-bot-c-/src/IntelligenceStack/ObservabilityDashboard.cs(55,23): error CA1823: Unused field 'DefaultModelCount' (https://learn.microsoft.com/dotnet/fundamentals/code-analysis/quality-rules/ca1823) [/home/runner/work/trading-bot-c-/trading-bot-c-/src/IntelligenceStack/IntelligenceStack.csproj]
         /home/runner/work/trading-bot-c-/trading-bot-c-/src/IntelligenceStack/ObservabilityDashboard.cs(56,23): error CA1823: Unused field 'DefaultLatencyValue' (https://learn.microsoft.com/dotnet/fundamentals/code-analysis/quality-rules/ca1823) [/home/runner/work/trading-bot-c-/trading-bot-c-/src/IntelligenceStack/IntelligenceStack.csproj]
         /home/runner/work/trading-bot-c-/trading-bot-c-/src/IntelligenceStack/ObservabilityDashboard.cs(303,42): error CA1822: Member 'GetSlippageVsSpreadAsync' does not access instance data and can be marked as static (https://learn.microsoft.com/dotnet/fundamentals/code-analysis/quality-rules/ca1822) [/home/runner/work/trading-bot-c-/trading-bot-c-/src/IntelligenceStack/IntelligenceStack.csproj]
         /home/runner/work/trading-bot-c-/trading-bot-c-/src/IntelligenceStack/NightlyParameterTuner.cs(609,48): error S6608: Indexing at 0 should be used instead of the "Enumerable" extension method "First" (https://rules.sonarsource.com/csharp/RSPEC-6608) [/home/runner/work/trading-bot-c-/trading-bot-c-/src/IntelligenceStack/IntelligenceStack.csproj]
         /home/runner/work/trading-bot-c-/trading-bot-c-/src/IntelligenceStack/MAMLLiveIntegration.cs(487,5): error AsyncFixer01: The method 'UpdateEnsembleWeightsAsync' does not need to use async/await. (https://github.com/semihokur/AsyncFixer) [/home/runner/work/trading-bot-c-/trading-bot-c-/src/IntelligenceStack/IntelligenceStack.csproj]
         /home/runner/work/trading-bot-c-/trading-bot-c-/src/IntelligenceStack/MAMLLiveIntegration.cs(443,5): error AsyncFixer01: The method 'ApplyAdaptationAsync' does not need to use async/await. (https://github.com/semihokur/AsyncFixer) [/home/runner/work/trading-bot-c-/trading-bot-c-/src/IntelligenceStack/IntelligenceStack.csproj]
         /home/runner/work/trading-bot-c-/trading-bot-c-/src/IntelligenceStack/MAMLLiveIntegration.cs(489,9): error S1172: Remove this unused method parameter 'step'. (https://rules.sonarsource.com/csharp/RSPEC-1172) [/home/runner/work/trading-bot-c-/trading-bot-c-/src/IntelligenceStack/IntelligenceStack.csproj]
         /home/runner/work/trading-bot-c-/trading-bot-c-/src/IntelligenceStack/MAMLLiveIntegration.cs(461,67): error S109: Assign this magic number '0.1' to a well-named variable or constant, and use that instead. (https://rules.sonarsource.com/csharp/RSPEC-109) [/home/runner/work/trading-bot-c-/trading-bot-c-/src/IntelligenceStack/IntelligenceStack.csproj]
         /home/runner/work/trading-bot-c-/trading-bot-c-/src/IntelligenceStack/MAMLLiveIntegration.cs(461,81): error S109: Assign this magic number '2' to a well-named variable or constant, and use that instead. (https://rules.sonarsource.com/csharp/RSPEC-109) [/home/runner/work/trading-bot-c-/trading-bot-c-/src/IntelligenceStack/IntelligenceStack.csproj]
         /home/runner/work/trading-bot-c-/trading-bot-c-/src/IntelligenceStack/MAMLLiveIntegration.cs(479,70): error S109: Assign this magic number '100' to a well-named variable or constant, and use that instead. (https://rules.sonarsource.com/csharp/RSPEC-109) [/home/runner/work/trading-bot-c-/trading-bot-c-/src/IntelligenceStack/IntelligenceStack.csproj]
         /home/runner/work/trading-bot-c-/trading-bot-c-/src/IntelligenceStack/MAMLLiveIntegration.cs(471,22): error CA1854: Prefer a 'TryGetValue' call over a Dictionary indexer access guarded by a 'ContainsKey' check to avoid double lookup (https://learn.microsoft.com/dotnet/fundamentals/code-analysis/quality-rules/ca1854) [/home/runner/work/trading-bot-c-/trading-bot-c-/src/IntelligenceStack/IntelligenceStack.csproj]
         /home/runner/work/trading-bot-c-/trading-bot-c-/src/IntelligenceStack/LineageTrackingSystem.cs(384,17): error CA1848: For improved performance, use the LoggerMessage delegates instead of calling 'LoggerExtensions.LogWarning(ILogger, Exception?, string?, params object?[])' (https://learn.microsoft.com/dotnet/fundamentals/code-analysis/quality-rules/ca1848) [/home/runner/work/trading-bot-c-/trading-bot-c-/src/IntelligenceStack/IntelligenceStack.csproj]
         /home/runner/work/trading-bot-c-/trading-bot-c-/src/IntelligenceStack/LineageTrackingSystem.cs(382,13): error CA1031: Modify 'GetCurrentModelVersionsAsync' to catch a more specific allowed exception type, or rethrow the exception (https://learn.microsoft.com/dotnet/fundamentals/code-analysis/quality-rules/ca1031) [/home/runner/work/trading-bot-c-/trading-bot-c-/src/IntelligenceStack/IntelligenceStack.csproj]
         /home/runner/work/trading-bot-c-/trading-bot-c-/src/IntelligenceStack/LineageTrackingSystem.cs(401,13): error CA1848: For improved performance, use the LoggerMessage delegates instead of calling 'LoggerExtensions.LogWarning(ILogger, Exception?, string?, params object?[])' (https://learn.microsoft.com/dotnet/fundamentals/code-analysis/quality-rules/ca1848) [/home/runner/work/trading-bot-c-/trading-bot-c-/src/IntelligenceStack/IntelligenceStack.csproj]
         /home/runner/work/trading-bot-c-/trading-bot-c-/src/IntelligenceStack/LineageTrackingSystem.cs(399,9): error CA1031: Modify 'GetCurrentFeatureStoreVersionAsync' to catch a more specific allowed exception type, or rethrow the exception (https://learn.microsoft.com/dotnet/fundamentals/code-analysis/quality-rules/ca1031) [/home/runner/work/trading-bot-c-/trading-bot-c-/src/IntelligenceStack/IntelligenceStack.csproj]
         /home/runner/work/trading-bot-c-/trading-bot-c-/src/IntelligenceStack/MAMLLiveIntegration.cs(557,26): error CA1307: 'string.Contains(string)' has a method overload that takes a 'StringComparison' parameter. Replace this call in 'TradingBot.IntelligenceStack.MamlLiveIntegration.GetStrategyPrediction(TradingBot.IntelligenceStack.TrainingExample, string)' with a call to 'string.Contains(string, System.StringComparison)' for clarity of intent. (https://learn.microsoft.com/dotnet/fundamentals/code-analysis/quality-rules/ca1307) [/home/runner/work/trading-bot-c-/trading-bot-c-/src/IntelligenceStack/IntelligenceStack.csproj]
         /home/runner/work/trading-bot-c-/trading-bot-c-/src/IntelligenceStack/MAMLLiveIntegration.cs(558,26): error CA1307: 'string.Contains(string)' has a method overload that takes a 'StringComparison' parameter. Replace this call in 'TradingBot.IntelligenceStack.MamlLiveIntegration.GetStrategyPrediction(TradingBot.IntelligenceStack.TrainingExample, string)' with a call to 'string.Contains(string, System.StringComparison)' for clarity of intent. (https://learn.microsoft.com/dotnet/fundamentals/code-analysis/quality-rules/ca1307) [/home/runner/work/trading-bot-c-/trading-bot-c-/src/IntelligenceStack/IntelligenceStack.csproj]
         /home/runner/work/trading-bot-c-/trading-bot-c-/src/IntelligenceStack/LineageTrackingSystem.cs(447,44): error S109: Assign this magic number '16' to a well-named variable or constant, and use that instead. (https://rules.sonarsource.com/csharp/RSPEC-109) [/home/runner/work/trading-bot-c-/trading-bot-c-/src/IntelligenceStack/IntelligenceStack.csproj]
         /home/runner/work/trading-bot-c-/trading-bot-c-/src/IntelligenceStack/NightlyParameterTuner.cs(660,42): error S2325: Make 'EvolvePopulationAsync' a static method. (https://rules.sonarsource.com/csharp/RSPEC-2325) [/home/runner/work/trading-bot-c-/trading-bot-c-/src/IntelligenceStack/IntelligenceStack.csproj]
         /home/runner/work/trading-bot-c-/trading-bot-c-/src/IntelligenceStack/LineageTrackingSystem.cs(423,17): error CA1848: For improved performance, use the LoggerMessage delegates instead of calling 'LoggerExtensions.LogWarning(ILogger, Exception?, string?, params object?[])' (https://learn.microsoft.com/dotnet/fundamentals/code-analysis/quality-rules/ca1848) [/home/runner/work/trading-bot-c-/trading-bot-c-/src/IntelligenceStack/IntelligenceStack.csproj]
         /home/runner/work/trading-bot-c-/trading-bot-c-/src/IntelligenceStack/LineageTrackingSystem.cs(421,13): error CA1031: Modify 'GetCurrentCalibrationMapsAsync' to catch a more specific allowed exception type, or rethrow the exception (https://learn.microsoft.com/dotnet/fundamentals/code-analysis/quality-rules/ca1031) [/home/runner/work/trading-bot-c-/trading-bot-c-/src/IntelligenceStack/IntelligenceStack.csproj]
         /home/runner/work/trading-bot-c-/trading-bot-c-/src/IntelligenceStack/MAMLLiveIntegration.cs(572,13): error CA1848: For improved performance, use the LoggerMessage delegates instead of calling 'LoggerExtensions.LogDebug(ILogger, string?, params object?[])' (https://learn.microsoft.com/dotnet/fundamentals/code-analysis/quality-rules/ca1848) [/home/runner/work/trading-bot-c-/trading-bot-c-/src/IntelligenceStack/IntelligenceStack.csproj]
         /home/runner/work/trading-bot-c-/trading-bot-c-/src/IntelligenceStack/MAMLLiveIntegration.cs(580,17): error CA1848: For improved performance, use the LoggerMessage delegates instead of calling 'LoggerExtensions.LogInformation(ILogger, string?, params object?[])' (https://learn.microsoft.com/dotnet/fundamentals/code-analysis/quality-rules/ca1848) [/home/runner/work/trading-bot-c-/trading-bot-c-/src/IntelligenceStack/IntelligenceStack.csproj]
         /home/runner/work/trading-bot-c-/trading-bot-c-/src/IntelligenceStack/MAMLLiveIntegration.cs(589,17): error CA1848: For improved performance, use the LoggerMessage delegates instead of calling 'LoggerExtensions.LogInformation(ILogger, string?, params object?[])' (https://learn.microsoft.com/dotnet/fundamentals/code-analysis/quality-rules/ca1848) [/home/runner/work/trading-bot-c-/trading-bot-c-/src/IntelligenceStack/IntelligenceStack.csproj]
         /home/runner/work/trading-bot-c-/trading-bot-c-/src/IntelligenceStack/MAMLLiveIntegration.cs(594,13): error CA1848: For improved performance, use the LoggerMessage delegates instead of calling 'LoggerExtensions.LogWarning(ILogger, string?, params object?[])' (https://learn.microsoft.com/dotnet/fundamentals/code-analysis/quality-rules/ca1848) [/home/runner/work/trading-bot-c-/trading-bot-c-/src/IntelligenceStack/IntelligenceStack.csproj]
         /home/runner/work/trading-bot-c-/trading-bot-c-/src/IntelligenceStack/MAMLLiveIntegration.cs(600,13): error CA1848: For improved performance, use the LoggerMessage delegates instead of calling 'LoggerExtensions.LogError(ILogger, Exception?, string?, params object?[])' (https://learn.microsoft.com/dotnet/fundamentals/code-analysis/quality-rules/ca1848) [/home/runner/work/trading-bot-c-/trading-bot-c-/src/IntelligenceStack/IntelligenceStack.csproj]
         /home/runner/work/trading-bot-c-/trading-bot-c-/src/IntelligenceStack/LineageTrackingSystem.cs(446,20): error CA1850: Prefer static 'System.Security.Cryptography.SHA256.HashData' method over 'ComputeHash' (https://learn.microsoft.com/dotnet/fundamentals/code-analysis/quality-rules/ca1850) [/home/runner/work/trading-bot-c-/trading-bot-c-/src/IntelligenceStack/IntelligenceStack.csproj]
         /home/runner/work/trading-bot-c-/trading-bot-c-/src/IntelligenceStack/MAMLLiveIntegration.cs(598,9): error CA1031: Modify 'LoadRealTrainingExamplesAsync' to catch a more specific allowed exception type, or rethrow the exception (https://learn.microsoft.com/dotnet/fundamentals/code-analysis/quality-rules/ca1031) [/home/runner/work/trading-bot-c-/trading-bot-c-/src/IntelligenceStack/IntelligenceStack.csproj]
         /home/runner/work/trading-bot-c-/trading-bot-c-/src/IntelligenceStack/NightlyParameterTuner.cs(702,114): error S109: Assign this magic number '10000' to a well-named variable or constant, and use that instead. (https://rules.sonarsource.com/csharp/RSPEC-109) [/home/runner/work/trading-bot-c-/trading-bot-c-/src/IntelligenceStack/IntelligenceStack.csproj]
         /home/runner/work/trading-bot-c-/trading-bot-c-/src/IntelligenceStack/NightlyParameterTuner.cs(702,123): error S109: Assign this magic number '10000' to a well-named variable or constant, and use that instead. (https://rules.sonarsource.com/csharp/RSPEC-109) [/home/runner/work/trading-bot-c-/trading-bot-c-/src/IntelligenceStack/IntelligenceStack.csproj]
         /home/runner/work/trading-bot-c-/trading-bot-c-/src/IntelligenceStack/NightlyParameterTuner.cs(703,136): error S109: Assign this magic number '10000' to a well-named variable or constant, and use that instead. (https://rules.sonarsource.com/csharp/RSPEC-109) [/home/runner/work/trading-bot-c-/trading-bot-c-/src/IntelligenceStack/IntelligenceStack.csproj]
         /home/runner/work/trading-bot-c-/trading-bot-c-/src/IntelligenceStack/NightlyParameterTuner.cs(703,145): error S109: Assign this magic number '10000' to a well-named variable or constant, and use that instead. (https://rules.sonarsource.com/csharp/RSPEC-109) [/home/runner/work/trading-bot-c-/trading-bot-c-/src/IntelligenceStack/IntelligenceStack.csproj]
         /home/runner/work/trading-bot-c-/trading-bot-c-/src/IntelligenceStack/NightlyParameterTuner.cs(712,30): error S109: Assign this magic number '0.5' to a well-named variable or constant, and use that instead. (https://rules.sonarsource.com/csharp/RSPEC-109) [/home/runner/work/trading-bot-c-/trading-bot-c-/src/IntelligenceStack/IntelligenceStack.csproj]
         /home/runner/work/trading-bot-c-/trading-bot-c-/src/IntelligenceStack/NightlyParameterTuner.cs(712,54): error S109: Assign this magic number '0.2' to a well-named variable or constant, and use that instead. (https://rules.sonarsource.com/csharp/RSPEC-109) [/home/runner/work/trading-bot-c-/trading-bot-c-/src/IntelligenceStack/IntelligenceStack.csproj]
         /home/runner/work/trading-bot-c-/trading-bot-c-/src/IntelligenceStack/NightlyParameterTuner.cs(712,61): error S109: Assign this magic number '0.3' to a well-named variable or constant, and use that instead. (https://rules.sonarsource.com/csharp/RSPEC-109) [/home/runner/work/trading-bot-c-/trading-bot-c-/src/IntelligenceStack/IntelligenceStack.csproj]
         /home/runner/work/trading-bot-c-/trading-bot-c-/src/IntelligenceStack/NightlyParameterTuner.cs(712,86): error S109: Assign this magic number '10' to a well-named variable or constant, and use that instead. (https://rules.sonarsource.com/csharp/RSPEC-109) [/home/runner/work/trading-bot-c-/trading-bot-c-/src/IntelligenceStack/IntelligenceStack.csproj]
         /home/runner/work/trading-bot-c-/trading-bot-c-/src/IntelligenceStack/NightlyParameterTuner.cs(712,94): error S109: Assign this magic number '0.2' to a well-named variable or constant, and use that instead. (https://rules.sonarsource.com/csharp/RSPEC-109) [/home/runner/work/trading-bot-c-/trading-bot-c-/src/IntelligenceStack/IntelligenceStack.csproj]
         /home/runner/work/trading-bot-c-/trading-bot-c-/src/IntelligenceStack/MAMLLiveIntegration.cs(608,72): error S1172: Remove this unused method parameter 'regime'. (https://rules.sonarsource.com/csharp/RSPEC-1172) [/home/runner/work/trading-bot-c-/trading-bot-c-/src/IntelligenceStack/IntelligenceStack.csproj]
         /home/runner/work/trading-bot-c-/trading-bot-c-/src/IntelligenceStack/MAMLLiveIntegration.cs(608,91): error S1172: Remove this unused method parameter 'count'. (https://rules.sonarsource.com/csharp/RSPEC-1172) [/home/runner/work/trading-bot-c-/trading-bot-c-/src/IntelligenceStack/IntelligenceStack.csproj]
         /home/runner/work/trading-bot-c-/trading-bot-c-/src/IntelligenceStack/MAMLLiveIntegration.cs(608,102): error S1172: Remove this unused method parameter 'cancellationToken'. (https://rules.sonarsource.com/csharp/RSPEC-1172) [/home/runner/work/trading-bot-c-/trading-bot-c-/src/IntelligenceStack/IntelligenceStack.csproj]
         /home/runner/work/trading-bot-c-/trading-bot-c-/src/IntelligenceStack/MAMLLiveIntegration.cs(616,17): error CA1848: For improved performance, use the LoggerMessage delegates instead of calling 'LoggerExtensions.LogDebug(ILogger, string?, params object?[])' (https://learn.microsoft.com/dotnet/fundamentals/code-analysis/quality-rules/ca1848) [/home/runner/work/trading-bot-c-/trading-bot-c-/src/IntelligenceStack/IntelligenceStack.csproj]
         /home/runner/work/trading-bot-c-/trading-bot-c-/src/IntelligenceStack/MAMLLiveIntegration.cs(622,13): error CA1848: For improved performance, use the LoggerMessage delegates instead of calling 'LoggerExtensions.LogDebug(ILogger, string?, params object?[])' (https://learn.microsoft.com/dotnet/fundamentals/code-analysis/quality-rules/ca1848) [/home/runner/work/trading-bot-c-/trading-bot-c-/src/IntelligenceStack/IntelligenceStack.csproj]
         /home/runner/work/trading-bot-c-/trading-bot-c-/src/IntelligenceStack/MAMLLiveIntegration.cs(629,13): error CA1848: For improved performance, use the LoggerMessage delegates instead of calling 'LoggerExtensions.LogWarning(ILogger, Exception?, string?, params object?[])' (https://learn.microsoft.com/dotnet/fundamentals/code-analysis/quality-rules/ca1848) [/home/runner/work/trading-bot-c-/trading-bot-c-/src/IntelligenceStack/IntelligenceStack.csproj]
         /home/runner/work/trading-bot-c-/trading-bot-c-/src/IntelligenceStack/MAMLLiveIntegration.cs(637,94): error S1172: Remove this unused method parameter 'count'. (https://rules.sonarsource.com/csharp/RSPEC-1172) [/home/runner/work/trading-bot-c-/trading-bot-c-/src/IntelligenceStack/IntelligenceStack.csproj]
         /home/runner/work/trading-bot-c-/trading-bot-c-/src/IntelligenceStack/MAMLLiveIntegration.cs(637,105): error S1172: Remove this unused method parameter 'cancellationToken'. (https://rules.sonarsource.com/csharp/RSPEC-1172) [/home/runner/work/trading-bot-c-/trading-bot-c-/src/IntelligenceStack/IntelligenceStack.csproj]
         /home/runner/work/trading-bot-c-/trading-bot-c-/src/IntelligenceStack/MAMLLiveIntegration.cs(627,9): error CA1031: Modify 'LoadFromTradingHistoryDatabase' to catch a more specific allowed exception type, or rethrow the exception (https://learn.microsoft.com/dotnet/fundamentals/code-analysis/quality-rules/ca1031) [/home/runner/work/trading-bot-c-/trading-bot-c-/src/IntelligenceStack/IntelligenceStack.csproj]
         /home/runner/work/trading-bot-c-/trading-bot-c-/src/IntelligenceStack/LineageTrackingSystem.cs(499,13): error CA1848: For improved performance, use the LoggerMessage delegates instead of calling 'LoggerExtensions.LogWarning(ILogger, Exception?, string?, params object?[])' (https://learn.microsoft.com/dotnet/fundamentals/code-analysis/quality-rules/ca1848) [/home/runner/work/trading-bot-c-/trading-bot-c-/src/IntelligenceStack/IntelligenceStack.csproj]
         /home/runner/work/trading-bot-c-/trading-bot-c-/src/IntelligenceStack/MAMLLiveIntegration.cs(648,13): error CA1848: For improved performance, use the LoggerMessage delegates instead of calling 'LoggerExtensions.LogDebug(ILogger, string?, params object?[])' (https://learn.microsoft.com/dotnet/fundamentals/code-analysis/quality-rules/ca1848) [/home/runner/work/trading-bot-c-/trading-bot-c-/src/IntelligenceStack/IntelligenceStack.csproj]
         /home/runner/work/trading-bot-c-/trading-bot-c-/src/IntelligenceStack/MAMLLiveIntegration.cs(655,13): error CA1848: For improved performance, use the LoggerMessage delegates instead of calling 'LoggerExtensions.LogWarning(ILogger, Exception?, string?, params object?[])' (https://learn.microsoft.com/dotnet/fundamentals/code-analysis/quality-rules/ca1848) [/home/runner/work/trading-bot-c-/trading-bot-c-/src/IntelligenceStack/IntelligenceStack.csproj]
         /home/runner/work/trading-bot-c-/trading-bot-c-/src/IntelligenceStack/MAMLLiveIntegration.cs(653,9): error CA1031: Modify 'LoadFromExternalDataSources' to catch a more specific allowed exception type, or rethrow the exception (https://learn.microsoft.com/dotnet/fundamentals/code-analysis/quality-rules/ca1031) [/home/runner/work/trading-bot-c-/trading-bot-c-/src/IntelligenceStack/IntelligenceStack.csproj]
         /home/runner/work/trading-bot-c-/trading-bot-c-/src/IntelligenceStack/LineageTrackingSystem.cs(497,9): error CA1031: Modify 'GetModelVersionForDecisionAsync' to catch a more specific allowed exception type, or rethrow the exception (https://learn.microsoft.com/dotnet/fundamentals/code-analysis/quality-rules/ca1031) [/home/runner/work/trading-bot-c-/trading-bot-c-/src/IntelligenceStack/IntelligenceStack.csproj]
         /home/runner/work/trading-bot-c-/trading-bot-c-/src/IntelligenceStack/MAMLLiveIntegration.cs(17,14): error CA1001: Type 'MamlLiveIntegration' owns disposable field(s) '_updateTimer' but is not disposable (https://learn.microsoft.com/dotnet/fundamentals/code-analysis/quality-rules/ca1001) [/home/runner/work/trading-bot-c-/trading-bot-c-/src/IntelligenceStack/IntelligenceStack.csproj]
         /home/runner/work/trading-bot-c-/trading-bot-c-/src/IntelligenceStack/MAMLLiveIntegration.cs(35,23): error CA1823: Unused field 'MaxRecentExamples' (https://learn.microsoft.com/dotnet/fundamentals/code-analysis/quality-rules/ca1823) [/home/runner/work/trading-bot-c-/trading-bot-c-/src/IntelligenceStack/IntelligenceStack.csproj]
         /home/runner/work/trading-bot-c-/trading-bot-c-/src/IntelligenceStack/MAMLLiveIntegration.cs(36,26): error CA1823: Unused field 'DefaultLearningRate' (https://learn.microsoft.com/dotnet/fundamentals/code-analysis/quality-rules/ca1823) [/home/runner/work/trading-bot-c-/trading-bot-c-/src/IntelligenceStack/IntelligenceStack.csproj]
         /home/runner/work/trading-bot-c-/trading-bot-c-/src/IntelligenceStack/MAMLLiveIntegration.cs(37,26): error CA1823: Unused field 'HalfWeight' (https://learn.microsoft.com/dotnet/fundamentals/code-analysis/quality-rules/ca1823) [/home/runner/work/trading-bot-c-/trading-bot-c-/src/IntelligenceStack/IntelligenceStack.csproj]
         /home/runner/work/trading-bot-c-/trading-bot-c-/src/IntelligenceStack/MAMLLiveIntegration.cs(38,26): error CA1823: Unused field 'AdaptationMultiplier' (https://learn.microsoft.com/dotnet/fundamentals/code-analysis/quality-rules/ca1823) [/home/runner/work/trading-bot-c-/trading-bot-c-/src/IntelligenceStack/IntelligenceStack.csproj]
         /home/runner/work/trading-bot-c-/trading-bot-c-/src/IntelligenceStack/MAMLLiveIntegration.cs(39,26): error CA1823: Unused field 'PercentageBase' (https://learn.microsoft.com/dotnet/fundamentals/code-analysis/quality-rules/ca1823) [/home/runner/work/trading-bot-c-/trading-bot-c-/src/IntelligenceStack/IntelligenceStack.csproj]
         /home/runner/work/trading-bot-c-/trading-bot-c-/src/IntelligenceStack/LineageTrackingSystem.cs(513,13): error CA1848: For improved performance, use the LoggerMessage delegates instead of calling 'LoggerExtensions.LogWarning(ILogger, Exception?, string?, params object?[])' (https://learn.microsoft.com/dotnet/fundamentals/code-analysis/quality-rules/ca1848) [/home/runner/work/trading-bot-c-/trading-bot-c-/src/IntelligenceStack/IntelligenceStack.csproj]
         /home/runner/work/trading-bot-c-/trading-bot-c-/src/IntelligenceStack/LineageTrackingSystem.cs(511,9): error CA1031: Modify 'GetCalibrationMapIdAsync' to catch a more specific allowed exception type, or rethrow the exception (https://learn.microsoft.com/dotnet/fundamentals/code-analysis/quality-rules/ca1031) [/home/runner/work/trading-bot-c-/trading-bot-c-/src/IntelligenceStack/IntelligenceStack.csproj]
         /home/runner/work/trading-bot-c-/trading-bot-c-/src/IntelligenceStack/LineageTrackingSystem.cs(531,44): error S109: Assign this magic number '16' to a well-named variable or constant, and use that instead. (https://rules.sonarsource.com/csharp/RSPEC-109) [/home/runner/work/trading-bot-c-/trading-bot-c-/src/IntelligenceStack/IntelligenceStack.csproj]
         /home/runner/work/trading-bot-c-/trading-bot-c-/src/IntelligenceStack/LineageTrackingSystem.cs(530,20): error CA1850: Prefer static 'System.Security.Cryptography.SHA256.HashData' method over 'ComputeHash' (https://learn.microsoft.com/dotnet/fundamentals/code-analysis/quality-rules/ca1850) [/home/runner/work/trading-bot-c-/trading-bot-c-/src/IntelligenceStack/IntelligenceStack.csproj]
         /home/runner/work/trading-bot-c-/trading-bot-c-/src/IntelligenceStack/LeaderElectionService.cs(439,5): error AsyncFixer01: The method 'QuarantineModelAsync' does not need to use async/await. (https://github.com/semihokur/AsyncFixer) [/home/runner/work/trading-bot-c-/trading-bot-c-/src/IntelligenceStack/IntelligenceStack.csproj]
         /home/runner/work/trading-bot-c-/trading-bot-c-/src/IntelligenceStack/LeaderElectionService.cs(461,17): error CA1848: For improved performance, use the LoggerMessage delegates instead of calling 'LoggerExtensions.LogWarning(ILogger, string?, params object?[])' (https://learn.microsoft.com/dotnet/fundamentals/code-analysis/quality-rules/ca1848) [/home/runner/work/trading-bot-c-/trading-bot-c-/src/IntelligenceStack/IntelligenceStack.csproj]
         /home/runner/work/trading-bot-c-/trading-bot-c-/src/IntelligenceStack/LeaderElectionService.cs(465,17): error CA1848: For improved performance, use the LoggerMessage delegates instead of calling 'LoggerExtensions.LogError(ILogger, Exception?, string?, params object?[])' (https://learn.microsoft.com/dotnet/fundamentals/code-analysis/quality-rules/ca1848) [/home/runner/work/trading-bot-c-/trading-bot-c-/src/IntelligenceStack/IntelligenceStack.csproj]
         /home/runner/work/trading-bot-c-/trading-bot-c-/src/IntelligenceStack/LineageTrackingSystem.cs(561,13): error CA1848: For improved performance, use the LoggerMessage delegates instead of calling 'LoggerExtensions.LogWarning(ILogger, Exception?, string?, params object?[])' (https://learn.microsoft.com/dotnet/fundamentals/code-analysis/quality-rules/ca1848) [/home/runner/work/trading-bot-c-/trading-bot-c-/src/IntelligenceStack/IntelligenceStack.csproj]
         /home/runner/work/trading-bot-c-/trading-bot-c-/src/IntelligenceStack/NightlyParameterTuner.cs(779,59): error S2681: This line will not be executed conditionally; only the first line of this 1-line block will be. The rest will execute unconditionally. (https://rules.sonarsource.com/csharp/RSPEC-2681) [/home/runner/work/trading-bot-c-/trading-bot-c-/src/IntelligenceStack/IntelligenceStack.csproj]
         /home/runner/work/trading-bot-c-/trading-bot-c-/src/IntelligenceStack/NightlyParameterTuner.cs(780,65): error S2681: This line will not be executed conditionally; only the first line of this 1-line block will be. The rest will execute unconditionally. (https://rules.sonarsource.com/csharp/RSPEC-2681) [/home/runner/work/trading-bot-c-/trading-bot-c-/src/IntelligenceStack/IntelligenceStack.csproj]
         /home/runner/work/trading-bot-c-/trading-bot-c-/src/IntelligenceStack/LineageTrackingSystem.cs(559,9): error CA1031: Modify 'GetModelLineageAsync' to catch a more specific allowed exception type, or rethrow the exception (https://learn.microsoft.com/dotnet/fundamentals/code-analysis/quality-rules/ca1031) [/home/runner/work/trading-bot-c-/trading-bot-c-/src/IntelligenceStack/IntelligenceStack.csproj]
         /home/runner/work/trading-bot-c-/trading-bot-c-/src/IntelligenceStack/NightlyParameterTuner.cs(781,59): error S2681: This line will not be executed conditionally; only the first line of this 1-line block will be. The rest will execute unconditionally. (https://rules.sonarsource.com/csharp/RSPEC-2681) [/home/runner/work/trading-bot-c-/trading-bot-c-/src/IntelligenceStack/IntelligenceStack.csproj]
         /home/runner/work/trading-bot-c-/trading-bot-c-/src/IntelligenceStack/NightlyParameterTuner.cs(782,67): error S2681: This line will not be executed conditionally; only the first line of this 1-line block will be. The rest will execute unconditionally. (https://rules.sonarsource.com/csharp/RSPEC-2681) [/home/runner/work/trading-bot-c-/trading-bot-c-/src/IntelligenceStack/IntelligenceStack.csproj]
         /home/runner/work/trading-bot-c-/trading-bot-c-/src/IntelligenceStack/LeaderElectionService.cs(463,13): error CA1031: Modify 'QuarantineModelAsync' to catch a more specific allowed exception type, or rethrow the exception (https://learn.microsoft.com/dotnet/fundamentals/code-analysis/quality-rules/ca1031) [/home/runner/work/trading-bot-c-/trading-bot-c-/src/IntelligenceStack/IntelligenceStack.csproj]
         /home/runner/work/trading-bot-c-/trading-bot-c-/src/IntelligenceStack/NightlyParameterTuner.cs(787,5): error AsyncFixer01: The method 'PromoteImprovedModelAsync' does not need to use async/await. (https://github.com/semihokur/AsyncFixer) [/home/runner/work/trading-bot-c-/trading-bot-c-/src/IntelligenceStack/IntelligenceStack.csproj]
         /home/runner/work/trading-bot-c-/trading-bot-c-/src/IntelligenceStack/LineageTrackingSystem.cs(590,13): error CA1848: For improved performance, use the LoggerMessage delegates instead of calling 'LoggerExtensions.LogWarning(ILogger, Exception?, string?, params object?[])' (https://learn.microsoft.com/dotnet/fundamentals/code-analysis/quality-rules/ca1848) [/home/runner/work/trading-bot-c-/trading-bot-c-/src/IntelligenceStack/IntelligenceStack.csproj]
         /home/runner/work/trading-bot-c-/trading-bot-c-/src/IntelligenceStack/LineageTrackingSystem.cs(588,9): error CA1031: Modify 'GetFeatureLineageAsync' to catch a more specific allowed exception type, or rethrow the exception (https://learn.microsoft.com/dotnet/fundamentals/code-analysis/quality-rules/ca1031) [/home/runner/work/trading-bot-c-/trading-bot-c-/src/IntelligenceStack/IntelligenceStack.csproj]
         /home/runner/work/trading-bot-c-/trading-bot-c-/src/IntelligenceStack/LeaderElectionService.cs(470,5): error AsyncFixer01: The method 'TryRestoreModelAsync' does not need to use async/await. (https://github.com/semihokur/AsyncFixer) [/home/runner/work/trading-bot-c-/trading-bot-c-/src/IntelligenceStack/IntelligenceStack.csproj]
         /home/runner/work/trading-bot-c-/trading-bot-c-/src/IntelligenceStack/NightlyParameterTuner.cs(792,9): error CA1848: For improved performance, use the LoggerMessage delegates instead of calling 'LoggerExtensions.LogInformation(ILogger, string?, params object?[])' (https://learn.microsoft.com/dotnet/fundamentals/code-analysis/quality-rules/ca1848) [/home/runner/work/trading-bot-c-/trading-bot-c-/src/IntelligenceStack/IntelligenceStack.csproj]
         /home/runner/work/trading-bot-c-/trading-bot-c-/src/IntelligenceStack/LeaderElectionService.cs(498,25): error CA1848: For improved performance, use the LoggerMessage delegates instead of calling 'LoggerExtensions.LogInformation(ILogger, string?, params object?[])' (https://learn.microsoft.com/dotnet/fundamentals/code-analysis/quality-rules/ca1848) [/home/runner/work/trading-bot-c-/trading-bot-c-/src/IntelligenceStack/IntelligenceStack.csproj]
         /home/runner/work/trading-bot-c-/trading-bot-c-/src/IntelligenceStack/LeaderElectionService.cs(507,17): error CA1848: For improved performance, use the LoggerMessage delegates instead of calling 'LoggerExtensions.LogError(ILogger, Exception?, string?, params object?[])' (https://learn.microsoft.com/dotnet/fundamentals/code-analysis/quality-rules/ca1848) [/home/runner/work/trading-bot-c-/trading-bot-c-/src/IntelligenceStack/IntelligenceStack.csproj]
         /home/runner/work/trading-bot-c-/trading-bot-c-/src/IntelligenceStack/LeaderElectionService.cs(100,17): error S1066: Merge this if statement with the enclosing one. (https://rules.sonarsource.com/csharp/RSPEC-1066) [/home/runner/work/trading-bot-c-/trading-bot-c-/src/IntelligenceStack/IntelligenceStack.csproj]
         /home/runner/work/trading-bot-c-/trading-bot-c-/src/IntelligenceStack/LineageTrackingSystem.cs(595,5): error AsyncFixer01: The method 'GetProcessingChainAsync' does not need to use async/await. (https://github.com/semihokur/AsyncFixer) [/home/runner/work/trading-bot-c-/trading-bot-c-/src/IntelligenceStack/IntelligenceStack.csproj]
         /home/runner/work/trading-bot-c-/trading-bot-c-/src/IntelligenceStack/LeaderElectionService.cs(505,13): error CA1031: Modify 'TryRestoreModelAsync' to catch a more specific allowed exception type, or rethrow the exception (https://learn.microsoft.com/dotnet/fundamentals/code-analysis/quality-rules/ca1031) [/home/runner/work/trading-bot-c-/trading-bot-c-/src/IntelligenceStack/IntelligenceStack.csproj]
         /home/runner/work/trading-bot-c-/trading-bot-c-/src/IntelligenceStack/LineageTrackingSystem.cs(618,56): error S109: Assign this magic number '8' to a well-named variable or constant, and use that instead. (https://rules.sonarsource.com/csharp/RSPEC-109) [/home/runner/work/trading-bot-c-/trading-bot-c-/src/IntelligenceStack/IntelligenceStack.csproj]
         /home/runner/work/trading-bot-c-/trading-bot-c-/src/IntelligenceStack/LineageTrackingSystem.cs(626,55): error S109: Assign this magic number '8' to a well-named variable or constant, and use that instead. (https://rules.sonarsource.com/csharp/RSPEC-109) [/home/runner/work/trading-bot-c-/trading-bot-c-/src/IntelligenceStack/IntelligenceStack.csproj]
         /home/runner/work/trading-bot-c-/trading-bot-c-/src/IntelligenceStack/LineageTrackingSystem.cs(627,55): error S109: Assign this magic number '8' to a well-named variable or constant, and use that instead. (https://rules.sonarsource.com/csharp/RSPEC-109) [/home/runner/work/trading-bot-c-/trading-bot-c-/src/IntelligenceStack/IntelligenceStack.csproj]
         /home/runner/work/trading-bot-c-/trading-bot-c-/src/IntelligenceStack/LeaderElectionService.cs(118,9): error CA1031: Modify 'TryAcquireLeadershipAsync' to catch a more specific allowed exception type, or rethrow the exception (https://learn.microsoft.com/dotnet/fundamentals/code-analysis/quality-rules/ca1031) [/home/runner/work/trading-bot-c-/trading-bot-c-/src/IntelligenceStack/IntelligenceStack.csproj]
         /home/runner/work/trading-bot-c-/trading-bot-c-/src/IntelligenceStack/LeaderElectionService.cs(136,21): error CA1848: For improved performance, use the LoggerMessage delegates instead of calling 'LoggerExtensions.LogDebug(ILogger, string?, params object?[])' (https://learn.microsoft.com/dotnet/fundamentals/code-analysis/quality-rules/ca1848) [/home/runner/work/trading-bot-c-/trading-bot-c-/src/IntelligenceStack/IntelligenceStack.csproj]
         /home/runner/work/trading-bot-c-/trading-bot-c-/src/IntelligenceStack/LeaderElectionService.cs(155,13): error CA1848: For improved performance, use the LoggerMessage delegates instead of calling 'LoggerExtensions.LogInformation(ILogger, string?, params object?[])' (https://learn.microsoft.com/dotnet/fundamentals/code-analysis/quality-rules/ca1848) [/home/runner/work/trading-bot-c-/trading-bot-c-/src/IntelligenceStack/IntelligenceStack.csproj]
         /home/runner/work/trading-bot-c-/trading-bot-c-/src/IntelligenceStack/LeaderElectionService.cs(159,13): error CA1848: For improved performance, use the LoggerMessage delegates instead of calling 'LoggerExtensions.LogError(ILogger, Exception?, string?, params object?[])' (https://learn.microsoft.com/dotnet/fundamentals/code-analysis/quality-rules/ca1848) [/home/runner/work/trading-bot-c-/trading-bot-c-/src/IntelligenceStack/IntelligenceStack.csproj]
         /home/runner/work/trading-bot-c-/trading-bot-c-/src/IntelligenceStack/LeaderElectionService.cs(157,9): error CA1031: Modify 'ReleaseLeadershipAsync' to catch a more specific allowed exception type, or rethrow the exception (https://learn.microsoft.com/dotnet/fundamentals/code-analysis/quality-rules/ca1031) [/home/runner/work/trading-bot-c-/trading-bot-c-/src/IntelligenceStack/IntelligenceStack.csproj]
         /home/runner/work/trading-bot-c-/trading-bot-c-/src/IntelligenceStack/LineageTrackingSystem.cs(634,5): error AsyncFixer01: The method 'RecordLineageEventAsync' does not need to use async/await. (https://github.com/semihokur/AsyncFixer) [/home/runner/work/trading-bot-c-/trading-bot-c-/src/IntelligenceStack/IntelligenceStack.csproj]
         /home/runner/work/trading-bot-c-/trading-bot-c-/src/IntelligenceStack/LineageTrackingSystem.cs(657,5): error AsyncFixer01: The method 'SaveSnapshotAsync' does not need to use async/await. (https://github.com/semihokur/AsyncFixer) [/home/runner/work/trading-bot-c-/trading-bot-c-/src/IntelligenceStack/IntelligenceStack.csproj]
         /home/runner/work/trading-bot-c-/trading-bot-c-/src/IntelligenceStack/LineageTrackingSystem.cs(647,44): error S109: Assign this magic number '10000' to a well-named variable or constant, and use that instead. (https://rules.sonarsource.com/csharp/RSPEC-109) [/home/runner/work/trading-bot-c-/trading-bot-c-/src/IntelligenceStack/IntelligenceStack.csproj]
         /home/runner/work/trading-bot-c-/trading-bot-c-/src/IntelligenceStack/LineageTrackingSystem.cs(660,55): error CA1869: Avoid creating a new 'JsonSerializerOptions' instance for every serialization operation. Cache and reuse instances instead. (https://learn.microsoft.com/dotnet/fundamentals/code-analysis/quality-rules/ca1869) [/home/runner/work/trading-bot-c-/trading-bot-c-/src/IntelligenceStack/IntelligenceStack.csproj]
         /home/runner/work/trading-bot-c-/trading-bot-c-/src/IntelligenceStack/LeaderElectionService.cs(513,5): error AsyncFixer01: The method 'GetQuarantinedModelsAsync' does not need to use async/await. (https://github.com/semihokur/AsyncFixer) [/home/runner/work/trading-bot-c-/trading-bot-c-/src/IntelligenceStack/IntelligenceStack.csproj]
         /home/runner/work/trading-bot-c-/trading-bot-c-/src/IntelligenceStack/LineageTrackingSystem.cs(639,18): error CA1854: Prefer a 'TryGetValue' call over a Dictionary indexer access guarded by a 'ContainsKey' check to avoid double lookup (https://learn.microsoft.com/dotnet/fundamentals/code-analysis/quality-rules/ca1854) [/home/runner/work/trading-bot-c-/trading-bot-c-/src/IntelligenceStack/IntelligenceStack.csproj]
         /home/runner/work/trading-bot-c-/trading-bot-c-/src/IntelligenceStack/LineageTrackingSystem.cs(664,5): error AsyncFixer01: The method 'SaveDecisionLineageAsync' does not need to use async/await. (https://github.com/semihokur/AsyncFixer) [/home/runner/work/trading-bot-c-/trading-bot-c-/src/IntelligenceStack/IntelligenceStack.csproj]
         /home/runner/work/trading-bot-c-/trading-bot-c-/src/IntelligenceStack/LeaderElectionService.cs(195,17): error CA1848: For improved performance, use the LoggerMessage delegates instead of calling 'LoggerExtensions.LogDebug(ILogger, string?, params object?[])' (https://learn.microsoft.com/dotnet/fundamentals/code-analysis/quality-rules/ca1848) [/home/runner/work/trading-bot-c-/trading-bot-c-/src/IntelligenceStack/IntelligenceStack.csproj]
         /home/runner/work/trading-bot-c-/trading-bot-c-/src/IntelligenceStack/LeaderElectionService.cs(209,17): error CA1848: For improved performance, use the LoggerMessage delegates instead of calling 'LoggerExtensions.LogWarning(ILogger, string?, params object?[])' (https://learn.microsoft.com/dotnet/fundamentals/code-analysis/quality-rules/ca1848) [/home/runner/work/trading-bot-c-/trading-bot-c-/src/IntelligenceStack/IntelligenceStack.csproj]
         /home/runner/work/trading-bot-c-/trading-bot-c-/src/IntelligenceStack/LeaderElectionService.cs(215,13): error CA1848: For improved performance, use the LoggerMessage delegates instead of calling 'LoggerExtensions.LogError(ILogger, Exception?, string?, params object?[])' (https://learn.microsoft.com/dotnet/fundamentals/code-analysis/quality-rules/ca1848) [/home/runner/work/trading-bot-c-/trading-bot-c-/src/IntelligenceStack/IntelligenceStack.csproj]
         /home/runner/work/trading-bot-c-/trading-bot-c-/src/IntelligenceStack/LineageTrackingSystem.cs(679,53): error CA1869: Avoid creating a new 'JsonSerializerOptions' instance for every serialization operation. Cache and reuse instances instead. (https://learn.microsoft.com/dotnet/fundamentals/code-analysis/quality-rules/ca1869) [/home/runner/work/trading-bot-c-/trading-bot-c-/src/IntelligenceStack/IntelligenceStack.csproj]
         /home/runner/work/trading-bot-c-/trading-bot-c-/src/IntelligenceStack/LeaderElectionService.cs(213,9): error CA1031: Modify 'RenewLeadershipAsync' to catch a more specific allowed exception type, or rethrow the exception (https://learn.microsoft.com/dotnet/fundamentals/code-analysis/quality-rules/ca1031) [/home/runner/work/trading-bot-c-/trading-bot-c-/src/IntelligenceStack/IntelligenceStack.csproj]
         /home/runner/work/trading-bot-c-/trading-bot-c-/src/IntelligenceStack/LeaderElectionService.cs(233,59): error CA1869: Avoid creating a new 'JsonSerializerOptions' instance for every serialization operation. Cache and reuse instances instead. (https://learn.microsoft.com/dotnet/fundamentals/code-analysis/quality-rules/ca1869) [/home/runner/work/trading-bot-c-/trading-bot-c-/src/IntelligenceStack/IntelligenceStack.csproj]
         /home/runner/work/trading-bot-c-/trading-bot-c-/src/IntelligenceStack/LeaderElectionService.cs(246,13): error CA1848: For improved performance, use the LoggerMessage delegates instead of calling 'LoggerExtensions.LogDebug(ILogger, Exception?, string?, params object?[])' (https://learn.microsoft.com/dotnet/fundamentals/code-analysis/quality-rules/ca1848) [/home/runner/work/trading-bot-c-/trading-bot-c-/src/IntelligenceStack/IntelligenceStack.csproj]
         /home/runner/work/trading-bot-c-/trading-bot-c-/src/IntelligenceStack/LeaderElectionService.cs(244,9): error CA1031: Modify 'TryCreateLockFileAsync' to catch a more specific allowed exception type, or rethrow the exception (https://learn.microsoft.com/dotnet/fundamentals/code-analysis/quality-rules/ca1031) [/home/runner/work/trading-bot-c-/trading-bot-c-/src/IntelligenceStack/IntelligenceStack.csproj]
         /home/runner/work/trading-bot-c-/trading-bot-c-/src/IntelligenceStack/LineageTrackingSystem.cs(683,5): error AsyncFixer01: The method 'SaveLineageEventAsync' does not need to use async/await. (https://github.com/semihokur/AsyncFixer) [/home/runner/work/trading-bot-c-/trading-bot-c-/src/IntelligenceStack/IntelligenceStack.csproj]
         /home/runner/work/trading-bot-c-/trading-bot-c-/src/IntelligenceStack/LeaderElectionService.cs(552,17): error S2589: Change this condition so that it does not always evaluate to 'True'. (https://rules.sonarsource.com/csharp/RSPEC-2589) [/home/runner/work/trading-bot-c-/trading-bot-c-/src/IntelligenceStack/IntelligenceStack.csproj]
         /home/runner/work/trading-bot-c-/trading-bot-c-/src/IntelligenceStack/LineageTrackingSystem.cs(686,59): error CA1869: Avoid creating a new 'JsonSerializerOptions' instance for every serialization operation. Cache and reuse instances instead. (https://learn.microsoft.com/dotnet/fundamentals/code-analysis/quality-rules/ca1869) [/home/runner/work/trading-bot-c-/trading-bot-c-/src/IntelligenceStack/IntelligenceStack.csproj]
         /home/runner/work/trading-bot-c-/trading-bot-c-/src/IntelligenceStack/LeaderElectionService.cs(559,13): error CA1848: For improved performance, use the LoggerMessage delegates instead of calling 'LoggerExtensions.LogError(ILogger, Exception?, string?, params object?[])' (https://learn.microsoft.com/dotnet/fundamentals/code-analysis/quality-rules/ca1848) [/home/runner/work/trading-bot-c-/trading-bot-c-/src/IntelligenceStack/IntelligenceStack.csproj]
         /home/runner/work/trading-bot-c-/trading-bot-c-/src/IntelligenceStack/LeaderElectionService.cs(557,9): error CA1031: Modify 'UpdateModelPerformanceAsync' to catch a more specific allowed exception type, or rethrow the exception (https://learn.microsoft.com/dotnet/fundamentals/code-analysis/quality-rules/ca1031) [/home/runner/work/trading-bot-c-/trading-bot-c-/src/IntelligenceStack/IntelligenceStack.csproj]
         /home/runner/work/trading-bot-c-/trading-bot-c-/src/IntelligenceStack/LeaderElectionService.cs(307,13): error S1854: Remove this useless assignment to local variable '_'. (https://rules.sonarsource.com/csharp/RSPEC-1854) [/home/runner/work/trading-bot-c-/trading-bot-c-/src/IntelligenceStack/IntelligenceStack.csproj]
         /home/runner/work/trading-bot-c-/trading-bot-c-/src/IntelligenceStack/LeaderElectionService.cs(273,17): error CA1848: For improved performance, use the LoggerMessage delegates instead of calling 'LoggerExtensions.LogInformation(ILogger, string?, params object?[])' (https://learn.microsoft.com/dotnet/fundamentals/code-analysis/quality-rules/ca1848) [/home/runner/work/trading-bot-c-/trading-bot-c-/src/IntelligenceStack/IntelligenceStack.csproj]
         /home/runner/work/trading-bot-c-/trading-bot-c-/src/IntelligenceStack/LeaderElectionService.cs(282,13): error CA1848: For improved performance, use the LoggerMessage delegates instead of calling 'LoggerExtensions.LogWarning(ILogger, Exception?, string?, params object?[])' (https://learn.microsoft.com/dotnet/fundamentals/code-analysis/quality-rules/ca1848) [/home/runner/work/trading-bot-c-/trading-bot-c-/src/IntelligenceStack/IntelligenceStack.csproj]
         /home/runner/work/trading-bot-c-/trading-bot-c-/src/IntelligenceStack/LeaderElectionService.cs(280,9): error CA1031: Modify 'CanTakeoverLeadershipAsync' to catch a more specific allowed exception type, or rethrow the exception (https://learn.microsoft.com/dotnet/fundamentals/code-analysis/quality-rules/ca1031) [/home/runner/work/trading-bot-c-/trading-bot-c-/src/IntelligenceStack/IntelligenceStack.csproj]
         /home/runner/work/trading-bot-c-/trading-bot-c-/src/IntelligenceStack/LeaderElectionService.cs(315,17): error CA1848: For improved performance, use the LoggerMessage delegates instead of calling 'LoggerExtensions.LogError(ILogger, Exception?, string?, params object?[])' (https://learn.microsoft.com/dotnet/fundamentals/code-analysis/quality-rules/ca1848) [/home/runner/work/trading-bot-c-/trading-bot-c-/src/IntelligenceStack/IntelligenceStack.csproj]
         /home/runner/work/trading-bot-c-/trading-bot-c-/src/IntelligenceStack/LeaderElectionService.cs(320,9): error CA1848: For improved performance, use the LoggerMessage delegates instead of calling 'LoggerExtensions.LogDebug(ILogger, string?, params object?[])' (https://learn.microsoft.com/dotnet/fundamentals/code-analysis/quality-rules/ca1848) [/home/runner/work/trading-bot-c-/trading-bot-c-/src/IntelligenceStack/IntelligenceStack.csproj]
         /home/runner/work/trading-bot-c-/trading-bot-c-/src/IntelligenceStack/LeaderElectionService.cs(313,13): error CA1031: Modify 'StartRenewalTimer' to catch a more specific allowed exception type, or rethrow the exception (https://learn.microsoft.com/dotnet/fundamentals/code-analysis/quality-rules/ca1031) [/home/runner/work/trading-bot-c-/trading-bot-c-/src/IntelligenceStack/IntelligenceStack.csproj]
         /home/runner/work/trading-bot-c-/trading-bot-c-/src/IntelligenceStack/LineageTrackingSystem.cs(690,5): error AsyncFixer01: The method 'GetEventsInPeriodAsync' does not need to use async/await. (https://github.com/semihokur/AsyncFixer) [/home/runner/work/trading-bot-c-/trading-bot-c-/src/IntelligenceStack/IntelligenceStack.csproj]
         /home/runner/work/trading-bot-c-/trading-bot-c-/src/IntelligenceStack/LeaderElectionService.cs(563,24): error S1541: The Cyclomatic Complexity of this method is 11 which is greater than 10 authorized. (https://rules.sonarsource.com/csharp/RSPEC-1541) [/home/runner/work/trading-bot-c-/trading-bot-c-/src/IntelligenceStack/IntelligenceStack.csproj]
         /home/runner/work/trading-bot-c-/trading-bot-c-/src/IntelligenceStack/LeaderElectionService.cs(366,17): error CA1848: For improved performance, use the LoggerMessage delegates instead of calling 'LoggerExtensions.LogWarning(ILogger, Exception?, string?, params object?[])' (https://learn.microsoft.com/dotnet/fundamentals/code-analysis/quality-rules/ca1848) [/home/runner/work/trading-bot-c-/trading-bot-c-/src/IntelligenceStack/IntelligenceStack.csproj]
         /home/runner/work/trading-bot-c-/trading-bot-c-/src/IntelligenceStack/LeaderElectionService.cs(364,13): error CA1031: Modify 'Dispose' to catch a more specific allowed exception type, or rethrow the exception (https://learn.microsoft.com/dotnet/fundamentals/code-analysis/quality-rules/ca1031) [/home/runner/work/trading-bot-c-/trading-bot-c-/src/IntelligenceStack/IntelligenceStack.csproj]
         /home/runner/work/trading-bot-c-/trading-bot-c-/src/IntelligenceStack/LeaderElectionService.cs(609,13): error CA1848: For improved performance, use the LoggerMessage delegates instead of calling 'LoggerExtensions.LogInformation(ILogger, string?, params object?[])' (https://learn.microsoft.com/dotnet/fundamentals/code-analysis/quality-rules/ca1848) [/home/runner/work/trading-bot-c-/trading-bot-c-/src/IntelligenceStack/IntelligenceStack.csproj]
         /home/runner/work/trading-bot-c-/trading-bot-c-/src/IntelligenceStack/IntelligenceStackServiceExtensions.cs(350,19): error CA1024: Use properties where appropriate (https://learn.microsoft.com/dotnet/fundamentals/code-analysis/quality-rules/ca1024) [/home/runner/work/trading-bot-c-/trading-bot-c-/src/IntelligenceStack/IntelligenceStack.csproj]
         /home/runner/work/trading-bot-c-/trading-bot-c-/src/IntelligenceStack/LineageTrackingSystem.cs(717,41): error S6602: "Find" method should be used instead of the "FirstOrDefault" extension method. (https://rules.sonarsource.com/csharp/RSPEC-6602) [/home/runner/work/trading-bot-c-/trading-bot-c-/src/IntelligenceStack/IntelligenceStack.csproj]
         /home/runner/work/trading-bot-c-/trading-bot-c-/src/IntelligenceStack/IntelligenceStackServiceExtensions.cs(223,49): error S6605: Collection-specific "Exists" method should be used instead of the "Any" extension. (https://rules.sonarsource.com/csharp/RSPEC-6605) [/home/runner/work/trading-bot-c-/trading-bot-c-/src/IntelligenceStack/IntelligenceStack.csproj]
         /home/runner/work/trading-bot-c-/trading-bot-c-/src/IntelligenceStack/IntelligenceStackServiceExtensions.cs(276,9): error CA1848: For improved performance, use the LoggerMessage delegates instead of calling 'LoggerExtensions.LogInformation(ILogger, string?, params object?[])' (https://learn.microsoft.com/dotnet/fundamentals/code-analysis/quality-rules/ca1848) [/home/runner/work/trading-bot-c-/trading-bot-c-/src/IntelligenceStack/IntelligenceStack.csproj]
         /home/runner/work/trading-bot-c-/trading-bot-c-/src/IntelligenceStack/IntelligenceStackServiceExtensions.cs(277,9): error CA1848: For improved performance, use the LoggerMessage delegates instead of calling 'LoggerExtensions.LogInformation(ILogger, string?, params object?[])' (https://learn.microsoft.com/dotnet/fundamentals/code-analysis/quality-rules/ca1848) [/home/runner/work/trading-bot-c-/trading-bot-c-/src/IntelligenceStack/IntelligenceStack.csproj]
         /home/runner/work/trading-bot-c-/trading-bot-c-/src/IntelligenceStack/IntelligenceStackServiceExtensions.cs(278,9): error CA1848: For improved performance, use the LoggerMessage delegates instead of calling 'LoggerExtensions.LogInformation(ILogger, string?, params object?[])' (https://learn.microsoft.com/dotnet/fundamentals/code-analysis/quality-rules/ca1848) [/home/runner/work/trading-bot-c-/trading-bot-c-/src/IntelligenceStack/IntelligenceStack.csproj]
         /home/runner/work/trading-bot-c-/trading-bot-c-/src/IntelligenceStack/IntelligenceStackServiceExtensions.cs(279,9): error CA1848: For improved performance, use the LoggerMessage delegates instead of calling 'LoggerExtensions.LogInformation(ILogger, string?, params object?[])' (https://learn.microsoft.com/dotnet/fundamentals/code-analysis/quality-rules/ca1848) [/home/runner/work/trading-bot-c-/trading-bot-c-/src/IntelligenceStack/IntelligenceStack.csproj]
         /home/runner/work/trading-bot-c-/trading-bot-c-/src/IntelligenceStack/IntelligenceStackServiceExtensions.cs(280,9): error CA1848: For improved performance, use the LoggerMessage delegates instead of calling 'LoggerExtensions.LogInformation(ILogger, string?, params object?[])' (https://learn.microsoft.com/dotnet/fundamentals/code-analysis/quality-rules/ca1848) [/home/runner/work/trading-bot-c-/trading-bot-c-/src/IntelligenceStack/IntelligenceStack.csproj]
         /home/runner/work/trading-bot-c-/trading-bot-c-/src/IntelligenceStack/IntelligenceStackServiceExtensions.cs(281,9): error CA1848: For improved performance, use the LoggerMessage delegates instead of calling 'LoggerExtensions.LogInformation(ILogger, string?, params object?[])' (https://learn.microsoft.com/dotnet/fundamentals/code-analysis/quality-rules/ca1848) [/home/runner/work/trading-bot-c-/trading-bot-c-/src/IntelligenceStack/IntelligenceStack.csproj]
         /home/runner/work/trading-bot-c-/trading-bot-c-/src/IntelligenceStack/IntelligenceStackServiceExtensions.cs(282,9): error CA1848: For improved performance, use the LoggerMessage delegates instead of calling 'LoggerExtensions.LogInformation(ILogger, string?, params object?[])' (https://learn.microsoft.com/dotnet/fundamentals/code-analysis/quality-rules/ca1848) [/home/runner/work/trading-bot-c-/trading-bot-c-/src/IntelligenceStack/IntelligenceStack.csproj]
         /home/runner/work/trading-bot-c-/trading-bot-c-/src/IntelligenceStack/IntelligenceStackServiceExtensions.cs(283,9): error CA1848: For improved performance, use the LoggerMessage delegates instead of calling 'LoggerExtensions.LogInformation(ILogger, string?, params object?[])' (https://learn.microsoft.com/dotnet/fundamentals/code-analysis/quality-rules/ca1848) [/home/runner/work/trading-bot-c-/trading-bot-c-/src/IntelligenceStack/IntelligenceStack.csproj]
         /home/runner/work/trading-bot-c-/trading-bot-c-/src/IntelligenceStack/IntelligenceStackServiceExtensions.cs(284,9): error CA1848: For improved performance, use the LoggerMessage delegates instead of calling 'LoggerExtensions.LogInformation(ILogger, string?, params object?[])' (https://learn.microsoft.com/dotnet/fundamentals/code-analysis/quality-rules/ca1848) [/home/runner/work/trading-bot-c-/trading-bot-c-/src/IntelligenceStack/IntelligenceStack.csproj]
         /home/runner/work/trading-bot-c-/trading-bot-c-/src/IntelligenceStack/IntelligenceStackServiceExtensions.cs(285,9): error CA1848: For improved performance, use the LoggerMessage delegates instead of calling 'LoggerExtensions.LogInformation(ILogger, string?, params object?[])' (https://learn.microsoft.com/dotnet/fundamentals/code-analysis/quality-rules/ca1848) [/home/runner/work/trading-bot-c-/trading-bot-c-/src/IntelligenceStack/IntelligenceStack.csproj]
         /home/runner/work/trading-bot-c-/trading-bot-c-/src/IntelligenceStack/IntelligenceStackServiceExtensions.cs(286,9): error CA1848: For improved performance, use the LoggerMessage delegates instead of calling 'LoggerExtensions.LogInformation(ILogger, string?, params object?[])' (https://learn.microsoft.com/dotnet/fundamentals/code-analysis/quality-rules/ca1848) [/home/runner/work/trading-bot-c-/trading-bot-c-/src/IntelligenceStack/IntelligenceStack.csproj]
         /home/runner/work/trading-bot-c-/trading-bot-c-/src/IntelligenceStack/IntelligenceStackServiceExtensions.cs(287,9): error CA1848: For improved performance, use the LoggerMessage delegates instead of calling 'LoggerExtensions.LogInformation(ILogger, string?, params object?[])' (https://learn.microsoft.com/dotnet/fundamentals/code-analysis/quality-rules/ca1848) [/home/runner/work/trading-bot-c-/trading-bot-c-/src/IntelligenceStack/IntelligenceStack.csproj]
         /home/runner/work/trading-bot-c-/trading-bot-c-/src/IntelligenceStack/IntelligenceStackServiceExtensions.cs(228,25): error CA1848: For improved performance, use the LoggerMessage delegates instead of calling 'LoggerExtensions.LogError(ILogger, string?, params object?[])' (https://learn.microsoft.com/dotnet/fundamentals/code-analysis/quality-rules/ca1848) [/home/runner/work/trading-bot-c-/trading-bot-c-/src/IntelligenceStack/IntelligenceStack.csproj]
         /home/runner/work/trading-bot-c-/trading-bot-c-/src/IntelligenceStack/IntelligenceStackServiceExtensions.cs(234,25): error CA1848: For improved performance, use the LoggerMessage delegates instead of calling 'LoggerExtensions.LogInformation(ILogger, string?, params object?[])' (https://learn.microsoft.com/dotnet/fundamentals/code-analysis/quality-rules/ca1848) [/home/runner/work/trading-bot-c-/trading-bot-c-/src/IntelligenceStack/IntelligenceStack.csproj]
         /home/runner/work/trading-bot-c-/trading-bot-c-/src/IntelligenceStack/IntelligenceStackServiceExtensions.cs(249,17): error CA1848: For improved performance, use the LoggerMessage delegates instead of calling 'LoggerExtensions.LogError(ILogger, Exception?, string?, params object?[])' (https://learn.microsoft.com/dotnet/fundamentals/code-analysis/quality-rules/ca1848) [/home/runner/work/trading-bot-c-/trading-bot-c-/src/IntelligenceStack/IntelligenceStack.csproj]
         /home/runner/work/trading-bot-c-/trading-bot-c-/src/IntelligenceStack/IntelligenceStackServiceExtensions.cs(257,13): error CA1848: For improved performance, use the LoggerMessage delegates instead of calling 'LoggerExtensions.LogInformation(ILogger, string?, params object?[])' (https://learn.microsoft.com/dotnet/fundamentals/code-analysis/quality-rules/ca1848) [/home/runner/work/trading-bot-c-/trading-bot-c-/src/IntelligenceStack/IntelligenceStack.csproj]
         /home/runner/work/trading-bot-c-/trading-bot-c-/src/IntelligenceStack/IntelligenceStackServiceExtensions.cs(258,13): error CA1848: For improved performance, use the LoggerMessage delegates instead of calling 'LoggerExtensions.LogInformation(ILogger, string?, params object?[])' (https://learn.microsoft.com/dotnet/fundamentals/code-analysis/quality-rules/ca1848) [/home/runner/work/trading-bot-c-/trading-bot-c-/src/IntelligenceStack/IntelligenceStack.csproj]
         /home/runner/work/trading-bot-c-/trading-bot-c-/src/IntelligenceStack/IntelligenceStackServiceExtensions.cs(263,13): error CA1848: For improved performance, use the LoggerMessage delegates instead of calling 'LoggerExtensions.LogError(ILogger, string?, params object?[])' (https://learn.microsoft.com/dotnet/fundamentals/code-analysis/quality-rules/ca1848) [/home/runner/work/trading-bot-c-/trading-bot-c-/src/IntelligenceStack/IntelligenceStack.csproj]
         /home/runner/work/trading-bot-c-/trading-bot-c-/src/IntelligenceStack/IntelligenceStackServiceExtensions.cs(266,17): error CA1848: For improved performance, use the LoggerMessage delegates instead of calling 'LoggerExtensions.LogError(ILogger, string?, params object?[])' (https://learn.microsoft.com/dotnet/fundamentals/code-analysis/quality-rules/ca1848) [/home/runner/work/trading-bot-c-/trading-bot-c-/src/IntelligenceStack/IntelligenceStack.csproj]
         /home/runner/work/trading-bot-c-/trading-bot-c-/src/IntelligenceStack/IntelligenceStackServiceExtensions.cs(292,9): error CA1848: For improved performance, use the LoggerMessage delegates instead of calling 'LoggerExtensions.LogInformation(ILogger, string?, params object?[])' (https://learn.microsoft.com/dotnet/fundamentals/code-analysis/quality-rules/ca1848) [/home/runner/work/trading-bot-c-/trading-bot-c-/src/IntelligenceStack/IntelligenceStack.csproj]
         /home/runner/work/trading-bot-c-/trading-bot-c-/src/IntelligenceStack/IntelligenceStackServiceExtensions.cs(301,17): error CA1848: For improved performance, use the LoggerMessage delegates instead of calling 'LoggerExtensions.LogInformation(ILogger, string?, params object?[])' (https://learn.microsoft.com/dotnet/fundamentals/code-analysis/quality-rules/ca1848) [/home/runner/work/trading-bot-c-/trading-bot-c-/src/IntelligenceStack/IntelligenceStack.csproj]
         /home/runner/work/trading-bot-c-/trading-bot-c-/src/IntelligenceStack/IntelligenceStackServiceExtensions.cs(310,17): error CA1848: For improved performance, use the LoggerMessage delegates instead of calling 'LoggerExtensions.LogInformation(ILogger, string?, params object?[])' (https://learn.microsoft.com/dotnet/fundamentals/code-analysis/quality-rules/ca1848) [/home/runner/work/trading-bot-c-/trading-bot-c-/src/IntelligenceStack/IntelligenceStack.csproj]
         /home/runner/work/trading-bot-c-/trading-bot-c-/src/IntelligenceStack/IntelligenceStackServiceExtensions.cs(321,21): error CA1848: For improved performance, use the LoggerMessage delegates instead of calling 'LoggerExtensions.LogInformation(ILogger, string?, params object?[])' (https://learn.microsoft.com/dotnet/fundamentals/code-analysis/quality-rules/ca1848) [/home/runner/work/trading-bot-c-/trading-bot-c-/src/IntelligenceStack/IntelligenceStack.csproj]
         /home/runner/work/trading-bot-c-/trading-bot-c-/src/IntelligenceStack/IntelligenceStackServiceExtensions.cs(326,21): error CA1848: For improved performance, use the LoggerMessage delegates instead of calling 'LoggerExtensions.LogInformation(ILogger, Exception?, string?, params object?[])' (https://learn.microsoft.com/dotnet/fundamentals/code-analysis/quality-rules/ca1848) [/home/runner/work/trading-bot-c-/trading-bot-c-/src/IntelligenceStack/IntelligenceStack.csproj]
         /home/runner/work/trading-bot-c-/trading-bot-c-/src/IntelligenceStack/IntelligenceStackServiceExtensions.cs(330,13): error CA1848: For improved performance, use the LoggerMessage delegates instead of calling 'LoggerExtensions.LogInformation(ILogger, string?, params object?[])' (https://learn.microsoft.com/dotnet/fundamentals/code-analysis/quality-rules/ca1848) [/home/runner/work/trading-bot-c-/trading-bot-c-/src/IntelligenceStack/IntelligenceStack.csproj]
         /home/runner/work/trading-bot-c-/trading-bot-c-/src/IntelligenceStack/IntelligenceStackServiceExtensions.cs(334,13): error CA1848: For improved performance, use the LoggerMessage delegates instead of calling 'LoggerExtensions.LogError(ILogger, Exception?, string?, params object?[])' (https://learn.microsoft.com/dotnet/fundamentals/code-analysis/quality-rules/ca1848) [/home/runner/work/trading-bot-c-/trading-bot-c-/src/IntelligenceStack/IntelligenceStack.csproj]
         /home/runner/work/trading-bot-c-/trading-bot-c-/src/IntelligenceStack/IntelligenceStackServiceExtensions.cs(324,17): error CA1031: Modify 'LogRuntimeProofAsync' to catch a more specific allowed exception type, or rethrow the exception (https://learn.microsoft.com/dotnet/fundamentals/code-analysis/quality-rules/ca1031) [/home/runner/work/trading-bot-c-/trading-bot-c-/src/IntelligenceStack/IntelligenceStack.csproj]
         /home/runner/work/trading-bot-c-/trading-bot-c-/src/IntelligenceStack/IntelligenceStackServiceExtensions.cs(332,9): error CA1031: Modify 'LogRuntimeProofAsync' to catch a more specific allowed exception type, or rethrow the exception (https://learn.microsoft.com/dotnet/fundamentals/code-analysis/quality-rules/ca1031) [/home/runner/work/trading-bot-c-/trading-bot-c-/src/IntelligenceStack/IntelligenceStack.csproj]
         /home/runner/work/trading-bot-c-/trading-bot-c-/src/IntelligenceStack/IntelligenceStackServiceExtensions.cs(246,13): error CA1031: Modify 'VerifyProductionReadinessAsync' to catch a more specific allowed exception type, or rethrow the exception (https://learn.microsoft.com/dotnet/fundamentals/code-analysis/quality-rules/ca1031) [/home/runner/work/trading-bot-c-/trading-bot-c-/src/IntelligenceStack/IntelligenceStack.csproj]
         /home/runner/work/trading-bot-c-/trading-bot-c-/src/IntelligenceStack/LineageTrackingSystem.cs(795,5): error AsyncFixer01: The method 'GetRelatedEventsAsync' does not need to use async/await. (https://github.com/semihokur/AsyncFixer) [/home/runner/work/trading-bot-c-/trading-bot-c-/src/IntelligenceStack/IntelligenceStack.csproj]
         /home/runner/work/trading-bot-c-/trading-bot-c-/src/IntelligenceStack/NightlyParameterTuner.cs(897,75): error CA1869: Avoid creating a new 'JsonSerializerOptions' instance for every serialization operation. Cache and reuse instances instead. (https://learn.microsoft.com/dotnet/fundamentals/code-analysis/quality-rules/ca1869) [/home/runner/work/trading-bot-c-/trading-bot-c-/src/IntelligenceStack/IntelligenceStack.csproj]
         /home/runner/work/trading-bot-c-/trading-bot-c-/src/IntelligenceStack/NightlyParameterTuner.cs(857,9): error CA1848: For improved performance, use the LoggerMessage delegates instead of calling 'LoggerExtensions.LogWarning(ILogger, string?, params object?[])' (https://learn.microsoft.com/dotnet/fundamentals/code-analysis/quality-rules/ca1848) [/home/runner/work/trading-bot-c-/trading-bot-c-/src/IntelligenceStack/IntelligenceStack.csproj]
         /home/runner/work/trading-bot-c-/trading-bot-c-/src/IntelligenceStack/NightlyParameterTuner.cs(929,21): error CA1848: For improved performance, use the LoggerMessage delegates instead of calling 'LoggerExtensions.LogInformation(ILogger, string?, params object?[])' (https://learn.microsoft.com/dotnet/fundamentals/code-analysis/quality-rules/ca1848) [/home/runner/work/trading-bot-c-/trading-bot-c-/src/IntelligenceStack/IntelligenceStack.csproj]
         /home/runner/work/trading-bot-c-/trading-bot-c-/src/IntelligenceStack/NightlyParameterTuner.cs(950,13): error CA1848: For improved performance, use the LoggerMessage delegates instead of calling 'LoggerExtensions.LogInformation(ILogger, string?, params object?[])' (https://learn.microsoft.com/dotnet/fundamentals/code-analysis/quality-rules/ca1848) [/home/runner/work/trading-bot-c-/trading-bot-c-/src/IntelligenceStack/IntelligenceStack.csproj]
         /home/runner/work/trading-bot-c-/trading-bot-c-/src/IntelligenceStack/NightlyParameterTuner.cs(955,13): error CA1848: For improved performance, use the LoggerMessage delegates instead of calling 'LoggerExtensions.LogError(ILogger, Exception?, string?, params object?[])' (https://learn.microsoft.com/dotnet/fundamentals/code-analysis/quality-rules/ca1848) [/home/runner/work/trading-bot-c-/trading-bot-c-/src/IntelligenceStack/IntelligenceStack.csproj]
         /home/runner/work/trading-bot-c-/trading-bot-c-/src/IntelligenceStack/NightlyParameterTuner.cs(965,57): error CA1869: Avoid creating a new 'JsonSerializerOptions' instance for every serialization operation. Cache and reuse instances instead. (https://learn.microsoft.com/dotnet/fundamentals/code-analysis/quality-rules/ca1869) [/home/runner/work/trading-bot-c-/trading-bot-c-/src/IntelligenceStack/IntelligenceStack.csproj]
         /home/runner/work/trading-bot-c-/trading-bot-c-/src/IntelligenceStack/NightlyParameterTuner.cs(971,22): error CA1854: Prefer a 'TryGetValue' call over a Dictionary indexer access guarded by a 'ContainsKey' check to avoid double lookup (https://learn.microsoft.com/dotnet/fundamentals/code-analysis/quality-rules/ca1854) [/home/runner/work/trading-bot-c-/trading-bot-c-/src/IntelligenceStack/IntelligenceStack.csproj]
         /home/runner/work/trading-bot-c-/trading-bot-c-/src/IntelligenceStack/NightlyParameterTuner.cs(995,13): error CA1848: For improved performance, use the LoggerMessage delegates instead of calling 'LoggerExtensions.LogWarning(ILogger, Exception?, string?, params object?[])' (https://learn.microsoft.com/dotnet/fundamentals/code-analysis/quality-rules/ca1848) [/home/runner/work/trading-bot-c-/trading-bot-c-/src/IntelligenceStack/IntelligenceStack.csproj]
         /home/runner/work/trading-bot-c-/trading-bot-c-/src/IntelligenceStack/NightlyParameterTuner.cs(993,9): error CA1031: Modify 'SaveTuningResultAsync' to catch a more specific allowed exception type, or rethrow the exception (https://learn.microsoft.com/dotnet/fundamentals/code-analysis/quality-rules/ca1031) [/home/runner/work/trading-bot-c-/trading-bot-c-/src/IntelligenceStack/IntelligenceStack.csproj]
         /home/runner/work/trading-bot-c-/trading-bot-c-/src/IntelligenceStack/IdempotentOrderService.cs(204,21): error CA1031: Modify 'IsDuplicateOrderAsync' to catch a more specific allowed exception type, or rethrow the exception (https://learn.microsoft.com/dotnet/fundamentals/code-analysis/quality-rules/ca1031) [/home/runner/work/trading-bot-c-/trading-bot-c-/src/IntelligenceStack/IntelligenceStack.csproj]
         /home/runner/work/trading-bot-c-/trading-bot-c-/src/IntelligenceStack/IdempotentOrderService.cs(213,9): error CA1031: Modify 'IsDuplicateOrderAsync' to catch a more specific allowed exception type, or rethrow the exception (https://learn.microsoft.com/dotnet/fundamentals/code-analysis/quality-rules/ca1031) [/home/runner/work/trading-bot-c-/trading-bot-c-/src/IntelligenceStack/IntelligenceStack.csproj]
         /home/runner/work/trading-bot-c-/trading-bot-c-/src/IntelligenceStack/NightlyParameterTuner.cs(660,42): error CA1822: Member 'EvolvePopulationAsync' does not access instance data and can be marked as static (https://learn.microsoft.com/dotnet/fundamentals/code-analysis/quality-rules/ca1822) [/home/runner/work/trading-bot-c-/trading-bot-c-/src/IntelligenceStack/IntelligenceStack.csproj]
         /home/runner/work/trading-bot-c-/trading-bot-c-/src/IntelligenceStack/IntelligenceOrchestrator.cs(351,9): error CA1031: Modify 'InitializeAsync' to catch a more specific allowed exception type, or rethrow the exception (https://learn.microsoft.com/dotnet/fundamentals/code-analysis/quality-rules/ca1031) [/home/runner/work/trading-bot-c-/trading-bot-c-/src/IntelligenceStack/IntelligenceStack.csproj]
         /home/runner/work/trading-bot-c-/trading-bot-c-/src/IntelligenceStack/IntelligenceOrchestrator.cs(306,29): error CA1062: In externally visible method 'IntelligenceOrchestrator.IntelligenceOrchestrator(ILogger<IntelligenceOrchestrator> logger, IServiceProvider serviceProvider, IntelligenceStackConfig config, IRegimeDetector regimeDetector, IFeatureStore featureStore, IModelRegistry modelRegistry, ICalibrationManager calibrationManager, IDecisionLogger decisionLogger, IStartupValidator startupValidator, IIdempotentOrderService idempotentOrderService, IOnlineLearningSystem onlineLearningSystem, HttpClient httpClient, IOptions<CloudFlowOptions> cloudFlowOptions)', validate parameter 'cloudFlowOptions' is non-null before using it. If appropriate, throw an 'ArgumentNullException' when the argument is 'null'. (https://learn.microsoft.com/dotnet/fundamentals/code-analysis/quality-rules/ca1062) [/home/runner/work/trading-bot-c-/trading-bot-c-/src/IntelligenceStack/IntelligenceStack.csproj]
         /home/runner/work/trading-bot-c-/trading-bot-c-/src/IntelligenceStack/IdempotentOrderService.cs(278,9): error CA1031: Modify 'CheckDeduplicationAsync' to catch a more specific allowed exception type, or rethrow the exception (https://learn.microsoft.com/dotnet/fundamentals/code-analysis/quality-rules/ca1031) [/home/runner/work/trading-bot-c-/trading-bot-c-/src/IntelligenceStack/IntelligenceStack.csproj]
         /home/runner/work/trading-bot-c-/trading-bot-c-/src/IntelligenceStack/IdempotentOrderService.cs(325,9): error CA1031: Modify 'RetryOrderAsync' to catch a more specific allowed exception type, or rethrow the exception (https://learn.microsoft.com/dotnet/fundamentals/code-analysis/quality-rules/ca1031) [/home/runner/work/trading-bot-c-/trading-bot-c-/src/IntelligenceStack/IntelligenceStack.csproj]
         /home/runner/work/trading-bot-c-/trading-bot-c-/src/IntelligenceStack/HistoricalTrainerWithCV.cs(112,44): error S1541: The Cyclomatic Complexity of this method is 12 which is greater than 10 authorized. (https://rules.sonarsource.com/csharp/RSPEC-1541) [/home/runner/work/trading-bot-c-/trading-bot-c-/src/IntelligenceStack/IntelligenceStack.csproj]
         /home/runner/work/trading-bot-c-/trading-bot-c-/src/IntelligenceStack/IdempotentOrderService.cs(365,17): error CA1031: Modify 'LoadExistingOrdersAsync' to catch a more specific allowed exception type, or rethrow the exception (https://learn.microsoft.com/dotnet/fundamentals/code-analysis/quality-rules/ca1031) [/home/runner/work/trading-bot-c-/trading-bot-c-/src/IntelligenceStack/IntelligenceStack.csproj]
         /home/runner/work/trading-bot-c-/trading-bot-c-/src/IntelligenceStack/IdempotentOrderService.cs(373,9): error CA1031: Modify 'LoadExistingOrdersAsync' to catch a more specific allowed exception type, or rethrow the exception (https://learn.microsoft.com/dotnet/fundamentals/code-analysis/quality-rules/ca1031) [/home/runner/work/trading-bot-c-/trading-bot-c-/src/IntelligenceStack/IntelligenceStack.csproj]
         /home/runner/work/trading-bot-c-/trading-bot-c-/src/IntelligenceStack/IntelligenceOrchestrator.cs(414,9): error CA1031: Modify 'MakeDecisionAsync' to catch a more specific allowed exception type, or rethrow the exception (https://learn.microsoft.com/dotnet/fundamentals/code-analysis/quality-rules/ca1031) [/home/runner/work/trading-bot-c-/trading-bot-c-/src/IntelligenceStack/IntelligenceStack.csproj]
         /home/runner/work/trading-bot-c-/trading-bot-c-/src/IntelligenceStack/IdempotentOrderService.cs(417,21): error CA1031: Modify 'PerformCleanup' to catch a more specific allowed exception type, or rethrow the exception (https://learn.microsoft.com/dotnet/fundamentals/code-analysis/quality-rules/ca1031) [/home/runner/work/trading-bot-c-/trading-bot-c-/src/IntelligenceStack/IntelligenceStack.csproj]
         /home/runner/work/trading-bot-c-/trading-bot-c-/src/IntelligenceStack/IdempotentOrderService.cs(429,9): error CA1031: Modify 'PerformCleanup' to catch a more specific allowed exception type, or rethrow the exception (https://learn.microsoft.com/dotnet/fundamentals/code-analysis/quality-rules/ca1031) [/home/runner/work/trading-bot-c-/trading-bot-c-/src/IntelligenceStack/IntelligenceStack.csproj]
         /home/runner/work/trading-bot-c-/trading-bot-c-/src/IntelligenceStack/IntelligenceOrchestrator.cs(422,5): error AsyncFixer01: The method 'RunStartupValidationAsync' does not need to use async/await. (https://github.com/semihokur/AsyncFixer) [/home/runner/work/trading-bot-c-/trading-bot-c-/src/IntelligenceStack/IntelligenceStack.csproj]
         /home/runner/work/trading-bot-c-/trading-bot-c-/src/IntelligenceStack/FeatureStore.cs(136,33): error S4158: Remove this call, the collection is known to be empty here. (https://rules.sonarsource.com/csharp/RSPEC-4158) [/home/runner/work/trading-bot-c-/trading-bot-c-/src/IntelligenceStack/IntelligenceStack.csproj]
         /home/runner/work/trading-bot-c-/trading-bot-c-/src/IntelligenceStack/IdempotentOrderService.cs(466,5): error AsyncFixer01: The method 'ComputeHashAsync' does not need to use async/await. (https://github.com/semihokur/AsyncFixer) [/home/runner/work/trading-bot-c-/trading-bot-c-/src/IntelligenceStack/IntelligenceStack.csproj]
         /home/runner/work/trading-bot-c-/trading-bot-c-/src/IntelligenceStack/IdempotentOrderService.cs(472,20): error CA1308: In method 'ComputeHashAsync', replace the call to 'ToLowerInvariant' with 'ToUpperInvariant' (https://learn.microsoft.com/dotnet/fundamentals/code-analysis/quality-rules/ca1308) [/home/runner/work/trading-bot-c-/trading-bot-c-/src/IntelligenceStack/IntelligenceStack.csproj]
         /home/runner/work/trading-bot-c-/trading-bot-c-/src/IntelligenceStack/IdempotentOrderService.cs(471,24): error CA1850: Prefer static 'System.Security.Cryptography.SHA256.HashData' method over 'ComputeHash' (https://learn.microsoft.com/dotnet/fundamentals/code-analysis/quality-rules/ca1850) [/home/runner/work/trading-bot-c-/trading-bot-c-/src/IntelligenceStack/IntelligenceStack.csproj]
         /home/runner/work/trading-bot-c-/trading-bot-c-/src/IntelligenceStack/FeatureStore.cs(210,9): error CA1031: Modify 'ValidateSchemaAsync' to catch a more specific allowed exception type, or rethrow the exception (https://learn.microsoft.com/dotnet/fundamentals/code-analysis/quality-rules/ca1031) [/home/runner/work/trading-bot-c-/trading-bot-c-/src/IntelligenceStack/IntelligenceStack.csproj]
         /home/runner/work/trading-bot-c-/trading-bot-c-/src/IntelligenceStack/IntelligenceOrchestrator.cs(450,21): error CA2016: Forward the 'cancellationToken' parameter to the 'Run' method or pass in 'CancellationToken.None' explicitly to indicate intentionally not propagating the token (https://learn.microsoft.com/dotnet/fundamentals/code-analysis/quality-rules/ca2016) [/home/runner/work/trading-bot-c-/trading-bot-c-/src/IntelligenceStack/IntelligenceStack.csproj]
         /home/runner/work/trading-bot-c-/trading-bot-c-/src/IntelligenceStack/IntelligenceOrchestrator.cs(453,9): error CA1031: Modify 'ProcessMarketDataAsync' to catch a more specific allowed exception type, or rethrow the exception (https://learn.microsoft.com/dotnet/fundamentals/code-analysis/quality-rules/ca1031) [/home/runner/work/trading-bot-c-/trading-bot-c-/src/IntelligenceStack/IntelligenceStack.csproj]
         /home/runner/work/trading-bot-c-/trading-bot-c-/src/IntelligenceStack/HistoricalTrainerWithCV.cs(331,9): error CA1031: Modify 'RunSingleFoldAsync' to catch a more specific allowed exception type, or rethrow the exception (https://learn.microsoft.com/dotnet/fundamentals/code-analysis/quality-rules/ca1031) [/home/runner/work/trading-bot-c-/trading-bot-c-/src/IntelligenceStack/IntelligenceStack.csproj]
         /home/runner/work/trading-bot-c-/trading-bot-c-/src/IntelligenceStack/IntelligenceOrchestrator.cs(479,9): error CA1031: Modify 'PerformNightlyMaintenanceAsync' to catch a more specific allowed exception type, or rethrow the exception (https://learn.microsoft.com/dotnet/fundamentals/code-analysis/quality-rules/ca1031) [/home/runner/work/trading-bot-c-/trading-bot-c-/src/IntelligenceStack/IntelligenceStack.csproj]
         /home/runner/work/trading-bot-c-/trading-bot-c-/src/IntelligenceStack/FeatureStore.cs(251,9): error CA1031: Modify 'GetSchemaAsync' to catch a more specific allowed exception type, or rethrow the exception (https://learn.microsoft.com/dotnet/fundamentals/code-analysis/quality-rules/ca1031) [/home/runner/work/trading-bot-c-/trading-bot-c-/src/IntelligenceStack/IntelligenceStack.csproj]
         /home/runner/work/trading-bot-c-/trading-bot-c-/src/IntelligenceStack/IdempotentOrderService.cs(41,65): error CA1823: Unused field 'DuplicateOrderWarning' (https://learn.microsoft.com/dotnet/fundamentals/code-analysis/quality-rules/ca1823) [/home/runner/work/trading-bot-c-/trading-bot-c-/src/IntelligenceStack/IntelligenceStack.csproj]
         /home/runner/work/trading-bot-c-/trading-bot-c-/src/IntelligenceStack/IdempotentOrderService.cs(53,65): error CA1823: Unused field 'OrderLookupWarning' (https://learn.microsoft.com/dotnet/fundamentals/code-analysis/quality-rules/ca1823) [/home/runner/work/trading-bot-c-/trading-bot-c-/src/IntelligenceStack/IntelligenceStack.csproj]
         /home/runner/work/trading-bot-c-/trading-bot-c-/src/IntelligenceStack/IdempotentOrderService.cs(57,62): error CA1823: Unused field 'OrderCleanupInfo' (https://learn.microsoft.com/dotnet/fundamentals/code-analysis/quality-rules/ca1823) [/home/runner/work/trading-bot-c-/trading-bot-c-/src/IntelligenceStack/IntelligenceStack.csproj]
         /home/runner/work/trading-bot-c-/trading-bot-c-/src/IntelligenceStack/IdempotentOrderService.cs(69,62): error CA1823: Unused field 'OrderStatePersisted' (https://learn.microsoft.com/dotnet/fundamentals/code-analysis/quality-rules/ca1823) [/home/runner/work/trading-bot-c-/trading-bot-c-/src/IntelligenceStack/IntelligenceStack.csproj]
         /home/runner/work/trading-bot-c-/trading-bot-c-/src/IntelligenceStack/IdempotentOrderService.cs(77,62): error CA1823: Unused field 'OrdersCleanedFromMemory' (https://learn.microsoft.com/dotnet/fundamentals/code-analysis/quality-rules/ca1823) [/home/runner/work/trading-bot-c-/trading-bot-c-/src/IntelligenceStack/IntelligenceStack.csproj]
         /home/runner/work/trading-bot-c-/trading-bot-c-/src/IntelligenceStack/HistoricalTrainerWithCV.cs(359,9): error CA1848: For improved performance, use the LoggerMessage delegates instead of calling 'LoggerExtensions.LogDebug(ILogger, string?, params object?[])' (https://learn.microsoft.com/dotnet/fundamentals/code-analysis/quality-rules/ca1848) [/home/runner/work/trading-bot-c-/trading-bot-c-/src/IntelligenceStack/IntelligenceStack.csproj]
         /home/runner/work/trading-bot-c-/trading-bot-c-/src/IntelligenceStack/FeatureEngineer.cs(725,25): error CA1002: Change 'List<double>' in 'FeatureImportanceTracker.GetRecentPredictions()' to use 'Collection<T>', 'ReadOnlyCollection<T>' or 'KeyedCollection<K,V>' (https://learn.microsoft.com/dotnet/fundamentals/code-analysis/quality-rules/ca1002) [/home/runner/work/trading-bot-c-/trading-bot-c-/src/IntelligenceStack/IntelligenceStack.csproj]
         /home/runner/work/trading-bot-c-/trading-bot-c-/src/IntelligenceStack/FeatureStore.cs(286,37): error S1541: The Cyclomatic Complexity of this method is 15 which is greater than 10 authorized. (https://rules.sonarsource.com/csharp/RSPEC-1541) [/home/runner/work/trading-bot-c-/trading-bot-c-/src/IntelligenceStack/IntelligenceStack.csproj]
         /home/runner/work/trading-bot-c-/trading-bot-c-/src/IntelligenceStack/FeatureStore.cs(307,17): error S1066: Merge this if statement with the enclosing one. (https://rules.sonarsource.com/csharp/RSPEC-1066) [/home/runner/work/trading-bot-c-/trading-bot-c-/src/IntelligenceStack/IntelligenceStack.csproj]
         /home/runner/work/trading-bot-c-/trading-bot-c-/src/IntelligenceStack/FeatureEngineer.cs(706,57): error CA1062: In externally visible method 'Task FeatureImportanceTracker.UpdateAsync(FeatureSet features, double prediction, double outcome, CancellationToken cancellationToken)', validate parameter 'features' is non-null before using it. If appropriate, throw an 'ArgumentNullException' when the argument is 'null'. (https://learn.microsoft.com/dotnet/fundamentals/code-analysis/quality-rules/ca1062) [/home/runner/work/trading-bot-c-/trading-bot-c-/src/IntelligenceStack/IntelligenceStack.csproj]
         /home/runner/work/trading-bot-c-/trading-bot-c-/src/IntelligenceStack/FeatureEngineer.cs(733,25): error CA1002: Change 'List<double>' in 'FeatureImportanceTracker.GetRecentOutcomes()' to use 'Collection<T>', 'ReadOnlyCollection<T>' or 'KeyedCollection<K,V>' (https://learn.microsoft.com/dotnet/fundamentals/code-analysis/quality-rules/ca1002) [/home/runner/work/trading-bot-c-/trading-bot-c-/src/IntelligenceStack/IntelligenceStack.csproj]
         /home/runner/work/trading-bot-c-/trading-bot-c-/src/IntelligenceStack/FeatureEngineer.cs(749,25): error CA1002: Change 'List<double>' in 'FeatureImportanceTracker.GetFeatureHistory(string)' to use 'Collection<T>', 'ReadOnlyCollection<T>' or 'KeyedCollection<K,V>' (https://learn.microsoft.com/dotnet/fundamentals/code-analysis/quality-rules/ca1002) [/home/runner/work/trading-bot-c-/trading-bot-c-/src/IntelligenceStack/IntelligenceStack.csproj]
         /home/runner/work/trading-bot-c-/trading-bot-c-/src/IntelligenceStack/FeatureStore.cs(367,20): error CA1850: Prefer static 'System.Security.Cryptography.SHA256.HashData' method over 'ComputeHash' (https://learn.microsoft.com/dotnet/fundamentals/code-analysis/quality-rules/ca1850) [/home/runner/work/trading-bot-c-/trading-bot-c-/src/IntelligenceStack/IntelligenceStack.csproj]
         /home/runner/work/trading-bot-c-/trading-bot-c-/src/IntelligenceStack/FeatureStore.cs(382,13): error S6580: Use a format provider when parsing date and time. (https://rules.sonarsource.com/csharp/RSPEC-6580) [/home/runner/work/trading-bot-c-/trading-bot-c-/src/IntelligenceStack/IntelligenceStack.csproj]
         /home/runner/work/trading-bot-c-/trading-bot-c-/src/IntelligenceStack/FeatureStore.cs(375,20): error CA1850: Prefer static 'System.Security.Cryptography.SHA256.HashData' method over 'ComputeHash' (https://learn.microsoft.com/dotnet/fundamentals/code-analysis/quality-rules/ca1850) [/home/runner/work/trading-bot-c-/trading-bot-c-/src/IntelligenceStack/IntelligenceStack.csproj]
         /home/runner/work/trading-bot-c-/trading-bot-c-/src/IntelligenceStack/IntelligenceOrchestrator.cs(525,5): error AsyncFixer01: The method 'RunMLModelsAsync' does not need to use async/await. (https://github.com/semihokur/AsyncFixer) [/home/runner/work/trading-bot-c-/trading-bot-c-/src/IntelligenceStack/IntelligenceStack.csproj]
         /home/runner/work/trading-bot-c-/trading-bot-c-/src/IntelligenceStack/IntelligenceOrchestrator.cs(532,5): error AsyncFixer01: The method 'UpdateRLTrainingAsync' does not need to use async/await. (https://github.com/semihokur/AsyncFixer) [/home/runner/work/trading-bot-c-/trading-bot-c-/src/IntelligenceStack/IntelligenceStack.csproj]
         /home/runner/work/trading-bot-c-/trading-bot-c-/src/IntelligenceStack/IntelligenceOrchestrator.cs(539,5): error AsyncFixer01: The method 'GeneratePredictionsAsync' does not need to use async/await. (https://github.com/semihokur/AsyncFixer) [/home/runner/work/trading-bot-c-/trading-bot-c-/src/IntelligenceStack/IntelligenceStack.csproj]
         /home/runner/work/trading-bot-c-/trading-bot-c-/src/IntelligenceStack/IntelligenceOrchestrator.cs(518,9): error CA1031: Modify 'ExecuteActionAsync' to catch a more specific allowed exception type, or rethrow the exception (https://learn.microsoft.com/dotnet/fundamentals/code-analysis/quality-rules/ca1031) [/home/runner/work/trading-bot-c-/trading-bot-c-/src/IntelligenceStack/IntelligenceStack.csproj]
         /home/runner/work/trading-bot-c-/trading-bot-c-/src/IntelligenceStack/IntelligenceOrchestrator.cs(546,5): error AsyncFixer01: The method 'AnalyzeCorrelationsAsync' does not need to use async/await. (https://github.com/semihokur/AsyncFixer) [/home/runner/work/trading-bot-c-/trading-bot-c-/src/IntelligenceStack/IntelligenceStack.csproj]
         /home/runner/work/trading-bot-c-/trading-bot-c-/src/IntelligenceStack/HistoricalTrainerWithCV.cs(432,5): error AsyncFixer01: The method 'GenerateLeakSafeExampleAsync' does not need to use async/await. (https://github.com/semihokur/AsyncFixer) [/home/runner/work/trading-bot-c-/trading-bot-c-/src/IntelligenceStack/IntelligenceStack.csproj]
         /home/runner/work/trading-bot-c-/trading-bot-c-/src/IntelligenceStack/HistoricalTrainerWithCV.cs(448,32): error S109: Assign this magic number '10' to a well-named variable or constant, and use that instead. (https://rules.sonarsource.com/csharp/RSPEC-109) [/home/runner/work/trading-bot-c-/trading-bot-c-/src/IntelligenceStack/IntelligenceStack.csproj]
         /home/runner/work/trading-bot-c-/trading-bot-c-/src/IntelligenceStack/IntelligenceOrchestrator.cs(589,9): error CA1031: Modify 'LoadActiveModelsAsync' to catch a more specific allowed exception type, or rethrow the exception (https://learn.microsoft.com/dotnet/fundamentals/code-analysis/quality-rules/ca1031) [/home/runner/work/trading-bot-c-/trading-bot-c-/src/IntelligenceStack/IntelligenceStack.csproj]
         /home/runner/work/trading-bot-c-/trading-bot-c-/src/IntelligenceStack/HistoricalTrainerWithCV.cs(454,40): error S6608: Indexing at Count-1 should be used instead of the "Enumerable" extension method "Last" (https://rules.sonarsource.com/csharp/RSPEC-6608) [/home/runner/work/trading-bot-c-/trading-bot-c-/src/IntelligenceStack/IntelligenceStack.csproj]
         /home/runner/work/trading-bot-c-/trading-bot-c-/src/IntelligenceStack/EnsembleMetaLearner.cs(767,28): error CA1024: Use properties where appropriate (https://learn.microsoft.com/dotnet/fundamentals/code-analysis/quality-rules/ca1024) [/home/runner/work/trading-bot-c-/trading-bot-c-/src/IntelligenceStack/IntelligenceStack.csproj]
         /home/runner/work/trading-bot-c-/trading-bot-c-/src/IntelligenceStack/HistoricalTrainerWithCV.cs(474,5): error AsyncFixer01: The method 'GetMarketDataAsync' does not need to use async/await. (https://github.com/semihokur/AsyncFixer) [/home/runner/work/trading-bot-c-/trading-bot-c-/src/IntelligenceStack/IntelligenceStack.csproj]
         /home/runner/work/trading-bot-c-/trading-bot-c-/src/IntelligenceStack/HistoricalTrainerWithCV.cs(483,17): error S1854: Remove this useless assignment to local variable 'dataPoints'. (https://rules.sonarsource.com/csharp/RSPEC-1854) [/home/runner/work/trading-bot-c-/trading-bot-c-/src/IntelligenceStack/IntelligenceStack.csproj]
         /home/runner/work/trading-bot-c-/trading-bot-c-/src/IntelligenceStack/HistoricalTrainerWithCV.cs(526,26): error S109: Assign this magic number '100' to a well-named variable or constant, and use that instead. (https://rules.sonarsource.com/csharp/RSPEC-109) [/home/runner/work/trading-bot-c-/trading-bot-c-/src/IntelligenceStack/IntelligenceStack.csproj]
         /home/runner/work/trading-bot-c-/trading-bot-c-/src/IntelligenceStack/HistoricalTrainerWithCV.cs(542,121): error S109: Assign this magic number '50' to a well-named variable or constant, and use that instead. (https://rules.sonarsource.com/csharp/RSPEC-109) [/home/runner/work/trading-bot-c-/trading-bot-c-/src/IntelligenceStack/IntelligenceStack.csproj]
         /home/runner/work/trading-bot-c-/trading-bot-c-/src/IntelligenceStack/HistoricalTrainerWithCV.cs(542,127): error S109: Assign this magic number '10' to a well-named variable or constant, and use that instead. (https://rules.sonarsource.com/csharp/RSPEC-109) [/home/runner/work/trading-bot-c-/trading-bot-c-/src/IntelligenceStack/IntelligenceStack.csproj]
         /home/runner/work/trading-bot-c-/trading-bot-c-/src/IntelligenceStack/HistoricalTrainerWithCV.cs(543,120): error S109: Assign this magic number '50' to a well-named variable or constant, and use that instead. (https://rules.sonarsource.com/csharp/RSPEC-109) [/home/runner/work/trading-bot-c-/trading-bot-c-/src/IntelligenceStack/IntelligenceStack.csproj]
         /home/runner/work/trading-bot-c-/trading-bot-c-/src/IntelligenceStack/HistoricalTrainerWithCV.cs(543,126): error S109: Assign this magic number '10' to a well-named variable or constant, and use that instead. (https://rules.sonarsource.com/csharp/RSPEC-109) [/home/runner/work/trading-bot-c-/trading-bot-c-/src/IntelligenceStack/IntelligenceStack.csproj]
         /home/runner/work/trading-bot-c-/trading-bot-c-/src/IntelligenceStack/HistoricalTrainerWithCV.cs(545,26): error S109: Assign this magic number '1000' to a well-named variable or constant, and use that instead. (https://rules.sonarsource.com/csharp/RSPEC-109) [/home/runner/work/trading-bot-c-/trading-bot-c-/src/IntelligenceStack/IntelligenceStack.csproj]
         /home/runner/work/trading-bot-c-/trading-bot-c-/src/IntelligenceStack/HistoricalTrainerWithCV.cs(545,96): error S109: Assign this magic number '5000' to a well-named variable or constant, and use that instead. (https://rules.sonarsource.com/csharp/RSPEC-109) [/home/runner/work/trading-bot-c-/trading-bot-c-/src/IntelligenceStack/IntelligenceStack.csproj]
         /home/runner/work/trading-bot-c-/trading-bot-c-/src/IntelligenceStack/HistoricalTrainerWithCV.cs(497,21): error CA1848: For improved performance, use the LoggerMessage delegates instead of calling 'LoggerExtensions.LogWarning(ILogger, string?, params object?[])' (https://learn.microsoft.com/dotnet/fundamentals/code-analysis/quality-rules/ca1848) [/home/runner/work/trading-bot-c-/trading-bot-c-/src/IntelligenceStack/IntelligenceStack.csproj]
         /home/runner/work/trading-bot-c-/trading-bot-c-/src/IntelligenceStack/HistoricalTrainerWithCV.cs(508,17): error CA1848: For improved performance, use the LoggerMessage delegates instead of calling 'LoggerExtensions.LogError(ILogger, Exception?, string?, params object?[])' (https://learn.microsoft.com/dotnet/fundamentals/code-analysis/quality-rules/ca1848) [/home/runner/work/trading-bot-c-/trading-bot-c-/src/IntelligenceStack/IntelligenceStack.csproj]
         /home/runner/work/trading-bot-c-/trading-bot-c-/src/IntelligenceStack/HistoricalTrainerWithCV.cs(516,13): error CA1848: For improved performance, use the LoggerMessage delegates instead of calling 'LoggerExtensions.LogInformation(ILogger, string?, params object?[])' (https://learn.microsoft.com/dotnet/fundamentals/code-analysis/quality-rules/ca1848) [/home/runner/work/trading-bot-c-/trading-bot-c-/src/IntelligenceStack/IntelligenceStack.csproj]
         /home/runner/work/trading-bot-c-/trading-bot-c-/src/IntelligenceStack/HistoricalTrainerWithCV.cs(557,26): error S109: Assign this magic number '200' to a well-named variable or constant, and use that instead. (https://rules.sonarsource.com/csharp/RSPEC-109) [/home/runner/work/trading-bot-c-/trading-bot-c-/src/IntelligenceStack/IntelligenceStack.csproj]
         /home/runner/work/trading-bot-c-/trading-bot-c-/src/IntelligenceStack/HistoricalTrainerWithCV.cs(564,26): error S109: Assign this magic number '50' to a well-named variable or constant, and use that instead. (https://rules.sonarsource.com/csharp/RSPEC-109) [/home/runner/work/trading-bot-c-/trading-bot-c-/src/IntelligenceStack/IntelligenceStack.csproj]
         /home/runner/work/trading-bot-c-/trading-bot-c-/src/IntelligenceStack/HistoricalTrainerWithCV.cs(580,5): error AsyncFixer01: The method 'ApplyDataQualityChecksAsync' does not need to use async/await. (https://github.com/semihokur/AsyncFixer) [/home/runner/work/trading-bot-c-/trading-bot-c-/src/IntelligenceStack/IntelligenceStack.csproj]
         /home/runner/work/trading-bot-c-/trading-bot-c-/src/IntelligenceStack/HistoricalTrainerWithCV.cs(596,17): error CA1848: For improved performance, use the LoggerMessage delegates instead of calling 'LoggerExtensions.LogWarning(ILogger, string?, params object?[])' (https://learn.microsoft.com/dotnet/fundamentals/code-analysis/quality-rules/ca1848) [/home/runner/work/trading-bot-c-/trading-bot-c-/src/IntelligenceStack/IntelligenceStack.csproj]
         /home/runner/work/trading-bot-c-/trading-bot-c-/src/IntelligenceStack/IntelligenceOrchestrator.cs(645,5): error AsyncFixer01: The method 'MakePredictionAsync' does not need to use async/await. (https://github.com/semihokur/AsyncFixer) [/home/runner/work/trading-bot-c-/trading-bot-c-/src/IntelligenceStack/IntelligenceStack.csproj]
         /home/runner/work/trading-bot-c-/trading-bot-c-/src/IntelligenceStack/FeatureEngineer.cs(408,9): error CA1031: Modify 'ProcessMarketDataAsync' to catch a more specific allowed exception type, or rethrow the exception (https://learn.microsoft.com/dotnet/fundamentals/code-analysis/quality-rules/ca1031) [/home/runner/work/trading-bot-c-/trading-bot-c-/src/IntelligenceStack/IntelligenceStack.csproj]
         /home/runner/work/trading-bot-c-/trading-bot-c-/src/IntelligenceStack/HistoricalTrainerWithCV.cs(640,31): error S109: Assign this magic number '0.8' to a well-named variable or constant, and use that instead. (https://rules.sonarsource.com/csharp/RSPEC-109) [/home/runner/work/trading-bot-c-/trading-bot-c-/src/IntelligenceStack/IntelligenceStack.csproj]
         /home/runner/work/trading-bot-c-/trading-bot-c-/src/IntelligenceStack/HistoricalTrainerWithCV.cs(648,59): error CA1869: Avoid creating a new 'JsonSerializerOptions' instance for every serialization operation. Cache and reuse instances instead. (https://learn.microsoft.com/dotnet/fundamentals/code-analysis/quality-rules/ca1869) [/home/runner/work/trading-bot-c-/trading-bot-c-/src/IntelligenceStack/IntelligenceStack.csproj]
         /home/runner/work/trading-bot-c-/trading-bot-c-/src/IntelligenceStack/HistoricalTrainerWithCV.cs(651,13): error CA1848: For improved performance, use the LoggerMessage delegates instead of calling 'LoggerExtensions.LogInformation(ILogger, string?, params object?[])' (https://learn.microsoft.com/dotnet/fundamentals/code-analysis/quality-rules/ca1848) [/home/runner/work/trading-bot-c-/trading-bot-c-/src/IntelligenceStack/IntelligenceStack.csproj]
         /home/runner/work/trading-bot-c-/trading-bot-c-/src/IntelligenceStack/HistoricalTrainerWithCV.cs(655,13): error CA1848: For improved performance, use the LoggerMessage delegates instead of calling 'LoggerExtensions.LogWarning(ILogger, Exception?, string?, params object?[])' (https://learn.microsoft.com/dotnet/fundamentals/code-analysis/quality-rules/ca1848) [/home/runner/work/trading-bot-c-/trading-bot-c-/src/IntelligenceStack/IntelligenceStack.csproj]
         /home/runner/work/trading-bot-c-/trading-bot-c-/src/IntelligenceStack/HistoricalTrainerWithCV.cs(653,9): error CA1031: Modify 'SaveCVResultsAsync' to catch a more specific allowed exception type, or rethrow the exception (https://learn.microsoft.com/dotnet/fundamentals/code-analysis/quality-rules/ca1031) [/home/runner/work/trading-bot-c-/trading-bot-c-/src/IntelligenceStack/IntelligenceStack.csproj]
         /home/runner/work/trading-bot-c-/trading-bot-c-/src/IntelligenceStack/IntelligenceOrchestrator.cs(683,24): error S3358: Extract this nested ternary operation into an independent statement. (https://rules.sonarsource.com/csharp/RSPEC-3358) [/home/runner/work/trading-bot-c-/trading-bot-c-/src/IntelligenceStack/IntelligenceStack.csproj]
         /home/runner/work/trading-bot-c-/trading-bot-c-/src/IntelligenceStack/HistoricalTrainerWithCV.cs(691,13): error CA1848: For improved performance, use the LoggerMessage delegates instead of calling 'LoggerExtensions.LogInformation(ILogger, string?, params object?[])' (https://learn.microsoft.com/dotnet/fundamentals/code-analysis/quality-rules/ca1848) [/home/runner/work/trading-bot-c-/trading-bot-c-/src/IntelligenceStack/IntelligenceStack.csproj]
         /home/runner/work/trading-bot-c-/trading-bot-c-/src/IntelligenceStack/HistoricalTrainerWithCV.cs(696,13): error CA1848: For improved performance, use the LoggerMessage delegates instead of calling 'LoggerExtensions.LogError(ILogger, Exception?, string?, params object?[])' (https://learn.microsoft.com/dotnet/fundamentals/code-analysis/quality-rules/ca1848) [/home/runner/work/trading-bot-c-/trading-bot-c-/src/IntelligenceStack/IntelligenceStack.csproj]
         /home/runner/work/trading-bot-c-/trading-bot-c-/src/IntelligenceStack/HistoricalTrainerWithCV.cs(694,9): error CA1031: Modify 'RegisterBestModelAsync' to catch a more specific allowed exception type, or rethrow the exception (https://learn.microsoft.com/dotnet/fundamentals/code-analysis/quality-rules/ca1031) [/home/runner/work/trading-bot-c-/trading-bot-c-/src/IntelligenceStack/IntelligenceStack.csproj]
         /home/runner/work/trading-bot-c-/trading-bot-c-/src/IntelligenceStack/FeatureEngineer.cs(444,59): error CA1869: Avoid creating a new 'JsonSerializerOptions' instance for every serialization operation. Cache and reuse instances instead. (https://learn.microsoft.com/dotnet/fundamentals/code-analysis/quality-rules/ca1869) [/home/runner/work/trading-bot-c-/trading-bot-c-/src/IntelligenceStack/IntelligenceStack.csproj]
         /home/runner/work/trading-bot-c-/trading-bot-c-/src/IntelligenceStack/FeatureEngineer.cs(447,13): error CA1848: For improved performance, use the LoggerMessage delegates instead of calling 'LoggerExtensions.LogDebug(ILogger, string?, params object?[])' (https://learn.microsoft.com/dotnet/fundamentals/code-analysis/quality-rules/ca1848) [/home/runner/work/trading-bot-c-/trading-bot-c-/src/IntelligenceStack/IntelligenceStack.csproj]
         /home/runner/work/trading-bot-c-/trading-bot-c-/src/IntelligenceStack/FeatureEngineer.cs(451,13): error CA1848: For improved performance, use the LoggerMessage delegates instead of calling 'LoggerExtensions.LogWarning(ILogger, Exception?, string?, params object?[])' (https://learn.microsoft.com/dotnet/fundamentals/code-analysis/quality-rules/ca1848) [/home/runner/work/trading-bot-c-/trading-bot-c-/src/IntelligenceStack/IntelligenceStack.csproj]
         /home/runner/work/trading-bot-c-/trading-bot-c-/src/IntelligenceStack/FeatureEngineer.cs(449,9): error CA1031: Modify 'LogFeatureWeightsAsync' to catch a more specific allowed exception type, or rethrow the exception (https://learn.microsoft.com/dotnet/fundamentals/code-analysis/quality-rules/ca1031) [/home/runner/work/trading-bot-c-/trading-bot-c-/src/IntelligenceStack/IntelligenceStack.csproj]
         /home/runner/work/trading-bot-c-/trading-bot-c-/src/IntelligenceStack/HistoricalTrainerWithCV.cs(722,82): error S109: Assign this magic number '8' to a well-named variable or constant, and use that instead. (https://rules.sonarsource.com/csharp/RSPEC-109) [/home/runner/work/trading-bot-c-/trading-bot-c-/src/IntelligenceStack/IntelligenceStack.csproj]
         /home/runner/work/trading-bot-c-/trading-bot-c-/src/IntelligenceStack/HistoricalTrainerWithCV.cs(723,50): error S109: Assign this magic number '8' to a well-named variable or constant, and use that instead. (https://rules.sonarsource.com/csharp/RSPEC-109) [/home/runner/work/trading-bot-c-/trading-bot-c-/src/IntelligenceStack/IntelligenceStack.csproj]
         /home/runner/work/trading-bot-c-/trading-bot-c-/src/IntelligenceStack/HistoricalTrainerWithCV.cs(723,86): error S109: Assign this magic number '8' to a well-named variable or constant, and use that instead. (https://rules.sonarsource.com/csharp/RSPEC-109) [/home/runner/work/trading-bot-c-/trading-bot-c-/src/IntelligenceStack/IntelligenceStack.csproj]
         /home/runner/work/trading-bot-c-/trading-bot-c-/src/IntelligenceStack/HistoricalTrainerWithCV.cs(728,52): error S109: Assign this magic number '32' to a well-named variable or constant, and use that instead. (https://rules.sonarsource.com/csharp/RSPEC-109) [/home/runner/work/trading-bot-c-/trading-bot-c-/src/IntelligenceStack/IntelligenceStack.csproj]
         /home/runner/work/trading-bot-c-/trading-bot-c-/src/IntelligenceStack/EnsembleMetaLearner.cs(446,9): error S1172: Remove this unused method parameter 'cancellationToken'. (https://rules.sonarsource.com/csharp/RSPEC-1172) [/home/runner/work/trading-bot-c-/trading-bot-c-/src/IntelligenceStack/IntelligenceStack.csproj]
         /home/runner/work/trading-bot-c-/trading-bot-c-/src/IntelligenceStack/HistoricalTrainerWithCV.cs(749,44): error S109: Assign this magic number '16' to a well-named variable or constant, and use that instead. (https://rules.sonarsource.com/csharp/RSPEC-109) [/home/runner/work/trading-bot-c-/trading-bot-c-/src/IntelligenceStack/IntelligenceStack.csproj]
         /home/runner/work/trading-bot-c-/trading-bot-c-/src/IntelligenceStack/IntelligenceOrchestrator.cs(763,9): error CA1031: Modify 'GetLatestPredictionAsync' to catch a more specific allowed exception type, or rethrow the exception (https://learn.microsoft.com/dotnet/fundamentals/code-analysis/quality-rules/ca1031) [/home/runner/work/trading-bot-c-/trading-bot-c-/src/IntelligenceStack/IntelligenceStack.csproj]
         /home/runner/work/trading-bot-c-/trading-bot-c-/src/IntelligenceStack/OnlineLearningSystem.cs(66,23): error CA1823: Unused field 'PauseMinutesForBreach' (https://learn.microsoft.com/dotnet/fundamentals/code-analysis/quality-rules/ca1823) [/home/runner/work/trading-bot-c-/trading-bot-c-/src/IntelligenceStack/IntelligenceStack.csproj]
         /home/runner/work/trading-bot-c-/trading-bot-c-/src/IntelligenceStack/IntelligenceOrchestrator.cs(821,21): error S2589: Change this condition so that it does not always evaluate to 'True'. (https://rules.sonarsource.com/csharp/RSPEC-2589) [/home/runner/work/trading-bot-c-/trading-bot-c-/src/IntelligenceStack/IntelligenceStack.csproj]
         /home/runner/work/trading-bot-c-/trading-bot-c-/src/IntelligenceStack/IntelligenceOrchestrator.cs(880,5): error AsyncFixer01: The method 'GetLivePredictionAsync' does not need to use async/await. (https://github.com/semihokur/AsyncFixer) [/home/runner/work/trading-bot-c-/trading-bot-c-/src/IntelligenceStack/IntelligenceStack.csproj]
         /home/runner/work/trading-bot-c-/trading-bot-c-/src/IntelligenceStack/FeatureEngineer.cs(506,9): error CA1031: Modify 'CalculateMarginalContributionAsync' to catch a more specific allowed exception type, or rethrow the exception (https://learn.microsoft.com/dotnet/fundamentals/code-analysis/quality-rules/ca1031) [/home/runner/work/trading-bot-c-/trading-bot-c-/src/IntelligenceStack/IntelligenceStack.csproj]
         /home/runner/work/trading-bot-c-/trading-bot-c-/src/IntelligenceStack/IntelligenceOrchestrator.cs(870,9): error CA1031: Modify 'GetOnlinePredictionAsync' to catch a more specific allowed exception type, or rethrow the exception (https://learn.microsoft.com/dotnet/fundamentals/code-analysis/quality-rules/ca1031) [/home/runner/work/trading-bot-c-/trading-bot-c-/src/IntelligenceStack/IntelligenceStack.csproj]
         /home/runner/work/trading-bot-c-/trading-bot-c-/src/IntelligenceStack/FeatureEngineer.cs(563,9): error CA1031: Modify 'ExtractFeaturesFromMarketDataAsync' to catch a more specific allowed exception type, or rethrow the exception (https://learn.microsoft.com/dotnet/fundamentals/code-analysis/quality-rules/ca1031) [/home/runner/work/trading-bot-c-/trading-bot-c-/src/IntelligenceStack/IntelligenceStack.csproj]
         /home/runner/work/trading-bot-c-/trading-bot-c-/src/IntelligenceStack/EnsembleMetaLearner.cs(670,56): error CA1869: Avoid creating a new 'JsonSerializerOptions' instance for every serialization operation. Cache and reuse instances instead. (https://learn.microsoft.com/dotnet/fundamentals/code-analysis/quality-rules/ca1869) [/home/runner/work/trading-bot-c-/trading-bot-c-/src/IntelligenceStack/IntelligenceStack.csproj]
         /home/runner/work/trading-bot-c-/trading-bot-c-/src/IntelligenceStack/EnsembleMetaLearner.cs(673,9): error CA1031: Modify 'SaveStateAsync' to catch a more specific allowed exception type, or rethrow the exception (https://learn.microsoft.com/dotnet/fundamentals/code-analysis/quality-rules/ca1031) [/home/runner/work/trading-bot-c-/trading-bot-c-/src/IntelligenceStack/IntelligenceStack.csproj]
         /home/runner/work/trading-bot-c-/trading-bot-c-/src/IntelligenceStack/EnsembleMetaLearner.cs(710,9): error CA1031: Modify 'LoadStateAsync' to catch a more specific allowed exception type, or rethrow the exception (https://learn.microsoft.com/dotnet/fundamentals/code-analysis/quality-rules/ca1031) [/home/runner/work/trading-bot-c-/trading-bot-c-/src/IntelligenceStack/IntelligenceStack.csproj]
         /home/runner/work/trading-bot-c-/trading-bot-c-/src/IntelligenceStack/FeatureEngineer.cs(623,17): error CA1848: For improved performance, use the LoggerMessage delegates instead of calling 'LoggerExtensions.LogError(ILogger, Exception?, string?, params object?[])' (https://learn.microsoft.com/dotnet/fundamentals/code-analysis/quality-rules/ca1848) [/home/runner/work/trading-bot-c-/trading-bot-c-/src/IntelligenceStack/IntelligenceStack.csproj]
         /home/runner/work/trading-bot-c-/trading-bot-c-/src/IntelligenceStack/FeatureEngineer.cs(621,13): error CA1031: Modify 'PerformScheduledUpdate' to catch a more specific allowed exception type, or rethrow the exception (https://learn.microsoft.com/dotnet/fundamentals/code-analysis/quality-rules/ca1031) [/home/runner/work/trading-bot-c-/trading-bot-c-/src/IntelligenceStack/IntelligenceStack.csproj]
         /home/runner/work/trading-bot-c-/trading-bot-c-/src/IntelligenceStack/IntelligenceOrchestrator.cs(1007,5): error AsyncFixer01: The method 'CheckModelPromotionsAsync' does not need to use async/await. (https://github.com/semihokur/AsyncFixer) [/home/runner/work/trading-bot-c-/trading-bot-c-/src/IntelligenceStack/IntelligenceStack.csproj]
         /home/runner/work/trading-bot-c-/trading-bot-c-/src/IntelligenceStack/IntelligenceOrchestrator.cs(1055,92): error S109: Assign this magic number '0.5' to a well-named variable or constant, and use that instead. (https://rules.sonarsource.com/csharp/RSPEC-109) [/home/runner/work/trading-bot-c-/trading-bot-c-/src/IntelligenceStack/IntelligenceStack.csproj]
         /home/runner/work/trading-bot-c-/trading-bot-c-/src/IntelligenceStack/IntelligenceOrchestrator.cs(1007,57): error S1172: Remove this unused method parameter 'cancellationToken'. (https://rules.sonarsource.com/csharp/RSPEC-1172) [/home/runner/work/trading-bot-c-/trading-bot-c-/src/IntelligenceStack/IntelligenceStack.csproj]
         /home/runner/work/trading-bot-c-/trading-bot-c-/src/IntelligenceStack/IntelligenceOrchestrator.cs(1073,9): error CA1031: Modify 'MakeDecisionWorkflowAsync' to catch a more specific allowed exception type, or rethrow the exception (https://learn.microsoft.com/dotnet/fundamentals/code-analysis/quality-rules/ca1031) [/home/runner/work/trading-bot-c-/trading-bot-c-/src/IntelligenceStack/IntelligenceStack.csproj]
         /home/runner/work/trading-bot-c-/trading-bot-c-/src/IntelligenceStack/IntelligenceOrchestrator.cs(1088,9): error CA1031: Modify 'ProcessMarketDataWorkflowAsync' to catch a more specific allowed exception type, or rethrow the exception (https://learn.microsoft.com/dotnet/fundamentals/code-analysis/quality-rules/ca1031) [/home/runner/work/trading-bot-c-/trading-bot-c-/src/IntelligenceStack/IntelligenceStack.csproj]
         /home/runner/work/trading-bot-c-/trading-bot-c-/src/IntelligenceStack/IntelligenceOrchestrator.cs(1094,81): error S1172: Remove this unused method parameter 'context'. (https://rules.sonarsource.com/csharp/RSPEC-1172) [/home/runner/work/trading-bot-c-/trading-bot-c-/src/IntelligenceStack/IntelligenceStack.csproj]
         /home/runner/work/trading-bot-c-/trading-bot-c-/src/IntelligenceStack/IntelligenceOrchestrator.cs(1101,9): error CA1031: Modify 'PerformMaintenanceWorkflowAsync' to catch a more specific allowed exception type, or rethrow the exception (https://learn.microsoft.com/dotnet/fundamentals/code-analysis/quality-rules/ca1031) [/home/runner/work/trading-bot-c-/trading-bot-c-/src/IntelligenceStack/IntelligenceStack.csproj]
         /home/runner/work/trading-bot-c-/trading-bot-c-/src/IntelligenceStack/IntelligenceOrchestrator.cs(1113,84): error S109: Assign this magic number '4500' to a well-named variable or constant, and use that instead. (https://rules.sonarsource.com/csharp/RSPEC-109) [/home/runner/work/trading-bot-c-/trading-bot-c-/src/IntelligenceStack/IntelligenceStack.csproj]
         /home/runner/work/trading-bot-c-/trading-bot-c-/src/IntelligenceStack/IntelligenceOrchestrator.cs(1114,86): error S109: Assign this magic number '1000' to a well-named variable or constant, and use that instead. (https://rules.sonarsource.com/csharp/RSPEC-109) [/home/runner/work/trading-bot-c-/trading-bot-c-/src/IntelligenceStack/IntelligenceStack.csproj]
         /home/runner/work/trading-bot-c-/trading-bot-c-/src/IntelligenceStack/IntelligenceOrchestrator.cs(1115,80): error S109: Assign this magic number '4499.75' to a well-named variable or constant, and use that instead. (https://rules.sonarsource.com/csharp/RSPEC-109) [/home/runner/work/trading-bot-c-/trading-bot-c-/src/IntelligenceStack/IntelligenceStack.csproj]
         /home/runner/work/trading-bot-c-/trading-bot-c-/src/IntelligenceStack/IntelligenceOrchestrator.cs(1116,80): error S109: Assign this magic number '4500.25' to a well-named variable or constant, and use that instead. (https://rules.sonarsource.com/csharp/RSPEC-109) [/home/runner/work/trading-bot-c-/trading-bot-c-/src/IntelligenceStack/IntelligenceStack.csproj]
         /home/runner/work/trading-bot-c-/trading-bot-c-/src/IntelligenceStack/IntelligenceOrchestrator.cs(1126,82): error S109: Assign this magic number '4500' to a well-named variable or constant, and use that instead. (https://rules.sonarsource.com/csharp/RSPEC-109) [/home/runner/work/trading-bot-c-/trading-bot-c-/src/IntelligenceStack/IntelligenceStack.csproj]
         /home/runner/work/trading-bot-c-/trading-bot-c-/src/IntelligenceStack/IntelligenceOrchestrator.cs(1127,82): error S109: Assign this magic number '4502' to a well-named variable or constant, and use that instead. (https://rules.sonarsource.com/csharp/RSPEC-109) [/home/runner/work/trading-bot-c-/trading-bot-c-/src/IntelligenceStack/IntelligenceStack.csproj]
         /home/runner/work/trading-bot-c-/trading-bot-c-/src/IntelligenceStack/IntelligenceOrchestrator.cs(1128,80): error S109: Assign this magic number '4498' to a well-named variable or constant, and use that instead. (https://rules.sonarsource.com/csharp/RSPEC-109) [/home/runner/work/trading-bot-c-/trading-bot-c-/src/IntelligenceStack/IntelligenceStack.csproj]
         /home/runner/work/trading-bot-c-/trading-bot-c-/src/IntelligenceStack/IntelligenceOrchestrator.cs(1129,84): error S109: Assign this magic number '4501' to a well-named variable or constant, and use that instead. (https://rules.sonarsource.com/csharp/RSPEC-109) [/home/runner/work/trading-bot-c-/trading-bot-c-/src/IntelligenceStack/IntelligenceStack.csproj]
         /home/runner/work/trading-bot-c-/trading-bot-c-/src/IntelligenceStack/IntelligenceOrchestrator.cs(1130,86): error S109: Assign this magic number '1000' to a well-named variable or constant, and use that instead. (https://rules.sonarsource.com/csharp/RSPEC-109) [/home/runner/work/trading-bot-c-/trading-bot-c-/src/IntelligenceStack/IntelligenceStack.csproj]
         /home/runner/work/trading-bot-c-/trading-bot-c-/src/IntelligenceStack/IntelligenceOrchestrator.cs(1131,80): error S109: Assign this magic number '4500.75' to a well-named variable or constant, and use that instead. (https://rules.sonarsource.com/csharp/RSPEC-109) [/home/runner/work/trading-bot-c-/trading-bot-c-/src/IntelligenceStack/IntelligenceStack.csproj]
         /home/runner/work/trading-bot-c-/trading-bot-c-/src/IntelligenceStack/IntelligenceOrchestrator.cs(1132,80): error S109: Assign this magic number '4501.25' to a well-named variable or constant, and use that instead. (https://rules.sonarsource.com/csharp/RSPEC-109) [/home/runner/work/trading-bot-c-/trading-bot-c-/src/IntelligenceStack/IntelligenceStack.csproj]
         /home/runner/work/trading-bot-c-/trading-bot-c-/src/IntelligenceStack/IntelligenceOrchestrator.cs(1126,20): error CA1305: The behavior of 'Convert.ToDouble(object)' could vary based on the current user's locale settings. Replace this call in 'IntelligenceOrchestrator.ExtractMarketDataFromWorkflow(WorkflowExecutionContext)' with a call to 'Convert.ToDouble(object, IFormatProvider)'. (https://learn.microsoft.com/dotnet/fundamentals/code-analysis/quality-rules/ca1305) [/home/runner/work/trading-bot-c-/trading-bot-c-/src/IntelligenceStack/IntelligenceStack.csproj]
         /home/runner/work/trading-bot-c-/trading-bot-c-/src/IntelligenceStack/IntelligenceOrchestrator.cs(1127,20): error CA1305: The behavior of 'Convert.ToDouble(object)' could vary based on the current user's locale settings. Replace this call in 'IntelligenceOrchestrator.ExtractMarketDataFromWorkflow(WorkflowExecutionContext)' with a call to 'Convert.ToDouble(object, IFormatProvider)'. (https://learn.microsoft.com/dotnet/fundamentals/code-analysis/quality-rules/ca1305) [/home/runner/work/trading-bot-c-/trading-bot-c-/src/IntelligenceStack/IntelligenceStack.csproj]
         /home/runner/work/trading-bot-c-/trading-bot-c-/src/IntelligenceStack/IntelligenceOrchestrator.cs(1128,19): error CA1305: The behavior of 'Convert.ToDouble(object)' could vary based on the current user's locale settings. Replace this call in 'IntelligenceOrchestrator.ExtractMarketDataFromWorkflow(WorkflowExecutionContext)' with a call to 'Convert.ToDouble(object, IFormatProvider)'. (https://learn.microsoft.com/dotnet/fundamentals/code-analysis/quality-rules/ca1305) [/home/runner/work/trading-bot-c-/trading-bot-c-/src/IntelligenceStack/IntelligenceStack.csproj]
         /home/runner/work/trading-bot-c-/trading-bot-c-/src/IntelligenceStack/IntelligenceOrchestrator.cs(1129,21): error CA1305: The behavior of 'Convert.ToDouble(object)' could vary based on the current user's locale settings. Replace this call in 'IntelligenceOrchestrator.ExtractMarketDataFromWorkflow(WorkflowExecutionContext)' with a call to 'Convert.ToDouble(object, IFormatProvider)'. (https://learn.microsoft.com/dotnet/fundamentals/code-analysis/quality-rules/ca1305) [/home/runner/work/trading-bot-c-/trading-bot-c-/src/IntelligenceStack/IntelligenceStack.csproj]
         /home/runner/work/trading-bot-c-/trading-bot-c-/src/IntelligenceStack/IntelligenceOrchestrator.cs(1130,22): error CA1305: The behavior of 'Convert.ToDouble(object)' could vary based on the current user's locale settings. Replace this call in 'IntelligenceOrchestrator.ExtractMarketDataFromWorkflow(WorkflowExecutionContext)' with a call to 'Convert.ToDouble(object, IFormatProvider)'. (https://learn.microsoft.com/dotnet/fundamentals/code-analysis/quality-rules/ca1305) [/home/runner/work/trading-bot-c-/trading-bot-c-/src/IntelligenceStack/IntelligenceStack.csproj]
         /home/runner/work/trading-bot-c-/trading-bot-c-/src/IntelligenceStack/IntelligenceOrchestrator.cs(1131,19): error CA1305: The behavior of 'Convert.ToDouble(object)' could vary based on the current user's locale settings. Replace this call in 'IntelligenceOrchestrator.ExtractMarketDataFromWorkflow(WorkflowExecutionContext)' with a call to 'Convert.ToDouble(object, IFormatProvider)'. (https://learn.microsoft.com/dotnet/fundamentals/code-analysis/quality-rules/ca1305) [/home/runner/work/trading-bot-c-/trading-bot-c-/src/IntelligenceStack/IntelligenceStack.csproj]
         /home/runner/work/trading-bot-c-/trading-bot-c-/src/IntelligenceStack/IntelligenceOrchestrator.cs(1132,19): error CA1305: The behavior of 'Convert.ToDouble(object)' could vary based on the current user's locale settings. Replace this call in 'IntelligenceOrchestrator.ExtractMarketDataFromWorkflow(WorkflowExecutionContext)' with a call to 'Convert.ToDouble(object, IFormatProvider)'. (https://learn.microsoft.com/dotnet/fundamentals/code-analysis/quality-rules/ca1305) [/home/runner/work/trading-bot-c-/trading-bot-c-/src/IntelligenceStack/IntelligenceStack.csproj]
         /home/runner/work/trading-bot-c-/trading-bot-c-/src/IntelligenceStack/IntelligenceOrchestrator.cs(1190,9): error CA1031: Modify 'PushTradeRecordAsync' to catch a more specific allowed exception type, or rethrow the exception (https://learn.microsoft.com/dotnet/fundamentals/code-analysis/quality-rules/ca1031) [/home/runner/work/trading-bot-c-/trading-bot-c-/src/IntelligenceStack/IntelligenceStack.csproj]
         /home/runner/work/trading-bot-c-/trading-bot-c-/src/IntelligenceStack/IntelligenceOrchestrator.cs(1221,9): error CA1031: Modify 'PushServiceMetricsAsync' to catch a more specific allowed exception type, or rethrow the exception (https://learn.microsoft.com/dotnet/fundamentals/code-analysis/quality-rules/ca1031) [/home/runner/work/trading-bot-c-/trading-bot-c-/src/IntelligenceStack/IntelligenceStack.csproj]
         /home/runner/work/trading-bot-c-/trading-bot-c-/src/IntelligenceStack/IntelligenceOrchestrator.cs(1188,44): error CA1062: In externally visible method 'Task IntelligenceOrchestrator.PushTradeRecordAsync(CloudTradeRecord tradeRecord, CancellationToken cancellationToken = default(CancellationToken))', validate parameter 'tradeRecord' is non-null before using it. If appropriate, throw an 'ArgumentNullException' when the argument is 'null'. (https://learn.microsoft.com/dotnet/fundamentals/code-analysis/quality-rules/ca1062) [/home/runner/work/trading-bot-c-/trading-bot-c-/src/IntelligenceStack/IntelligenceStack.csproj]
         /home/runner/work/trading-bot-c-/trading-bot-c-/src/IntelligenceStack/IntelligenceOrchestrator.cs(1257,9): error CA1031: Modify 'PushDecisionIntelligenceAsync' to catch a more specific allowed exception type, or rethrow the exception (https://learn.microsoft.com/dotnet/fundamentals/code-analysis/quality-rules/ca1031) [/home/runner/work/trading-bot-c-/trading-bot-c-/src/IntelligenceStack/IntelligenceStack.csproj]
         /home/runner/work/trading-bot-c-/trading-bot-c-/src/IntelligenceStack/IntelligenceOrchestrator.cs(1291,49): error S109: Assign this magic number '400' to a well-named variable or constant, and use that instead. (https://rules.sonarsource.com/csharp/RSPEC-109) [/home/runner/work/trading-bot-c-/trading-bot-c-/src/IntelligenceStack/IntelligenceStack.csproj]
         /home/runner/work/trading-bot-c-/trading-bot-c-/src/IntelligenceStack/IntelligenceOrchestrator.cs(1291,83): error S109: Assign this magic number '500' to a well-named variable or constant, and use that instead. (https://rules.sonarsource.com/csharp/RSPEC-109) [/home/runner/work/trading-bot-c-/trading-bot-c-/src/IntelligenceStack/IntelligenceStack.csproj]
         /home/runner/work/trading-bot-c-/trading-bot-c-/src/IntelligenceStack/IntelligenceOrchestrator.cs(1244,30): error CA1062: In externally visible method 'Task IntelligenceOrchestrator.PushDecisionIntelligenceAsync(TradingDecision decision, CancellationToken cancellationToken = default(CancellationToken))', validate parameter 'decision' is non-null before using it. If appropriate, throw an 'ArgumentNullException' when the argument is 'null'. (https://learn.microsoft.com/dotnet/fundamentals/code-analysis/quality-rules/ca1062) [/home/runner/work/trading-bot-c-/trading-bot-c-/src/IntelligenceStack/IntelligenceStack.csproj]
         /home/runner/work/trading-bot-c-/trading-bot-c-/src/IntelligenceStack/IntelligenceOrchestrator.cs(1279,38): error CA2234: Modify 'IntelligenceOrchestrator.PushToCloudWithRetryAsync(string, object, CancellationToken)' to call 'HttpClient.PostAsync(Uri, HttpContent, CancellationToken)' instead of 'HttpClient.PostAsync(string, HttpContent, CancellationToken)' (https://learn.microsoft.com/dotnet/fundamentals/code-analysis/quality-rules/ca2234) [/home/runner/work/trading-bot-c-/trading-bot-c-/src/IntelligenceStack/IntelligenceStack.csproj]
         /home/runner/work/trading-bot-c-/trading-bot-c-/src/IntelligenceStack/IntelligenceOrchestrator.cs(1276,31): error CA2000: Call System.IDisposable.Dispose on object created by 'new StringContent(json, Encoding.UTF8, "application/json")' before all references to it are out of scope (https://learn.microsoft.com/dotnet/fundamentals/code-analysis/quality-rules/ca2000) [/home/runner/work/trading-bot-c-/trading-bot-c-/src/IntelligenceStack/IntelligenceStack.csproj]
         /home/runner/work/trading-bot-c-/trading-bot-c-/src/IntelligenceStack/IntelligenceOrchestrator.cs(22,14): error CA1001: Type 'IntelligenceOrchestrator' owns disposable field(s) '_featureEngineer' but is not disposable (https://learn.microsoft.com/dotnet/fundamentals/code-analysis/quality-rules/ca1001) [/home/runner/work/trading-bot-c-/trading-bot-c-/src/IntelligenceStack/IntelligenceStack.csproj]
         /home/runner/work/trading-bot-c-/trading-bot-c-/src/IntelligenceStack/IntelligenceOrchestrator.cs(36,26): error CA1823: Unused field 'DefaultSpreadValue' (https://learn.microsoft.com/dotnet/fundamentals/code-analysis/quality-rules/ca1823) [/home/runner/work/trading-bot-c-/trading-bot-c-/src/IntelligenceStack/IntelligenceStack.csproj]
         /home/runner/work/trading-bot-c-/trading-bot-c-/src/IntelligenceStack/IntelligenceOrchestrator.cs(37,26): error CA1823: Unused field 'DefaultVolumeValue' (https://learn.microsoft.com/dotnet/fundamentals/code-analysis/quality-rules/ca1823) [/home/runner/work/trading-bot-c-/trading-bot-c-/src/IntelligenceStack/IntelligenceStack.csproj]
         /home/runner/work/trading-bot-c-/trading-bot-c-/src/IntelligenceStack/IntelligenceOrchestrator.cs(38,26): error CA1823: Unused field 'BaseConfidenceValue' (https://learn.microsoft.com/dotnet/fundamentals/code-analysis/quality-rules/ca1823) [/home/runner/work/trading-bot-c-/trading-bot-c-/src/IntelligenceStack/IntelligenceStack.csproj]
         /home/runner/work/trading-bot-c-/trading-bot-c-/src/IntelligenceStack/IntelligenceOrchestrator.cs(39,26): error CA1823: Unused field 'SpreadFactorMultiplier' (https://learn.microsoft.com/dotnet/fundamentals/code-analysis/quality-rules/ca1823) [/home/runner/work/trading-bot-c-/trading-bot-c-/src/IntelligenceStack/IntelligenceStack.csproj]
         /home/runner/work/trading-bot-c-/trading-bot-c-/src/IntelligenceStack/IntelligenceOrchestrator.cs(40,26): error CA1823: Unused field 'VolumeFactorDivisor' (https://learn.microsoft.com/dotnet/fundamentals/code-analysis/quality-rules/ca1823) [/home/runner/work/trading-bot-c-/trading-bot-c-/src/IntelligenceStack/IntelligenceStack.csproj]
         /home/runner/work/trading-bot-c-/trading-bot-c-/src/IntelligenceStack/IntelligenceOrchestrator.cs(58,26): error CA1823: Unused field 'DefaultFeatureWeight' (https://learn.microsoft.com/dotnet/fundamentals/code-analysis/quality-rules/ca1823) [/home/runner/work/trading-bot-c-/trading-bot-c-/src/IntelligenceStack/IntelligenceStack.csproj]
         /home/runner/work/trading-bot-c-/trading-bot-c-/src/IntelligenceStack/IntelligenceOrchestrator.cs(59,26): error CA1823: Unused field 'LowValueThreshold' (https://learn.microsoft.com/dotnet/fundamentals/code-analysis/quality-rules/ca1823) [/home/runner/work/trading-bot-c-/trading-bot-c-/src/IntelligenceStack/IntelligenceStack.csproj]
         /home/runner/work/trading-bot-c-/trading-bot-c-/src/IntelligenceStack/IntelligenceOrchestrator.cs(60,26): error CA1823: Unused field 'DefaultPrice' (https://learn.microsoft.com/dotnet/fundamentals/code-analysis/quality-rules/ca1823) [/home/runner/work/trading-bot-c-/trading-bot-c-/src/IntelligenceStack/IntelligenceStack.csproj]
         /home/runner/work/trading-bot-c-/trading-bot-c-/src/IntelligenceStack/IntelligenceOrchestrator.cs(61,26): error CA1823: Unused field 'DefaultVolume' (https://learn.microsoft.com/dotnet/fundamentals/code-analysis/quality-rules/ca1823) [/home/runner/work/trading-bot-c-/trading-bot-c-/src/IntelligenceStack/IntelligenceStack.csproj]
         /home/runner/work/trading-bot-c-/trading-bot-c-/src/IntelligenceStack/IntelligenceOrchestrator.cs(62,26): error CA1823: Unused field 'DefaultBid' (https://learn.microsoft.com/dotnet/fundamentals/code-analysis/quality-rules/ca1823) [/home/runner/work/trading-bot-c-/trading-bot-c-/src/IntelligenceStack/IntelligenceStack.csproj]
         /home/runner/work/trading-bot-c-/trading-bot-c-/src/IntelligenceStack/IntelligenceOrchestrator.cs(63,26): error CA1823: Unused field 'DefaultAsk' (https://learn.microsoft.com/dotnet/fundamentals/code-analysis/quality-rules/ca1823) [/home/runner/work/trading-bot-c-/trading-bot-c-/src/IntelligenceStack/IntelligenceStack.csproj]
         /home/runner/work/trading-bot-c-/trading-bot-c-/src/IntelligenceStack/IntelligenceOrchestrator.cs(64,26): error CA1823: Unused field 'DefaultOpen' (https://learn.microsoft.com/dotnet/fundamentals/code-analysis/quality-rules/ca1823) [/home/runner/work/trading-bot-c-/trading-bot-c-/src/IntelligenceStack/IntelligenceStack.csproj]
         /home/runner/work/trading-bot-c-/trading-bot-c-/src/IntelligenceStack/IntelligenceOrchestrator.cs(65,26): error CA1823: Unused field 'DefaultHigh' (https://learn.microsoft.com/dotnet/fundamentals/code-analysis/quality-rules/ca1823) [/home/runner/work/trading-bot-c-/trading-bot-c-/src/IntelligenceStack/IntelligenceStack.csproj]
         /home/runner/work/trading-bot-c-/trading-bot-c-/src/IntelligenceStack/IntelligenceOrchestrator.cs(66,26): error CA1823: Unused field 'DefaultLow' (https://learn.microsoft.com/dotnet/fundamentals/code-analysis/quality-rules/ca1823) [/home/runner/work/trading-bot-c-/trading-bot-c-/src/IntelligenceStack/IntelligenceStack.csproj]
         /home/runner/work/trading-bot-c-/trading-bot-c-/src/IntelligenceStack/IntelligenceOrchestrator.cs(67,26): error CA1823: Unused field 'DefaultClose' (https://learn.microsoft.com/dotnet/fundamentals/code-analysis/quality-rules/ca1823) [/home/runner/work/trading-bot-c-/trading-bot-c-/src/IntelligenceStack/IntelligenceStack.csproj]
         /home/runner/work/trading-bot-c-/trading-bot-c-/src/IntelligenceStack/IntelligenceOrchestrator.cs(68,26): error CA1823: Unused field 'DefaultBidExtended' (https://learn.microsoft.com/dotnet/fundamentals/code-analysis/quality-rules/ca1823) [/home/runner/work/trading-bot-c-/trading-bot-c-/src/IntelligenceStack/IntelligenceStack.csproj]
         /home/runner/work/trading-bot-c-/trading-bot-c-/src/IntelligenceStack/IntelligenceOrchestrator.cs(69,26): error CA1823: Unused field 'DefaultAskExtended' (https://learn.microsoft.com/dotnet/fundamentals/code-analysis/quality-rules/ca1823) [/home/runner/work/trading-bot-c-/trading-bot-c-/src/IntelligenceStack/IntelligenceStack.csproj]
         /home/runner/work/trading-bot-c-/trading-bot-c-/src/IntelligenceStack/IntelligenceOrchestrator.cs(70,23): error CA1823: Unused field 'HttpClientErrorMin' (https://learn.microsoft.com/dotnet/fundamentals/code-analysis/quality-rules/ca1823) [/home/runner/work/trading-bot-c-/trading-bot-c-/src/IntelligenceStack/IntelligenceStack.csproj]
         /home/runner/work/trading-bot-c-/trading-bot-c-/src/IntelligenceStack/IntelligenceOrchestrator.cs(71,23): error CA1823: Unused field 'HttpClientErrorMax' (https://learn.microsoft.com/dotnet/fundamentals/code-analysis/quality-rules/ca1823) [/home/runner/work/trading-bot-c-/trading-bot-c-/src/IntelligenceStack/IntelligenceStack.csproj]
         /home/runner/work/trading-bot-c-/trading-bot-c-/src/IntelligenceStack/IntelligenceOrchestrator.cs(72,23): error CA1823: Unused field 'RetryCountOffset' (https://learn.microsoft.com/dotnet/fundamentals/code-analysis/quality-rules/ca1823) [/home/runner/work/trading-bot-c-/trading-bot-c-/src/IntelligenceStack/IntelligenceStack.csproj]
         /home/runner/work/trading-bot-c-/trading-bot-c-/src/IntelligenceStack/IntelligenceOrchestrator.cs(73,23): error CA1823: Unused field 'MaxRetriesOffset' (https://learn.microsoft.com/dotnet/fundamentals/code-analysis/quality-rules/ca1823) [/home/runner/work/trading-bot-c-/trading-bot-c-/src/IntelligenceStack/IntelligenceStack.csproj]
         /home/runner/work/trading-bot-c-/trading-bot-c-/src/IntelligenceStack/IntelligenceOrchestrator.cs(74,23): error CA1823: Unused field 'DefaultTimeoutSeconds' (https://learn.microsoft.com/dotnet/fundamentals/code-analysis/quality-rules/ca1823) [/home/runner/work/trading-bot-c-/trading-bot-c-/src/IntelligenceStack/IntelligenceStack.csproj]
         /home/runner/work/trading-bot-c-/trading-bot-c-/src/IntelligenceStack/RLAdvisorSystem.cs(934,14): error CA1724: The type name RLAgent conflicts in whole or in part with the namespace name 'TradingBot.RLAgent'. Change either name to eliminate the conflict. (https://learn.microsoft.com/dotnet/fundamentals/code-analysis/quality-rules/ca1724) [/home/runner/work/trading-bot-c-/trading-bot-c-/src/IntelligenceStack/IntelligenceStack.csproj]

    0 Warning(s)
    793 Error(s)

Time Elapsed 00:00:08.98
